BL51 BANKED LINKER/LOCATER V6.22.2.0                                                    02/25/2022  17:15:45  PAGE 1


BL51 BANKED LINKER/LOCATER V6.22.2.0, INVOKED BY:
C:\KEIL_V5\C51\BIN\BL51.EXE .\Objects\main.obj, .\Objects\sys.obj, .\Objects\gpio.obj, .\Objects\timer.obj, .\Objects\ua
>> rt.obj, .\Objects\IAP_flash.obj, .\Objects\spi.obj, .\Objects\ram.obj, .\Objects\ID_Decode.obj, .\Objects\ML7345.obj,
>>  .\Objects\ML7345_HAL.obj TO .\Objects\CRX1831DCM_MA82G5B32_Pro PRINT (.\Listings\CRX1831DCM_MA82G5B32_Pro.m51) RAMSI
>> ZE (256) CODE (0X0000-0X7FFF) XDATA (0X0000-0X06FF)


MEMORY MODEL: SMALL WITH FLOATING POINT ARITHMETIC


INPUT MODULES INCLUDED:
  .\Objects\main.obj (MAIN)
  .\Objects\sys.obj (SYS)
  .\Objects\gpio.obj (GPIO)
  .\Objects\timer.obj (TIMER)
  .\Objects\uart.obj (UART)
  .\Objects\IAP_flash.obj (IAP_FLASH)
  .\Objects\spi.obj (SPI)
  .\Objects\ram.obj (RAM)
  .\Objects\ID_Decode.obj (ID_DECODE)
  .\Objects\ML7345.obj (ML7345)
  .\Objects\ML7345_HAL.obj (ML7345_HAL)
  C:\KEIL_V5\C51\LIB\C51FPS.LIB (?C?FPADD)
  C:\KEIL_V5\C51\LIB\C51FPS.LIB (?C?FPMUL)
  C:\KEIL_V5\C51\LIB\C51FPS.LIB (?C?FPDIV)
  C:\KEIL_V5\C51\LIB\C51FPS.LIB (?C?FCAST)
  C:\KEIL_V5\C51\LIB\C51FPS.LIB (?C?CASTF)
  C:\KEIL_V5\C51\LIB\C51FPS.LIB (?C?FPGETOPN)
  C:\KEIL_V5\C51\LIB\C51S.LIB (?C_STARTUP)
  C:\KEIL_V5\C51\LIB\C51S.LIB (?C?COPY)
  C:\KEIL_V5\C51\LIB\C51S.LIB (?C?CLDPTR)
  C:\KEIL_V5\C51\LIB\C51S.LIB (?C?CLDOPTR)
  C:\KEIL_V5\C51\LIB\C51S.LIB (?C?CSTPTR)
  C:\KEIL_V5\C51\LIB\C51S.LIB (?C?CSTOPTR)
  C:\KEIL_V5\C51\LIB\C51S.LIB (?C?IMUL)
  C:\KEIL_V5\C51\LIB\C51S.LIB (?C?UIDIV)
  C:\KEIL_V5\C51\LIB\C51S.LIB (?C?SIDIV)
  C:\KEIL_V5\C51\LIB\C51S.LIB (?C?ILDIX)
  C:\KEIL_V5\C51\LIB\C51S.LIB (?C?LMUL)
  C:\KEIL_V5\C51\LIB\C51S.LIB (?C?ULDIV)
  C:\KEIL_V5\C51\LIB\C51S.LIB (?C?SLDIV)
  C:\KEIL_V5\C51\LIB\C51S.LIB (?C?LNEG)
  C:\KEIL_V5\C51\LIB\C51S.LIB (?C?ULCMP)
  C:\KEIL_V5\C51\LIB\C51S.LIB (?C?ULSHR)
  C:\KEIL_V5\C51\LIB\C51S.LIB (?C?LSHL)
  C:\KEIL_V5\C51\LIB\C51S.LIB (?C?LLDIDATA)
  C:\KEIL_V5\C51\LIB\C51S.LIB (?C?LLDIDATA0)
  C:\KEIL_V5\C51\LIB\C51S.LIB (?C?LSTIDATA)
  C:\KEIL_V5\C51\LIB\C51S.LIB (?C?LSTXDATA)
  C:\KEIL_V5\C51\LIB\C51S.LIB (?C?LSTKIDATA)
  C:\KEIL_V5\C51\LIB\C51S.LIB (?C?LSTKXDATA)
  C:\KEIL_V5\C51\LIB\C51S.LIB (?C?OFFXADD)
  C:\KEIL_V5\C51\LIB\C51S.LIB (?C?CCASE)
  C:\KEIL_V5\C51\LIB\C51S.LIB (?C_INIT)


LINK MAP OF MODULE:  .\Objects\CRX1831DCM_MA82G5B32_Pro (MAIN)

BL51 BANKED LINKER/LOCATER V6.22.2.0                                                  02/25/2022  17:15:45  PAGE 2



            TYPE    BASE      LENGTH    RELOCATION   SEGMENT NAME
            -----------------------------------------------------

            * * * * * * *   D A T A   M E M O R Y   * * * * * * *
            REG     0000H     0008H     ABSOLUTE     "REG BANK 0"
            DATA    0008H     0010H     UNIT         ?DT?_TX_DATALOAD_HIGHSPEED?ML7345
            DATA    0018H     0007H     UNIT         ?DT?_IAP_WRITEBUF_WITH_PROTECT_VERIFY?IAP_FLASH
            DATA    001FH     0001H     UNIT         ?DT?_DELAYXUS?TIMER
            BIT     0020H.0   0000H.1   UNIT         ?BI?_UART0SENDBYTE?UART
            BIT     0020H.1   0000H.1   UNIT         ?BI?UART
            BIT     0020H.2   0000H.1   UNIT         ?BI?_IAP_WRITEPPAGE?IAP_FLASH
            BIT     0020H.3   0000H.1   UNIT         ?BI?_IAP_ERASEPAGE?IAP_FLASH
            BIT     0020H.4   0000H.1   UNIT         ?BI?_IAP_WRITEBUF_WITH_PROTECT_VERIFY?IAP_FLASH
            BIT     0020H.5   0000H.1   UNIT         ?BI?_IAP_WRITE_BYTE?IAP_FLASH
            BIT     0020H.6   0000H.1   UNIT         ?BI?RAM
                    0020H.7   0000H.1                *** GAP ***
            DATA    0021H     0007H     UNIT         ?DT?_ML7345_FREQUENCY_CALCUL?ML7345_HAL
            DATA    0028H     0005H     UNIT         ?DT?_ML7345_WRITE_FIFO?SPI
            DATA    002DH     0005H     UNIT         ?DT?_ML7345_READ_FIFO?SPI
            DATA    0032H     0005H     UNIT         ?DT?_RF_ML7345_INIT?ML7345
            DATA    0037H     0004H     UNIT         ?DT?_SEND_DATA?UART
            DATA    003BH     0004H     UNIT         ?DT?_ID_SCX1801_EEPROM_WRITE?IAP_FLASH
            DATA    003FH     0004H     UNIT         ?DT?_DELETE_GENERALID_EEPROM?IAP_FLASH
            DATA    0043H     0004H     UNIT         ?DT?_BEEP_MODULE?ID_DECODE
            DATA    0047H     0004H     UNIT         ?DT?_ML7345_FREQUENCY_SET?ML7345_HAL
            DATA    004BH     0004H     UNIT         ?DT?_ML7345_READRX_PACK?ML7345_HAL
            DATA    004FH     0004H     UNIT         ?DT?_ML7345_AUTOTX_DATA?ML7345_HAL
            DATA    0053H     0003H     UNIT         ?DT?_ASC_HEX_2?UART
            DATA    0056H     0003H     UNIT         ?DT?_IAP_WRITE_BYTE?IAP_FLASH
            DATA    0059H     0003H     UNIT         ?DT?ML7345
            DATA    005CH     0003H     UNIT         ?DT?_ML7345_TRX_INT_CONFIG?ML7345_HAL
            DATA    005FH     0002H     UNIT         ?DT?_IAP_WRITEPPAGE?IAP_FLASH
            DATA    0061H     0002H     UNIT         ?DT?_ML7345_WRITE_REG?SPI
            DATA    0063H     0001H     UNIT         ?DT?_DELAY_MS?TIMER
            DATA    0064H     0001H     UNIT         ?DT?_UART0SENDBYTE?UART
            DATA    0065H     0001H     UNIT         ?DT?_ASC_HEX?UART
            DATA    0066H     0001H     UNIT         ?DT?_HEX_ASC?UART
            DATA    0067H     0001H     UNIT         ?DT?_RECEIVEFRAME?UART
            DATA    0068H     0001H     UNIT         ?DT?_IAP_ERASEPAGE?IAP_FLASH
            DATA    0069H     0001H     UNIT         ?DT?_SPI1_SENDRECV_DATA?SPI
            DATA    006AH     0001H     UNIT         ?DT?_ML7345_READ_REG?SPI
            DATA    006BH     0001H     UNIT         ?DT?_SIGNAL_DATA_DECODE?ID_DECODE
            DATA    006CH     0001H     UNIT         ?DT?_RETURN_ID_DATA?ID_DECODE
            DATA    006DH     0001H     UNIT         ?DT?_TX_DATA_TEST?ML7345
            DATA    006EH     0001H     UNIT         ?DT?_ML7345_AUTOSTATETRANSITION_SET?ML7345_HAL
            DATA    006FH     0001H     UNIT         ?DT?_ML7345_SETANDGET_STATE?ML7345_HAL
            DATA    0070H     0001H     UNIT         ?DT?_ML7345_STATEFLAG_CLEAR?ML7345_HAL
            IDATA   0071H     0022H     UNIT         ?ID?RAM
            IDATA   0093H     0011H     UNIT         ?ID?ID_EEPROM_WRITE?IAP_FLASH
            IDATA   00A4H     000FH     UNIT         ?ID?_DELETE_GENERALID_EEPROM?IAP_FLASH
            IDATA   00B3H     000EH     UNIT         ?ID?EEPROM_SYS_LOAD?IAP_FLASH
            IDATA   00C1H     0008H     UNIT         ?ID?_RETURN_ID_DATA?ID_DECODE
            IDATA   00C9H     0007H     UNIT         ?ID?_ID_SCX1801_EEPROM_WRITE?IAP_FLASH
            IDATA   00D0H     0003H     UNIT         ?ID?UART
            IDATA   00D3H     0002H     UNIT         ?ID?TIMER
            IDATA   00D5H     0002H     UNIT         ?ID?ALL_ID_EEPROM_ERASE?IAP_FLASH
BL51 BANKED LINKER/LOCATER V6.22.2.0                                                  02/25/2022  17:15:45  PAGE 3


            IDATA   00D7H     0002H     UNIT         ?ID?_BEEP_MODULE?ID_DECODE
            IDATA   00D9H     0002H     UNIT         ?ID?RECEIVER_BEEP?ID_DECODE
            IDATA   00DBH     0001H     UNIT         ?ID?INT_UART0?UART
            IDATA   00DCH     0001H     UNIT         ?ID?OPRATIONFRAME?UART
            IDATA   00DDH     0001H     UNIT         ?ID?ML7345_TRX_DEL?ML7345
            IDATA   00DEH     0001H     UNIT         ?ID?RF_SYNCWORD_DONE?ML7345_HAL
            IDATA   00DFH     0001H     UNIT         ?STACK

            * * * * * * *  X D A T A   M E M O R Y  * * * * * * *
            XDATA   0000H     03B5H     UNIT         ?XD?RAM
            XDATA   03B5H     0209H     UNIT         ?XD?IAP_FLASH
            XDATA   05BEH     0086H     UNIT         ?XD?ML7345
            XDATA   0644H     007AH     UNIT         ?XD?UART
            XDATA   06BEH     001AH     UNIT         ?XD?ID_DECODE
            XDATA   06D8H     000CH     UNIT         ?XD?ML7345_HAL
            XDATA   06E4H     0003H     UNIT         ?XD?SPI

            * * * * * * *   C O D E   M E M O R Y   * * * * * * *
            CODE    0000H     0003H     ABSOLUTE     
            CODE    0003H     0003H     ABSOLUTE     
            CODE    0006H     0005H     UNIT         ?PR?BEEP_OFF?TIMER
            CODE    000BH     0003H     ABSOLUTE     
            CODE    000EH     0004H     UNIT         ?PR?CLEARWDT?SYS
                    0012H     0001H                  *** GAP ***
            CODE    0013H     0003H     ABSOLUTE     
            CODE    0016H     000CH     UNIT         ?PR?INIT_INT0?GPIO
                    0022H     0001H                  *** GAP ***
            CODE    0023H     0003H     ABSOLUTE     
            CODE    0026H     0B9CH     UNIT         ?PR?PC_PRG?UART
            CODE    0BC2H     0AD3H     UNIT         ?PR?ID_DECODE_OUT?ID_DECODE
            CODE    1695H     07A7H     UNIT         ?PR?APP_TX_PACKET?ML7345
            CODE    1E3CH     07A5H     UNIT         ?PR?ID_LEARN?IAP_FLASH
            CODE    25E1H     078FH     UNIT         ?C?LIB_CODE
            CODE    2D70H     05BEH     UNIT         ?PR?ID_DECODE_IDCHECK?ID_DECODE
            CODE    332EH     05ABH     UNIT         ?C_INITSEG
            CODE    38D9H     0564H     UNIT         ?PR?EEPROM_SYS_LOAD?IAP_FLASH
            CODE    3E3DH     04CDH     UNIT         ?PR?_TX_DATALOAD_HIGHSPEED?ML7345
            CODE    430AH     03CFH     UNIT         ?PR?_RF_ML7345_INIT?ML7345
            CODE    46D9H     038FH     UNIT         ?PR?_SIGNAL_DATA_DECODE?ID_DECODE
            CODE    4A68H     032BH     UNIT         ?PR?OPRATIONFRAME?UART
            CODE    4D93H     0312H     UNIT         ?PR?ML7345D_RF_TEST_MODE?ML7345
            CODE    50A5H     0282H     UNIT         ?PR?_ML7345_FREQUENCY_CALCUL?ML7345_HAL
            CODE    5327H     0274H     UNIT         ?PR?ID_EEPROM_WRITE?IAP_FLASH
            CODE    559BH     026EH     UNIT         ?PR?_DELETE_GENERALID_EEPROM?IAP_FLASH
            CODE    5809H     022CH     UNIT         ?PR?_IAP_WRITEBUF_WITH_PROTECT_VERIFY?IAP_FLASH
            CODE    5A35H     01F2H     UNIT         ?PR?EEPROM_IDCHECK?ID_DECODE
            CODE    5C27H     01BEH     UNIT         ?PR?ML7345_TRX_DEL?ML7345
            CODE    5DE5H     0178H     UNIT         ?PR?_ML7345_FREQUENCY_SET?ML7345_HAL
            CODE    5F5DH     014AH     UNIT         ?PR?INT_T0?TIMER
            CODE    60A7H     0129H     UNIT         ?PR?RX_ANALYSIS?ML7345
            CODE    61D0H     0127H     UNIT         ?PR?ML7345D_CHANGE_CHANNEL?ML7345
            CODE    62F7H     0127H     UNIT         ?PR?ML7345D_FREQ_SCANNING?ML7345
            CODE    641EH     011AH     UNIT         ?PR?MAIN?MAIN
            CODE    6538H     010DH     UNIT         ?PR?SCAN_RECEIVE_PACKET?ML7345
            CODE    6645H     00FCH     UNIT         ?PR?_RECEIVEFRAME?UART
            CODE    6741H     00EFH     UNIT         ?PR?_ML7345_SETANDGET_STATE?ML7345_HAL
            CODE    6830H     00EDH     UNIT         ?PR?INT_UART0?UART
BL51 BANKED LINKER/LOCATER V6.22.2.0                                                  02/25/2022  17:15:45  PAGE 4


            CODE    691DH     00D7H     UNIT         ?PR?_BEEP_MODULE?ID_DECODE
            CODE    69F4H     00C6H     UNIT         ?PR?ID_LOGIN_EXIT_INITIAL?IAP_FLASH
            CODE    6ABAH     00C5H     UNIT         ?PR?ML7345_DATARATE_SET_4_8K?ML7345_HAL
            CODE    6B7FH     00B7H     UNIT         ?PR?ML7345_DATARATE_SET_1_2K?ML7345_HAL
            CODE    6C36H     0097H     UNIT         ?PR?IAP_ERASE_ALL_ID?IAP_FLASH
            CODE    6CCDH     008CH     UNIT         ?C_C51STARTUP
            CODE    6D59H     007FH     UNIT         ?PR?DATARECEIVE?ML7345
            CODE    6DD8H     0077H     UNIT         ?PR?_ML7345_WRITE_FIFO?SPI
            CODE    6E4FH     0077H     UNIT         ?PR?UART_RF_BER_TEST?ML7345
            CODE    6EC6H     0074H     UNIT         ?PR?_ID_SCX1801_EEPROM_WRITE?IAP_FLASH
            CODE    6F3AH     0064H     UNIT         ?PR?_RETURN_ID_DATA?ID_DECODE
            CODE    6F9EH     0063H     UNIT         ?PR?_ML7345_TRX_INT_CONFIG?ML7345_HAL
            CODE    7001H     0062H     UNIT         ?PR?_ML7345_READ_FIFO?SPI
            CODE    7063H     0061H     UNIT         ?PR?INIT_PORT?GPIO
            CODE    70C4H     005CH     UNIT         ?PR?TRANMISSIONACK?UART
            CODE    7120H     0051H     UNIT         ?PR?RF_BER_TEST?ML7345
            CODE    7171H     0050H     UNIT         ?PR?TEST_BEEP?ID_DECODE
            CODE    71C1H     004FH     UNIT         ?PR?_TX_DATA_TEST?ML7345
            CODE    7210H     004EH     UNIT         ?PR?INT_INT0?GPIO
            CODE    725EH     004EH     UNIT         ?PR?INT_INT1?GPIO
            CODE    72ACH     004AH     UNIT         ?PR?RECEIVER_BEEP?ID_DECODE
            CODE    72F6H     0045H     UNIT         ?PR?INIT_PCA_PWM?TIMER
            CODE    733BH     0044H     UNIT         ?C?LDIV
            CODE    737FH     0041H     UNIT         ?PR?WAITSTATUS_COMPLETE?ML7345_HAL
            CODE    73C0H     0040H     UNIT         ?PR?ALL_ID_EEPROM_ERASE?IAP_FLASH
            CODE    7400H     0040H     UNIT         ?PR?ML7345_MEASURBER_INIT?ML7345
            CODE    7440H     0040H     UNIT         ?PR?_ML7345_AUTOTX_DATA?ML7345_HAL
            CODE    7480H     003DH     UNIT         ?PR?_SEND_DATA?UART
            CODE    74BDH     003CH     UNIT         ?PR?INIT_CLOCK?SYS
            CODE    74F9H     003AH     UNIT         ?PR?_ML7345_READ_REG?SPI
            CODE    7533H     0039H     UNIT         ?PR?_ML7345_STATEFLAG_CLEAR?ML7345_HAL
            CODE    756CH     0038H     UNIT         ?PR?_IAP_WRITE_BYTE?IAP_FLASH
            CODE    75A4H     0032H     UNIT         ?PR?INIT_UART0_T1_ODD?UART
            CODE    75D6H     0032H     UNIT         ?PR?SETREG_RSSI?ML7345_HAL
            CODE    7608H     0031H     UNIT         ?PR?_ML7345_WRITE_REG?SPI
            CODE    7639H     0030H     UNIT         ?PR?_HEX_ASC?UART
            CODE    7669H     0030H     UNIT         ?PR?_ML7345_READRX_PACK?ML7345_HAL
            CODE    7699H     002FH     UNIT         ?PR?_ML7345_AUTOSTATETRANSITION_SET?ML7345_HAL
            CODE    76C8H     002DH     UNIT         ?PR?_ASC_HEX?UART
            CODE    76F5H     002BH     UNIT         ?PR?_IAP_WRITEPPAGE?IAP_FLASH
            CODE    7720H     0028H     UNIT         ?PR?BEEP_AND_LED?ID_DECODE
            CODE    7748H     0026H     UNIT         ?PR?_IAP_ERASEPAGE?IAP_FLASH
            CODE    776EH     0022H     UNIT         ?PR?INIT_SPI?SPI
            CODE    7790H     0020H     UNIT         ?PR?_DELAY_MS?TIMER
            CODE    77B0H     0020H     UNIT         ?PR?_SPI1_SENDRECV_DATA?SPI
            CODE    77D0H     001FH     UNIT         ?PR?INIT_TIMER0?TIMER
            CODE    77EFH     001EH     UNIT         ?PR?_ASC_HEX_2?UART
            CODE    780DH     001DH     UNIT         ?PR?ML7345_ALLSTATEFLAG_CLEAR?ML7345_HAL
            CODE    782AH     0019H     UNIT         ?PR?RF_SYNCWORD_DONE?ML7345_HAL
            CODE    7843H     0015H     UNIT         ?PR?_DELAYXUS?TIMER
            CODE    7858H     0015H     UNIT         ?PR?_UART0SENDBYTE?UART
            CODE    786DH     0014H     UNIT         ?PR?INIT_WDT?SYS
            CODE    7881H     000FH     UNIT         ?CO?IAP_FLASH
            CODE    7890H     000EH     UNIT         ?CO?UART
            CODE    789EH     000BH     UNIT         ?PR?INIT_IAP_FLASH?IAP_FLASH
            CODE    78A9H     000AH     UNIT         ?PR?INIT_INTERRUPT?GPIO
            CODE    78B3H     000AH     UNIT         ?PR?ML7345_RESETN_SET?ML7345_HAL
BL51 BANKED LINKER/LOCATER V6.22.2.0                                                  02/25/2022  17:15:45  PAGE 5


            CODE    78BDH     000AH     UNIT         ?PR?ML7345_GPIO0TXDONEINT_ENABLE?ML7345_HAL
            CODE    78C7H     000AH     UNIT         ?PR?ML7345_GPIO0RXDONEINT_ENABLE?ML7345_HAL
            CODE    78D1H     0004H     UNIT         ?PR?INIT_BEEP?TIMER
            CODE    78D5H     0003H     UNIT         ?PR?BEEP_ON?TIMER



OVERLAY MAP OF MODULE:   .\Objects\CRX1831DCM_MA82G5B32_Pro (MAIN)


SEGMENT
  +--> CALLED SEGMENT
---------------------
?PR?INT_INT0?GPIO
  +--> ?PR?ML7345_TRX_DEL?ML7345
  +--> ?PR?DATARECEIVE?ML7345

?PR?ML7345_TRX_DEL?ML7345
  +--> ?PR?RF_SYNCWORD_DONE?ML7345_HAL
  +--> ?PR?_ML7345_SETANDGET_STATE?ML7345_HAL
  +--> ?PR?_RF_ML7345_INIT?ML7345
  +--> ?PR?ML7345_GPIO0RXDONEINT_ENABLE?ML73...
  +--> ?PR?_ML7345_WRITE_REG?SPI
  +--> ?PR?_ML7345_READ_REG?SPI
  +--> ?PR?_ML7345_STATEFLAG_CLEAR?ML7345_HAL

?PR?RF_SYNCWORD_DONE?ML7345_HAL
  +--> ?PR?_ML7345_WRITE_REG?SPI
  +--> ?PR?_ML7345_READ_REG?SPI

?PR?_ML7345_WRITE_REG?SPI
  +--> ?PR?_DELAYXUS?TIMER
  +--> ?PR?_SPI1_SENDRECV_DATA?SPI

?PR?_ML7345_READ_REG?SPI
  +--> ?PR?_DELAYXUS?TIMER
  +--> ?PR?_SPI1_SENDRECV_DATA?SPI

?PR?_ML7345_SETANDGET_STATE?ML7345_HAL
  +--> ?PR?_ML7345_WRITE_REG?SPI
  +--> ?PR?_ML7345_READ_REG?SPI
  +--> ?PR?WAITSTATUS_COMPLETE?ML7345_HAL
  +--> ?PR?_ML7345_FREQUENCY_CALCUL?ML7345_HAL
  +--> ?PR?CLEARWDT?SYS
  +--> ?PR?_RF_ML7345_INIT?ML7345

?PR?WAITSTATUS_COMPLETE?ML7345_HAL
  +--> ?PR?_ML7345_WRITE_REG?SPI
  +--> ?PR?_ML7345_READ_REG?SPI
  +--> ?PR?CLEARWDT?SYS

?PR?_RF_ML7345_INIT?ML7345
  +--> ?PR?ML7345_RESETN_SET?ML7345_HAL
  +--> ?PR?_ML7345_READ_REG?SPI
  +--> ?PR?_ML7345_WRITE_REG?SPI
  +--> ?PR?SETREG_RSSI?ML7345_HAL
  +--> ?PR?ML7345_DATARATE_SET_4_8K?ML7345_HAL
BL51 BANKED LINKER/LOCATER V6.22.2.0                                                  02/25/2022  17:15:45  PAGE 6


  +--> ?PR?ML7345_DATARATE_SET_1_2K?ML7345_HAL
  +--> ?PR?ML7345_ALLSTATEFLAG_CLEAR?ML7345_HAL

?PR?ML7345_RESETN_SET?ML7345_HAL
  +--> ?PR?_DELAY_MS?TIMER

?PR?_DELAY_MS?TIMER
  +--> ?PR?_DELAYXUS?TIMER

?PR?SETREG_RSSI?ML7345_HAL
  +--> ?PR?_ML7345_WRITE_REG?SPI

?PR?ML7345_DATARATE_SET_4_8K?ML7345_HAL
  +--> ?PR?_ML7345_WRITE_REG?SPI

?PR?ML7345_DATARATE_SET_1_2K?ML7345_HAL
  +--> ?PR?_ML7345_WRITE_REG?SPI

?PR?ML7345_ALLSTATEFLAG_CLEAR?ML7345_HAL
  +--> ?PR?_ML7345_WRITE_REG?SPI

?PR?ML7345_GPIO0RXDONEINT_ENABLE?ML73...
  +--> ?PR?_ML7345_TRX_INT_CONFIG?ML7345_HAL

?PR?_ML7345_TRX_INT_CONFIG?ML7345_HAL
  +--> ?PR?_ML7345_WRITE_REG?SPI

?PR?_ML7345_STATEFLAG_CLEAR?ML7345_HAL
  +--> ?PR?_ML7345_WRITE_REG?SPI

*** NEW ROOT ***************************************************

?PR?INT_INT1?GPIO
  +--> ?PR?ML7345_TRX_DEL?ML7345
  +--> ?PR?DATARECEIVE?ML7345

*** NEW ROOT ***************************************************

?PR?INT_UART0?UART
  +--> ?PR?_RECEIVEFRAME?UART

?PR?_RECEIVEFRAME?UART
  +--> ?PR?OPRATIONFRAME?UART

*** NEW ROOT ***************************************************

?C_C51STARTUP
  +--> ?PR?MAIN?MAIN
  +--> ?C_INITSEG

?PR?MAIN?MAIN
  +--> ?PR?INIT_WDT?SYS
  +--> ?PR?INIT_CLOCK?SYS
  +--> ?PR?CLEARWDT?SYS
  +--> ?PR?INIT_IAP_FLASH?IAP_FLASH
  +--> ?PR?EEPROM_SYS_LOAD?IAP_FLASH
  +--> ?PR?INIT_PORT?GPIO
BL51 BANKED LINKER/LOCATER V6.22.2.0                                                  02/25/2022  17:15:45  PAGE 7


  +--> ?PR?INIT_TIMER0?TIMER
  +--> ?PR?INIT_UART0_T1_ODD?UART
  +--> ?PR?INIT_BEEP?TIMER
  +--> ?PR?INIT_SPI?SPI
  +--> ?PR?_RF_ML7345_INIT?ML7345
  +--> ?PR?INIT_INTERRUPT?GPIO
  +--> ?PR?ML7345D_RF_TEST_MODE?ML7345
  +--> ?PR?_ML7345_SETANDGET_STATE?ML7345_HAL
  +--> ?PR?TEST_BEEP?ID_DECODE
  +--> ?PR?ID_DECODE_OUT?ID_DECODE
  +--> ?PR?ID_LEARN?IAP_FLASH
  +--> ?PR?APP_TX_PACKET?ML7345
  +--> ?PR?ML7345D_FREQ_SCANNING?ML7345
  +--> ?PR?SCAN_RECEIVE_PACKET?ML7345
  +--> ?PR?TRANMISSIONACK?UART

?PR?INIT_IAP_FLASH?IAP_FLASH
  +--> ?PR?_IAP_WRITEPPAGE?IAP_FLASH

?PR?EEPROM_SYS_LOAD?IAP_FLASH
  +--> ?CO?IAP_FLASH
  +--> ?PR?CLEARWDT?SYS
  +--> ?PR?_ML7345_FREQUENCY_CALCUL?ML7345_HAL

?PR?INIT_BEEP?TIMER
  +--> ?PR?INIT_PCA_PWM?TIMER

?PR?INIT_INTERRUPT?GPIO
  +--> ?PR?INIT_INT0?GPIO

?PR?ML7345D_RF_TEST_MODE?ML7345
  +--> ?PR?_BEEP_MODULE?ID_DECODE
  +--> ?PR?CLEARWDT?SYS
  +--> ?PR?_ML7345_SETANDGET_STATE?ML7345_HAL
  +--> ?PR?_ML7345_FREQUENCY_SET?ML7345_HAL
  +--> ?PR?_TX_DATA_TEST?ML7345
  +--> ?PR?ML7345_MEASURBER_INIT?ML7345
  +--> ?PR?RF_BER_TEST?ML7345
  +--> ?PR?PC_PRG?UART
  +--> ?PR?_RF_ML7345_INIT?ML7345
  +--> ?PR?ML7345_GPIO0RXDONEINT_ENABLE?ML73...
  +--> ?PR?ML7345_GPIO0TXDONEINT_ENABLE?ML73...

?PR?_BEEP_MODULE?ID_DECODE
  +--> ?PR?BEEP_ON?TIMER
  +--> ?PR?_DELAYXUS?TIMER
  +--> ?PR?CLEARWDT?SYS
  +--> ?PR?BEEP_OFF?TIMER

?PR?_ML7345_FREQUENCY_SET?ML7345_HAL
  +--> ?PR?_ML7345_SETANDGET_STATE?ML7345_HAL
  +--> ?PR?_ML7345_WRITE_REG?SPI
  +--> ?PR?ML7345_DATARATE_SET_1_2K?ML7345_HAL
  +--> ?PR?ML7345_DATARATE_SET_4_8K?ML7345_HAL
  +--> ?PR?_ML7345_READ_REG?SPI

?PR?_TX_DATA_TEST?ML7345
BL51 BANKED LINKER/LOCATER V6.22.2.0                                                  02/25/2022  17:15:45  PAGE 8


  +--> ?PR?_ML7345_WRITE_REG?SPI
  +--> ?PR?_ML7345_SETANDGET_STATE?ML7345_HAL

?PR?ML7345_MEASURBER_INIT?ML7345
  +--> ?PR?_ML7345_WRITE_REG?SPI

?PR?PC_PRG?UART
  +--> ?CO?UART
  +--> ?PR?_ML7345_SETANDGET_STATE?ML7345_HAL
  +--> ?PR?_SEND_DATA?UART
  +--> ?PR?_ML7345_FREQUENCY_SET?ML7345_HAL
  +--> ?PR?_TX_DATA_TEST?ML7345
  +--> ?PR?ALL_ID_EEPROM_ERASE?IAP_FLASH
  +--> ?PR?_ID_SCX1801_EEPROM_WRITE?IAP_FLASH
  +--> ?PR?_HEX_ASC?UART
  +--> ?PR?_ASC_HEX_2?UART
  +--> ?PR?_IAP_WRITEBUF_WITH_PROTECT_VERIFY...
  +--> ?PR?_ML7345_FREQUENCY_CALCUL?ML7345_HAL
  +--> ?PR?ML7345_MEASURBER_INIT?ML7345
  +--> ?PR?UART_RF_BER_TEST?ML7345

?PR?_SEND_DATA?UART
  +--> ?PR?_UART0SENDBYTE?UART

?PR?ALL_ID_EEPROM_ERASE?IAP_FLASH
  +--> ?PR?CLEARWDT?SYS
  +--> ?PR?IAP_ERASE_ALL_ID?IAP_FLASH

?PR?IAP_ERASE_ALL_ID?IAP_FLASH
  +--> ?CO?IAP_FLASH
  +--> ?PR?_IAP_ERASEPAGE?IAP_FLASH
  +--> ?PR?CLEARWDT?SYS
  +--> ?PR?_IAP_WRITE_BYTE?IAP_FLASH

?PR?_ID_SCX1801_EEPROM_WRITE?IAP_FLASH
  +--> ?CO?IAP_FLASH
  +--> ?PR?_IAP_WRITEBUF_WITH_PROTECT_VERIFY...

?PR?_IAP_WRITEBUF_WITH_PROTECT_VERIFY...
  +--> ?PR?CLEARWDT?SYS

?PR?_ASC_HEX_2?UART
  +--> ?PR?_ASC_HEX?UART

?PR?ML7345_GPIO0TXDONEINT_ENABLE?ML73...
  +--> ?PR?_ML7345_TRX_INT_CONFIG?ML7345_HAL

?PR?TEST_BEEP?ID_DECODE
  +--> ?PR?_BEEP_MODULE?ID_DECODE

?PR?ID_DECODE_OUT?ID_DECODE
  +--> ?PR?_SEND_DATA?UART
  +--> ?PR?RECEIVER_BEEP?ID_DECODE

?PR?RECEIVER_BEEP?ID_DECODE
  +--> ?PR?_BEEP_MODULE?ID_DECODE

BL51 BANKED LINKER/LOCATER V6.22.2.0                                                  02/25/2022  17:15:45  PAGE 9


?PR?ID_LEARN?IAP_FLASH
  +--> ?PR?_BEEP_MODULE?ID_DECODE
  +--> ?PR?ID_LOGIN_EXIT_INITIAL?IAP_FLASH
  +--> ?PR?BEEP_OFF?TIMER
  +--> ?PR?BEEP_ON?TIMER
  +--> ?PR?BEEP_AND_LED?ID_DECODE
  +--> ?PR?_ID_SCX1801_EEPROM_WRITE?IAP_FLASH
  +--> ?PR?_DELETE_GENERALID_EEPROM?IAP_FLASH
  +--> ?PR?ID_EEPROM_WRITE?IAP_FLASH
  +--> ?PR?ALL_ID_EEPROM_ERASE?IAP_FLASH

?PR?ID_LOGIN_EXIT_INITIAL?IAP_FLASH
  +--> ?PR?_BEEP_MODULE?ID_DECODE
  +--> ?PR?BEEP_OFF?TIMER

?PR?BEEP_AND_LED?ID_DECODE
  +--> ?PR?_BEEP_MODULE?ID_DECODE
  +--> ?PR?BEEP_OFF?TIMER

?PR?_DELETE_GENERALID_EEPROM?IAP_FLASH
  +--> ?CO?IAP_FLASH
  +--> ?PR?_RETURN_ID_DATA?ID_DECODE
  +--> ?PR?CLEARWDT?SYS
  +--> ?PR?ALL_ID_EEPROM_ERASE?IAP_FLASH
  +--> ?PR?_IAP_WRITEBUF_WITH_PROTECT_VERIFY...

?PR?ID_EEPROM_WRITE?IAP_FLASH
  +--> ?CO?IAP_FLASH
  +--> ?PR?_IAP_WRITEBUF_WITH_PROTECT_VERIFY...
  +--> ?PR?CLEARWDT?SYS
  +--> ?PR?ID_LOGIN_EXIT_INITIAL?IAP_FLASH

?PR?APP_TX_PACKET?ML7345
  +--> ?PR?_TX_DATALOAD_HIGHSPEED?ML7345
  +--> ?PR?_ML7345_SETANDGET_STATE?ML7345_HAL
  +--> ?PR?_ML7345_WRITE_REG?SPI
  +--> ?PR?ML7345_GPIO0TXDONEINT_ENABLE?ML73...
  +--> ?PR?_ML7345_AUTOTX_DATA?ML7345_HAL
  +--> ?PR?_RF_ML7345_INIT?ML7345

?PR?_TX_DATALOAD_HIGHSPEED?ML7345
  +--> ?PR?CLEARWDT?SYS

?PR?_ML7345_AUTOTX_DATA?ML7345_HAL
  +--> ?PR?_ML7345_WRITE_REG?SPI
  +--> ?PR?_ML7345_AUTOSTATETRANSITION_SET?M...
  +--> ?PR?_ML7345_WRITE_FIFO?SPI

?PR?_ML7345_AUTOSTATETRANSITION_SET?M...
  +--> ?PR?_ML7345_WRITE_REG?SPI

?PR?_ML7345_WRITE_FIFO?SPI
  +--> ?PR?_DELAYXUS?TIMER
  +--> ?PR?_SPI1_SENDRECV_DATA?SPI

?PR?ML7345D_FREQ_SCANNING?ML7345
  +--> ?PR?ML7345D_CHANGE_CHANNEL?ML7345
BL51 BANKED LINKER/LOCATER V6.22.2.0                                                  02/25/2022  17:15:45  PAGE 10


  +--> ?PR?_RF_ML7345_INIT?ML7345
  +--> ?PR?ML7345_GPIO0RXDONEINT_ENABLE?ML73...
  +--> ?PR?_ML7345_SETANDGET_STATE?ML7345_HAL

?PR?ML7345D_CHANGE_CHANNEL?ML7345
  +--> ?PR?_ML7345_FREQUENCY_SET?ML7345_HAL

?PR?SCAN_RECEIVE_PACKET?ML7345
  +--> ?PR?_ML7345_READRX_PACK?ML7345_HAL
  +--> ?PR?_ML7345_STATEFLAG_CLEAR?ML7345_HAL
  +--> ?PR?RX_ANALYSIS?ML7345
  +--> ?PR?_ML7345_SETANDGET_STATE?ML7345_HAL
  +--> ?PR?_ML7345_READ_REG?SPI
  +--> ?PR?_ML7345_WRITE_REG?SPI

?PR?_ML7345_READRX_PACK?ML7345_HAL
  +--> ?PR?_ML7345_WRITE_REG?SPI
  +--> ?PR?_ML7345_READ_FIFO?SPI

?PR?_ML7345_READ_FIFO?SPI
  +--> ?PR?_DELAYXUS?TIMER
  +--> ?PR?_SPI1_SENDRECV_DATA?SPI

?PR?RX_ANALYSIS?ML7345
  +--> ?PR?ID_DECODE_IDCHECK?ID_DECODE

?PR?ID_DECODE_IDCHECK?ID_DECODE
  +--> ?PR?_SIGNAL_DATA_DECODE?ID_DECODE
  +--> ?PR?EEPROM_IDCHECK?ID_DECODE
  +--> ?PR?BEEP_AND_LED?ID_DECODE
  +--> ?PR?ID_EEPROM_WRITE?IAP_FLASH
  +--> ?PR?_ID_SCX1801_EEPROM_WRITE?IAP_FLASH
  +--> ?PR?_RETURN_ID_DATA?ID_DECODE
  +--> ?PR?_DELETE_GENERALID_EEPROM?IAP_FLASH

?PR?EEPROM_IDCHECK?ID_DECODE
  +--> ?PR?_RETURN_ID_DATA?ID_DECODE

?PR?TRANMISSIONACK?UART
  +--> ?PR?_SEND_DATA?UART



SYMBOL TABLE OF MODULE:  .\Objects\CRX1831DCM_MA82G5B32_Pro (MAIN)

  VALUE           TYPE          NAME
  ----------------------------------

  -------         MODULE        MAIN
  C:0000H         SYMBOL        _ICE_DUMMY_
  D:0090H         PUBLIC        P1
  D:00A0H         PUBLIC        P2
  D:00C0H         PUBLIC        XICON
  D:00B0H         PUBLIC        P3
  D:00E8H         PUBLIC        P4
  D:00F8H         PUBLIC        P5
  D:00F8H         PUBLIC        P6
BL51 BANKED LINKER/LOCATER V6.22.2.0                                                  02/25/2022  17:15:45  PAGE 11


  B:00A8H.7       PUBLIC        EA
  D:00A8H         PUBLIC        IE
  D:00B8H         PUBLIC        IP0L
  D:00D8H         PUBLIC        CCON
  C:641EH         PUBLIC        main
  B:00A0H.2       PUBLIC        P22
  B:00A0H.3       PUBLIC        P23
  D:0088H         PUBLIC        TCON
  B:00A0H.4       PUBLIC        P24
  D:0098H         PUBLIC        S0CON
  D:0098H         PUBLIC        S1CON
  D:00C8H         PUBLIC        T2CON
  D:00D0H         PUBLIC        PSW
  -------         PROC          MAIN
  C:641EH         LINE#         22
  C:641EH         LINE#         23
  C:641EH         LINE#         24
  C:6421H         LINE#         25
  C:6424H         LINE#         26
  C:6427H         LINE#         27
  C:642AH         LINE#         28
  C:642DH         LINE#         29
  C:6430H         LINE#         30
  C:6433H         LINE#         31
  C:6436H         LINE#         32
  C:6439H         LINE#         33
  C:643CH         LINE#         34
  C:643FH         LINE#         35
  C:6449H         LINE#         36
  C:6457H         LINE#         37
  C:6461H         LINE#         38
  C:6464H         LINE#         39
  C:6467H         LINE#         40
  C:6469H         LINE#         41
  C:646CH         LINE#         42
  C:647AH         LINE#         43
  C:6488H         LINE#         44
  C:648DH         LINE#         45
  C:6492H         LINE#         46
  C:6497H         LINE#         47
  C:649BH         LINE#         49
  C:649BH         LINE#         50
  C:649BH         LINE#         51
  C:649EH         LINE#         52
  C:64ACH         LINE#         54
  C:64B8H         LINE#         55
  C:64BBH         LINE#         56
  C:64BEH         LINE#         57
  C:64DDH         LINE#         58
  C:64F4H         LINE#         59
  C:64F4H         LINE#         60
  C:64F7H         LINE#         61
  C:64FAH         LINE#         62
  C:64FAH         LINE#         63
  C:64FDH         LINE#         64
  C:6515H         LINE#         65
  C:6519H         LINE#         66
BL51 BANKED LINKER/LOCATER V6.22.2.0                                                  02/25/2022  17:15:45  PAGE 12


  C:6532H         LINE#         67
  C:6534H         LINE#         68
  -------         ENDPROC       MAIN
  -------         ENDMOD        MAIN

  -------         MODULE        SYS
  C:0000H         SYMBOL        _ICE_DUMMY_
  D:0090H         PUBLIC        P1
  D:00A0H         PUBLIC        P2
  D:00E7H         PUBLIC        ISPCR
  D:00C0H         PUBLIC        XICON
  D:00B0H         PUBLIC        P3
  D:00E8H         PUBLIC        P4
  D:00F8H         PUBLIC        P5
  D:00F8H         PUBLIC        P6
  D:00E1H         PUBLIC        WDTCR
  D:00A8H         PUBLIC        IE
  D:00B8H         PUBLIC        IP0L
  D:00C7H         PUBLIC        CKCON0
  D:00D8H         PUBLIC        CCON
  D:00E6H         PUBLIC        SCMD
  D:00E3H         PUBLIC        IFADRH
  D:00E5H         PUBLIC        IFMT
  D:00E4H         PUBLIC        IFADRL
  D:0088H         PUBLIC        TCON
  D:00E2H         PUBLIC        IFD
  C:000EH         PUBLIC        ClearWDT
  D:0097H         PUBLIC        PCON1
  D:0098H         PUBLIC        S0CON
  C:74BDH         PUBLIC        Init_Clock
  D:0098H         PUBLIC        S1CON
  C:786DH         PUBLIC        Init_WDT
  D:00C8H         PUBLIC        T2CON
  D:00D0H         PUBLIC        PSW
  -------         PROC          INIT_CLOCK
  C:74BDH         LINE#         4
  C:74BDH         LINE#         5
  C:74BDH         LINE#         7
  C:74C0H         LINE#         8
  C:74DCH         LINE#         9
  C:74F8H         LINE#         19
  -------         ENDPROC       INIT_CLOCK
  -------         PROC          INIT_WDT
  C:786DH         LINE#         22
  C:786DH         LINE#         23
  C:786DH         LINE#         24
  C:7870H         LINE#         25
  C:787AH         LINE#         26
  C:787DH         LINE#         27
  C:7880H         LINE#         28
  -------         ENDPROC       INIT_WDT
  -------         PROC          CLEARWDT
  C:000EH         LINE#         30
  C:000EH         LINE#         31
  C:000EH         LINE#         32
  C:0011H         LINE#         33
  -------         ENDPROC       CLEARWDT
BL51 BANKED LINKER/LOCATER V6.22.2.0                                                  02/25/2022  17:15:45  PAGE 13


  -------         ENDMOD        SYS

  -------         MODULE        GPIO
  C:0000H         SYMBOL        _ICE_DUMMY_
  D:0091H         PUBLIC        P1M0
  D:0095H         PUBLIC        P2M0
  D:00B1H         PUBLIC        P3M0
  D:0090H         PUBLIC        P1
  D:00B3H         PUBLIC        P4M0
  D:00B2H         PUBLIC        P3M1
  D:00A0H         PUBLIC        P2
  D:00C0H         PUBLIC        XICON
  D:00B0H         PUBLIC        P3
  D:00E8H         PUBLIC        P4
  D:00F8H         PUBLIC        P5
  D:00F8H         PUBLIC        P6
  D:00A8H         PUBLIC        IE
  C:0016H         PUBLIC        Init_INT0
  D:00B8H         PUBLIC        IP0L
  C:7063H         PUBLIC        Init_Port
  D:00D8H         PUBLIC        CCON
  B:0090H.0       PUBLIC        P10
  B:00A0H.0       PUBLIC        P20
  B:0090H.1       PUBLIC        P11
  B:00A0H.1       PUBLIC        P21
  B:0090H.2       PUBLIC        P12
  B:00E8H.0       PUBLIC        P40
  B:0090H.3       PUBLIC        P13
  B:00E8H.1       PUBLIC        P41
  D:0088H         PUBLIC        TCON
  B:00A0H.4       PUBLIC        P24
  D:00B4H         PUBLIC        PUCON0
  B:00A0H.5       PUBLIC        P25
  B:0090H.6       PUBLIC        P16
  B:00A0H.6       PUBLIC        P26
  B:00A0H.7       PUBLIC        P27
  B:00A8H.4       PUBLIC        ES0
  B:00A8H.1       PUBLIC        ET0
  C:78A9H         PUBLIC        Init_Interrupt
  B:00A8H.0       PUBLIC        EX0
  B:0088H.0       PUBLIC        IT0
  D:0098H         PUBLIC        S0CON
  D:0098H         PUBLIC        S1CON
  D:00C8H         PUBLIC        T2CON
  C:7210H         PUBLIC        INT_INT0
  C:725EH         PUBLIC        INT_INT1
  D:00A1H         PUBLIC        AUXR0
  D:00C1H         PUBLIC        XICFG
  D:00D0H         PUBLIC        PSW
  -------         PROC          INIT_PORT
  C:7063H         LINE#         10
  C:7063H         LINE#         11
  C:7063H         LINE#         13
  C:7066H         LINE#         14
  C:7069H         LINE#         15
  C:706BH         LINE#         16
  C:706EH         LINE#         19
BL51 BANKED LINKER/LOCATER V6.22.2.0                                                  02/25/2022  17:15:45  PAGE 14


  C:7071H         LINE#         20
  C:7074H         LINE#         21
  C:7076H         LINE#         22
  C:7079H         LINE#         25
  C:707CH         LINE#         26
  C:707EH         LINE#         29
  C:7081H         LINE#         36
  C:7084H         LINE#         37
  C:7087H         LINE#         38
  C:7089H         LINE#         41
  C:708FH         LINE#         47
  C:7092H         LINE#         48
  C:7096H         LINE#         49
  C:7099H         LINE#         57
  C:70A7H         LINE#         58
  C:70B5H         LINE#         59
  C:70B7H         LINE#         60
  C:70B9H         LINE#         61
  C:70BBH         LINE#         62
  C:70BDH         LINE#         63
  C:70BFH         LINE#         64
  C:70C1H         LINE#         65
  C:70C3H         LINE#         66
  -------         ENDPROC       INIT_PORT
  -------         PROC          INIT_INT0
  C:0016H         LINE#         79
  C:0016H         LINE#         80
  C:0016H         LINE#         81
  C:0019H         LINE#         82
  C:001EH         LINE#         84
  C:0021H         LINE#         85
  -------         ENDPROC       INIT_INT0
  -------         PROC          INT_INT0
  C:7210H         LINE#         115
  C:722DH         LINE#         117
  C:7240H         LINE#         118
  C:7243H         LINE#         119
  -------         ENDPROC       INT_INT0
  -------         PROC          INT_INT1
  C:725EH         LINE#         131
  C:727BH         LINE#         133
  C:728EH         LINE#         134
  C:7291H         LINE#         135
  -------         ENDPROC       INT_INT1
  -------         PROC          INIT_INTERRUPT
  C:78A9H         LINE#         144
  C:78A9H         LINE#         145
  C:78A9H         LINE#         147
  C:78ACH         LINE#         148
  C:78AEH         LINE#         153
  C:78B0H         LINE#         154
  C:78B2H         LINE#         155
  -------         ENDPROC       INIT_INTERRUPT
  -------         ENDMOD        GPIO

  -------         MODULE        TIMER
  C:0000H         SYMBOL        _ICE_DUMMY_
BL51 BANKED LINKER/LOCATER V6.22.2.0                                                  02/25/2022  17:15:45  PAGE 15


  D:00F2H         PUBLIC        PCAPWM6
  D:0090H         PUBLIC        P1
  D:00A0H         PUBLIC        P2
  D:00C0H         PUBLIC        XICON
  D:00B0H         PUBLIC        P3
  D:00E8H         PUBLIC        P4
  D:00F8H         PUBLIC        P5
  D:00F8H         PUBLIC        P6
  D:00ACH         PUBLIC        SFRPI
  D:00F9H         PUBLIC        CH
  D:00BCH         PUBLIC        PWMCR
  D:00A8H         PUBLIC        IE
  D:00E9H         PUBLIC        CL
  B:00D8H.6       PUBLIC        CR
  D:00B8H         PUBLIC        IP0L
  D:00FAH         PUBLIC        CCAP6H
  D:00EAH         PUBLIC        CCAP6L
  C:78D5H         PUBLIC        Beep_On
  D:00DAH         PUBLIC        CCAPM6
  C:72F6H         PUBLIC        Init_PCA_PWM
  D:00D9H         PUBLIC        CMOD
  D:00D8H         PUBLIC        CCON
  D:00CFH         PUBLIC        CHRL
  C:77D0H         PUBLIC        Init_Timer0
  D:00CEH         PUBLIC        CLRL
  B:00A0H.0       PUBLIC        P20
  C:7843H         PUBLIC        _DelayXus
  D:0089H         PUBLIC        TMOD
  D:0088H         PUBLIC        TCON
  D:008CH         PUBLIC        TH0
  C:5F5DH         PUBLIC        INT_T0
  D:008AH         PUBLIC        TL0
  C:7790H         PUBLIC        _delay_ms
  B:0088H.4       PUBLIC        TR0
  I:00D3H         PUBLIC        Time_Tx_Out
  D:0098H         PUBLIC        S0CON
  D:0098H         PUBLIC        S1CON
  D:00C8H         PUBLIC        T2CON
  D:00A1H         PUBLIC        AUXR0
  D:00A3H         PUBLIC        AUXR2
  C:78D1H         PUBLIC        Init_Beep
  C:0006H         PUBLIC        Beep_Off
  D:00F2H         PUBLIC        PCAPWM0
  D:00D0H         PUBLIC        PSW
  -------         PROC          INIT_TIMER0
  C:77D0H         LINE#         29
  C:77D0H         LINE#         30
  C:77D0H         LINE#         31
  C:77DAH         LINE#         33
  C:77E3H         LINE#         35
  C:77E6H         LINE#         37
  C:77E9H         LINE#         38
  C:77ECH         LINE#         40
  C:77EEH         LINE#         41
  -------         ENDPROC       INIT_TIMER0
  -------         PROC          INT_T0
  C:5F5DH         LINE#         51
BL51 BANKED LINKER/LOCATER V6.22.2.0                                                  02/25/2022  17:15:45  PAGE 16


  C:5F6EH         LINE#         53
  C:5F71H         LINE#         54
  C:5F74H         LINE#         56
  C:5F80H         LINE#         57
  C:5F8EH         LINE#         58
  C:5F9AH         LINE#         59
  C:5FA8H         LINE#         60
  C:5FB4H         LINE#         61
  C:5FC2H         LINE#         62
  C:5FCDH         LINE#         63
  C:5FD5H         LINE#         64
  C:5FE1H         LINE#         65
  C:5FEFH         LINE#         66
  C:5FF6H         LINE#         67
  C:5FFBH         LINE#         69
  C:5FFBH         LINE#         70
  C:5FFFH         LINE#         71
  C:600DH         LINE#         72
  C:600DH         LINE#         73
  C:6015H         LINE#         74
  C:601BH         LINE#         75
  C:6023H         LINE#         76
  C:6029H         LINE#         77
  C:6031H         LINE#         78
  C:6037H         LINE#         79
  C:6043H         LINE#         80
  C:6051H         LINE#         81
  C:605DH         LINE#         82
  C:606BH         LINE#         84
  C:607EH         LINE#         85
  C:6098H         LINE#         86
  -------         ENDPROC       INT_T0
  -------         PROC          INIT_PCA_PWM
  C:72F6H         LINE#         90
  C:72F6H         LINE#         91
  C:72F6H         LINE#         92
  C:7300H         LINE#         93
  C:7309H         LINE#         94
  C:7315H         LINE#         95
  C:7318H         LINE#         98
  C:732EH         LINE#         101
  C:7334H         LINE#         102
  C:733AH         LINE#         103
  -------         ENDPROC       INIT_PCA_PWM
  -------         PROC          INIT_BEEP
  C:78D1H         LINE#         105
  C:78D1H         LINE#         106
  C:78D1H         LINE#         107
  C:78D4H         LINE#         108
  -------         ENDPROC       INIT_BEEP
  -------         PROC          BEEP_ON
  C:78D5H         LINE#         110
  C:78D5H         LINE#         111
  C:78D5H         LINE#         112
  C:78D7H         LINE#         113
  -------         ENDPROC       BEEP_ON
  -------         PROC          BEEP_OFF
BL51 BANKED LINKER/LOCATER V6.22.2.0                                                  02/25/2022  17:15:45  PAGE 17


  C:0006H         LINE#         115
  C:0006H         LINE#         116
  C:0006H         LINE#         117
  C:0008H         LINE#         118
  C:000AH         LINE#         119
  -------         ENDPROC       BEEP_OFF
  -------         PROC          _DELAYXUS
  D:001FH         SYMBOL        xUs
  C:7843H         LINE#         129
  C:7845H         LINE#         130
  C:7845H         LINE#         131
  C:784DH         LINE#         132
  C:784DH         LINE#         134
  C:784EH         LINE#         135
  C:784FH         LINE#         136
  C:7850H         LINE#         137
  C:7851H         LINE#         138
  C:7852H         LINE#         139
  C:7853H         LINE#         157
  C:7855H         LINE#         158
  C:7857H         LINE#         159
  -------         ENDPROC       _DELAYXUS
  -------         PROC          _DELAY_MS
  D:0063H         SYMBOL        ms
  C:7790H         LINE#         169
  C:7792H         LINE#         170
  C:7792H         LINE#         171
  C:7799H         LINE#         172
  C:7799H         LINE#         173
  C:779EH         LINE#         174
  C:77A3H         LINE#         175
  C:77A8H         LINE#         176
  C:77ADH         LINE#         177
  C:77AFH         LINE#         178
  -------         ENDPROC       _DELAY_MS
  -------         ENDMOD        TIMER

  -------         MODULE        UART
  C:0000H         SYMBOL        _ICE_DUMMY_
  D:0090H         PUBLIC        P1
  D:00A0H         PUBLIC        P2
  B:0098H.6       PUBLIC        SM10
  D:00C0H         PUBLIC        XICON
  D:00B0H         PUBLIC        P3
  D:00E8H         PUBLIC        P4
  D:00F8H         PUBLIC        P5
  X:065AH         PUBLIC        Databits_t
  D:00F8H         PUBLIC        P6
  D:00ACH         PUBLIC        SFRPI
  X:065EH         PUBLIC        FLAG_testNo91_step
  D:00A8H         PUBLIC        IE
  X:065FH         PUBLIC        FLAG_testNo91SendUart
  D:00B8H         PUBLIC        IP0L
  B:0098H.4       PUBLIC        REN0
  X:0660H         PUBLIC        UART_DATA_buffer
  X:0688H         PUBLIC        UART_DATA_ID98
  X:06B1H         PUBLIC        U1AckTimer
BL51 BANKED LINKER/LOCATER V6.22.2.0                                                  02/25/2022  17:15:45  PAGE 18


  D:00D8H         PUBLIC        CCON
  X:06B2H         PUBLIC        UartStatus
  X:06B3H         PUBLIC        UartCount
  B:00C8H.5       PUBLIC        RCLK
  B:00C8H.4       PUBLIC        TCLK
  B:0090H.0       PUBLIC        P10
  B:0090H.1       PUBLIC        P11
  B:00A0H.1       PUBLIC        P21
  B:0090H.2       PUBLIC        P12
  B:00A0H.2       PUBLIC        P22
  B:00A0H.3       PUBLIC        P23
  D:0089H         PUBLIC        TMOD
  D:0088H         PUBLIC        TCON
  C:6645H         PUBLIC        _ReceiveFrame
  B:00A0H.4       PUBLIC        P24
  B:00A0H.5       PUBLIC        P25
  B:00A0H.6       PUBLIC        P26
  C:6830H         PUBLIC        INT_UART0
  X:06B4H         PUBLIC        UartLen
  C:4A68H         PUBLIC        OprationFrame
  C:7890H         SYMBOL        _?ix1000
  I:00D0H         PUBLIC        ACKBack
  C:789AH         SYMBOL        _?ix1001
  X:06B5H         PUBLIC        PROFILE_CH_FREQ_32bit_200002EC_uart
  B:00A8H.4       PUBLIC        ES0
  B:0098H.0       PUBLIC        RI0
  B:0098H.1       PUBLIC        TI0
  D:008DH         PUBLIC        TH1
  D:008BH         PUBLIC        TL1
  D:009CH         PUBLIC        S0CFG
  B:0088H.6       PUBLIC        TR1
  X:06B9H         PUBLIC        uart0_rx_len
  X:06BAH         PUBLIC        FLAG_testBEEP
  X:06BBH         PUBLIC        uart0_tx_len
  C:0026H         PUBLIC        PC_PRG
  C:7639H         PUBLIC        _hex_asc
  C:76C8H         PUBLIC        _asc_hex
  D:0099H         PUBLIC        S0BUF
  D:0087H         PUBLIC        PCON0
  C:75A4H         PUBLIC        Init_Uart0_T1_ODD
  D:0098H         PUBLIC        S0CON
  D:0098H         PUBLIC        S1CON
  X:06BCH         PUBLIC        FLAG_testNo91
  D:00C8H         PUBLIC        T2CON
  C:7480H         PUBLIC        _Send_Data
  B:0098H.7       PUBLIC        SM00_FE
  C:70C4H         PUBLIC        TranmissionACK
  C:77EFH         PUBLIC        _asc_hex_2
  C:7858H         PUBLIC        _Uart0SendByte
  B:0020H.1       PUBLIC        rx_done
  D:00A3H         PUBLIC        AUXR2
  X:06BDH         PUBLIC        U1Statues
  D:00D0H         PUBLIC        PSW
  -------         PROC          INIT_UART0_T1_ODD
  C:75A4H         LINE#         73
  C:75A4H         LINE#         74
  C:75A4H         LINE#         75
BL51 BANKED LINKER/LOCATER V6.22.2.0                                                  02/25/2022  17:15:45  PAGE 19


  C:75ABH         LINE#         76
  C:75ADH         LINE#         78
  C:75B4H         LINE#         79
  C:75BAH         LINE#         81
  C:75C4H         LINE#         82
  C:75CAH         LINE#         83
  C:75CDH         LINE#         87
  C:75D0H         LINE#         88
  C:75D3H         LINE#         96
  C:75D5H         LINE#         97
  -------         ENDPROC       INIT_UART0_T1_ODD
  -------         PROC          INT_UART0
  -------         DO            
  I:00DBH         SYMBOL        dat
  -------         ENDDO         
  C:6830H         LINE#         108
  C:684DH         LINE#         110
  C:6851H         LINE#         111
  C:6853H         LINE#         113
  C:6856H         LINE#         114
  C:6859H         LINE#         115
  C:6859H         LINE#         116
  C:685BH         LINE#         117
  C:685BH         LINE#         118
  C:6861H         LINE#         119
  C:6861H         LINE#         120
  C:6863H         LINE#         121
  C:6867H         LINE#         122
  C:687FH         LINE#         124
  C:687FH         LINE#         125
  C:688CH         LINE#         126
  C:68A1H         LINE#         127
  C:68B2H         LINE#         128
  C:68BBH         LINE#         129
  C:68BBH         LINE#         130
  C:68CDH         LINE#         131
  C:68CDH         LINE#         132
  C:68EDH         LINE#         133
  C:68F2H         LINE#         134
  C:6900H         LINE#         136
  C:6900H         LINE#         137
  C:6900H         LINE#         138
  C:6900H         LINE#         139
  C:6902H         LINE#         140
  -------         ENDPROC       INT_UART0
  -------         PROC          _UART0SENDBYTE
  D:0064H         SYMBOL        tByte
  -------         DO            
  B:0020H.0       SYMBOL        bES
  -------         ENDDO         
  C:7858H         LINE#         148
  C:785AH         LINE#         149
  C:785AH         LINE#         151
  C:785EH         LINE#         152
  C:7860H         LINE#         153
  C:7863H         LINE#         155
  C:7866H         LINE#         156
BL51 BANKED LINKER/LOCATER V6.22.2.0                                                  02/25/2022  17:15:45  PAGE 20


  C:7868H         LINE#         157
  C:786CH         LINE#         158
  -------         ENDPROC       _UART0SENDBYTE
  -------         PROC          _SEND_DATA
  D:0037H         SYMBOL        buff
  D:003AH         SYMBOL        len
  -------         DO            
  X:0644H         SYMBOL        i
  -------         ENDDO         
  C:7480H         LINE#         161
  C:7488H         LINE#         162
  C:7488H         LINE#         163
  C:748DH         LINE#         164
  C:749DH         LINE#         165
  C:749DH         LINE#         166
  C:74B4H         LINE#         167
  C:74BCH         LINE#         168
  -------         ENDPROC       _SEND_DATA
  -------         PROC          _ASC_HEX
  D:0065H         SYMBOL        asc
  -------         DO            
  X:0645H         SYMBOL        i
  -------         ENDDO         
  C:76C8H         LINE#         170
  C:76CAH         LINE#         171
  C:76CAH         LINE#         173
  C:76D9H         LINE#         174
  C:76E5H         LINE#         176
  C:76EFH         LINE#         177
  C:76F4H         LINE#         178
  -------         ENDPROC       _ASC_HEX
  -------         PROC          _HEX_ASC
  D:0066H         SYMBOL        hex
  -------         DO            
  X:0646H         SYMBOL        i
  -------         ENDDO         
  C:7639H         LINE#         180
  C:763BH         LINE#         181
  C:763BH         LINE#         183
  C:763EH         LINE#         184
  C:764DH         LINE#         185
  C:7659H         LINE#         187
  C:7663H         LINE#         188
  C:7668H         LINE#         189
  -------         ENDPROC       _HEX_ASC
  -------         PROC          _ASC_HEX_2
  D:0053H         SYMBOL        asc1
  D:0054H         SYMBOL        asc0
  -------         DO            
  D:0055H         SYMBOL        i
  -------         ENDDO         
  C:77EFH         LINE#         191
  C:77F3H         LINE#         192
  C:77F3H         LINE#         194
  C:780AH         LINE#         195
  C:780CH         LINE#         196
  -------         ENDPROC       _ASC_HEX_2
BL51 BANKED LINKER/LOCATER V6.22.2.0                                                  02/25/2022  17:15:45  PAGE 21


  -------         PROC          _RECEIVEFRAME
  D:0067H         SYMBOL        Cache
  C:6645H         LINE#         199
  C:6647H         LINE#         200
  C:6647H         LINE#         201
  C:665AH         LINE#         202
  C:665AH         LINE#         203
  C:665AH         LINE#         204
  C:665AH         LINE#         205
  C:6664H         LINE#         206
  C:666EH         LINE#         207
  C:6674H         LINE#         208
  C:668EH         LINE#         210
  C:668EH         LINE#         211
  C:6694H         LINE#         212
  C:669AH         LINE#         213
  C:66A4H         LINE#         214
  C:66BBH         LINE#         215
  C:66BBH         LINE#         216
  C:66BBH         LINE#         217
  C:66BDH         LINE#         218
  C:66BDH         LINE#         219
  C:66BDH         LINE#         220
  C:66CFH         LINE#         221
  C:66D5H         LINE#         222
  C:66E8H         LINE#         223
  C:66EEH         LINE#         224
  C:66EEH         LINE#         225
  C:66F0H         LINE#         226
  C:66F0H         LINE#         227
  C:66F5H         LINE#         228
  C:66FAH         LINE#         229
  C:66FAH         LINE#         230
  C:66FAH         LINE#         231
  C:6707H         LINE#         232
  C:6707H         LINE#         234
  C:670AH         LINE#         235
  C:670FH         LINE#         236
  C:6714H         LINE#         238
  C:6734H         LINE#         240
  C:6734H         LINE#         241
  C:673AH         LINE#         242
  C:6740H         LINE#         243
  C:6740H         LINE#         244
  C:6740H         LINE#         245
  -------         ENDPROC       _RECEIVEFRAME
  -------         PROC          OPRATIONFRAME
  -------         DO            
  I:00DCH         SYMBOL        i
  -------         ENDDO         
  C:4A68H         LINE#         247
  C:4A68H         LINE#         248
  C:4A68H         LINE#         249
  C:4A6CH         LINE#         250
  C:4A81H         LINE#         251
  C:4AA6H         LINE#         252
  C:4AB6H         LINE#         253
BL51 BANKED LINKER/LOCATER V6.22.2.0                                                  02/25/2022  17:15:45  PAGE 22


  C:4AB6H         LINE#         254
  C:4AC4H         LINE#         255
  C:4AD0H         LINE#         256
  C:4ADEH         LINE#         260
  C:4B30H         LINE#         261
  C:4B62H         LINE#         262
  C:4B70H         LINE#         263
  C:4B74H         LINE#         264
  C:4B9CH         LINE#         265
  C:4B9CH         LINE#         266
  C:4B9CH         LINE#         267
  C:4B9CH         LINE#         268
  C:4B9CH         LINE#         269
  C:4B9CH         LINE#         270
  C:4B9CH         LINE#         271
  C:4B9CH         LINE#         272
  C:4B9EH         LINE#         273
  C:4B9EH         LINE#         274
  C:4BA3H         LINE#         276
  C:4BA3H         LINE#         277
  C:4BA3H         LINE#         278
  C:4BC6H         LINE#         279
  C:4BC6H         LINE#         280
  C:4BC6H         LINE#         281
  C:4BC6H         LINE#         282
  C:4BC6H         LINE#         283
  C:4BC6H         LINE#         284
  C:4BC6H         LINE#         285
  C:4BC6H         LINE#         286
  C:4BC8H         LINE#         287
  C:4BC8H         LINE#         288
  C:4BCDH         LINE#         290
  C:4BCDH         LINE#         291
  C:4BCDH         LINE#         292
  C:4BFEH         LINE#         293
  C:4BFEH         LINE#         294
  C:4BFEH         LINE#         295
  C:4BFEH         LINE#         296
  C:4BFEH         LINE#         297
  C:4BFEH         LINE#         298
  C:4BFEH         LINE#         299
  C:4BFEH         LINE#         300
  C:4BFEH         LINE#         301
  C:4BFEH         LINE#         302
  C:4BFEH         LINE#         303
  C:4BFEH         LINE#         304
  C:4BFEH         LINE#         305
  C:4BFEH         LINE#         306
  C:4BFFH         LINE#         307
  C:4BFFH         LINE#         308
  C:4C04H         LINE#         310
  C:4C04H         LINE#         311
  C:4C04H         LINE#         312
  C:4C05H         LINE#         313
  C:4C15H         LINE#         314
  C:4C15H         LINE#         315
  C:4C1AH         LINE#         316
BL51 BANKED LINKER/LOCATER V6.22.2.0                                                  02/25/2022  17:15:45  PAGE 23


  C:4C1FH         LINE#         317
  C:4C59H         LINE#         318
  C:4C67H         LINE#         319
  C:4C85H         LINE#         320
  C:4C8AH         LINE#         321
  C:4C8FH         LINE#         322
  C:4C95H         LINE#         323
  C:4C96H         LINE#         324
  C:4CA3H         LINE#         325
  C:4CA3H         LINE#         326
  C:4CCBH         LINE#         327
  C:4CCBH         LINE#         328
  C:4CCFH         LINE#         329
  C:4CD5H         LINE#         330
  C:4CE7H         LINE#         331
  C:4CEDH         LINE#         332
  C:4CF2H         LINE#         333
  C:4CFCH         LINE#         334
  C:4CFDH         LINE#         336
  C:4CFDH         LINE#         337
  C:4D01H         LINE#         338
  C:4D07H         LINE#         339
  C:4D11H         LINE#         340
  C:4D17H         LINE#         341
  C:4D17H         LINE#         342
  C:4D18H         LINE#         343
  C:4D25H         LINE#         344
  C:4D25H         LINE#         345
  C:4D44H         LINE#         346
  C:4D44H         LINE#         347
  C:4D44H         LINE#         348
  C:4D4AH         LINE#         349
  C:4D54H         LINE#         350
  C:4D55H         LINE#         351
  C:4D55H         LINE#         352
  C:4D5BH         LINE#         353
  C:4D65H         LINE#         354
  C:4D66H         LINE#         355
  C:4D66H         LINE#         356
  C:4D6CH         LINE#         357
  C:4D76H         LINE#         358
  C:4D77H         LINE#         359
  C:4D77H         LINE#         360
  C:4D7DH         LINE#         361
  C:4D7EH         LINE#         362
  C:4D7EH         LINE#         363
  C:4D84H         LINE#         364
  C:4D85H         LINE#         365
  C:4D85H         LINE#         366
  C:4D8BH         LINE#         367
  C:4D8CH         LINE#         368
  C:4D8CH         LINE#         369
  C:4D8DH         LINE#         370
  C:4D8DH         LINE#         372
  C:4D8EH         LINE#         374
  C:4D8EH         LINE#         375
  C:4D92H         LINE#         377
BL51 BANKED LINKER/LOCATER V6.22.2.0                                                  02/25/2022  17:15:45  PAGE 24


  C:4D92H         LINE#         378
  -------         ENDPROC       OPRATIONFRAME
  -------         PROC          TRANMISSIONACK
  C:70C4H         LINE#         381
  C:70C4H         LINE#         382
  C:70C4H         LINE#         383
  C:70DCH         LINE#         384
  C:70DCH         LINE#         385
  C:70E2H         LINE#         386
  C:70EDH         LINE#         387
  C:70F2H         LINE#         388
  C:70F2H         LINE#         390
  C:710AH         LINE#         391
  C:710AH         LINE#         392
  C:7115H         LINE#         393
  C:711AH         LINE#         394
  C:711FH         LINE#         395
  C:711FH         LINE#         396
  -------         ENDPROC       TRANMISSIONACK
  -------         PROC          PC_PRG
  -------         DO            
  X:0647H         SYMBOL        send_dat
  X:0651H         SYMBOL        send_ok
  X:0655H         SYMBOL        UART_ID_data
  X:0659H         SYMBOL        re_byte
  -------         ENDDO         
  C:0026H         LINE#         399
  C:0026H         LINE#         400
  C:0026H         LINE#         401
  C:004BH         LINE#         402
  C:0070H         LINE#         404
  C:0075H         LINE#         406
  C:0081H         LINE#         407
  C:0081H         LINE#         408
  C:008FH         LINE#         410
  C:00C4H         LINE#         411
  C:00C4H         LINE#         412
  C:00D0H         LINE#         413
  C:00DCH         LINE#         414
  C:00E8H         LINE#         415
  C:00EAH         LINE#         416
  C:00ECH         LINE#         417
  C:00EEH         LINE#         418
  C:00F0H         LINE#         419
  C:00F2H         LINE#         420
  C:00F4H         LINE#         421
  C:00FCH         LINE#         422
  C:0104H         LINE#         423
  C:0109H         LINE#         424
  C:010EH         LINE#         425
  C:0119H         LINE#         426
  C:0119H         LINE#         427
  C:0133H         LINE#         428
  C:0133H         LINE#         429
  C:0155H         LINE#         430
  C:0155H         LINE#         431
  C:0155H         LINE#         432
BL51 BANKED LINKER/LOCATER V6.22.2.0                                                  02/25/2022  17:15:45  PAGE 25


  C:0162H         LINE#         433
  C:0162H         LINE#         434
  C:017AH         LINE#         435
  C:0186H         LINE#         436
  C:0192H         LINE#         437
  C:0196H         LINE#         438
  C:019BH         LINE#         439
  C:01A6H         LINE#         440
  C:01ABH         LINE#         441
  C:01B6H         LINE#         442
  C:01B6H         LINE#         443
  C:01B9H         LINE#         444
  C:01B9H         LINE#         445
  C:01D7H         LINE#         446
  C:01D7H         LINE#         447
  C:01E3H         LINE#         448
  C:01EFH         LINE#         449
  C:01FBH         LINE#         450
  C:01FDH         LINE#         451
  C:01FFH         LINE#         452
  C:0201H         LINE#         453
  C:0203H         LINE#         454
  C:0205H         LINE#         455
  C:0207H         LINE#         456
  C:020FH         LINE#         457
  C:0217H         LINE#         458
  C:021CH         LINE#         459
  C:0221H         LINE#         460
  C:022CH         LINE#         461
  C:022FH         LINE#         462
  C:0249H         LINE#         463
  C:0249H         LINE#         464
  C:0251H         LINE#         465
  C:0254H         LINE#         466
  C:025EH         LINE#         467
  C:0269H         LINE#         468
  C:0274H         LINE#         469
  C:0274H         LINE#         470
  C:0277H         LINE#         471
  C:0277H         LINE#         472
  C:028BH         LINE#         473
  C:028BH         LINE#         474
  C:02A3H         LINE#         475
  C:02AFH         LINE#         476
  C:02BBH         LINE#         477
  C:02BFH         LINE#         478
  C:02C4H         LINE#         479
  C:02CFH         LINE#         480
  C:02D4H         LINE#         481
  C:02DFH         LINE#         482
  C:02E2H         LINE#         483
  C:0300H         LINE#         484
  C:0300H         LINE#         485
  C:0306H         LINE#         486
  C:030CH         LINE#         487
  C:0312H         LINE#         488
  C:0324H         LINE#         489
BL51 BANKED LINKER/LOCATER V6.22.2.0                                                  02/25/2022  17:15:45  PAGE 26


  C:0335H         LINE#         490
  C:033BH         LINE#         491
  C:0346H         LINE#         492
  C:0349H         LINE#         493
  C:037AH         LINE#         494
  C:037AH         LINE#         495
  C:0386H         LINE#         496
  C:0398H         LINE#         497
  C:039DH         LINE#         498
  C:03A1H         LINE#         499
  C:03B6H         LINE#         500
  C:03B6H         LINE#         501
  C:03C0H         LINE#         502
  C:03D3H         LINE#         503
  C:03FAH         LINE#         504
  C:0411H         LINE#         505
  C:041CH         LINE#         506
  C:0443H         LINE#         507
  C:045AH         LINE#         508
  C:0465H         LINE#         509
  C:0468H         LINE#         510
  C:0495H         LINE#         511
  C:0495H         LINE#         512
  C:049FH         LINE#         513
  C:04B2H         LINE#         514
  C:04B9H         LINE#         515
  C:04E5H         LINE#         516
  C:04FCH         LINE#         517
  C:0507H         LINE#         518
  C:0533H         LINE#         519
  C:054AH         LINE#         520
  C:0555H         LINE#         521
  C:0555H         LINE#         522
  C:055AH         LINE#         523
  C:055AH         LINE#         524
  C:055DH         LINE#         526
  C:055DH         LINE#         527
  C:05A1H         LINE#         528
  C:05A1H         LINE#         529
  C:05A7H         LINE#         530
  C:05ADH         LINE#         531
  C:05B3H         LINE#         532
  C:05B9H         LINE#         533
  C:05BFH         LINE#         534
  C:05D5H         LINE#         535
  C:05E6H         LINE#         536
  C:05ECH         LINE#         537
  C:05F7H         LINE#         538
  C:05FAH         LINE#         539
  C:060EH         LINE#         540
  C:060EH         LINE#         541
  C:0610H         LINE#         542
  C:061CH         LINE#         543
  C:0624H         LINE#         544
  C:062CH         LINE#         545
  C:0631H         LINE#         546
  C:0635H         LINE#         547
BL51 BANKED LINKER/LOCATER V6.22.2.0                                                  02/25/2022  17:15:45  PAGE 27


  C:063AH         LINE#         548
  C:0644H         LINE#         549
  C:064FH         LINE#         550
  C:0652H         LINE#         551
  C:0657H         LINE#         552
  C:0663H         LINE#         553
  C:066EH         LINE#         554
  C:0671H         LINE#         555
  C:068BH         LINE#         556
  C:068BH         LINE#         557
  C:06B9H         LINE#         558
  C:06C6H         LINE#         559
  C:06CCH         LINE#         560
  C:06D2H         LINE#         561
  C:06D8H         LINE#         562
  C:06EEH         LINE#         563
  C:06FFH         LINE#         564
  C:0705H         LINE#         565
  C:070AH         LINE#         566
  C:0715H         LINE#         567
  C:0718H         LINE#         568
  C:0732H         LINE#         569
  C:0732H         LINE#         570
  C:074CH         LINE#         571
  C:074CH         LINE#         572
  C:0751H         LINE#         573
  C:075CH         LINE#         574
  C:0767H         LINE#         575
  C:0772H         LINE#         576
  C:07B6H         LINE#         577
  C:07CAH         LINE#         578
  C:07D0H         LINE#         579
  C:07D6H         LINE#         580
  C:07DCH         LINE#         581
  C:07EEH         LINE#         582
  C:07FFH         LINE#         583
  C:0811H         LINE#         584
  C:0822H         LINE#         585
  C:0834H         LINE#         586
  C:0845H         LINE#         587
  C:084BH         LINE#         588
  C:0856H         LINE#         589
  C:0856H         LINE#         590
  C:0856H         LINE#         591
  C:0859H         LINE#         592
  C:0859H         LINE#         593
  C:0873H         LINE#         594
  C:0873H         LINE#         595
  C:0879H         LINE#         596
  C:087FH         LINE#         597
  C:0885H         LINE#         598
  C:088AH         LINE#         599
  C:089CH         LINE#         600
  C:08B2H         LINE#         601
  C:08C3H         LINE#         602
  C:08C9H         LINE#         603
  C:08D4H         LINE#         604
BL51 BANKED LINKER/LOCATER V6.22.2.0                                                  02/25/2022  17:15:45  PAGE 28


  C:08D4H         LINE#         605
  C:08D7H         LINE#         606
  C:08D7H         LINE#         607
  C:08F1H         LINE#         608
  C:08F1H         LINE#         609
  C:091CH         LINE#         610
  C:0947H         LINE#         611
  C:0972H         LINE#         612
  C:099DH         LINE#         613
  C:09C8H         LINE#         614
  C:09FCH         LINE#         615
  C:09FFH         LINE#         616
  C:0A19H         LINE#         617
  C:0A19H         LINE#         618
  C:0A44H         LINE#         619
  C:0A6FH         LINE#         620
  C:0A9AH         LINE#         621
  C:0AC5H         LINE#         622
  C:0AF0H         LINE#         623
  C:0B24H         LINE#         624
  C:0B24H         LINE#         625
  C:0B27H         LINE#         626
  C:0B27H         LINE#         627
  C:0B3BH         LINE#         628
  C:0B3BH         LINE#         629
  C:0B40H         LINE#         630
  C:0B52H         LINE#         631
  C:0B64H         LINE#         632
  C:0B76H         LINE#         633
  C:0B89H         LINE#         635
  C:0B9DH         LINE#         636
  C:0BA8H         LINE#         637
  C:0BA8H         LINE#         638
  C:0BA8H         LINE#         639
  C:0BA8H         LINE#         640
  C:0BA8H         LINE#         641
  C:0BA8H         LINE#         642
  C:0BA8H         LINE#         643
  C:0BA8H         LINE#         644
  C:0BC1H         LINE#         645
  -------         ENDPROC       PC_PRG
  -------         ENDMOD        UART

  -------         MODULE        IAP_FLASH
  C:0000H         SYMBOL        _ICE_DUMMY_
  D:0090H         PUBLIC        P1
  D:00A0H         PUBLIC        P2
  C:1E3CH         PUBLIC        ID_learn
  D:00E7H         PUBLIC        ISPCR
  D:00C0H         PUBLIC        XICON
  D:00B0H         PUBLIC        P3
  D:00E8H         PUBLIC        P4
  D:00F8H         PUBLIC        P5
  D:00F8H         PUBLIC        P6
  B:00A8H.7       PUBLIC        EA
  C:5809H         PUBLIC        _IAP_WriteBuf_With_Protect_Verify
  D:00A8H         PUBLIC        IE
BL51 BANKED LINKER/LOCATER V6.22.2.0                                                  02/25/2022  17:15:45  PAGE 29


  D:00B8H         PUBLIC        IP0L
  C:6C36H         PUBLIC        IAP_Erase_All_ID
  C:76F5H         PUBLIC        _IAP_WritePPage
  D:00BFH         PUBLIC        CKCON1
  D:00D8H         PUBLIC        CCON
  D:00E6H         PUBLIC        SCMD
  C:7748H         PUBLIC        _IAP_ErasePage
  D:00E3H         PUBLIC        IFADRH
  D:00E5H         PUBLIC        IFMT
  C:559BH         PUBLIC        _Delete_GeneralID_EEPROM
  B:00A0H.1       PUBLIC        P21
  D:00E4H         PUBLIC        IFADRL
  C:69F4H         PUBLIC        ID_Login_EXIT_Initial
  D:0088H         PUBLIC        TCON
  B:00A0H.5       PUBLIC        P25
  C:756CH         PUBLIC        _IAP_Write_Byte
  C:7881H         SYMBOL        _?ix1000
  C:789EH         PUBLIC        Init_IAP_flash
  C:7884H         SYMBOL        _?ix1001
  C:7887H         SYMBOL        _?ix1002
  C:788AH         SYMBOL        _?ix1003
  C:73C0H         PUBLIC        ALL_ID_EEPROM_Erase
  C:788DH         SYMBOL        _?ix1004
  C:5327H         PUBLIC        ID_EEPROM_write
  C:38D9H         PUBLIC        eeprom_sys_load
  D:00E2H         PUBLIC        IFD
  C:6EC6H         PUBLIC        _ID_SCX1801_EEPROM_write
  D:0098H         PUBLIC        S0CON
  D:0098H         PUBLIC        S1CON
  D:00C8H         PUBLIC        T2CON
  D:00D0H         PUBLIC        PSW
  -------         PROC          INIT_IAP_FLASH
  C:789EH         LINE#         16
  C:789EH         LINE#         17
  C:789EH         LINE#         19
  C:78A1H         LINE#         22
  C:78A8H         LINE#         23
  -------         ENDPROC       INIT_IAP_FLASH
  -------         PROC          _IAP_WRITEPPAGE
  D:005FH         SYMBOL        PsfrAddr
  D:0060H         SYMBOL        PsfrData
  -------         DO            
  B:0020H.2       SYMBOL        bEA
  -------         ENDDO         
  C:76F5H         LINE#         34
  C:76F9H         LINE#         35
  C:76F9H         LINE#         36
  C:76FDH         LINE#         37
  C:76FFH         LINE#         38
  C:7702H         LINE#         39
  C:7705H         LINE#         40
  C:7708H         LINE#         41
  C:770BH         LINE#         42
  C:770EH         LINE#         44
  C:7711H         LINE#         46
  C:7714H         LINE#         47
  C:7715H         LINE#         48
BL51 BANKED LINKER/LOCATER V6.22.2.0                                                  02/25/2022  17:15:45  PAGE 30


  C:7718H         LINE#         49
  C:771BH         LINE#         50
  C:771FH         LINE#         51
  -------         ENDPROC       _IAP_WRITEPPAGE
  -------         PROC          _IAP_ERASEPAGE
  D:0068H         SYMBOL        ByteAddr
  -------         DO            
  B:0020H.3       SYMBOL        bEA
  -------         ENDDO         
  C:7748H         LINE#         92
  C:774AH         LINE#         93
  C:774AH         LINE#         94
  C:774EH         LINE#         95
  C:7751H         LINE#         96
  C:7754H         LINE#         97
  C:7756H         LINE#         98
  C:7759H         LINE#         99
  C:775CH         LINE#         101
  C:775FH         LINE#         103
  C:7762H         LINE#         104
  C:7763H         LINE#         105
  C:7766H         LINE#         106
  C:7769H         LINE#         107
  C:776DH         LINE#         108
  -------         ENDPROC       _IAP_ERASEPAGE
  -------         PROC          _IAP_WRITEBUF_WITH_PROTECT_VERIFY
  D:0018H         SYMBOL        ByteAddr
  D:001AH         SYMBOL        pBuf
  D:001DH         SYMBOL        Cnt
  -------         DO            
  X:03B5H         SYMBOL        TempBuf
  X:05B5H         SYMBOL        i
  X:05B7H         SYMBOL        ErrCnt
  X:05B8H         SYMBOL        SectorAddr
  B:0020H.4       SYMBOL        bEA
  C:58EFH         SYMBOL        Err_Loop
  C:5A2BH         SYMBOL        Err_Return
  -------         ENDDO         
  C:5809H         LINE#         123
  C:5813H         LINE#         124
  C:5813H         LINE#         129
  C:5817H         LINE#         131
  C:5819H         LINE#         132
  C:581EH         LINE#         134
  C:582DH         LINE#         135
  C:5843H         LINE#         136
  C:5843H         LINE#         137
  C:584AH         LINE#         138
  C:5851H         LINE#         139
  C:5854H         LINE#         140
  C:5857H         LINE#         141
  C:585AH         LINE#         142
  C:585DH         LINE#         143
  C:5860H         LINE#         144
  C:5863H         LINE#         145
  C:5871H         LINE#         146
  C:5886H         LINE#         147
BL51 BANKED LINKER/LOCATER V6.22.2.0                                                  02/25/2022  17:15:45  PAGE 31


  C:5889H         LINE#         148
  C:5899H         LINE#         150
  C:58A8H         LINE#         151
  C:58AEH         LINE#         152
  C:58AEH         LINE#         153
  C:58CCH         LINE#         154
  C:58D7H         LINE#         155
  C:58E5H         LINE#         156
  C:58EDH         LINE#         157
  C:58EFH         LINE#         158
  C:58EFH         LINE#         160
  C:58FEH         LINE#         161
  C:5905H         LINE#         162
  C:5908H         LINE#         163
  C:590BH         LINE#         164
  C:590EH         LINE#         166
  C:5911H         LINE#         168
  C:5914H         LINE#         169
  C:5915H         LINE#         170
  C:5918H         LINE#         171
  C:591BH         LINE#         173
  C:5931H         LINE#         174
  C:5931H         LINE#         175
  C:5947H         LINE#         176
  C:594EH         LINE#         177
  C:5955H         LINE#         178
  C:5958H         LINE#         179
  C:595BH         LINE#         181
  C:595EH         LINE#         183
  C:5961H         LINE#         184
  C:5962H         LINE#         185
  C:5965H         LINE#         186
  C:5968H         LINE#         187
  C:5976H         LINE#         188
  C:5979H         LINE#         189
  C:5989H         LINE#         191
  C:5998H         LINE#         192
  C:59AEH         LINE#         193
  C:59AEH         LINE#         194
  C:59B5H         LINE#         195
  C:59BCH         LINE#         196
  C:59BFH         LINE#         197
  C:59C2H         LINE#         199
  C:59C5H         LINE#         201
  C:59C8H         LINE#         202
  C:59CBH         LINE#         203
  C:59CEH         LINE#         204
  C:59DCH         LINE#         205
  C:59DFH         LINE#         206
  C:59F8H         LINE#         207
  C:59F8H         LINE#         208
  C:59FEH         LINE#         209
  C:5A10H         LINE#         210
  C:5A10H         LINE#         211
  C:5A13H         LINE#         212
  C:5A13H         LINE#         214
  C:5A13H         LINE#         215
BL51 BANKED LINKER/LOCATER V6.22.2.0                                                  02/25/2022  17:15:45  PAGE 32


  C:5A15H         LINE#         216
  C:5A15H         LINE#         217
  C:5A15H         LINE#         218
  C:5A26H         LINE#         219
  C:5A2BH         LINE#         220
  C:5A2BH         LINE#         221
  C:5A2FH         LINE#         222
  C:5A34H         LINE#         223
  -------         ENDPROC       _IAP_WRITEBUF_WITH_PROTECT_VERIFY
  -------         PROC          _IAP_WRITE_BYTE
  D:0056H         SYMBOL        Addr
  D:0058H         SYMBOL        wdata
  -------         DO            
  B:0020H.5       SYMBOL        bEA
  -------         ENDDO         
  C:756CH         LINE#         226
  C:7572H         LINE#         227
  C:7572H         LINE#         228
  C:7576H         LINE#         229
  C:7578H         LINE#         230
  C:757BH         LINE#         231
  C:7585H         LINE#         232
  C:758CH         LINE#         233
  C:758FH         LINE#         234
  C:7592H         LINE#         235
  C:7595H         LINE#         236
  C:7598H         LINE#         237
  C:7599H         LINE#         238
  C:759CH         LINE#         239
  C:759FH         LINE#         240
  C:75A3H         LINE#         241
  -------         ENDPROC       _IAP_WRITE_BYTE
  -------         PROC          IAP_ERASE_ALL_ID
  -------         DO            
  X:05BAH         SYMBOL        read_rf
  X:05BBH         SYMBOL        scx1801_id
  -------         ENDDO         
  C:6C36H         LINE#         244
  C:6C36H         LINE#         245
  C:6C36H         LINE#         246
  C:6C3BH         LINE#         247
  C:6C60H         LINE#         249
  C:6C6BH         LINE#         250
  C:6C76H         LINE#         251
  C:6C81H         LINE#         252
  C:6C8CH         LINE#         254
  C:6C91H         LINE#         255
  C:6C94H         LINE#         257
  C:6C99H         LINE#         258
  C:6C9CH         LINE#         260
  C:6CA8H         LINE#         261
  C:6CB4H         LINE#         262
  C:6CC0H         LINE#         263
  C:6CCCH         LINE#         264
  -------         ENDPROC       IAP_ERASE_ALL_ID
  -------         PROC          EEPROM_SYS_LOAD
  -------         DO            
BL51 BANKED LINKER/LOCATER V6.22.2.0                                                  02/25/2022  17:15:45  PAGE 33


  I:00B3H         SYMBOL        offset
  I:00B4H         SYMBOL        i
  I:00B6H         SYMBOL        q
  I:00B8H         SYMBOL        p
  I:00BAH         SYMBOL        xm
  I:00BDH         SYMBOL        xn
  -------         ENDDO         
  C:38D9H         LINE#         267
  C:38D9H         LINE#         268
  C:38D9H         LINE#         269
  C:38DDH         LINE#         271
  C:3902H         LINE#         274
  C:390CH         LINE#         275
  C:3916H         LINE#         276
  C:3920H         LINE#         277
  C:3924H         LINE#         278
  C:392CH         LINE#         279
  C:3934H         LINE#         280
  C:393CH         LINE#         281
  C:396EH         LINE#         282
  C:3979H         LINE#         284
  C:3983H         LINE#         285
  C:398DH         LINE#         286
  C:39ABH         LINE#         287
  C:39BBH         LINE#         288
  C:39C5H         LINE#         289
  C:39D6H         LINE#         290
  C:39DFH         LINE#         291
  C:39EEH         LINE#         292
  C:39F5H         LINE#         293
  C:3A14H         LINE#         294
  C:3A14H         LINE#         295
  C:3A35H         LINE#         296
  C:3A56H         LINE#         297
  C:3A77H         LINE#         298
  C:3A7BH         LINE#         299
  C:3A83H         LINE#         300
  C:3A8BH         LINE#         301
  C:3A93H         LINE#         302
  C:3AB9H         LINE#         303
  C:3AC3H         LINE#         306
  C:3AE3H         LINE#         307
  C:3B03H         LINE#         308
  C:3B23H         LINE#         309
  C:3B2BH         LINE#         313
  C:3B3BH         LINE#         314
  C:3B3BH         LINE#         315
  C:3B3EH         LINE#         316
  C:3B49H         LINE#         318
  C:3B53H         LINE#         319
  C:3B7DH         LINE#         320
  C:3B7DH         LINE#         321
  C:3B86H         LINE#         322
  C:3BACH         LINE#         323
  C:3BC3H         LINE#         325
  C:3BE9H         LINE#         326
  C:3C00H         LINE#         328
BL51 BANKED LINKER/LOCATER V6.22.2.0                                                  02/25/2022  17:15:45  PAGE 34


  C:3C26H         LINE#         329
  C:3C3DH         LINE#         331
  C:3C63H         LINE#         332
  C:3C7AH         LINE#         334
  C:3CA0H         LINE#         335
  C:3CB7H         LINE#         336
  C:3CB8H         LINE#         337
  C:3CE3H         LINE#         338
  C:3CE3H         LINE#         339
  C:3CECH         LINE#         340
  C:3CF2H         LINE#         341
  C:3D1DH         LINE#         342
  C:3D34H         LINE#         344
  C:3D5FH         LINE#         345
  C:3D76H         LINE#         347
  C:3DA1H         LINE#         348
  C:3DB8H         LINE#         350
  C:3DE3H         LINE#         351
  C:3DFAH         LINE#         353
  C:3E25H         LINE#         354
  C:3E3CH         LINE#         355
  C:3E3CH         LINE#         356
  C:3E3CH         LINE#         357
  -------         ENDPROC       EEPROM_SYS_LOAD
  -------         PROC          ID_EEPROM_WRITE
  -------         DO            
  I:0093H         SYMBOL        xm
  I:0096H         SYMBOL        i
  I:0098H         SYMBOL        j
  I:009AH         SYMBOL        m1
  I:009CH         SYMBOL        xn
  I:00A0H         SYMBOL        xd
  -------         ENDDO         
  C:5327H         LINE#         359
  C:5327H         LINE#         360
  C:5327H         LINE#         361
  C:534CH         LINE#         364
  C:535AH         LINE#         365
  C:536AH         LINE#         366
  C:5378H         LINE#         368
  C:538BH         LINE#         371
  C:53CBH         LINE#         372
  C:540BH         LINE#         373
  C:5446H         LINE#         377
  C:5459H         LINE#         379
  C:5470H         LINE#         380
  C:5470H         LINE#         381
  C:5485H         LINE#         382
  C:549CH         LINE#         383
  C:54A4H         LINE#         384
  C:54BBH         LINE#         385
  C:54C3H         LINE#         386
  C:54DAH         LINE#         387
  C:54DEH         LINE#         388
  C:54E6H         LINE#         389
  C:54EEH         LINE#         390
  C:54F6H         LINE#         391
BL51 BANKED LINKER/LOCATER V6.22.2.0                                                  02/25/2022  17:15:45  PAGE 35


  C:551CH         LINE#         392
  C:551EH         LINE#         393
  C:5521H         LINE#         394
  C:552CH         LINE#         396
  C:5534H         LINE#         397
  C:553CH         LINE#         398
  C:5544H         LINE#         399
  C:555AH         LINE#         401
  C:5578H         LINE#         403
  C:5589H         LINE#         404
  C:5589H         LINE#         405
  C:558CH         LINE#         406
  C:5591H         LINE#         407
  C:559AH         LINE#         408
  C:559AH         LINE#         409
  -------         ENDPROC       ID_EEPROM_WRITE
  -------         PROC          ID_LOGIN_EXIT_INITIAL
  C:69F4H         LINE#         411
  C:69F4H         LINE#         412
  C:69F4H         LINE#         414
  C:6A0AH         LINE#         415
  C:6A0AH         LINE#         416
  C:6A15H         LINE#         417
  C:6A20H         LINE#         418
[...]
  -------         ENDDO         
  C:3E3DH         LINE#         792
  C:3E45H         LINE#         793
  C:3E45H         LINE#         795
  C:3E4DH         LINE#         797
  C:3E9EH         LINE#         798
  C:3EB5H         LINE#         799
  C:3ED9H         LINE#         801
  C:3EF3H         LINE#         802
  C:3EF3H         LINE#         803
  C:3F18H         LINE#         804
  C:3F74H         LINE#         805
  C:3F7DH         LINE#         806
  C:3F95H         LINE#         807
  C:3F95H         LINE#         808
  C:3FBAH         LINE#         809
  C:3FFEH         LINE#         810
  C:4007H         LINE#         811
  C:400AH         LINE#         812
  C:4022H         LINE#         813
  C:4022H         LINE#         814
  C:4047H         LINE#         815
  C:4095H         LINE#         816
  C:409EH         LINE#         817
  C:40B6H         LINE#         818
  C:40B6H         LINE#         819
  C:40DBH         LINE#         820
  C:4129H         LINE#         821
  C:4132H         LINE#         822
  C:4135H         LINE#         823
  C:414DH         LINE#         824
  C:414DH         LINE#         825
  C:4172H         LINE#         826
  C:41C0H         LINE#         827
  C:41C9H         LINE#         828
  C:41E1H         LINE#         829
  C:41E1H         LINE#         830
  C:4206H         LINE#         831
  C:4254H         LINE#         832
  C:425DH         LINE#         833
  C:4260H         LINE#         834
  C:427BH         LINE#         835
  C:427BH         LINE#         836
  C:42A0H         LINE#         837
  C:4300H         LINE#         838
  C:4309H         LINE#         839
  -------         ENDPROC       _TX_DATALOAD_HIGHSPEED
  -------         ENDMOD        ML7345

  -------         MODULE        ML7345_HAL
BL51 BANKED LINKER/LOCATER V6.22.2.0                                                  02/25/2022  17:15:45  PAGE 68


  C:0000H         SYMBOL        _ICE_DUMMY_
  C:6ABAH         PUBLIC        ML7345_DataRate_Set_4_8k
  D:0090H         PUBLIC        P1
  D:00A0H         PUBLIC        P2
  D:00C0H         PUBLIC        XICON
  D:00B0H         PUBLIC        P3
  D:00E8H         PUBLIC        P4
  D:00F8H         PUBLIC        P5
  D:00F8H         PUBLIC        P6
  D:00A8H         PUBLIC        IE
  C:7440H         PUBLIC        _ML7345_AutoTx_Data
  C:6F9EH         PUBLIC        _ML7345_TRX_Int_Config
  C:5DE5H         PUBLIC        _ML7345_Frequency_Set
  D:00B8H         PUBLIC        IP0L
  C:6741H         PUBLIC        _ML7345_SetAndGet_State
  C:7533H         PUBLIC        _ML7345_StateFlag_Clear
  D:00D8H         PUBLIC        CCON
  C:7699H         PUBLIC        _ML7345_AutoStateTransition_Set
  B:00A0H.2       PUBLIC        P22
  C:780DH         PUBLIC        ML7345_AllStateFlag_Clear
  B:00A0H.3       PUBLIC        P23
  D:0088H         PUBLIC        TCON
  B:00A0H.7       PUBLIC        P27
  C:50A5H         PUBLIC        _ML7345_Frequency_Calcul
  C:782AH         PUBLIC        RF_SyncWord_DONE
  C:737FH         PUBLIC        WaitStatus_Complete
  C:75D6H         PUBLIC        SetReg_Rssi
  C:78C7H         PUBLIC        ML7345_GPIO0RxDoneInt_Enable
  C:78BDH         PUBLIC        ML7345_GPIO0TxDoneInt_Enable
  D:0098H         PUBLIC        S0CON
  D:0098H         PUBLIC        S1CON
  D:00C8H         PUBLIC        T2CON
  C:78B3H         PUBLIC        ML7345_RESETN_SET
  C:6B7FH         PUBLIC        ML7345_DataRate_Set_1_2k
  C:7669H         PUBLIC        _ML7345_ReadRx_Pack
  D:00D0H         PUBLIC        PSW
  -------         PROC          _ML7345_AUTOSTATETRANSITION_SET
  D:006EH         SYMBOL        sta
  C:7699H         LINE#         10
  C:769BH         LINE#         11
  C:769BH         LINE#         12
  C:76A2H         LINE#         13
  C:76C0H         LINE#         14
  C:76C7H         LINE#         15
  -------         ENDPROC       _ML7345_AUTOSTATETRANSITION_SET
  -------         PROC          _ML7345_SETANDGET_STATE
  D:006FH         SYMBOL        sta
  -------         DO            
  X:06D8H         SYMBOL        status
  -------         ENDDO         
  C:6741H         LINE#         31
  C:6743H         LINE#         32
  C:6743H         LINE#         33
  C:6748H         LINE#         35
  C:674FH         LINE#         36
  C:675EH         LINE#         37
  C:676BH         LINE#         38
BL51 BANKED LINKER/LOCATER V6.22.2.0                                                  02/25/2022  17:15:45  PAGE 69


  C:676BH         LINE#         39
  C:6796H         LINE#         40
  C:6796H         LINE#         41
  C:679DH         LINE#         42
  C:67A5H         LINE#         43
  C:67BAH         LINE#         44
  C:67BAH         LINE#         45
  C:67D1H         LINE#         46
  C:67D4H         LINE#         47
  C:6800H         LINE#         48
  C:680EH         LINE#         49
  C:6811H         LINE#         50
  C:6818H         LINE#         51
  C:681BH         LINE#         52
  C:681BH         LINE#         53
  C:682AH         LINE#         54
  C:682AH         LINE#         55
  C:682AH         LINE#         56
  C:682FH         LINE#         57
  -------         ENDPROC       _ML7345_SETANDGET_STATE
  -------         PROC          WAITSTATUS_COMPLETE
  -------         DO            
  X:06D9H         SYMBOL        count
  -------         ENDDO         
  C:737FH         LINE#         60
  C:737FH         LINE#         61
  C:737FH         LINE#         62
  C:7387H         LINE#         63
  C:738EH         LINE#         64
  C:738EH         LINE#         65
  C:738EH         LINE#         66
  C:7397H         LINE#         67
  C:7397H         LINE#         68
  C:739EH         LINE#         69
  C:73A1H         LINE#         70
  C:73A1H         LINE#         71
  C:73BAH         LINE#         72
  C:73BDH         LINE#         73
  C:73BFH         LINE#         74
  -------         ENDPROC       WAITSTATUS_COMPLETE
  -------         PROC          _ML7345_STATEFLAG_CLEAR
  D:0070H         SYMBOL        sta
  C:7533H         LINE#         81
  C:7535H         LINE#         82
  C:7535H         LINE#         83
  C:753CH         LINE#         84
  C:7546H         LINE#         85
  C:7546H         LINE#         86
  C:754DH         LINE#         87
  C:7554H         LINE#         88
  C:7555H         LINE#         89
  C:755DH         LINE#         90
  C:755DH         LINE#         91
  C:7564H         LINE#         92
  C:756BH         LINE#         93
  C:756BH         LINE#         94
  -------         ENDPROC       _ML7345_STATEFLAG_CLEAR
BL51 BANKED LINKER/LOCATER V6.22.2.0                                                  02/25/2022  17:15:45  PAGE 70


  -------         PROC          ML7345_ALLSTATEFLAG_CLEAR
  C:780DH         LINE#         101
  C:780DH         LINE#         102
  C:780DH         LINE#         103
  C:7814H         LINE#         104
  C:781BH         LINE#         105
  C:7822H         LINE#         106
  C:7829H         LINE#         107
  -------         ENDPROC       ML7345_ALLSTATEFLAG_CLEAR
  -------         PROC          ML7345_DATARATE_SET_4_8K
  C:6ABAH         LINE#         115
  C:6ABAH         LINE#         116
  C:6ABAH         LINE#         117
  C:6AC1H         LINE#         118
  C:6AC8H         LINE#         119
  C:6ACFH         LINE#         120
  C:6AD6H         LINE#         121
  C:6ADDH         LINE#         122
  C:6AE4H         LINE#         123
  C:6AEBH         LINE#         124
  C:6AF2H         LINE#         125
  C:6AF9H         LINE#         126
  C:6B00H         LINE#         127
  C:6B07H         LINE#         128
  C:6B0EH         LINE#         129
  C:6B15H         LINE#         130
  C:6B1CH         LINE#         131
  C:6B23H         LINE#         132
  C:6B2AH         LINE#         133
  C:6B31H         LINE#         134
  C:6B38H         LINE#         135
  C:6B3FH         LINE#         136
  C:6B46H         LINE#         137
  C:6B4DH         LINE#         138
  C:6B54H         LINE#         139
  C:6B5BH         LINE#         140
  C:6B62H         LINE#         141
  C:6B69H         LINE#         142
  C:6B70H         LINE#         143
  C:6B77H         LINE#         144
  C:6B7EH         LINE#         145
  -------         ENDPROC       ML7345_DATARATE_SET_4_8K
  -------         PROC          ML7345_DATARATE_SET_1_2K
  C:6B7FH         LINE#         147
  C:6B7FH         LINE#         148
  C:6B7FH         LINE#         149
  C:6B86H         LINE#         150
  C:6B8DH         LINE#         151
  C:6B94H         LINE#         152
  C:6B9BH         LINE#         153
  C:6BA2H         LINE#         154
  C:6BA9H         LINE#         155
  C:6BB0H         LINE#         156
  C:6BB7H         LINE#         157
  C:6BBEH         LINE#         158
  C:6BC5H         LINE#         159
  C:6BCCH         LINE#         160
BL51 BANKED LINKER/LOCATER V6.22.2.0                                                  02/25/2022  17:15:45  PAGE 71


  C:6BD3H         LINE#         161
  C:6BDAH         LINE#         162
  C:6BE1H         LINE#         163
  C:6BE8H         LINE#         164
  C:6BEFH         LINE#         165
  C:6BF6H         LINE#         166
  C:6BFDH         LINE#         167
  C:6C04H         LINE#         168
  C:6C0BH         LINE#         169
  C:6C12H         LINE#         170
  C:6C19H         LINE#         171
  C:6C20H         LINE#         172
  C:6C27H         LINE#         173
  C:6C2EH         LINE#         174
  C:6C35H         LINE#         175
  -------         ENDPROC       ML7345_DATARATE_SET_1_2K
  -------         PROC          ML7345_RESETN_SET
  C:78B3H         LINE#         283
  C:78B3H         LINE#         284
  C:78B3H         LINE#         285
  C:78B5H         LINE#         286
  C:78BAH         LINE#         287
  C:78BCH         LINE#         288
  -------         ENDPROC       ML7345_RESETN_SET
  -------         PROC          _ML7345_FREQUENCY_SET
  D:0047H         SYMBOL        freq
  D:004AH         SYMBOL        radio_type
  C:5DE5H         LINE#         326
  C:5DEDH         LINE#         327
  C:5DEDH         LINE#         328
  C:5DF9H         LINE#         329
  C:5E06H         LINE#         330
  C:5E0BH         LINE#         331
  C:5E12H         LINE#         332
  C:5E21H         LINE#         333
  C:5E36H         LINE#         334
  C:5E4BH         LINE#         335
  C:5E60H         LINE#         336
  C:5E6FH         LINE#         337
  C:5E84H         LINE#         338
  C:5E99H         LINE#         339
  C:5EAEH         LINE#         341
  C:5EC3H         LINE#         342
  C:5ED8H         LINE#         343
  C:5EEDH         LINE#         344
  C:5F02H         LINE#         346
  C:5F09H         LINE#         347
  C:5F10H         LINE#         348
  C:5F17H         LINE#         350
  C:5F26H         LINE#         351
  C:5F33H         LINE#         353
  C:5F3AH         LINE#         354
  C:5F3AH         LINE#         355
  C:5F45H         LINE#         356
  C:5F47H         LINE#         357
  C:5F47H         LINE#         358
  C:5F49H         LINE#         360
BL51 BANKED LINKER/LOCATER V6.22.2.0                                                  02/25/2022  17:15:45  PAGE 72


  C:5F50H         LINE#         361
  C:5F5CH         LINE#         362
  -------         ENDPROC       _ML7345_FREQUENCY_SET
  -------         PROC          _ML7345_TRX_INT_CONFIG
  D:005CH         SYMBOL        GpioCtrlAddr
  D:005DH         SYMBOL        Intnum
  D:005EH         SYMBOL        Inten
  C:6F9EH         LINE#         370
  C:6FA4H         LINE#         371
  C:6FA4H         LINE#         372
  C:6FABH         LINE#         373
  C:6FAFH         LINE#         374
  C:6FAFH         LINE#         375
  C:6FB6H         LINE#         377
  C:6FC6H         LINE#         378
  C:6FD7H         LINE#         380
  C:6FD8H         LINE#         382
  C:6FD8H         LINE#         383
  C:6FDFH         LINE#         385
  C:6FEFH         LINE#         386
  C:7000H         LINE#         387
  C:7000H         LINE#         388
  -------         ENDPROC       _ML7345_TRX_INT_CONFIG
  -------         PROC          ML7345_GPIO0TXDONEINT_ENABLE
  C:78BDH         LINE#         390
  C:78BDH         LINE#         391
  C:78BDH         LINE#         392
  C:78C6H         LINE#         393
  -------         ENDPROC       ML7345_GPIO0TXDONEINT_ENABLE
  -------         PROC          ML7345_GPIO0RXDONEINT_ENABLE
  C:78C7H         LINE#         394
  C:78C7H         LINE#         395
  C:78C7H         LINE#         396
  C:78D0H         LINE#         397
  -------         ENDPROC       ML7345_GPIO0RXDONEINT_ENABLE
  -------         PROC          _ML7345_READRX_PACK
  D:004BH         SYMBOL        pbuf
  D:004EH         SYMBOL        len
  C:7669H         LINE#         533
  C:7671H         LINE#         534
  C:7671H         LINE#         535
  C:7683H         LINE#         536
  C:768AH         LINE#         537
  C:7698H         LINE#         538
  -------         ENDPROC       _ML7345_READRX_PACK
  -------         PROC          _ML7345_AUTOTX_DATA
  D:004FH         SYMBOL        pbuf
  D:0052H         SYMBOL        len
  C:7440H         LINE#         545
  C:7448H         LINE#         546
  C:7448H         LINE#         547
  C:745AH         LINE#         548
  C:745EH         LINE#         549
  C:7465H         LINE#         550
  C:746CH         LINE#         551
  C:7471H         LINE#         552
  C:747FH         LINE#         553
BL51 BANKED LINKER/LOCATER V6.22.2.0                                                  02/25/2022  17:15:45  PAGE 73


  -------         ENDPROC       _ML7345_AUTOTX_DATA
  -------         PROC          RF_SYNCWORD_DONE
  -------         DO            
  I:00DEH         SYMBOL        sync
  -------         ENDDO         
  C:782AH         LINE#         555
  C:782AH         LINE#         556
  C:782AH         LINE#         557
  C:782EH         LINE#         558
  C:7835H         LINE#         559
  C:783EH         LINE#         560
  C:7842H         LINE#         561
  -------         ENDPROC       RF_SYNCWORD_DONE
  -------         PROC          _ML7345_FREQUENCY_CALCUL
  D:0021H         SYMBOL        Freq
  D:0025H         SYMBOL        pbuf
  -------         DO            
  X:06DBH         SYMBOL        integer
  X:06DCH         SYMBOL        f_dec
  X:06E0H         SYMBOL        cal_val
  -------         ENDDO         
  C:50A5H         LINE#         563
  C:50B3H         LINE#         564
  C:50B3H         LINE#         565
  C:50B8H         LINE#         566
  C:50C2H         LINE#         567
  C:50CCH         LINE#         568
  C:50E4H         LINE#         569
  C:5125H         LINE#         570
  C:5147H         LINE#         571
  C:5156H         LINE#         572
  C:5189H         LINE#         573
  C:51BCH         LINE#         574
  C:51EAH         LINE#         576
  C:5202H         LINE#         577
  C:521AH         LINE#         578
  C:525BH         LINE#         579
  C:527DH         LINE#         580
  C:5292H         LINE#         581
  C:52C5H         LINE#         582
  C:52F8H         LINE#         583
  C:5326H         LINE#         584
  -------         ENDPROC       _ML7345_FREQUENCY_CALCUL
  -------         PROC          SETREG_RSSI
  C:75D6H         LINE#         586
  C:75D6H         LINE#         587
  C:75D6H         LINE#         588
  C:75DDH         LINE#         589
  C:75E4H         LINE#         590
  C:75EBH         LINE#         591
  C:75F2H         LINE#         592
  C:75F9H         LINE#         593
  C:7600H         LINE#         594
  C:7607H         LINE#         595
  -------         ENDPROC       SETREG_RSSI
  -------         ENDMOD        ML7345_HAL

BL51 BANKED LINKER/LOCATER V6.22.2.0                                                  02/25/2022  17:15:45  PAGE 74


  -------         MODULE        ?C?FPADD
  C:25E8H         PUBLIC        ?C?FPADD
  C:25E4H         PUBLIC        ?C?FPSUB
  -------         ENDMOD        ?C?FPADD

  -------         MODULE        ?C?FPMUL
  C:26D9H         PUBLIC        ?C?FPMUL
  -------         ENDMOD        ?C?FPMUL

  -------         MODULE        ?C?FPDIV
  C:27E2H         PUBLIC        ?C?FPDIV
  -------         ENDMOD        ?C?FPDIV

  -------         MODULE        ?C?FCAST
  C:2889H         PUBLIC        ?C?FCASTC
  C:2884H         PUBLIC        ?C?FCASTI
  C:287FH         PUBLIC        ?C?FCASTL
  -------         ENDMOD        ?C?FCAST

  -------         MODULE        ?C?CASTF
  C:28BDH         PUBLIC        ?C?CASTF
  -------         ENDMOD        ?C?CASTF

  -------         MODULE        ?C?COPY
  C:2A0EH         PUBLIC        ?C?COPY
  -------         ENDMOD        ?C?COPY

  -------         MODULE        ?C?CLDPTR
  C:2A34H         PUBLIC        ?C?CLDPTR
  -------         ENDMOD        ?C?CLDPTR

  -------         MODULE        ?C?CLDOPTR
  C:2A4DH         PUBLIC        ?C?CLDOPTR
  -------         ENDMOD        ?C?CLDOPTR

  -------         MODULE        ?C?CSTPTR
  C:2A7AH         PUBLIC        ?C?CSTPTR
  -------         ENDMOD        ?C?CSTPTR

  -------         MODULE        ?C?CSTOPTR
  C:2A8CH         PUBLIC        ?C?CSTOPTR
  -------         ENDMOD        ?C?CSTOPTR

  -------         MODULE        ?C?IMUL
  C:2AAEH         PUBLIC        ?C?IMUL
  -------         ENDMOD        ?C?IMUL

  -------         MODULE        ?C?UIDIV
  C:2AC0H         PUBLIC        ?C?UIDIV
  -------         ENDMOD        ?C?UIDIV

  -------         MODULE        ?C?SIDIV
  C:2B15H         PUBLIC        ?C?SIDIV
  -------         ENDMOD        ?C?SIDIV

  -------         MODULE        ?C?ILDIX
  C:2B4BH         PUBLIC        ?C?ILDIX
BL51 BANKED LINKER/LOCATER V6.22.2.0                                                  02/25/2022  17:15:45  PAGE 75


  -------         ENDMOD        ?C?ILDIX

  -------         MODULE        ?C?LMUL
  C:2B61H         PUBLIC        ?C?LMUL
  -------         ENDMOD        ?C?LMUL

  -------         MODULE        ?C?ULDIV
  C:2BECH         PUBLIC        ?C?ULDIV
  -------         ENDMOD        ?C?ULDIV

  -------         MODULE        ?C?SLDIV
  C:733BH         PUBLIC        ?C?SLDIV
  -------         ENDMOD        ?C?SLDIV

  -------         MODULE        ?C?LNEG
  C:2C7EH         PUBLIC        ?C?LNEG
  -------         ENDMOD        ?C?LNEG

  -------         MODULE        ?C?ULCMP
  C:2C8CH         PUBLIC        ?C?ULCMP
  -------         ENDMOD        ?C?ULCMP

  -------         MODULE        ?C?ULSHR
  C:2C9DH         PUBLIC        ?C?ULSHR
  -------         ENDMOD        ?C?ULSHR

  -------         MODULE        ?C?LSHL
  C:2CB0H         PUBLIC        ?C?LSHL
  -------         ENDMOD        ?C?LSHL

  -------         MODULE        ?C?LLDIDATA
  C:2CC3H         PUBLIC        ?C?LLDIDATA
  -------         ENDMOD        ?C?LLDIDATA

  -------         MODULE        ?C?LLDIDATA0
  C:2CCFH         PUBLIC        ?C?LLDIDATA0
  -------         ENDMOD        ?C?LLDIDATA0

  -------         MODULE        ?C?LSTIDATA
  C:2CDCH         PUBLIC        ?C?LSTIDATA
  -------         ENDMOD        ?C?LSTIDATA

  -------         MODULE        ?C?LSTXDATA
  C:2CE8H         PUBLIC        ?C?LSTXDATA
  -------         ENDMOD        ?C?LSTXDATA

  -------         MODULE        ?C?LSTKIDATA
  C:2CF4H         PUBLIC        ?C?LSTKIDATA
  -------         ENDMOD        ?C?LSTKIDATA

  -------         MODULE        ?C?LSTKXDATA
  C:2D0DH         PUBLIC        ?C?LSTKXDATA
  -------         ENDMOD        ?C?LSTKXDATA

  -------         MODULE        ?C?OFFXADD
  C:2D3EH         PUBLIC        ?C?OFFXADD
  -------         ENDMOD        ?C?OFFXADD
BL51 BANKED LINKER/LOCATER V6.22.2.0                                                  02/25/2022  17:15:45  PAGE 76



  -------         MODULE        ?C?CCASE
  C:2D4AH         PUBLIC        ?C?CCASE
  -------         ENDMOD        ?C?CCASE

Program Size: data=223.7 xdata=1767 code=30934
LINK/LOCATE RUN COMPLETE.  0 WARNING(S),  0 ERROR(S)
