BL51 BANKED LINKER/LOCATER V6.22.2.0                                                    03/04/2022  11:08:01  PAGE 1


BL51 BANKED LINKER/LOCATER V6.22.2.0, INVOKED BY:
C:\KEIL_V5\C51\BIN\BL51.EXE .\Objects\main.obj, .\Objects\sys.obj, .\Objects\gpio.obj, .\Objects\timer.obj, .\Objects\ua
>> rt.obj, .\Objects\IAP_flash.obj, .\Objects\spi.obj, .\Objects\ram.obj, .\Objects\ID_Decode.obj, .\Objects\ML7345.obj,
>>  .\Objects\ML7345_HAL.obj TO .\Objects\CRX1831DCM_MA82G5B32_Pro PRINT (.\Listings\CRX1831DCM_MA82G5B32_Pro.m51) RAMSI
>> ZE (256) CODE (0X0000-0X7FFF) XDATA (0X0000-0X06FF)


MEMORY MODEL: SMALL WITH FLOATING POINT ARITHMETIC


INPUT MODULES INCLUDED:
  .\Objects\main.obj (MAIN)
  .\Objects\sys.obj (SYS)
  .\Objects\gpio.obj (GPIO)
  .\Objects\timer.obj (TIMER)
  .\Objects\uart.obj (UART)
  .\Objects\IAP_flash.obj (IAP_FLASH)
  .\Objects\spi.obj (SPI)
  .\Objects\ram.obj (RAM)
  .\Objects\ID_Decode.obj (ID_DECODE)
  .\Objects\ML7345.obj (ML7345)
  .\Objects\ML7345_HAL.obj (ML7345_HAL)
  C:\KEIL_V5\C51\LIB\C51FPS.LIB (?C?FPADD)
  C:\KEIL_V5\C51\LIB\C51FPS.LIB (?C?FPMUL)
  C:\KEIL_V5\C51\LIB\C51FPS.LIB (?C?FPDIV)
  C:\KEIL_V5\C51\LIB\C51FPS.LIB (?C?FCAST)
  C:\KEIL_V5\C51\LIB\C51FPS.LIB (?C?CASTF)
  C:\KEIL_V5\C51\LIB\C51FPS.LIB (?C?FPGETOPN)
  C:\KEIL_V5\C51\LIB\C51S.LIB (?C_STARTUP)
  C:\KEIL_V5\C51\LIB\C51S.LIB (?C?COPY)
  C:\KEIL_V5\C51\LIB\C51S.LIB (?C?CLDPTR)
  C:\KEIL_V5\C51\LIB\C51S.LIB (?C?CLDOPTR)
  C:\KEIL_V5\C51\LIB\C51S.LIB (?C?CSTPTR)
  C:\KEIL_V5\C51\LIB\C51S.LIB (?C?CSTOPTR)
  C:\KEIL_V5\C51\LIB\C51S.LIB (?C?IMUL)
  C:\KEIL_V5\C51\LIB\C51S.LIB (?C?UIDIV)
  C:\KEIL_V5\C51\LIB\C51S.LIB (?C?SIDIV)
  C:\KEIL_V5\C51\LIB\C51S.LIB (?C?ILDIX)
  C:\KEIL_V5\C51\LIB\C51S.LIB (?C?LMUL)
  C:\KEIL_V5\C51\LIB\C51S.LIB (?C?ULDIV)
  C:\KEIL_V5\C51\LIB\C51S.LIB (?C?SLDIV)
  C:\KEIL_V5\C51\LIB\C51S.LIB (?C?LNEG)
  C:\KEIL_V5\C51\LIB\C51S.LIB (?C?ULCMP)
  C:\KEIL_V5\C51\LIB\C51S.LIB (?C?ULSHR)
  C:\KEIL_V5\C51\LIB\C51S.LIB (?C?LSHL)
  C:\KEIL_V5\C51\LIB\C51S.LIB (?C?LLDIDATA)
  C:\KEIL_V5\C51\LIB\C51S.LIB (?C?LLDIDATA0)
  C:\KEIL_V5\C51\LIB\C51S.LIB (?C?LSTIDATA)
  C:\KEIL_V5\C51\LIB\C51S.LIB (?C?LSTXDATA)
  C:\KEIL_V5\C51\LIB\C51S.LIB (?C?LSTKIDATA)
  C:\KEIL_V5\C51\LIB\C51S.LIB (?C?LSTKXDATA)
  C:\KEIL_V5\C51\LIB\C51S.LIB (?C?OFFXADD)
  C:\KEIL_V5\C51\LIB\C51S.LIB (?C?CCASE)
  C:\KEIL_V5\C51\LIB\C51S.LIB (?C_INIT)


LINK MAP OF MODULE:  .\Objects\CRX1831DCM_MA82G5B32_Pro (MAIN)

BL51 BANKED LINKER/LOCATER V6.22.2.0                                                  03/04/2022  11:08:01  PAGE 2



            TYPE    BASE      LENGTH    RELOCATION   SEGMENT NAME
            -----------------------------------------------------

            * * * * * * *   D A T A   M E M O R Y   * * * * * * *
            REG     0000H     0008H     ABSOLUTE     "REG BANK 0"
            DATA    0008H     0010H     UNIT         ?DT?_TX_DATALOAD_HIGHSPEED?ML7345
            DATA    0018H     0007H     UNIT         ?DT?_IAP_WRITEBUF_WITH_PROTECT_VERIFY?IAP_FLASH
            DATA    001FH     0001H     UNIT         ?DT?_DELAYXUS?TIMER
            BIT     0020H.0   0000H.1   UNIT         ?BI?_UART0SENDBYTE?UART
            BIT     0020H.1   0000H.1   UNIT         ?BI?UART
            BIT     0020H.2   0000H.1   UNIT         ?BI?_IAP_WRITEPPAGE?IAP_FLASH
            BIT     0020H.3   0000H.1   UNIT         ?BI?_IAP_ERASEPAGE?IAP_FLASH
            BIT     0020H.4   0000H.1   UNIT         ?BI?_IAP_WRITEBUF_WITH_PROTECT_VERIFY?IAP_FLASH
            BIT     0020H.5   0000H.1   UNIT         ?BI?_IAP_WRITE_BYTE?IAP_FLASH
            BIT     0020H.6   0000H.1   UNIT         ?BI?RAM
                    0020H.7   0000H.1                *** GAP ***
            DATA    0021H     0007H     UNIT         ?DT?_ML7345_FREQUENCY_CALCUL?ML7345_HAL
            DATA    0028H     0005H     UNIT         ?DT?_ML7345_WRITE_FIFO?SPI
            DATA    002DH     0005H     UNIT         ?DT?_ML7345_READ_FIFO?SPI
            DATA    0032H     0005H     UNIT         ?DT?_RF_ML7345_INIT?ML7345
            DATA    0037H     0004H     UNIT         ?DT?_SEND_DATA?UART
            DATA    003BH     0004H     UNIT         ?DT?_ID_SCX1801_EEPROM_WRITE?IAP_FLASH
            DATA    003FH     0004H     UNIT         ?DT?_DELETE_GENERALID_EEPROM?IAP_FLASH
            DATA    0043H     0004H     UNIT         ?DT?_BEEP_MODULE?ID_DECODE
            DATA    0047H     0004H     UNIT         ?DT?_ML7345_FREQUENCY_SET?ML7345_HAL
            DATA    004BH     0004H     UNIT         ?DT?_ML7345_READRX_PACK?ML7345_HAL
            DATA    004FH     0004H     UNIT         ?DT?_ML7345_AUTOTX_DATA?ML7345_HAL
            DATA    0053H     0003H     UNIT         ?DT?_ASC_HEX_2?UART
            DATA    0056H     0003H     UNIT         ?DT?_IAP_WRITE_BYTE?IAP_FLASH
            DATA    0059H     0003H     UNIT         ?DT?ML7345
            DATA    005CH     0002H     UNIT         ?DT?_IAP_WRITEPPAGE?IAP_FLASH
            DATA    005EH     0002H     UNIT         ?DT?_ML7345_WRITE_REG?SPI
            DATA    0060H     0001H     UNIT         ?DT?_DELAY_MS?TIMER
            DATA    0061H     0001H     UNIT         ?DT?_UART0SENDBYTE?UART
            DATA    0062H     0001H     UNIT         ?DT?_ASC_HEX?UART
            DATA    0063H     0001H     UNIT         ?DT?_HEX_ASC?UART
            DATA    0064H     0001H     UNIT         ?DT?_RECEIVEFRAME?UART
            DATA    0065H     0001H     UNIT         ?DT?_IAP_ERASEPAGE?IAP_FLASH
            DATA    0066H     0001H     UNIT         ?DT?_SPI1_SENDRECV_DATA?SPI
            DATA    0067H     0001H     UNIT         ?DT?_ML7345_READ_REG?SPI
            DATA    0068H     0001H     UNIT         ?DT?_SIGNAL_DATA_DECODE?ID_DECODE
            DATA    0069H     0001H     UNIT         ?DT?_RETURN_ID_DATA?ID_DECODE
            DATA    006AH     0001H     UNIT         ?DT?_TX_DATA_TEST?ML7345
            DATA    006BH     0001H     UNIT         ?DT?_ML7345_AUTOSTATETRANSITION_SET?ML7345_HAL
            DATA    006CH     0001H     UNIT         ?DT?_ML7345_SETANDGET_STATE?ML7345_HAL
            DATA    006DH     0001H     UNIT         ?DT?_ML7345_STATEFLAG_CLEAR?ML7345_HAL
            IDATA   006EH     0022H     UNIT         ?ID?RAM
            IDATA   0090H     0011H     UNIT         ?ID?ID_EEPROM_WRITE?IAP_FLASH
            IDATA   00A1H     000FH     UNIT         ?ID?_DELETE_GENERALID_EEPROM?IAP_FLASH
            IDATA   00B0H     000EH     UNIT         ?ID?EEPROM_SYS_LOAD?IAP_FLASH
            IDATA   00BEH     0008H     UNIT         ?ID?_RETURN_ID_DATA?ID_DECODE
            IDATA   00C6H     0007H     UNIT         ?ID?_ID_SCX1801_EEPROM_WRITE?IAP_FLASH
            IDATA   00CDH     0003H     UNIT         ?ID?UART
            IDATA   00D0H     0002H     UNIT         ?ID?TIMER
            IDATA   00D2H     0002H     UNIT         ?ID?ALL_ID_EEPROM_ERASE?IAP_FLASH
            IDATA   00D4H     0002H     UNIT         ?ID?_BEEP_MODULE?ID_DECODE
BL51 BANKED LINKER/LOCATER V6.22.2.0                                                  03/04/2022  11:08:01  PAGE 3


            IDATA   00D6H     0002H     UNIT         ?ID?RECEIVER_BEEP?ID_DECODE
            IDATA   00D8H     0001H     UNIT         ?ID?INT_UART0?UART
            IDATA   00D9H     0001H     UNIT         ?ID?OPRATIONFRAME?UART
            IDATA   00DAH     0001H     UNIT         ?ID?ML7345_TRX_DEL?ML7345
            IDATA   00DBH     0001H     UNIT         ?ID?RF_SYNCWORD_DONE?ML7345_HAL
            IDATA   00DCH     0001H     UNIT         ?STACK

            * * * * * * *  X D A T A   M E M O R Y  * * * * * * *
            XDATA   0000H     03B5H     UNIT         ?XD?RAM
            XDATA   03B5H     0209H     UNIT         ?XD?IAP_FLASH
            XDATA   05BEH     0085H     UNIT         ?XD?ML7345
            XDATA   0643H     007BH     UNIT         ?XD?UART
            XDATA   06BEH     001AH     UNIT         ?XD?ID_DECODE
            XDATA   06D8H     000CH     UNIT         ?XD?ML7345_HAL
            XDATA   06E4H     0003H     UNIT         ?XD?SPI

            * * * * * * *   C O D E   M E M O R Y   * * * * * * *
            CODE    0000H     0003H     ABSOLUTE     
            CODE    0003H     0003H     ABSOLUTE     
            CODE    0006H     0005H     UNIT         ?PR?BEEP_OFF?TIMER
            CODE    000BH     0003H     ABSOLUTE     
            CODE    000EH     0004H     UNIT         ?PR?CLEARWDT?SYS
                    0012H     0001H                  *** GAP ***
            CODE    0013H     0003H     ABSOLUTE     
            CODE    0016H     000CH     UNIT         ?PR?INIT_INT0?GPIO
                    0022H     0001H                  *** GAP ***
            CODE    0023H     0003H     ABSOLUTE     
            CODE    0026H     0B28H     UNIT         ?PR?PC_PRG?UART
            CODE    0B4EH     0AD3H     UNIT         ?PR?ID_DECODE_OUT?ID_DECODE
            CODE    1621H     07A9H     UNIT         ?PR?APP_TX_PACKET?ML7345
            CODE    1DCAH     07A5H     UNIT         ?PR?ID_LEARN?IAP_FLASH
            CODE    256FH     078FH     UNIT         ?C?LIB_CODE
            CODE    2CFEH     05BEH     UNIT         ?PR?ID_DECODE_IDCHECK?ID_DECODE
            CODE    32BCH     05B3H     UNIT         ?C_INITSEG
            CODE    386FH     0564H     UNIT         ?PR?EEPROM_SYS_LOAD?IAP_FLASH
            CODE    3DD3H     04CDH     UNIT         ?PR?_TX_DATALOAD_HIGHSPEED?ML7345
            CODE    42A0H     03CFH     UNIT         ?PR?_RF_ML7345_INIT?ML7345
            CODE    466FH     038FH     UNIT         ?PR?_SIGNAL_DATA_DECODE?ID_DECODE
            CODE    49FEH     032BH     UNIT         ?PR?OPRATIONFRAME?UART
            CODE    4D29H     0312H     UNIT         ?PR?ML7345D_RF_TEST_MODE?ML7345
            CODE    503BH     0282H     UNIT         ?PR?_ML7345_FREQUENCY_CALCUL?ML7345_HAL
            CODE    52BDH     0274H     UNIT         ?PR?ID_EEPROM_WRITE?IAP_FLASH
            CODE    5531H     026EH     UNIT         ?PR?_DELETE_GENERALID_EEPROM?IAP_FLASH
            CODE    579FH     022CH     UNIT         ?PR?_IAP_WRITEBUF_WITH_PROTECT_VERIFY?IAP_FLASH
            CODE    59CBH     01F2H     UNIT         ?PR?EEPROM_IDCHECK?ID_DECODE
            CODE    5BBDH     01BEH     UNIT         ?PR?ML7345_TRX_DEL?ML7345
            CODE    5D7BH     0178H     UNIT         ?PR?_ML7345_FREQUENCY_SET?ML7345_HAL
            CODE    5EF3H     014AH     UNIT         ?PR?INT_T0?TIMER
            CODE    603DH     0129H     UNIT         ?PR?RX_ANALYSIS?ML7345
            CODE    6166H     0127H     UNIT         ?PR?ML7345D_CHANGE_CHANNEL?ML7345
            CODE    628DH     0127H     UNIT         ?PR?ML7345D_FREQ_SCANNING?ML7345
            CODE    63B4H     011AH     UNIT         ?PR?MAIN?MAIN
            CODE    64CEH     010DH     UNIT         ?PR?SCAN_RECEIVE_PACKET?ML7345
            CODE    65DBH     00FCH     UNIT         ?PR?_RECEIVEFRAME?UART
            CODE    66D7H     00EFH     UNIT         ?PR?_ML7345_SETANDGET_STATE?ML7345_HAL
            CODE    67C6H     00EDH     UNIT         ?PR?INT_UART0?UART
            CODE    68B3H     00D7H     UNIT         ?PR?_BEEP_MODULE?ID_DECODE
BL51 BANKED LINKER/LOCATER V6.22.2.0                                                  03/04/2022  11:08:01  PAGE 4


            CODE    698AH     00C6H     UNIT         ?PR?ID_LOGIN_EXIT_INITIAL?IAP_FLASH
            CODE    6A50H     00C5H     UNIT         ?PR?ML7345_DATARATE_SET_4_8K?ML7345_HAL
            CODE    6B15H     00B7H     UNIT         ?PR?ML7345_DATARATE_SET_1_2K?ML7345_HAL
            CODE    6BCCH     0097H     UNIT         ?PR?IAP_ERASE_ALL_ID?IAP_FLASH
            CODE    6C63H     008CH     UNIT         ?C_C51STARTUP
            CODE    6CEFH     007FH     UNIT         ?PR?DATARECEIVE?ML7345
            CODE    6D6EH     0077H     UNIT         ?PR?_ML7345_WRITE_FIFO?SPI
            CODE    6DE5H     0077H     UNIT         ?PR?UART_RF_BER_TEST?ML7345
            CODE    6E5CH     0074H     UNIT         ?PR?_ID_SCX1801_EEPROM_WRITE?IAP_FLASH
            CODE    6ED0H     0066H     UNIT         ?PR?INIT_PORT?GPIO
            CODE    6F36H     0064H     UNIT         ?PR?_RETURN_ID_DATA?ID_DECODE
            CODE    6F9AH     0062H     UNIT         ?PR?_ML7345_READ_FIFO?SPI
            CODE    6FFCH     005CH     UNIT         ?PR?TRANMISSIONACK?UART
            CODE    7058H     0055H     UNIT         ?PR?TEST_BEEP?ID_DECODE
            CODE    70ADH     0051H     UNIT         ?PR?RF_BER_TEST?ML7345
            CODE    70FEH     004FH     UNIT         ?PR?_TX_DATA_TEST?ML7345
            CODE    714DH     004EH     UNIT         ?PR?INT_INT0?GPIO
            CODE    719BH     004EH     UNIT         ?PR?INT_INT1?GPIO
            CODE    71E9H     004AH     UNIT         ?PR?RECEIVER_BEEP?ID_DECODE
            CODE    7233H     0045H     UNIT         ?PR?INIT_PCA_PWM?TIMER
            CODE    7278H     0044H     UNIT         ?C?LDIV
            CODE    72BCH     0041H     UNIT         ?PR?WAITSTATUS_COMPLETE?ML7345_HAL
            CODE    72FDH     0040H     UNIT         ?PR?ALL_ID_EEPROM_ERASE?IAP_FLASH
            CODE    733DH     0040H     UNIT         ?PR?ML7345_MEASURBER_INIT?ML7345
            CODE    737DH     0040H     UNIT         ?PR?_ML7345_AUTOTX_DATA?ML7345_HAL
            CODE    73BDH     003DH     UNIT         ?PR?_SEND_DATA?UART
            CODE    73FAH     003CH     UNIT         ?PR?INIT_CLOCK?SYS
            CODE    7436H     003AH     UNIT         ?PR?_ML7345_READ_REG?SPI
            CODE    7470H     0039H     UNIT         ?PR?_ML7345_STATEFLAG_CLEAR?ML7345_HAL
            CODE    74A9H     0038H     UNIT         ?PR?_IAP_WRITE_BYTE?IAP_FLASH
            CODE    74E1H     0032H     UNIT         ?PR?INIT_UART0_T1_ODD?UART
            CODE    7513H     0032H     UNIT         ?PR?SETREG_RSSI?ML7345_HAL
            CODE    7545H     0031H     UNIT         ?PR?_ML7345_WRITE_REG?SPI
            CODE    7576H     0030H     UNIT         ?PR?_HEX_ASC?UART
            CODE    75A6H     0030H     UNIT         ?PR?_ML7345_READRX_PACK?ML7345_HAL
            CODE    75D6H     002FH     UNIT         ?PR?_ML7345_AUTOSTATETRANSITION_SET?ML7345_HAL
            CODE    7605H     002DH     UNIT         ?PR?_ASC_HEX?UART
            CODE    7632H     002BH     UNIT         ?PR?_IAP_WRITEPPAGE?IAP_FLASH
            CODE    765DH     0028H     UNIT         ?PR?BEEP_AND_LED?ID_DECODE
            CODE    7685H     0026H     UNIT         ?PR?_IAP_ERASEPAGE?IAP_FLASH
            CODE    76ABH     0022H     UNIT         ?PR?INIT_SPI?SPI
            CODE    76CDH     0020H     UNIT         ?PR?_DELAY_MS?TIMER
            CODE    76EDH     001FH     UNIT         ?PR?INIT_TIMER0?TIMER
            CODE    770CH     001EH     UNIT         ?PR?_ASC_HEX_2?UART
            CODE    772AH     001DH     UNIT         ?PR?ML7345_ALLSTATEFLAG_CLEAR?ML7345_HAL
            CODE    7747H     001BH     UNIT         ?PR?_SPI1_SENDRECV_DATA?SPI
            CODE    7762H     0019H     UNIT         ?PR?RF_SYNCWORD_DONE?ML7345_HAL
            CODE    777BH     0017H     UNIT         ?PR?_DELAYXUS?TIMER
            CODE    7792H     0016H     UNIT         ?PR?ML7345_GPIO0TXDONEINT_ENABLE?ML7345_HAL
            CODE    77A8H     0016H     UNIT         ?PR?ML7345_GPIO0RXDONEINT_ENABLE?ML7345_HAL
            CODE    77BEH     0015H     UNIT         ?PR?_UART0SENDBYTE?UART
            CODE    77D3H     0014H     UNIT         ?PR?INIT_WDT?SYS
            CODE    77E7H     000FH     UNIT         ?CO?IAP_FLASH
            CODE    77F6H     000EH     UNIT         ?CO?UART
            CODE    7804H     000CH     UNIT         ?PR?INIT_INT1?GPIO
            CODE    7810H     000BH     UNIT         ?PR?INIT_IAP_FLASH?IAP_FLASH
            CODE    781BH     000AH     UNIT         ?PR?INIT_INTERRUPT?GPIO
BL51 BANKED LINKER/LOCATER V6.22.2.0                                                  03/04/2022  11:08:01  PAGE 5


            CODE    7825H     000AH     UNIT         ?PR?ML7345_RESETN_SET?ML7345_HAL
            CODE    782FH     0004H     UNIT         ?PR?INIT_BEEP?TIMER
            CODE    7833H     0003H     UNIT         ?PR?BEEP_ON?TIMER



OVERLAY MAP OF MODULE:   .\Objects\CRX1831DCM_MA82G5B32_Pro (MAIN)


SEGMENT
  +--> CALLED SEGMENT
---------------------
?PR?INT_INT0?GPIO
  +--> ?PR?ML7345_TRX_DEL?ML7345
  +--> ?PR?DATARECEIVE?ML7345

?PR?ML7345_TRX_DEL?ML7345
  +--> ?PR?RF_SYNCWORD_DONE?ML7345_HAL
  +--> ?PR?_ML7345_SETANDGET_STATE?ML7345_HAL
  +--> ?PR?_RF_ML7345_INIT?ML7345
  +--> ?PR?ML7345_GPIO0RXDONEINT_ENABLE?ML73...
  +--> ?PR?_ML7345_WRITE_REG?SPI
  +--> ?PR?_ML7345_READ_REG?SPI
  +--> ?PR?_ML7345_STATEFLAG_CLEAR?ML7345_HAL

?PR?RF_SYNCWORD_DONE?ML7345_HAL
  +--> ?PR?_ML7345_WRITE_REG?SPI
  +--> ?PR?_ML7345_READ_REG?SPI

?PR?_ML7345_WRITE_REG?SPI
  +--> ?PR?_DELAYXUS?TIMER
  +--> ?PR?_SPI1_SENDRECV_DATA?SPI

?PR?_ML7345_READ_REG?SPI
  +--> ?PR?_DELAYXUS?TIMER
  +--> ?PR?_SPI1_SENDRECV_DATA?SPI

?PR?_ML7345_SETANDGET_STATE?ML7345_HAL
  +--> ?PR?_ML7345_WRITE_REG?SPI
  +--> ?PR?_ML7345_READ_REG?SPI
  +--> ?PR?WAITSTATUS_COMPLETE?ML7345_HAL
  +--> ?PR?_ML7345_FREQUENCY_CALCUL?ML7345_HAL
  +--> ?PR?CLEARWDT?SYS
  +--> ?PR?_RF_ML7345_INIT?ML7345

?PR?WAITSTATUS_COMPLETE?ML7345_HAL
  +--> ?PR?_ML7345_WRITE_REG?SPI
  +--> ?PR?_ML7345_READ_REG?SPI
  +--> ?PR?CLEARWDT?SYS

?PR?_RF_ML7345_INIT?ML7345
  +--> ?PR?ML7345_RESETN_SET?ML7345_HAL
  +--> ?PR?_ML7345_READ_REG?SPI
  +--> ?PR?_ML7345_WRITE_REG?SPI
  +--> ?PR?SETREG_RSSI?ML7345_HAL
  +--> ?PR?ML7345_DATARATE_SET_4_8K?ML7345_HAL
  +--> ?PR?ML7345_DATARATE_SET_1_2K?ML7345_HAL
BL51 BANKED LINKER/LOCATER V6.22.2.0                                                  03/04/2022  11:08:01  PAGE 6


  +--> ?PR?ML7345_ALLSTATEFLAG_CLEAR?ML7345_HAL

?PR?ML7345_RESETN_SET?ML7345_HAL
  +--> ?PR?_DELAY_MS?TIMER

?PR?_DELAY_MS?TIMER
  +--> ?PR?_DELAYXUS?TIMER

?PR?SETREG_RSSI?ML7345_HAL
  +--> ?PR?_ML7345_WRITE_REG?SPI

?PR?ML7345_DATARATE_SET_4_8K?ML7345_HAL
  +--> ?PR?_ML7345_WRITE_REG?SPI

?PR?ML7345_DATARATE_SET_1_2K?ML7345_HAL
  +--> ?PR?_ML7345_WRITE_REG?SPI

?PR?ML7345_ALLSTATEFLAG_CLEAR?ML7345_HAL
  +--> ?PR?_ML7345_WRITE_REG?SPI

?PR?ML7345_GPIO0RXDONEINT_ENABLE?ML73...
  +--> ?PR?_ML7345_WRITE_REG?SPI

?PR?_ML7345_STATEFLAG_CLEAR?ML7345_HAL
  +--> ?PR?_ML7345_WRITE_REG?SPI

*** NEW ROOT ***************************************************

?PR?INT_INT1?GPIO
  +--> ?PR?ML7345_TRX_DEL?ML7345
  +--> ?PR?DATARECEIVE?ML7345

*** NEW ROOT ***************************************************

?PR?INT_UART0?UART
  +--> ?PR?_RECEIVEFRAME?UART

?PR?_RECEIVEFRAME?UART
  +--> ?PR?OPRATIONFRAME?UART

*** NEW ROOT ***************************************************

?C_C51STARTUP
  +--> ?PR?MAIN?MAIN
  +--> ?C_INITSEG

?PR?MAIN?MAIN
  +--> ?PR?INIT_WDT?SYS
  +--> ?PR?INIT_CLOCK?SYS
  +--> ?PR?CLEARWDT?SYS
  +--> ?PR?INIT_IAP_FLASH?IAP_FLASH
  +--> ?PR?EEPROM_SYS_LOAD?IAP_FLASH
  +--> ?PR?INIT_PORT?GPIO
  +--> ?PR?INIT_TIMER0?TIMER
  +--> ?PR?INIT_UART0_T1_ODD?UART
  +--> ?PR?INIT_BEEP?TIMER
  +--> ?PR?INIT_SPI?SPI
BL51 BANKED LINKER/LOCATER V6.22.2.0                                                  03/04/2022  11:08:01  PAGE 7


  +--> ?PR?_RF_ML7345_INIT?ML7345
  +--> ?PR?INIT_INTERRUPT?GPIO
  +--> ?PR?ML7345D_RF_TEST_MODE?ML7345
  +--> ?PR?_ML7345_SETANDGET_STATE?ML7345_HAL
  +--> ?PR?TEST_BEEP?ID_DECODE
  +--> ?PR?ID_DECODE_OUT?ID_DECODE
  +--> ?PR?ID_LEARN?IAP_FLASH
  +--> ?PR?APP_TX_PACKET?ML7345
  +--> ?PR?ML7345D_FREQ_SCANNING?ML7345
  +--> ?PR?SCAN_RECEIVE_PACKET?ML7345
  +--> ?PR?TRANMISSIONACK?UART

?PR?INIT_IAP_FLASH?IAP_FLASH
  +--> ?PR?_IAP_WRITEPPAGE?IAP_FLASH

?PR?EEPROM_SYS_LOAD?IAP_FLASH
  +--> ?CO?IAP_FLASH
  +--> ?PR?CLEARWDT?SYS
  +--> ?PR?_ML7345_FREQUENCY_CALCUL?ML7345_HAL

?PR?INIT_BEEP?TIMER
  +--> ?PR?INIT_PCA_PWM?TIMER

?PR?INIT_INTERRUPT?GPIO
  +--> ?PR?INIT_INT1?GPIO

?PR?ML7345D_RF_TEST_MODE?ML7345
  +--> ?PR?_BEEP_MODULE?ID_DECODE
  +--> ?PR?CLEARWDT?SYS
  +--> ?PR?_ML7345_SETANDGET_STATE?ML7345_HAL
  +--> ?PR?_ML7345_FREQUENCY_SET?ML7345_HAL
  +--> ?PR?_TX_DATA_TEST?ML7345
  +--> ?PR?ML7345_MEASURBER_INIT?ML7345
  +--> ?PR?RF_BER_TEST?ML7345
  +--> ?PR?PC_PRG?UART
  +--> ?PR?_RF_ML7345_INIT?ML7345
  +--> ?PR?ML7345_GPIO0RXDONEINT_ENABLE?ML73...
  +--> ?PR?ML7345_GPIO0TXDONEINT_ENABLE?ML73...

?PR?_BEEP_MODULE?ID_DECODE
  +--> ?PR?BEEP_ON?TIMER
  +--> ?PR?_DELAYXUS?TIMER
  +--> ?PR?CLEARWDT?SYS
  +--> ?PR?BEEP_OFF?TIMER

?PR?_ML7345_FREQUENCY_SET?ML7345_HAL
  +--> ?PR?_ML7345_SETANDGET_STATE?ML7345_HAL
  +--> ?PR?_ML7345_WRITE_REG?SPI
  +--> ?PR?ML7345_DATARATE_SET_1_2K?ML7345_HAL
  +--> ?PR?ML7345_DATARATE_SET_4_8K?ML7345_HAL
  +--> ?PR?_ML7345_READ_REG?SPI

?PR?_TX_DATA_TEST?ML7345
  +--> ?PR?_ML7345_WRITE_REG?SPI
  +--> ?PR?_ML7345_SETANDGET_STATE?ML7345_HAL

?PR?ML7345_MEASURBER_INIT?ML7345
BL51 BANKED LINKER/LOCATER V6.22.2.0                                                  03/04/2022  11:08:01  PAGE 8


  +--> ?PR?_ML7345_WRITE_REG?SPI

?PR?PC_PRG?UART
  +--> ?CO?UART
  +--> ?PR?_ML7345_SETANDGET_STATE?ML7345_HAL
  +--> ?PR?_SEND_DATA?UART
  +--> ?PR?_ML7345_FREQUENCY_SET?ML7345_HAL
  +--> ?PR?_TX_DATA_TEST?ML7345
  +--> ?PR?ALL_ID_EEPROM_ERASE?IAP_FLASH
  +--> ?PR?_ID_SCX1801_EEPROM_WRITE?IAP_FLASH
  +--> ?PR?_HEX_ASC?UART
  +--> ?PR?_ASC_HEX_2?UART
  +--> ?PR?_IAP_WRITEBUF_WITH_PROTECT_VERIFY...
  +--> ?PR?_ML7345_FREQUENCY_CALCUL?ML7345_HAL
  +--> ?PR?ML7345_MEASURBER_INIT?ML7345
  +--> ?PR?UART_RF_BER_TEST?ML7345

?PR?_SEND_DATA?UART
  +--> ?PR?_UART0SENDBYTE?UART

?PR?ALL_ID_EEPROM_ERASE?IAP_FLASH
  +--> ?PR?CLEARWDT?SYS
  +--> ?PR?IAP_ERASE_ALL_ID?IAP_FLASH

?PR?IAP_ERASE_ALL_ID?IAP_FLASH
  +--> ?CO?IAP_FLASH
  +--> ?PR?_IAP_ERASEPAGE?IAP_FLASH
  +--> ?PR?CLEARWDT?SYS
  +--> ?PR?_IAP_WRITE_BYTE?IAP_FLASH

?PR?_ID_SCX1801_EEPROM_WRITE?IAP_FLASH
  +--> ?CO?IAP_FLASH
  +--> ?PR?_IAP_WRITEBUF_WITH_PROTECT_VERIFY...

?PR?_IAP_WRITEBUF_WITH_PROTECT_VERIFY...
  +--> ?PR?CLEARWDT?SYS

?PR?_ASC_HEX_2?UART
  +--> ?PR?_ASC_HEX?UART

?PR?ML7345_GPIO0TXDONEINT_ENABLE?ML73...
  +--> ?PR?_ML7345_WRITE_REG?SPI

?PR?TEST_BEEP?ID_DECODE
  +--> ?PR?_BEEP_MODULE?ID_DECODE
  +--> ?PR?BEEP_ON?TIMER

?PR?ID_DECODE_OUT?ID_DECODE
  +--> ?PR?_SEND_DATA?UART
  +--> ?PR?RECEIVER_BEEP?ID_DECODE

?PR?RECEIVER_BEEP?ID_DECODE
  +--> ?PR?_BEEP_MODULE?ID_DECODE

?PR?ID_LEARN?IAP_FLASH
  +--> ?PR?_BEEP_MODULE?ID_DECODE
  +--> ?PR?ID_LOGIN_EXIT_INITIAL?IAP_FLASH
BL51 BANKED LINKER/LOCATER V6.22.2.0                                                  03/04/2022  11:08:01  PAGE 9


  +--> ?PR?BEEP_OFF?TIMER
  +--> ?PR?BEEP_ON?TIMER
  +--> ?PR?BEEP_AND_LED?ID_DECODE
  +--> ?PR?_ID_SCX1801_EEPROM_WRITE?IAP_FLASH
  +--> ?PR?_DELETE_GENERALID_EEPROM?IAP_FLASH
  +--> ?PR?ID_EEPROM_WRITE?IAP_FLASH
  +--> ?PR?ALL_ID_EEPROM_ERASE?IAP_FLASH

?PR?ID_LOGIN_EXIT_INITIAL?IAP_FLASH
  +--> ?PR?_BEEP_MODULE?ID_DECODE
  +--> ?PR?BEEP_OFF?TIMER

?PR?BEEP_AND_LED?ID_DECODE
  +--> ?PR?_BEEP_MODULE?ID_DECODE
  +--> ?PR?BEEP_OFF?TIMER

?PR?_DELETE_GENERALID_EEPROM?IAP_FLASH
  +--> ?CO?IAP_FLASH
  +--> ?PR?_RETURN_ID_DATA?ID_DECODE
  +--> ?PR?CLEARWDT?SYS
  +--> ?PR?ALL_ID_EEPROM_ERASE?IAP_FLASH
  +--> ?PR?_IAP_WRITEBUF_WITH_PROTECT_VERIFY...

?PR?ID_EEPROM_WRITE?IAP_FLASH
  +--> ?CO?IAP_FLASH
  +--> ?PR?_IAP_WRITEBUF_WITH_PROTECT_VERIFY...
  +--> ?PR?CLEARWDT?SYS
  +--> ?PR?ID_LOGIN_EXIT_INITIAL?IAP_FLASH

?PR?APP_TX_PACKET?ML7345
  +--> ?PR?_TX_DATALOAD_HIGHSPEED?ML7345
  +--> ?PR?_ML7345_SETANDGET_STATE?ML7345_HAL
  +--> ?PR?_ML7345_WRITE_REG?SPI
  +--> ?PR?ML7345_GPIO0TXDONEINT_ENABLE?ML73...
  +--> ?PR?_ML7345_AUTOTX_DATA?ML7345_HAL
  +--> ?PR?_RF_ML7345_INIT?ML7345

?PR?_TX_DATALOAD_HIGHSPEED?ML7345
  +--> ?PR?CLEARWDT?SYS

?PR?_ML7345_AUTOTX_DATA?ML7345_HAL
  +--> ?PR?_ML7345_WRITE_REG?SPI
  +--> ?PR?_ML7345_AUTOSTATETRANSITION_SET?M...
  +--> ?PR?_ML7345_WRITE_FIFO?SPI

?PR?_ML7345_AUTOSTATETRANSITION_SET?M...
  +--> ?PR?_ML7345_WRITE_REG?SPI

?PR?_ML7345_WRITE_FIFO?SPI
  +--> ?PR?_DELAYXUS?TIMER
  +--> ?PR?_SPI1_SENDRECV_DATA?SPI

?PR?ML7345D_FREQ_SCANNING?ML7345
  +--> ?PR?ML7345D_CHANGE_CHANNEL?ML7345
  +--> ?PR?_RF_ML7345_INIT?ML7345
  +--> ?PR?ML7345_GPIO0RXDONEINT_ENABLE?ML73...
  +--> ?PR?_ML7345_SETANDGET_STATE?ML7345_HAL
BL51 BANKED LINKER/LOCATER V6.22.2.0                                                  03/04/2022  11:08:01  PAGE 10



?PR?ML7345D_CHANGE_CHANNEL?ML7345
  +--> ?PR?_ML7345_FREQUENCY_SET?ML7345_HAL

?PR?SCAN_RECEIVE_PACKET?ML7345
  +--> ?PR?_ML7345_READRX_PACK?ML7345_HAL
  +--> ?PR?_ML7345_STATEFLAG_CLEAR?ML7345_HAL
  +--> ?PR?RX_ANALYSIS?ML7345
  +--> ?PR?_ML7345_SETANDGET_STATE?ML7345_HAL
  +--> ?PR?_ML7345_READ_REG?SPI
  +--> ?PR?_ML7345_WRITE_REG?SPI

?PR?_ML7345_READRX_PACK?ML7345_HAL
  +--> ?PR?_ML7345_WRITE_REG?SPI
  +--> ?PR?_ML7345_READ_FIFO?SPI

?PR?_ML7345_READ_FIFO?SPI
  +--> ?PR?_DELAYXUS?TIMER
  +--> ?PR?_SPI1_SENDRECV_DATA?SPI

?PR?RX_ANALYSIS?ML7345
  +--> ?PR?ID_DECODE_IDCHECK?ID_DECODE

?PR?ID_DECODE_IDCHECK?ID_DECODE
  +--> ?PR?_SIGNAL_DATA_DECODE?ID_DECODE
  +--> ?PR?EEPROM_IDCHECK?ID_DECODE
  +--> ?PR?BEEP_AND_LED?ID_DECODE
  +--> ?PR?ID_EEPROM_WRITE?IAP_FLASH
  +--> ?PR?_ID_SCX1801_EEPROM_WRITE?IAP_FLASH
  +--> ?PR?_RETURN_ID_DATA?ID_DECODE
  +--> ?PR?_DELETE_GENERALID_EEPROM?IAP_FLASH

?PR?EEPROM_IDCHECK?ID_DECODE
  +--> ?PR?_RETURN_ID_DATA?ID_DECODE

?PR?TRANMISSIONACK?UART
  +--> ?PR?_SEND_DATA?UART



SYMBOL TABLE OF MODULE:  .\Objects\CRX1831DCM_MA82G5B32_Pro (MAIN)

  VALUE           TYPE          NAME
  ----------------------------------

  -------         MODULE        MAIN
  C:0000H         SYMBOL        _ICE_DUMMY_
  D:0090H         PUBLIC        P1
  D:00A0H         PUBLIC        P2
  D:00C0H         PUBLIC        XICON
  D:00B0H         PUBLIC        P3
  D:00E8H         PUBLIC        P4
  D:00F8H         PUBLIC        P5
  D:00F8H         PUBLIC        P6
  B:00A8H.7       PUBLIC        EA
  D:00A8H         PUBLIC        IE
  D:00B8H         PUBLIC        IP0L
BL51 BANKED LINKER/LOCATER V6.22.2.0                                                  03/04/2022  11:08:01  PAGE 11


  D:00D8H         PUBLIC        CCON
  C:63B4H         PUBLIC        main
  B:00A0H.2       PUBLIC        P22
  B:00A0H.3       PUBLIC        P23
  D:0088H         PUBLIC        TCON
  B:00B0H.5       PUBLIC        P35
  D:0098H         PUBLIC        S0CON
  D:0098H         PUBLIC        S1CON
  D:00C8H         PUBLIC        T2CON
  D:00D0H         PUBLIC        PSW
  -------         PROC          MAIN
  C:63B4H         LINE#         22
  C:63B4H         LINE#         23
  C:63B4H         LINE#         24
  C:63B7H         LINE#         25
  C:63BAH         LINE#         26
  C:63BDH         LINE#         27
  C:63C0H         LINE#         28
  C:63C3H         LINE#         29
  C:63C6H         LINE#         30
  C:63C9H         LINE#         31
  C:63CCH         LINE#         32
  C:63CFH         LINE#         33
  C:63D2H         LINE#         34
  C:63D5H         LINE#         35
  C:63DFH         LINE#         36
  C:63EDH         LINE#         37
  C:63F7H         LINE#         38
  C:63FAH         LINE#         39
  C:63FDH         LINE#         40
  C:63FFH         LINE#         41
  C:6402H         LINE#         42
  C:6410H         LINE#         43
  C:641EH         LINE#         44
  C:6423H         LINE#         45
  C:6428H         LINE#         46
  C:642DH         LINE#         47
  C:6431H         LINE#         49
  C:6431H         LINE#         50
  C:6431H         LINE#         51
  C:6434H         LINE#         52
  C:6442H         LINE#         54
  C:644EH         LINE#         55
  C:6451H         LINE#         56
  C:6454H         LINE#         57
  C:6473H         LINE#         58
  C:648AH         LINE#         59
  C:648AH         LINE#         60
  C:648DH         LINE#         61
  C:6490H         LINE#         62
  C:6490H         LINE#         63
  C:6493H         LINE#         64
  C:64ABH         LINE#         65
  C:64AFH         LINE#         66
  C:64C8H         LINE#         67
  C:64CAH         LINE#         68
  -------         ENDPROC       MAIN
BL51 BANKED LINKER/LOCATER V6.22.2.0                                                  03/04/2022  11:08:01  PAGE 12


  -------         ENDMOD        MAIN

  -------         MODULE        SYS
  C:0000H         SYMBOL        _ICE_DUMMY_
  D:0090H         PUBLIC        P1
  D:00A0H         PUBLIC        P2
  D:00E7H         PUBLIC        ISPCR
  D:00C0H         PUBLIC        XICON
  D:00B0H         PUBLIC        P3
  D:00E8H         PUBLIC        P4
  D:00F8H         PUBLIC        P5
  D:00F8H         PUBLIC        P6
  D:00E1H         PUBLIC        WDTCR
  D:00A8H         PUBLIC        IE
  D:00B8H         PUBLIC        IP0L
  D:00C7H         PUBLIC        CKCON0
  D:00D8H         PUBLIC        CCON
  D:00E6H         PUBLIC        SCMD
  D:00E3H         PUBLIC        IFADRH
  D:00E5H         PUBLIC        IFMT
  D:00E4H         PUBLIC        IFADRL
  D:0088H         PUBLIC        TCON
  D:00E2H         PUBLIC        IFD
  C:000EH         PUBLIC        ClearWDT
  D:0097H         PUBLIC        PCON1
  D:0098H         PUBLIC        S0CON
  C:73FAH         PUBLIC        Init_Clock
  D:0098H         PUBLIC        S1CON
  C:77D3H         PUBLIC        Init_WDT
  D:00C8H         PUBLIC        T2CON
  D:00D0H         PUBLIC        PSW
  -------         PROC          INIT_CLOCK
  C:73FAH         LINE#         4
  C:73FAH         LINE#         5
  C:73FAH         LINE#         7
  C:73FDH         LINE#         8
  C:7419H         LINE#         9
  C:7435H         LINE#         19
  -------         ENDPROC       INIT_CLOCK
  -------         PROC          INIT_WDT
  C:77D3H         LINE#         22
  C:77D3H         LINE#         23
  C:77D3H         LINE#         24
  C:77D6H         LINE#         25
  C:77E0H         LINE#         26
  C:77E3H         LINE#         27
  C:77E6H         LINE#         28
  -------         ENDPROC       INIT_WDT
  -------         PROC          CLEARWDT
  C:000EH         LINE#         30
  C:000EH         LINE#         31
  C:000EH         LINE#         32
  C:0011H         LINE#         33
  -------         ENDPROC       CLEARWDT
  -------         ENDMOD        SYS

  -------         MODULE        GPIO
BL51 BANKED LINKER/LOCATER V6.22.2.0                                                  03/04/2022  11:08:01  PAGE 13


  C:0000H         SYMBOL        _ICE_DUMMY_
  D:0091H         PUBLIC        P1M0
  D:0095H         PUBLIC        P2M0
  D:00B1H         PUBLIC        P3M0
  D:0090H         PUBLIC        P1
  D:00B3H         PUBLIC        P4M0
  D:00B2H         PUBLIC        P3M1
  D:00A0H         PUBLIC        P2
  D:00C0H         PUBLIC        XICON
  D:00B0H         PUBLIC        P3
  D:00E8H         PUBLIC        P4
  D:00F8H         PUBLIC        P5
  D:00F8H         PUBLIC        P6
  D:00A8H         PUBLIC        IE
  C:0016H         PUBLIC        Init_INT0
  C:7804H         PUBLIC        Init_INT1
  D:00B8H         PUBLIC        IP0L
  C:6ED0H         PUBLIC        Init_Port
  D:00D8H         PUBLIC        CCON
  B:0090H.0       PUBLIC        P10
  B:00A0H.0       PUBLIC        P20
  B:0090H.1       PUBLIC        P11
  B:00A0H.1       PUBLIC        P21
  B:0090H.2       PUBLIC        P12
  B:00E8H.0       PUBLIC        P40
  B:0090H.3       PUBLIC        P13
  B:00E8H.1       PUBLIC        P41
  D:0088H         PUBLIC        TCON
  B:00A0H.4       PUBLIC        P24
  D:00B4H         PUBLIC        PUCON0
  B:00B0H.4       PUBLIC        P34
  B:00A0H.5       PUBLIC        P25
  B:0090H.6       PUBLIC        P16
  B:00B0H.5       PUBLIC        P35
  B:00A0H.7       PUBLIC        P27
  B:00A8H.4       PUBLIC        ES0
  B:00A8H.1       PUBLIC        ET0
  C:781BH         PUBLIC        Init_Interrupt
  B:0088H.0       PUBLIC        IT0
  B:00A8H.2       PUBLIC        EX1
  B:0088H.2       PUBLIC        IT1
  D:0098H         PUBLIC        S0CON
  D:0098H         PUBLIC        S1CON
  D:00C8H         PUBLIC        T2CON
  C:714DH         PUBLIC        INT_INT0
  C:719BH         PUBLIC        INT_INT1
  D:00A1H         PUBLIC        AUXR0
  D:00C1H         PUBLIC        XICFG
  D:00D0H         PUBLIC        PSW
  -------         PROC          INIT_PORT
  C:6ED0H         LINE#         10
  C:6ED0H         LINE#         11
  C:6ED0H         LINE#         13
  C:6ED3H         LINE#         14
  C:6ED6H         LINE#         15
  C:6ED8H         LINE#         16
  C:6EDBH         LINE#         19
BL51 BANKED LINKER/LOCATER V6.22.2.0                                                  03/04/2022  11:08:01  PAGE 14


  C:6EDEH         LINE#         20
  C:6EE1H         LINE#         21
  C:6EE3H         LINE#         22
  C:6EE6H         LINE#         25
  C:6EE9H         LINE#         26
  C:6EEBH         LINE#         31
  C:6EEEH         LINE#         32
  C:6EF1H         LINE#         33
  C:6EF3H         LINE#         36
  C:6EF6H         LINE#         37
  C:6EF9H         LINE#         38
  C:6EFBH         LINE#         43
  C:6F01H         LINE#         47
  C:6F04H         LINE#         48
  C:6F08H         LINE#         49
  C:6F0BH         LINE#         57
  C:6F19H         LINE#         58
  C:6F27H         LINE#         59
  C:6F29H         LINE#         60
  C:6F2BH         LINE#         61
  C:6F2DH         LINE#         62
  C:6F2FH         LINE#         63
  C:6F31H         LINE#         64
  C:6F33H         LINE#         65
  C:6F35H         LINE#         66
  -------         ENDPROC       INIT_PORT
  -------         PROC          INIT_INT0
  C:0016H         LINE#         79
  C:0016H         LINE#         80
  C:0016H         LINE#         81
  C:0019H         LINE#         82
  C:001EH         LINE#         84
  C:0021H         LINE#         85
  -------         ENDPROC       INIT_INT0
  -------         PROC          INIT_INT1
  C:7804H         LINE#         96
  C:7804H         LINE#         97
  C:7804H         LINE#         98
  C:7807H         LINE#         100
  C:780CH         LINE#         101
  C:780FH         LINE#         102
  -------         ENDPROC       INIT_INT1
  -------         PROC          INT_INT0
  C:714DH         LINE#         114
  C:716AH         LINE#         116
  C:717DH         LINE#         117
  C:7180H         LINE#         118
  -------         ENDPROC       INT_INT0
  -------         PROC          INT_INT1
  C:719BH         LINE#         130
  C:71B8H         LINE#         132
  C:71CBH         LINE#         133
  C:71CEH         LINE#         134
  -------         ENDPROC       INT_INT1
  -------         PROC          INIT_INTERRUPT
  C:781BH         LINE#         143
  C:781BH         LINE#         144
BL51 BANKED LINKER/LOCATER V6.22.2.0                                                  03/04/2022  11:08:01  PAGE 15


  C:781BH         LINE#         149
  C:781EH         LINE#         150
  C:7820H         LINE#         152
  C:7822H         LINE#         153
  C:7824H         LINE#         154
  -------         ENDPROC       INIT_INTERRUPT
  -------         ENDMOD        GPIO

  -------         MODULE        TIMER
  C:0000H         SYMBOL        _ICE_DUMMY_
  D:00F2H         PUBLIC        PCAPWM6
  D:0090H         PUBLIC        P1
  D:00A0H         PUBLIC        P2
  D:00C0H         PUBLIC        XICON
  D:00B0H         PUBLIC        P3
  D:00E8H         PUBLIC        P4
  D:00F8H         PUBLIC        P5
  D:00F8H         PUBLIC        P6
  D:00ACH         PUBLIC        SFRPI
  D:00F9H         PUBLIC        CH
  D:00BCH         PUBLIC        PWMCR
  D:00A8H         PUBLIC        IE
  D:00E9H         PUBLIC        CL
  B:00D8H.6       PUBLIC        CR
  D:00B8H         PUBLIC        IP0L
  D:00FAH         PUBLIC        CCAP6H
  D:00EAH         PUBLIC        CCAP6L
  C:7833H         PUBLIC        Beep_On
  D:00DAH         PUBLIC        CCAPM6
  C:7233H         PUBLIC        Init_PCA_PWM
  D:00D9H         PUBLIC        CMOD
  D:00D8H         PUBLIC        CCON
  D:00CFH         PUBLIC        CHRL
  C:76EDH         PUBLIC        Init_Timer0
  D:00CEH         PUBLIC        CLRL
  B:00A0H.0       PUBLIC        P20
  C:777BH         PUBLIC        _DelayXus
  D:0089H         PUBLIC        TMOD
  D:0088H         PUBLIC        TCON
  D:008CH         PUBLIC        TH0
  C:5EF3H         PUBLIC        INT_T0
  D:008AH         PUBLIC        TL0
  C:76CDH         PUBLIC        _delay_ms
  B:0088H.4       PUBLIC        TR0
  I:00D0H         PUBLIC        Time_Tx_Out
  D:0098H         PUBLIC        S0CON
  D:0098H         PUBLIC        S1CON
  D:00C8H         PUBLIC        T2CON
  D:00A1H         PUBLIC        AUXR0
  D:00A3H         PUBLIC        AUXR2
  C:782FH         PUBLIC        Init_Beep
  C:0006H         PUBLIC        Beep_Off
  D:00F2H         PUBLIC        PCAPWM0
  D:00D0H         PUBLIC        PSW
  -------         PROC          INIT_TIMER0
  C:76EDH         LINE#         29
  C:76EDH         LINE#         30
BL51 BANKED LINKER/LOCATER V6.22.2.0                                                  03/04/2022  11:08:01  PAGE 16


  C:76EDH         LINE#         31
  C:76F7H         LINE#         33
  C:7700H         LINE#         35
  C:7703H         LINE#         37
  C:7706H         LINE#         38
  C:7709H         LINE#         40
  C:770BH         LINE#         41
  -------         ENDPROC       INIT_TIMER0
  -------         PROC          INT_T0
  C:5EF3H         LINE#         51
  C:5F04H         LINE#         53
  C:5F07H         LINE#         54
  C:5F0AH         LINE#         56
  C:5F16H         LINE#         57
  C:5F24H         LINE#         58
  C:5F30H         LINE#         59
  C:5F3EH         LINE#         60
  C:5F4AH         LINE#         61
  C:5F58H         LINE#         62
  C:5F63H         LINE#         63
  C:5F6BH         LINE#         64
  C:5F77H         LINE#         65
  C:5F85H         LINE#         66
  C:5F8CH         LINE#         67
  C:5F91H         LINE#         69
  C:5F91H         LINE#         70
  C:5F95H         LINE#         71
  C:5FA3H         LINE#         72
  C:5FA3H         LINE#         73
  C:5FABH         LINE#         74
  C:5FB1H         LINE#         75
  C:5FB9H         LINE#         76
  C:5FBFH         LINE#         77
  C:5FC7H         LINE#         78
  C:5FCDH         LINE#         79
  C:5FD9H         LINE#         80
  C:5FE7H         LINE#         81
  C:5FF3H         LINE#         82
  C:6001H         LINE#         84
  C:6014H         LINE#         85
  C:602EH         LINE#         86
  -------         ENDPROC       INT_T0
  -------         PROC          INIT_PCA_PWM
  C:7233H         LINE#         90
  C:7233H         LINE#         91
  C:7233H         LINE#         92
  C:723DH         LINE#         93
  C:7246H         LINE#         94
  C:7252H         LINE#         95
  C:7255H         LINE#         98
  C:726BH         LINE#         101
  C:7271H         LINE#         102
  C:7277H         LINE#         103
  -------         ENDPROC       INIT_PCA_PWM
  -------         PROC          INIT_BEEP
  C:782FH         LINE#         105
  C:782FH         LINE#         106
BL51 BANKED LINKER/LOCATER V6.22.2.0                                                  03/04/2022  11:08:01  PAGE 17


  C:782FH         LINE#         107
  C:7832H         LINE#         108
  -------         ENDPROC       INIT_BEEP
  -------         PROC          BEEP_ON
  C:7833H         LINE#         110
  C:7833H         LINE#         111
  C:7833H         LINE#         112
  C:7835H         LINE#         113
  -------         ENDPROC       BEEP_ON
  -------         PROC          BEEP_OFF
  C:0006H         LINE#         115
  C:0006H         LINE#         116
  C:0006H         LINE#         117
  C:0008H         LINE#         118
  C:000AH         LINE#         119
  -------         ENDPROC       BEEP_OFF
  -------         PROC          _DELAYXUS
  D:001FH         SYMBOL        xUs
  C:777BH         LINE#         129
  C:777DH         LINE#         130
  C:777DH         LINE#         131
  C:7785H         LINE#         132
  C:7785H         LINE#         133
  C:7786H         LINE#         134
  C:7787H         LINE#         135
  C:7788H         LINE#         136
  C:7789H         LINE#         137
  C:778AH         LINE#         138
  C:778BH         LINE#         139
  C:778CH         LINE#         140
  C:778DH         LINE#         141
  C:778FH         LINE#         142
  C:7791H         LINE#         143
  -------         ENDPROC       _DELAYXUS
  -------         PROC          _DELAY_MS
  D:0060H         SYMBOL        ms
  C:76CDH         LINE#         153
  C:76CFH         LINE#         154
  C:76CFH         LINE#         155
  C:76D6H         LINE#         156
  C:76D6H         LINE#         157
  C:76DBH         LINE#         158
  C:76E0H         LINE#         159
  C:76E5H         LINE#         160
  C:76EAH         LINE#         161
  C:76ECH         LINE#         162
  -------         ENDPROC       _DELAY_MS
  -------         ENDMOD        TIMER

  -------         MODULE        UART
  C:0000H         SYMBOL        _ICE_DUMMY_
  D:0090H         PUBLIC        P1
  D:00A0H         PUBLIC        P2
  B:0098H.6       PUBLIC        SM10
  D:00C0H         PUBLIC        XICON
  D:00B0H         PUBLIC        P3
  D:00E8H         PUBLIC        P4
BL51 BANKED LINKER/LOCATER V6.22.2.0                                                  03/04/2022  11:08:01  PAGE 18


  D:00F8H         PUBLIC        P5
  X:0659H         PUBLIC        Databits_t
  D:00F8H         PUBLIC        P6
  D:00ACH         PUBLIC        SFRPI
  X:065DH         PUBLIC        FLAG_testNo91_step
  D:00A8H         PUBLIC        IE
  X:065EH         PUBLIC        FLAG_testNo91SendUart
  D:00B8H         PUBLIC        IP0L
  B:0098H.4       PUBLIC        REN0
  X:065FH         PUBLIC        UART_DATA_buffer
  X:0688H         PUBLIC        UART_DATA_ID98
  X:06B1H         PUBLIC        U1AckTimer
  D:00D8H         PUBLIC        CCON
  X:06B2H         PUBLIC        UartStatus
  X:06B3H         PUBLIC        UartCount
  B:00C8H.5       PUBLIC        RCLK
  B:00C8H.4       PUBLIC        TCLK
  B:0090H.0       PUBLIC        P10
  B:0090H.1       PUBLIC        P11
  B:00A0H.1       PUBLIC        P21
  B:0090H.2       PUBLIC        P12
  B:00A0H.2       PUBLIC        P22
  B:00A0H.3       PUBLIC        P23
  D:0089H         PUBLIC        TMOD
  D:0088H         PUBLIC        TCON
  C:65DBH         PUBLIC        _ReceiveFrame
  B:00A0H.5       PUBLIC        P25
  B:00B0H.5       PUBLIC        P35
  B:00A0H.7       PUBLIC        P27
  C:67C6H         PUBLIC        INT_UART0
  X:06B4H         PUBLIC        UartLen
  C:49FEH         PUBLIC        OprationFrame
  C:77F6H         SYMBOL        _?ix1000
  I:00CDH         PUBLIC        ACKBack
  C:7800H         SYMBOL        _?ix1001
  X:06B5H         PUBLIC        PROFILE_CH_FREQ_32bit_200002EC_uart
  B:00A8H.4       PUBLIC        ES0
  B:0098H.0       PUBLIC        RI0
  B:0098H.1       PUBLIC        TI0
  D:008DH         PUBLIC        TH1
  D:008BH         PUBLIC        TL1
  D:009CH         PUBLIC        S0CFG
  B:0088H.6       PUBLIC        TR1
  X:06B9H         PUBLIC        uart0_rx_len
  X:06BAH         PUBLIC        FLAG_testBEEP
  X:06BBH         PUBLIC        uart0_tx_len
  C:0026H         PUBLIC        PC_PRG
  C:7576H         PUBLIC        _hex_asc
  C:7605H         PUBLIC        _asc_hex
  D:0099H         PUBLIC        S0BUF
  D:0087H         PUBLIC        PCON0
  C:74E1H         PUBLIC        Init_Uart0_T1_ODD
  D:0098H         PUBLIC        S0CON
  D:0098H         PUBLIC        S1CON
  X:06BCH         PUBLIC        FLAG_testNo91
  D:00C8H         PUBLIC        T2CON
  C:73BDH         PUBLIC        _Send_Data
BL51 BANKED LINKER/LOCATER V6.22.2.0                                                  03/04/2022  11:08:01  PAGE 19


  B:0098H.7       PUBLIC        SM00_FE
  C:6FFCH         PUBLIC        TranmissionACK
  C:770CH         PUBLIC        _asc_hex_2
  C:77BEH         PUBLIC        _Uart0SendByte
  B:0020H.1       PUBLIC        rx_done
  D:00A3H         PUBLIC        AUXR2
  X:06BDH         PUBLIC        U1Statues
  D:00D0H         PUBLIC        PSW
  -------         PROC          INIT_UART0_T1_ODD
  C:74E1H         LINE#         73
  C:74E1H         LINE#         74
  C:74E1H         LINE#         75
  C:74E8H         LINE#         76
  C:74EAH         LINE#         78
  C:74F1H         LINE#         79
  C:74F7H         LINE#         81
  C:7501H         LINE#         82
  C:7507H         LINE#         83
  C:750AH         LINE#         87
  C:750DH         LINE#         88
  C:7510H         LINE#         96
  C:7512H         LINE#         97
  -------         ENDPROC       INIT_UART0_T1_ODD
  -------         PROC          INT_UART0
  -------         DO            
  I:00D8H         SYMBOL        dat
  -------         ENDDO         
  C:67C6H         LINE#         108
  C:67E3H         LINE#         110
  C:67E7H         LINE#         111
  C:67E9H         LINE#         113
  C:67ECH         LINE#         114
  C:67EFH         LINE#         115
  C:67EFH         LINE#         116
  C:67F1H         LINE#         117
  C:67F1H         LINE#         118
  C:67F7H         LINE#         119
  C:67F7H         LINE#         120
  C:67F9H         LINE#         121
  C:67FDH         LINE#         122
  C:6815H         LINE#         124
  C:6815H         LINE#         125
  C:6822H         LINE#         126
  C:6837H         LINE#         127
  C:6848H         LINE#         128
  C:6851H         LINE#         129
  C:6851H         LINE#         130
  C:6863H         LINE#         131
  C:6863H         LINE#         132
  C:6883H         LINE#         133
  C:6888H         LINE#         134
  C:6896H         LINE#         136
  C:6896H         LINE#         137
  C:6896H         LINE#         138
  C:6896H         LINE#         139
  C:6898H         LINE#         140
  -------         ENDPROC       INT_UART0
BL51 BANKED LINKER/LOCATER V6.22.2.0                                                  03/04/2022  11:08:01  PAGE 20


  -------         PROC          _UART0SENDBYTE
  D:0061H         SYMBOL        tByte
  -------         DO            
  B:0020H.0       SYMBOL        bES
  -------         ENDDO         
  C:77BEH         LINE#         148
  C:77C0H         LINE#         149
  C:77C0H         LINE#         151
  C:77C4H         LINE#         152
  C:77C6H         LINE#         153
  C:77C9H         LINE#         155
  C:77CCH         LINE#         156
  C:77CEH         LINE#         157
  C:77D2H         LINE#         158
  -------         ENDPROC       _UART0SENDBYTE
  -------         PROC          _SEND_DATA
  D:0037H         SYMBOL        buff
  D:003AH         SYMBOL        len
  -------         DO            
  X:0643H         SYMBOL        i
  -------         ENDDO         
  C:73BDH         LINE#         161
  C:73C5H         LINE#         162
  C:73C5H         LINE#         163
  C:73CAH         LINE#         164
  C:73DAH         LINE#         165
  C:73DAH         LINE#         166
  C:73F1H         LINE#         167
  C:73F9H         LINE#         168
  -------         ENDPROC       _SEND_DATA
  -------         PROC          _ASC_HEX
  D:0062H         SYMBOL        asc
  -------         DO            
  X:0644H         SYMBOL        i
  -------         ENDDO         
  C:7605H         LINE#         170
  C:7607H         LINE#         171
  C:7607H         LINE#         173
  C:7616H         LINE#         174
  C:7622H         LINE#         176
  C:762CH         LINE#         177
  C:7631H         LINE#         178
  -------         ENDPROC       _ASC_HEX
  -------         PROC          _HEX_ASC
  D:0063H         SYMBOL        hex
  -------         DO            
  X:0645H         SYMBOL        i
  -------         ENDDO         
  C:7576H         LINE#         180
  C:7578H         LINE#         181
  C:7578H         LINE#         183
  C:757BH         LINE#         184
  C:758AH         LINE#         185
  C:7596H         LINE#         187
  C:75A0H         LINE#         188
  C:75A5H         LINE#         189
  -------         ENDPROC       _HEX_ASC
BL51 BANKED LINKER/LOCATER V6.22.2.0                                                  03/04/2022  11:08:01  PAGE 21


  -------         PROC          _ASC_HEX_2
  D:0053H         SYMBOL        asc1
  D:0054H         SYMBOL        asc0
  -------         DO            
  D:0055H         SYMBOL        i
  -------         ENDDO         
  C:770CH         LINE#         191
  C:7710H         LINE#         192
  C:7710H         LINE#         194
  C:7727H         LINE#         195
  C:7729H         LINE#         196
  -------         ENDPROC       _ASC_HEX_2
  -------         PROC          _RECEIVEFRAME
  D:0064H         SYMBOL        Cache
  C:65DBH         LINE#         199
  C:65DDH         LINE#         200
  C:65DDH         LINE#         201
  C:65F0H         LINE#         202
  C:65F0H         LINE#         203
  C:65F0H         LINE#         204
  C:65F0H         LINE#         205
  C:65FAH         LINE#         206
  C:6604H         LINE#         207
  C:660AH         LINE#         208
  C:6624H         LINE#         210
  C:6624H         LINE#         211
  C:662AH         LINE#         212
  C:6630H         LINE#         213
  C:663AH         LINE#         214
  C:6651H         LINE#         215
  C:6651H         LINE#         216
  C:6651H         LINE#         217
  C:6653H         LINE#         218
  C:6653H         LINE#         219
  C:6653H         LINE#         220
  C:6665H         LINE#         221
  C:666BH         LINE#         222
  C:667EH         LINE#         223
  C:6684H         LINE#         224
  C:6684H         LINE#         225
  C:6686H         LINE#         226
  C:6686H         LINE#         227
  C:668BH         LINE#         228
  C:6690H         LINE#         229
  C:6690H         LINE#         230
  C:6690H         LINE#         231
  C:669DH         LINE#         232
  C:669DH         LINE#         234
  C:66A0H         LINE#         235
  C:66A5H         LINE#         236
  C:66AAH         LINE#         238
  C:66CAH         LINE#         240
  C:66CAH         LINE#         241
  C:66D0H         LINE#         242
  C:66D6H         LINE#         243
  C:66D6H         LINE#         244
  C:66D6H         LINE#         245
BL51 BANKED LINKER/LOCATER V6.22.2.0                                                  03/04/2022  11:08:01  PAGE 22


  -------         ENDPROC       _RECEIVEFRAME
  -------         PROC          OPRATIONFRAME
  -------         DO            
  I:00D9H         SYMBOL        i
  -------         ENDDO         
  C:49FEH         LINE#         247
  C:49FEH         LINE#         248
  C:49FEH         LINE#         249
  C:4A02H         LINE#         250
  C:4A17H         LINE#         251
  C:4A3CH         LINE#         252
  C:4A4CH         LINE#         253
  C:4A4CH         LINE#         254
  C:4A5AH         LINE#         255
  C:4A66H         LINE#         256
  C:4A74H         LINE#         260
  C:4AC6H         LINE#         261
  C:4AF8H         LINE#         262
  C:4B06H         LINE#         263
  C:4B0AH         LINE#         264
  C:4B32H         LINE#         265
  C:4B32H         LINE#         266
  C:4B32H         LINE#         267
  C:4B32H         LINE#         268
  C:4B32H         LINE#         269
  C:4B32H         LINE#         270
  C:4B32H         LINE#         271
  C:4B32H         LINE#         272
  C:4B34H         LINE#         273
  C:4B34H         LINE#         274
  C:4B39H         LINE#         276
  C:4B39H         LINE#         277
  C:4B39H         LINE#         278
  C:4B5CH         LINE#         279
  C:4B5CH         LINE#         280
  C:4B5CH         LINE#         281
  C:4B5CH         LINE#         282
  C:4B5CH         LINE#         283
  C:4B5CH         LINE#         284
  C:4B5CH         LINE#         285
  C:4B5CH         LINE#         286
  C:4B5EH         LINE#         287
  C:4B5EH         LINE#         288
  C:4B63H         LINE#         290
  C:4B63H         LINE#         291
  C:4B63H         LINE#         292
  C:4B94H         LINE#         293
  C:4B94H         LINE#         294
  C:4B94H         LINE#         295
  C:4B94H         LINE#         296
  C:4B94H         LINE#         297
  C:4B94H         LINE#         298
  C:4B94H         LINE#         299
  C:4B94H         LINE#         300
  C:4B94H         LINE#         301
  C:4B94H         LINE#         302
  C:4B94H         LINE#         303
BL51 BANKED LINKER/LOCATER V6.22.2.0                                                  03/04/2022  11:08:01  PAGE 23


  C:4B94H         LINE#         304
  C:4B94H         LINE#         305
  C:4B94H         LINE#         306
  C:4B95H         LINE#         307
  C:4B95H         LINE#         308
  C:4B9AH         LINE#         310
  C:4B9AH         LINE#         311
  C:4B9AH         LINE#         312
  C:4B9BH         LINE#         313
  C:4BABH         LINE#         314
  C:4BABH         LINE#         315
  C:4BB0H         LINE#         316
  C:4BB5H         LINE#         317
  C:4BEFH         LINE#         318
  C:4BFDH         LINE#         319
  C:4C1BH         LINE#         320
  C:4C20H         LINE#         321
  C:4C25H         LINE#         322
  C:4C2BH         LINE#         323
  C:4C2CH         LINE#         324
  C:4C39H         LINE#         325
  C:4C39H         LINE#         326
  C:4C61H         LINE#         327
  C:4C61H         LINE#         328
  C:4C65H         LINE#         329
  C:4C6BH         LINE#         330
  C:4C7DH         LINE#         331
  C:4C83H         LINE#         332
  C:4C88H         LINE#         333
  C:4C92H         LINE#         334
  C:4C93H         LINE#         336
  C:4C93H         LINE#         337
  C:4C97H         LINE#         338
  C:4C9DH         LINE#         339
  C:4CA7H         LINE#         340
  C:4CADH         LINE#         341
  C:4CADH         LINE#         342
  C:4CAEH         LINE#         343
  C:4CBBH         LINE#         344
  C:4CBBH         LINE#         345
  C:4CDAH         LINE#         346
  C:4CDAH         LINE#         347
  C:4CDAH         LINE#         348
  C:4CE0H         LINE#         349
  C:4CEAH         LINE#         350
  C:4CEBH         LINE#         351
  C:4CEBH         LINE#         352
  C:4CF1H         LINE#         353
  C:4CFBH         LINE#         354
  C:4CFCH         LINE#         355
  C:4CFCH         LINE#         356
  C:4D02H         LINE#         357
  C:4D0CH         LINE#         358
  C:4D0DH         LINE#         359
  C:4D0DH         LINE#         360
  C:4D13H         LINE#         361
  C:4D14H         LINE#         362
BL51 BANKED LINKER/LOCATER V6.22.2.0                                                  03/04/2022  11:08:01  PAGE 24


  C:4D14H         LINE#         363
  C:4D1AH         LINE#         364
  C:4D1BH         LINE#         365
  C:4D1BH         LINE#         366
  C:4D21H         LINE#         367
  C:4D22H         LINE#         368
  C:4D22H         LINE#         369
  C:4D23H         LINE#         370
  C:4D23H         LINE#         372
  C:4D24H         LINE#         374
  C:4D24H         LINE#         375
  C:4D28H         LINE#         377
  C:4D28H         LINE#         378
  -------         ENDPROC       OPRATIONFRAME
  -------         PROC          TRANMISSIONACK
  C:6FFCH         LINE#         381
  C:6FFCH         LINE#         382
  C:6FFCH         LINE#         383
  C:7014H         LINE#         384
  C:7014H         LINE#         385
  C:701AH         LINE#         386
  C:7025H         LINE#         387
  C:702AH         LINE#         388
  C:702AH         LINE#         390
  C:7042H         LINE#         391
  C:7042H         LINE#         392
  C:704DH         LINE#         393
  C:7052H         LINE#         394
  C:7057H         LINE#         395
  C:7057H         LINE#         396
  -------         ENDPROC       TRANMISSIONACK
  -------         PROC          PC_PRG
  -------         DO            
  X:0646H         SYMBOL        send_dat
  X:0650H         SYMBOL        send_ok
  X:0654H         SYMBOL        UART_ID_data
  X:0658H         SYMBOL        re_byte
  -------         ENDDO         
  C:0026H         LINE#         399
  C:0026H         LINE#         400
  C:0026H         LINE#         401
  C:004BH         LINE#         402
  C:0070H         LINE#         404
  C:0075H         LINE#         406
  C:0081H         LINE#         407
  C:0081H         LINE#         408
  C:008FH         LINE#         410
  C:00C4H         LINE#         411
  C:00C4H         LINE#         412
  C:00D0H         LINE#         413
  C:00DCH         LINE#         414
  C:00E8H         LINE#         415
  C:00EAH         LINE#         416
  C:00ECH         LINE#         417
  C:00EEH         LINE#         418
  C:00F0H         LINE#         419
  C:00F2H         LINE#         420
BL51 BANKED LINKER/LOCATER V6.22.2.0                                                  03/04/2022  11:08:01  PAGE 25


  C:00F4H         LINE#         421
  C:00FCH         LINE#         422
  C:0104H         LINE#         423
  C:0109H         LINE#         424
  C:010EH         LINE#         425
  C:0119H         LINE#         426
  C:0119H         LINE#         427
  C:0133H         LINE#         428
  C:0133H         LINE#         429
  C:0155H         LINE#         430
  C:0155H         LINE#         431
  C:0155H         LINE#         432
  C:0162H         LINE#         433
  C:0162H         LINE#         434
  C:017AH         LINE#         435
  C:0186H         LINE#         436
  C:0192H         LINE#         437
  C:0196H         LINE#         438
  C:019BH         LINE#         439
  C:01A6H         LINE#         440
  C:01ABH         LINE#         441
  C:01B6H         LINE#         442
  C:01B6H         LINE#         443
  C:01B9H         LINE#         444
  C:01B9H         LINE#         445
  C:01D7H         LINE#         446
  C:01D7H         LINE#         447
  C:01E3H         LINE#         448
  C:01EFH         LINE#         449
  C:01FBH         LINE#         450
  C:01FDH         LINE#         451
  C:01FFH         LINE#         452
  C:0201H         LINE#         453
  C:0203H         LINE#         454
  C:0205H         LINE#         455
  C:0207H         LINE#         456
  C:020FH         LINE#         457
  C:0217H         LINE#         458
  C:021CH         LINE#         459
  C:0221H         LINE#         460
  C:022CH         LINE#         461
  C:022FH         LINE#         462
  C:0249H         LINE#         463
  C:0249H         LINE#         464
  C:0251H         LINE#         465
  C:0254H         LINE#         466
  C:025EH         LINE#         467
  C:0269H         LINE#         468
  C:0274H         LINE#         469
  C:0274H         LINE#         470
  C:0277H         LINE#         471
  C:0277H         LINE#         472
  C:028BH         LINE#         473
  C:028BH         LINE#         474
  C:02A3H         LINE#         475
  C:02AFH         LINE#         476
  C:02BBH         LINE#         477
BL51 BANKED LINKER/LOCATER V6.22.2.0                                                  03/04/2022  11:08:01  PAGE 26


  C:02BFH         LINE#         478
  C:02C4H         LINE#         479
  C:02CFH         LINE#         480
  C:02D4H         LINE#         481
  C:02DFH         LINE#         482
  C:02E2H         LINE#         483
  C:0300H         LINE#         484
  C:0300H         LINE#         485
  C:0306H         LINE#         486
  C:030CH         LINE#         487
  C:0312H         LINE#         488
  C:0324H         LINE#         489
  C:0335H         LINE#         490
  C:033BH         LINE#         491
  C:0346H         LINE#         492
  C:0349H         LINE#         493
  C:037AH         LINE#         494
  C:037AH         LINE#         495
  C:0386H         LINE#         496
  C:0398H         LINE#         497
  C:039DH         LINE#         498
  C:03A1H         LINE#         499
  C:03B6H         LINE#         500
  C:03B6H         LINE#         501
  C:03C0H         LINE#         502
  C:03D3H         LINE#         503
  C:03FAH         LINE#         504
  C:0411H         LINE#         505
  C:041CH         LINE#         506
  C:0443H         LINE#         507
  C:045AH         LINE#         508
  C:0465H         LINE#         509
  C:0468H         LINE#         510
  C:0495H         LINE#         511
  C:0495H         LINE#         512
  C:049FH         LINE#         513
  C:04B2H         LINE#         514
  C:04B9H         LINE#         515
  C:04E5H         LINE#         516
  C:04FCH         LINE#         517
  C:0507H         LINE#         518
  C:0533H         LINE#         519
  C:054AH         LINE#         520
  C:0555H         LINE#         521
  C:0555H         LINE#         522
  C:055AH         LINE#         523
  C:055AH         LINE#         524
  C:055DH         LINE#         526
  C:055DH         LINE#         527
  C:05A1H         LINE#         528
  C:05A1H         LINE#         529
  C:05A7H         LINE#         530
  C:05ADH         LINE#         531
  C:05B3H         LINE#         532
  C:05B9H         LINE#         533
  C:05BFH         LINE#         534
  C:05D5H         LINE#         535
BL51 BANKED LINKER/LOCATER V6.22.2.0                                                  03/04/2022  11:08:01  PAGE 27


  C:05E6H         LINE#         536
  C:05ECH         LINE#         537
  C:05F7H         LINE#         538
  C:05FAH         LINE#         539
  C:060EH         LINE#         540
  C:060EH         LINE#         541
  C:0610H         LINE#         542
  C:061CH         LINE#         543
  C:0624H         LINE#         544
  C:062CH         LINE#         545
  C:0631H         LINE#         546
  C:0635H         LINE#         547
  C:063AH         LINE#         548
  C:0644H         LINE#         549
  C:064FH         LINE#         550
  C:0652H         LINE#         551
  C:0657H         LINE#         552
  C:0663H         LINE#         553
  C:066EH         LINE#         554
  C:0671H         LINE#         555
  C:068BH         LINE#         556
  C:068BH         LINE#         557
  C:06B9H         LINE#         558
  C:06C6H         LINE#         559
  C:06CCH         LINE#         560
  C:06D2H         LINE#         561
  C:06D8H         LINE#         562
  C:06EEH         LINE#         563
  C:06FFH         LINE#         564
  C:0705H         LINE#         565
  C:070AH         LINE#         566
  C:0715H         LINE#         567
  C:0718H         LINE#         568
  C:0732H         LINE#         569
  C:0732H         LINE#         570
  C:074CH         LINE#         571
  C:074CH         LINE#         572
  C:0751H         LINE#         573
  C:075CH         LINE#         574
  C:0767H         LINE#         575
  C:0772H         LINE#         576
  C:07B6H         LINE#         577
  C:07CAH         LINE#         578
  C:07D0H         LINE#         579
  C:07D6H         LINE#         580
  C:07DCH         LINE#         581
  C:07EEH         LINE#         582
  C:07FFH         LINE#         583
  C:0811H         LINE#         584
  C:0822H         LINE#         585
  C:0834H         LINE#         586
  C:0845H         LINE#         587
  C:084BH         LINE#         588
  C:0856H         LINE#         589
  C:0856H         LINE#         590
  C:0856H         LINE#         591
  C:0859H         LINE#         592
BL51 BANKED LINKER/LOCATER V6.22.2.0                                                  03/04/2022  11:08:01  PAGE 28


  C:0859H         LINE#         593
  C:0873H         LINE#         594
  C:0873H         LINE#         595
  C:0879H         LINE#         596
  C:087FH         LINE#         597
  C:0885H         LINE#         598
  C:088AH         LINE#         599
  C:089CH         LINE#         600
  C:08B2H         LINE#         601
  C:08C3H         LINE#         602
  C:08C9H         LINE#         603
  C:08D4H         LINE#         604
  C:08D4H         LINE#         605
  C:08D7H         LINE#         606
  C:08D7H         LINE#         607
  C:08F1H         LINE#         608
  C:08F1H         LINE#         609
  C:0913H         LINE#         610
  C:0935H         LINE#         611
  C:0957H         LINE#         612
  C:0979H         LINE#         613
  C:099BH         LINE#         614
  C:09C2H         LINE#         615
  C:09C5H         LINE#         616
  C:09DFH         LINE#         617
  C:09DFH         LINE#         618
  C:0A01H         LINE#         619
  C:0A23H         LINE#         620
  C:0A45H         LINE#         621
  C:0A67H         LINE#         622
  C:0A89H         LINE#         623
  C:0AB0H         LINE#         624
  C:0AB0H         LINE#         625
  C:0AB3H         LINE#         626
  C:0AB3H         LINE#         627
  C:0AC7H         LINE#         628
  C:0AC7H         LINE#         629
  C:0ACCH         LINE#         630
  C:0ADEH         LINE#         631
  C:0AF0H         LINE#         632
  C:0B02H         LINE#         633
  C:0B15H         LINE#         635
  C:0B29H         LINE#         636
  C:0B34H         LINE#         637
  C:0B34H         LINE#         638
  C:0B34H         LINE#         639
  C:0B34H         LINE#         640
  C:0B34H         LINE#         641
  C:0B34H         LINE#         642
  C:0B34H         LINE#         643
  C:0B34H         LINE#         644
  C:0B4DH         LINE#         645
  -------         ENDPROC       PC_PRG
  -------         ENDMOD        UART

  -------         MODULE        IAP_FLASH
  C:0000H         SYMBOL        _ICE_DUMMY_
BL51 BANKED LINKER/LOCATER V6.22.2.0                                                  03/04/2022  11:08:01  PAGE 29


  D:0090H         PUBLIC        P1
  D:00A0H         PUBLIC        P2
  C:1DCAH         PUBLIC        ID_learn
  D:00E7H         PUBLIC        ISPCR
  D:00C0H         PUBLIC        XICON
  D:00B0H         PUBLIC        P3
  D:00E8H         PUBLIC        P4
  D:00F8H         PUBLIC        P5
  D:00F8H         PUBLIC        P6
  B:00A8H.7       PUBLIC        EA
  C:579FH         PUBLIC        _IAP_WriteBuf_With_Protect_Verify
  D:00A8H         PUBLIC        IE
  D:00B8H         PUBLIC        IP0L
  C:6BCCH         PUBLIC        IAP_Erase_All_ID
  C:7632H         PUBLIC        _IAP_WritePPage
  D:00BFH         PUBLIC        CKCON1
  D:00D8H         PUBLIC        CCON
  D:00E6H         PUBLIC        SCMD
  C:7685H         PUBLIC        _IAP_ErasePage
  D:00E3H         PUBLIC        IFADRH
  D:00E5H         PUBLIC        IFMT
  C:5531H         PUBLIC        _Delete_GeneralID_EEPROM
  B:00A0H.1       PUBLIC        P21
  D:00E4H         PUBLIC        IFADRL
  C:698AH         PUBLIC        ID_Login_EXIT_Initial
  D:0088H         PUBLIC        TCON
  B:00A0H.5       PUBLIC        P25
  C:74A9H         PUBLIC        _IAP_Write_Byte
  C:77E7H         SYMBOL        _?ix1000
  C:7810H         PUBLIC        Init_IAP_flash
  C:77EAH         SYMBOL        _?ix1001
  C:77EDH         SYMBOL        _?ix1002
  C:77F0H         SYMBOL        _?ix1003
  C:72FDH         PUBLIC        ALL_ID_EEPROM_Erase
  C:77F3H         SYMBOL        _?ix1004
  C:52BDH         PUBLIC        ID_EEPROM_write
  C:386FH         PUBLIC        eeprom_sys_load
  D:00E2H         PUBLIC        IFD
  C:6E5CH         PUBLIC        _ID_SCX1801_EEPROM_write
  D:0098H         PUBLIC        S0CON
  D:0098H         PUBLIC        S1CON
  D:00C8H         PUBLIC        T2CON
  D:00D0H         PUBLIC        PSW
  -------         PROC          INIT_IAP_FLASH
  C:7810H         LINE#         16
  C:7810H         LINE#         17
  C:7810H         LINE#         19
  C:7813H         LINE#         22
  C:781AH         LINE#         23
  -------         ENDPROC       INIT_IAP_FLASH
  -------         PROC          _IAP_WRITEPPAGE
  D:005CH         SYMBOL        PsfrAddr
  D:005DH         SYMBOL        PsfrData
  -------         DO            
  B:0020H.2       SYMBOL        bEA
  -------         ENDDO         
  C:7632H         LINE#         34
BL51 BANKED LINKER/LOCATER V6.22.2.0                                                  03/04/2022  11:08:01  PAGE 30


  C:7636H         LINE#         35
  C:7636H         LINE#         36
  C:763AH         LINE#         37
  C:763CH         LINE#         38
  C:763FH         LINE#         39
  C:7642H         LINE#         40
  C:7645H         LINE#         41
  C:7648H         LINE#         42
  C:764BH         LINE#         44
  C:764EH         LINE#         46
  C:7651H         LINE#         47
  C:7652H         LINE#         48
  C:7655H         LINE#         49
  C:7658H         LINE#         50
  C:765CH         LINE#         51
  -------         ENDPROC       _IAP_WRITEPPAGE
  -------         PROC          _IAP_ERASEPAGE
  D:0065H         SYMBOL        ByteAddr
  -------         DO            
  B:0020H.3       SYMBOL        bEA
  -------         ENDDO         
  C:7685H         LINE#         92
  C:7687H         LINE#         93
  C:7687H         LINE#         94
  C:768BH         LINE#         95
  C:768EH         LINE#         96
  C:7691H         LINE#         97
  C:7693H         LINE#         98
  C:7696H         LINE#         99
  C:7699H         LINE#         101
  C:769CH         LINE#         103
  C:769FH         LINE#         104
  C:76A0H         LINE#         105
  C:76A3H         LINE#         106
  C:76A6H         LINE#         107
  C:76AAH         LINE#         108
  -------         ENDPROC       _IAP_ERASEPAGE
  -------         PROC          _IAP_WRITEBUF_WITH_PROTECT_VERIFY
  D:0018H         SYMBOL        ByteAddr
  D:001AH         SYMBOL        pBuf
  D:001DH         SYMBOL        Cnt
  -------         DO            
  X:03B5H         SYMBOL        TempBuf
  X:05B5H         SYMBOL        i
  X:05B7H         SYMBOL        ErrCnt
  X:05B8H         SYMBOL        SectorAddr
  B:0020H.4       SYMBOL        bEA
  C:5885H         SYMBOL        Err_Loop
  C:59C1H         SYMBOL        Err_Return
  -------         ENDDO         
  C:579FH         LINE#         123
  C:57A9H         LINE#         124
  C:57A9H         LINE#         129
  C:57ADH         LINE#         131
  C:57AFH         LINE#         132
  C:57B4H         LINE#         134
  C:57C3H         LINE#         135
BL51 BANKED LINKER/LOCATER V6.22.2.0                                                  03/04/2022  11:08:01  PAGE 31


  C:57D9H         LINE#         136
  C:57D9H         LINE#         137
  C:57E0H         LINE#         138
  C:57E7H         LINE#         139
  C:57EAH         LINE#         140
  C:57EDH         LINE#         141
  C:57F0H         LINE#         142
  C:57F3H         LINE#         143
  C:57F6H         LINE#         144
  C:57F9H         LINE#         145
  C:5807H         LINE#         146
  C:581CH         LINE#         147
  C:581FH         LINE#         148
  C:582FH         LINE#         150
  C:583EH         LINE#         151
  C:5844H         LINE#         152
  C:5844H         LINE#         153
  C:5862H         LINE#         154
  C:586DH         LINE#         155
  C:587BH         LINE#         156
  C:5883H         LINE#         157
  C:5885H         LINE#         158
  C:5885H         LINE#         160
  C:5894H         LINE#         161
  C:589BH         LINE#         162
  C:589EH         LINE#         163
  C:58A1H         LINE#         164
  C:58A4H         LINE#         166
  C:58A7H         LINE#         168
  C:58AAH         LINE#         169
  C:58ABH         LINE#         170
  C:58AEH         LINE#         171
  C:58B1H         LINE#         173
  C:58C7H         LINE#         174
  C:58C7H         LINE#         175
  C:58DDH         LINE#         176
  C:58E4H         LINE#         177
  C:58EBH         LINE#         178
  C:58EEH         LINE#         179
  C:58F1H         LINE#         181
  C:58F4H         LINE#         183
  C:58F7H         LINE#         184
  C:58F8H         LINE#         185
  C:58FBH         LINE#         186
  C:58FEH         LINE#         187
  C:590CH         LINE#         188
  C:590FH         LINE#         189
  C:591FH         LINE#         191
  C:592EH         LINE#         192
  C:5944H         LINE#         193
  C:5944H         LINE#         194
  C:594BH         LINE#         195
  C:5952H         LINE#         196
  C:5955H         LINE#         197
  C:5958H         LINE#         199
  C:595BH         LINE#         201
  C:595EH         LINE#         202
BL51 BANKED LINKER/LOCATER V6.22.2.0                                                  03/04/2022  11:08:01  PAGE 32


  C:5961H         LINE#         203
  C:5964H         LINE#         204
  C:5972H         LINE#         205
  C:5975H         LINE#         206
  C:598EH         LINE#         207
  C:598EH         LINE#         208
  C:5994H         LINE#         209
  C:59A6H         LINE#         210
  C:59A6H         LINE#         211
  C:59A9H         LINE#         212
  C:59A9H         LINE#         214
  C:59A9H         LINE#         215
  C:59ABH         LINE#         216
  C:59ABH         LINE#         217
  C:59ABH         LINE#         218
  C:59BCH         LINE#         219
  C:59C1H         LINE#         220
  C:59C1H         LINE#         221
  C:59C5H         LINE#         222
  C:59CAH         LINE#         223
  -------         ENDPROC       _IAP_WRITEBUF_WITH_PROTECT_VERIFY
  -------         PROC          _IAP_WRITE_BYTE
  D:0056H         SYMBOL        Addr
  D:0058H         SYMBOL        wdata
  -------         DO            
  B:0020H.5       SYMBOL        bEA
  -------         ENDDO         
  C:74A9H         LINE#         226
  C:74AFH         LINE#         227
  C:74AFH         LINE#         228
  C:74B3H         LINE#         229
  C:74B5H         LINE#         230
  C:74B8H         LINE#         231
  C:74C2H         LINE#         232
  C:74C9H         LINE#         233
  C:74CCH         LINE#         234
  C:74CFH         LINE#         235
  C:74D2H         LINE#         236
  C:74D5H         LINE#         237
  C:74D6H         LINE#         238
  C:74D9H         LINE#         239
  C:74DCH         LINE#         240
  C:74E0H         LINE#         241
  -------         ENDPROC       _IAP_WRITE_BYTE
  -------         PROC          IAP_ERASE_ALL_ID
  -------         DO            
  X:05BAH         SYMBOL        read_rf
  X:05BBH         SYMBOL        scx1801_id
  -------         ENDDO         
  C:6BCCH         LINE#         244
  C:6BCCH         LINE#         245
  C:6BCCH         LINE#         246
  C:6BD1H         LINE#         247
  C:6BF6H         LINE#         249
  C:6C01H         LINE#         250
  C:6C0CH         LINE#         251
  C:6C17H         LINE#         252
BL51 BANKED LINKER/LOCATER V6.22.2.0                                                  03/04/2022  11:08:01  PAGE 33


  C:6C22H         LINE#         254
  C:6C27H         LINE#         255
  C:6C2AH         LINE#         257
  C:6C2FH         LINE#         258
  C:6C32H         LINE#         260
  C:6C3EH         LINE#         261
  C:6C4AH         LINE#         262
  C:6C56H         LINE#         263
  C:6C62H         LINE#         264
  -------         ENDPROC       IAP_ERASE_ALL_ID
  -------         PROC          EEPROM_SYS_LOAD
  -------         DO            
  I:00B0H         SYMBOL        offset
  I:00B1H         SYMBOL        i
  I:00B3H         SYMBOL        q
  I:00B5H         SYMBOL        p
  I:00B7H         SYMBOL        xm
  I:00BAH         SYMBOL        xn
  -------         ENDDO         
  C:386FH         LINE#         267
  C:386FH         LINE#         268
  C:386FH         LINE#         269
  C:3873H         LINE#         271
  C:3898H         LINE#         274
  C:38A2H         LINE#         275
  C:38ACH         LINE#         276
  C:38B6H         LINE#         277
  C:38BAH         LINE#         278
  C:38C2H         LINE#         279
  C:38CAH         LINE#         280
  C:38D2H         LINE#         281
  C:3904H         LINE#         282
  C:390FH         LINE#         284
  C:3919H         LINE#         285
  C:3923H         LINE#         286
  C:3941H         LINE#         287
  C:3951H         LINE#         288
  C:395BH         LINE#         289
  C:396CH         LINE#         290
  C:3975H         LINE#         291
  C:3984H         LINE#         292
  C:398BH         LINE#         293
  C:39AAH         LINE#         294
  C:39AAH         LINE#         295
  C:39CBH         LINE#         296
  C:39ECH         LINE#         297
  C:3A0DH         LINE#         298
  C:3A11H         LINE#         299
  C:3A19H         LINE#         300
  C:3A21H         LINE#         301
  C:3A29H         LINE#         302
  C:3A4FH         LINE#         303
  C:3A59H         LINE#         306
  C:3A79H         LINE#         307
  C:3A99H         LINE#         308
  C:3AB9H         LINE#         309
  C:3AC1H         LINE#         313
BL51 BANKED LINKER/LOCATER V6.22.2.0                                                  03/04/2022  11:08:01  PAGE 34


  C:3AD1H         LINE#         314
  C:3AD1H         LINE#         315
  C:3AD4H         LINE#         316
  C:3ADFH         LINE#         318
  C:3AE9H         LINE#         319
  C:3B13H         LINE#         320
  C:3B13H         LINE#         321
  C:3B1CH         LINE#         322
  C:3B42H         LINE#         323
  C:3B59H         LINE#         325
  C:3B7FH         LINE#         326
  C:3B96H         LINE#         328
  C:3BBCH         LINE#         329
  C:3BD3H         LINE#         331
  C:3BF9H         LINE#         332
  C:3C10H         LINE#         334
  C:3C36H         LINE#         335
  C:3C4DH         LINE#         336
  C:3C4EH         LINE#         337
  C:3C79H         LINE#         338
  C:3C79H         LINE#         339
  C:3C82H         LINE#         340
  C:3C88H         LINE#         341
  C:3CB3H         LINE#         342
  C:3CCAH         LINE#         344
  C:3CF5H         LINE#         345
  C:3D0CH         LINE#         347
  C:3D37H         LINE#         348
  C:3D4EH         LINE#         350
  C:3D79H         LINE#         351
  C:3D90H         LINE#         353
  C:3DBBH         LINE#         354
  C:3DD2H         LINE#         355
  C:3DD2H         LINE#         356
  C:3DD2H         LINE#         357
  -------         ENDPROC       EEPROM_SYS_LOAD
  -------         PROC          ID_EEPROM_WRITE
  -------         DO            
  I:0090H         SYMBOL        xm
  I:0093H         SYMBOL        i
  I:0095H         SYMBOL        j
  I:0097H         SYMBOL        m1
  I:0099H         SYMBOL        xn
  I:009DH         SYMBOL        xd
  -------         ENDDO         
  C:52BDH         LINE#         359
  C:52BDH         LINE#         360
  C:52BDH         LINE#         361
  C:52E2H         LINE#         364
  C:52F0H         LINE#         365
  C:5300H         LINE#         366
  C:530EH         LINE#         368
  C:5321H         LINE#         371
  C:5361H         LINE#         372
  C:53A1H         LINE#         373
  C:53DCH         LINE#         377
  C:53EFH         LINE#         379
BL51 BANKED LINKER/LOCATER V6.22.2.0                                                  03/04/2022  11:08:01  PAGE 35


  C:5406H         LINE#         380
  C:5406H         LINE#         381
  C:541BH         LINE#         382
  C:5432H         LINE#         383
  C:543AH         LINE#         384
  C:5451H         LINE#         385
  C:5459H         LINE#         386
  C:5470H         LINE#         387
  C:5474H         LINE#         388
  C:547CH         LINE#         389
  C:5484H         LINE#         390
  C:548CH         LINE#         391
  C:54B2H         LINE#         392
  C:54B4H         LINE#         393
  C:54B7H         LINE#         394
  C:54C2H         LINE#         396
  C:54CAH         LINE#         397
  C:54D2H         LINE#         398
  C:54DAH         LINE#         399
  C:54F0H         LINE#         401
  C:550EH         LINE#         403
  C:551FH         LINE#         404
  C:551FH         LINE#         405
  C:5522H         LINE#         406
  C:5527H         LINE#         407
  C:5530H         LINE#         408
  C:5530H         LINE#         409
[...]
  C:65B7H         LINE#         744
  C:65BEH         LINE#         745
  C:65C3H         LINE#         746
  C:65C7H         LINE#         747
  C:65D3H         LINE#         748
  C:65DAH         LINE#         749
  C:65DAH         LINE#         750
  -------         ENDPROC       SCAN_RECEIVE_PACKET
  -------         PROC          _TX_DATALOAD_HIGHSPEED
  D:0008H         SYMBOL        IDCache
  D:000CH         SYMBOL        CtrCmd
  D:0015H         SYMBOL        Packet
  -------         DO            
  X:05C4H         SYMBOL        i
  X:05C5H         SYMBOL        CRCTemp
  -------         ENDDO         
  C:3DD3H         LINE#         792
  C:3DDBH         LINE#         793
  C:3DDBH         LINE#         795
  C:3DE3H         LINE#         797
  C:3E34H         LINE#         798
  C:3E4BH         LINE#         799
  C:3E6FH         LINE#         801
  C:3E89H         LINE#         802
  C:3E89H         LINE#         803
  C:3EAEH         LINE#         804
  C:3F0AH         LINE#         805
  C:3F13H         LINE#         806
  C:3F2BH         LINE#         807
  C:3F2BH         LINE#         808
  C:3F50H         LINE#         809
  C:3F94H         LINE#         810
  C:3F9DH         LINE#         811
  C:3FA0H         LINE#         812
  C:3FB8H         LINE#         813
  C:3FB8H         LINE#         814
  C:3FDDH         LINE#         815
  C:402BH         LINE#         816
  C:4034H         LINE#         817
  C:404CH         LINE#         818
  C:404CH         LINE#         819
  C:4071H         LINE#         820
  C:40BFH         LINE#         821
  C:40C8H         LINE#         822
  C:40CBH         LINE#         823
  C:40E3H         LINE#         824
  C:40E3H         LINE#         825
  C:4108H         LINE#         826
  C:4156H         LINE#         827
  C:415FH         LINE#         828
  C:4177H         LINE#         829
  C:4177H         LINE#         830
  C:419CH         LINE#         831
  C:41EAH         LINE#         832
BL51 BANKED LINKER/LOCATER V6.22.2.0                                                  03/04/2022  11:08:01  PAGE 68


  C:41F3H         LINE#         833
  C:41F6H         LINE#         834
  C:4211H         LINE#         835
  C:4211H         LINE#         836
  C:4236H         LINE#         837
  C:4296H         LINE#         838
  C:429FH         LINE#         839
  -------         ENDPROC       _TX_DATALOAD_HIGHSPEED
  -------         ENDMOD        ML7345

  -------         MODULE        ML7345_HAL
  C:0000H         SYMBOL        _ICE_DUMMY_
  C:6A50H         PUBLIC        ML7345_DataRate_Set_4_8k
  D:0090H         PUBLIC        P1
  D:00A0H         PUBLIC        P2
  D:00C0H         PUBLIC        XICON
  D:00B0H         PUBLIC        P3
  D:00E8H         PUBLIC        P4
  D:00F8H         PUBLIC        P5
  D:00F8H         PUBLIC        P6
  D:00A8H         PUBLIC        IE
  C:737DH         PUBLIC        _ML7345_AutoTx_Data
  C:5D7BH         PUBLIC        _ML7345_Frequency_Set
  D:00B8H         PUBLIC        IP0L
  C:66D7H         PUBLIC        _ML7345_SetAndGet_State
  C:7470H         PUBLIC        _ML7345_StateFlag_Clear
  D:00D8H         PUBLIC        CCON
  C:75D6H         PUBLIC        _ML7345_AutoStateTransition_Set
  B:00A0H.2       PUBLIC        P22
  C:772AH         PUBLIC        ML7345_AllStateFlag_Clear
  B:00A0H.3       PUBLIC        P23
  D:0088H         PUBLIC        TCON
  B:00B0H.4       PUBLIC        P34
  C:503BH         PUBLIC        _ML7345_Frequency_Calcul
  C:7762H         PUBLIC        RF_SyncWord_DONE
  C:72BCH         PUBLIC        WaitStatus_Complete
  C:7513H         PUBLIC        SetReg_Rssi
  C:77A8H         PUBLIC        ML7345_GPIO0RxDoneInt_Enable
  C:7792H         PUBLIC        ML7345_GPIO0TxDoneInt_Enable
  D:0098H         PUBLIC        S0CON
  D:0098H         PUBLIC        S1CON
  D:00C8H         PUBLIC        T2CON
  C:7825H         PUBLIC        ML7345_RESETN_SET
  C:6B15H         PUBLIC        ML7345_DataRate_Set_1_2k
  C:75A6H         PUBLIC        _ML7345_ReadRx_Pack
  D:00D0H         PUBLIC        PSW
  -------         PROC          _ML7345_AUTOSTATETRANSITION_SET
  D:006BH         SYMBOL        sta
  C:75D6H         LINE#         10
  C:75D8H         LINE#         11
  C:75D8H         LINE#         12
  C:75DFH         LINE#         13
  C:75FDH         LINE#         14
  C:7604H         LINE#         15
  -------         ENDPROC       _ML7345_AUTOSTATETRANSITION_SET
  -------         PROC          _ML7345_SETANDGET_STATE
  D:006CH         SYMBOL        sta
BL51 BANKED LINKER/LOCATER V6.22.2.0                                                  03/04/2022  11:08:01  PAGE 69


  -------         DO            
  X:06D8H         SYMBOL        status
  -------         ENDDO         
  C:66D7H         LINE#         31
  C:66D9H         LINE#         32
  C:66D9H         LINE#         33
  C:66DEH         LINE#         35
  C:66E5H         LINE#         36
  C:66F4H         LINE#         37
  C:6701H         LINE#         38
  C:6701H         LINE#         39
  C:672CH         LINE#         40
  C:672CH         LINE#         41
  C:6733H         LINE#         42
  C:673BH         LINE#         43
  C:6750H         LINE#         44
  C:6750H         LINE#         45
  C:6767H         LINE#         46
  C:676AH         LINE#         47
  C:6796H         LINE#         48
  C:67A4H         LINE#         49
  C:67A7H         LINE#         50
  C:67AEH         LINE#         51
  C:67B1H         LINE#         52
  C:67B1H         LINE#         53
  C:67C0H         LINE#         54
  C:67C0H         LINE#         55
  C:67C0H         LINE#         56
  C:67C5H         LINE#         57
  -------         ENDPROC       _ML7345_SETANDGET_STATE
  -------         PROC          WAITSTATUS_COMPLETE
  -------         DO            
  X:06D9H         SYMBOL        count
  -------         ENDDO         
  C:72BCH         LINE#         60
  C:72BCH         LINE#         61
  C:72BCH         LINE#         62
  C:72C4H         LINE#         63
  C:72CBH         LINE#         64
  C:72CBH         LINE#         65
  C:72CBH         LINE#         66
  C:72D4H         LINE#         67
  C:72D4H         LINE#         68
  C:72DBH         LINE#         69
  C:72DEH         LINE#         70
  C:72DEH         LINE#         71
  C:72F7H         LINE#         72
  C:72FAH         LINE#         73
  C:72FCH         LINE#         74
  -------         ENDPROC       WAITSTATUS_COMPLETE
  -------         PROC          _ML7345_STATEFLAG_CLEAR
  D:006DH         SYMBOL        sta
  C:7470H         LINE#         81
  C:7472H         LINE#         82
  C:7472H         LINE#         83
  C:7479H         LINE#         84
  C:7483H         LINE#         85
BL51 BANKED LINKER/LOCATER V6.22.2.0                                                  03/04/2022  11:08:01  PAGE 70


  C:7483H         LINE#         86
  C:748AH         LINE#         87
  C:7491H         LINE#         88
  C:7492H         LINE#         89
  C:749AH         LINE#         90
  C:749AH         LINE#         91
  C:74A1H         LINE#         92
  C:74A8H         LINE#         93
  C:74A8H         LINE#         94
  -------         ENDPROC       _ML7345_STATEFLAG_CLEAR
  -------         PROC          ML7345_ALLSTATEFLAG_CLEAR
  C:772AH         LINE#         101
  C:772AH         LINE#         102
  C:772AH         LINE#         103
  C:7731H         LINE#         104
  C:7738H         LINE#         105
  C:773FH         LINE#         106
  C:7746H         LINE#         107
  -------         ENDPROC       ML7345_ALLSTATEFLAG_CLEAR
  -------         PROC          ML7345_DATARATE_SET_4_8K
  C:6A50H         LINE#         115
  C:6A50H         LINE#         116
  C:6A50H         LINE#         117
  C:6A57H         LINE#         118
  C:6A5EH         LINE#         119
  C:6A65H         LINE#         120
  C:6A6CH         LINE#         121
  C:6A73H         LINE#         122
  C:6A7AH         LINE#         123
  C:6A81H         LINE#         124
  C:6A88H         LINE#         125
  C:6A8FH         LINE#         126
  C:6A96H         LINE#         127
  C:6A9DH         LINE#         128
  C:6AA4H         LINE#         129
  C:6AABH         LINE#         130
  C:6AB2H         LINE#         131
  C:6AB9H         LINE#         132
  C:6AC0H         LINE#         133
  C:6AC7H         LINE#         134
  C:6ACEH         LINE#         135
  C:6AD5H         LINE#         136
  C:6ADCH         LINE#         137
  C:6AE3H         LINE#         138
  C:6AEAH         LINE#         139
  C:6AF1H         LINE#         140
  C:6AF8H         LINE#         141
  C:6AFFH         LINE#         142
  C:6B06H         LINE#         143
  C:6B0DH         LINE#         144
  C:6B14H         LINE#         145
  -------         ENDPROC       ML7345_DATARATE_SET_4_8K
  -------         PROC          ML7345_DATARATE_SET_1_2K
  C:6B15H         LINE#         147
  C:6B15H         LINE#         148
  C:6B15H         LINE#         149
  C:6B1CH         LINE#         150
BL51 BANKED LINKER/LOCATER V6.22.2.0                                                  03/04/2022  11:08:01  PAGE 71


  C:6B23H         LINE#         151
  C:6B2AH         LINE#         152
  C:6B31H         LINE#         153
  C:6B38H         LINE#         154
  C:6B3FH         LINE#         155
  C:6B46H         LINE#         156
  C:6B4DH         LINE#         157
  C:6B54H         LINE#         158
  C:6B5BH         LINE#         159
  C:6B62H         LINE#         160
  C:6B69H         LINE#         161
  C:6B70H         LINE#         162
  C:6B77H         LINE#         163
  C:6B7EH         LINE#         164
  C:6B85H         LINE#         165
  C:6B8CH         LINE#         166
  C:6B93H         LINE#         167
  C:6B9AH         LINE#         168
  C:6BA1H         LINE#         169
  C:6BA8H         LINE#         170
  C:6BAFH         LINE#         171
  C:6BB6H         LINE#         172
  C:6BBDH         LINE#         173
  C:6BC4H         LINE#         174
  C:6BCBH         LINE#         175
  -------         ENDPROC       ML7345_DATARATE_SET_1_2K
  -------         PROC          ML7345_RESETN_SET
  C:7825H         LINE#         283
  C:7825H         LINE#         284
  C:7825H         LINE#         285
  C:7827H         LINE#         286
  C:782CH         LINE#         287
  C:782EH         LINE#         288
  -------         ENDPROC       ML7345_RESETN_SET
  -------         PROC          _ML7345_FREQUENCY_SET
  D:0047H         SYMBOL        freq
  D:004AH         SYMBOL        radio_type
  C:5D7BH         LINE#         326
  C:5D83H         LINE#         327
  C:5D83H         LINE#         328
  C:5D8FH         LINE#         329
  C:5D9CH         LINE#         330
  C:5DA1H         LINE#         331
  C:5DA8H         LINE#         332
  C:5DB7H         LINE#         333
  C:5DCCH         LINE#         334
  C:5DE1H         LINE#         335
  C:5DF6H         LINE#         336
  C:5E05H         LINE#         337
  C:5E1AH         LINE#         338
  C:5E2FH         LINE#         339
  C:5E44H         LINE#         341
  C:5E59H         LINE#         342
  C:5E6EH         LINE#         343
  C:5E83H         LINE#         344
  C:5E98H         LINE#         346
  C:5E9FH         LINE#         347
BL51 BANKED LINKER/LOCATER V6.22.2.0                                                  03/04/2022  11:08:01  PAGE 72


  C:5EA6H         LINE#         348
  C:5EADH         LINE#         350
  C:5EBCH         LINE#         351
  C:5EC9H         LINE#         353
  C:5ED0H         LINE#         354
  C:5ED0H         LINE#         355
  C:5EDBH         LINE#         356
  C:5EDDH         LINE#         357
  C:5EDDH         LINE#         358
  C:5EDFH         LINE#         360
  C:5EE6H         LINE#         361
  C:5EF2H         LINE#         362
  -------         ENDPROC       _ML7345_FREQUENCY_SET
  -------         PROC          ML7345_GPIO0TXDONEINT_ENABLE
  C:7792H         LINE#         392
  C:7792H         LINE#         393
  C:7792H         LINE#         395
  C:7799H         LINE#         396
  C:77A0H         LINE#         397
  C:77A7H         LINE#         398
  -------         ENDPROC       ML7345_GPIO0TXDONEINT_ENABLE
  -------         PROC          ML7345_GPIO0RXDONEINT_ENABLE
  C:77A8H         LINE#         399
  C:77A8H         LINE#         400
  C:77A8H         LINE#         401
  C:77AFH         LINE#         403
  C:77B6H         LINE#         404
  C:77BDH         LINE#         405
  -------         ENDPROC       ML7345_GPIO0RXDONEINT_ENABLE
  -------         PROC          _ML7345_READRX_PACK
  D:004BH         SYMBOL        pbuf
  D:004EH         SYMBOL        len
  C:75A6H         LINE#         541
  C:75AEH         LINE#         542
  C:75AEH         LINE#         543
  C:75C0H         LINE#         544
  C:75C7H         LINE#         545
  C:75D5H         LINE#         546
  -------         ENDPROC       _ML7345_READRX_PACK
  -------         PROC          _ML7345_AUTOTX_DATA
  D:004FH         SYMBOL        pbuf
  D:0052H         SYMBOL        len
  C:737DH         LINE#         553
  C:7385H         LINE#         554
  C:7385H         LINE#         555
  C:7397H         LINE#         556
  C:739BH         LINE#         557
  C:73A2H         LINE#         558
  C:73A9H         LINE#         559
  C:73AEH         LINE#         560
  C:73BCH         LINE#         561
  -------         ENDPROC       _ML7345_AUTOTX_DATA
  -------         PROC          RF_SYNCWORD_DONE
  -------         DO            
  I:00DBH         SYMBOL        sync
  -------         ENDDO         
  C:7762H         LINE#         563
BL51 BANKED LINKER/LOCATER V6.22.2.0                                                  03/04/2022  11:08:01  PAGE 73


  C:7762H         LINE#         564
  C:7762H         LINE#         565
  C:7766H         LINE#         566
  C:776DH         LINE#         567
  C:7776H         LINE#         568
  C:777AH         LINE#         569
  -------         ENDPROC       RF_SYNCWORD_DONE
  -------         PROC          _ML7345_FREQUENCY_CALCUL
  D:0021H         SYMBOL        Freq
  D:0025H         SYMBOL        pbuf
  -------         DO            
  X:06DBH         SYMBOL        integer
  X:06DCH         SYMBOL        f_dec
  X:06E0H         SYMBOL        cal_val
  -------         ENDDO         
  C:503BH         LINE#         571
  C:5049H         LINE#         572
  C:5049H         LINE#         573
  C:504EH         LINE#         574
  C:5058H         LINE#         575
  C:5062H         LINE#         576
  C:507AH         LINE#         577
  C:50BBH         LINE#         578
  C:50DDH         LINE#         579
  C:50ECH         LINE#         580
  C:511FH         LINE#         581
  C:5152H         LINE#         582
  C:5180H         LINE#         584
  C:5198H         LINE#         585
  C:51B0H         LINE#         586
  C:51F1H         LINE#         587
  C:5213H         LINE#         588
  C:5228H         LINE#         589
  C:525BH         LINE#         590
  C:528EH         LINE#         591
  C:52BCH         LINE#         592
  -------         ENDPROC       _ML7345_FREQUENCY_CALCUL
  -------         PROC          SETREG_RSSI
  C:7513H         LINE#         594
  C:7513H         LINE#         595
  C:7513H         LINE#         596
  C:751AH         LINE#         597
  C:7521H         LINE#         598
  C:7528H         LINE#         599
  C:752FH         LINE#         600
  C:7536H         LINE#         601
  C:753DH         LINE#         602
  C:7544H         LINE#         603
  -------         ENDPROC       SETREG_RSSI
  -------         ENDMOD        ML7345_HAL

  -------         MODULE        ?C?FPADD
  C:2576H         PUBLIC        ?C?FPADD
  C:2572H         PUBLIC        ?C?FPSUB
  -------         ENDMOD        ?C?FPADD

  -------         MODULE        ?C?FPMUL
BL51 BANKED LINKER/LOCATER V6.22.2.0                                                  03/04/2022  11:08:01  PAGE 74


  C:2667H         PUBLIC        ?C?FPMUL
  -------         ENDMOD        ?C?FPMUL

  -------         MODULE        ?C?FPDIV
  C:2770H         PUBLIC        ?C?FPDIV
  -------         ENDMOD        ?C?FPDIV

  -------         MODULE        ?C?FCAST
  C:2817H         PUBLIC        ?C?FCASTC
  C:2812H         PUBLIC        ?C?FCASTI
  C:280DH         PUBLIC        ?C?FCASTL
  -------         ENDMOD        ?C?FCAST

  -------         MODULE        ?C?CASTF
  C:284BH         PUBLIC        ?C?CASTF
  -------         ENDMOD        ?C?CASTF

  -------         MODULE        ?C?COPY
  C:299CH         PUBLIC        ?C?COPY
  -------         ENDMOD        ?C?COPY

  -------         MODULE        ?C?CLDPTR
  C:29C2H         PUBLIC        ?C?CLDPTR
  -------         ENDMOD        ?C?CLDPTR

  -------         MODULE        ?C?CLDOPTR
  C:29DBH         PUBLIC        ?C?CLDOPTR
  -------         ENDMOD        ?C?CLDOPTR

  -------         MODULE        ?C?CSTPTR
  C:2A08H         PUBLIC        ?C?CSTPTR
  -------         ENDMOD        ?C?CSTPTR

  -------         MODULE        ?C?CSTOPTR
  C:2A1AH         PUBLIC        ?C?CSTOPTR
  -------         ENDMOD        ?C?CSTOPTR

  -------         MODULE        ?C?IMUL
  C:2A3CH         PUBLIC        ?C?IMUL
  -------         ENDMOD        ?C?IMUL

  -------         MODULE        ?C?UIDIV
  C:2A4EH         PUBLIC        ?C?UIDIV
  -------         ENDMOD        ?C?UIDIV

  -------         MODULE        ?C?SIDIV
  C:2AA3H         PUBLIC        ?C?SIDIV
  -------         ENDMOD        ?C?SIDIV

  -------         MODULE        ?C?ILDIX
  C:2AD9H         PUBLIC        ?C?ILDIX
  -------         ENDMOD        ?C?ILDIX

  -------         MODULE        ?C?LMUL
  C:2AEFH         PUBLIC        ?C?LMUL
  -------         ENDMOD        ?C?LMUL

BL51 BANKED LINKER/LOCATER V6.22.2.0                                                  03/04/2022  11:08:01  PAGE 75


  -------         MODULE        ?C?ULDIV
  C:2B7AH         PUBLIC        ?C?ULDIV
  -------         ENDMOD        ?C?ULDIV

  -------         MODULE        ?C?SLDIV
  C:7278H         PUBLIC        ?C?SLDIV
  -------         ENDMOD        ?C?SLDIV

  -------         MODULE        ?C?LNEG
  C:2C0CH         PUBLIC        ?C?LNEG
  -------         ENDMOD        ?C?LNEG

  -------         MODULE        ?C?ULCMP
  C:2C1AH         PUBLIC        ?C?ULCMP
  -------         ENDMOD        ?C?ULCMP

  -------         MODULE        ?C?ULSHR
  C:2C2BH         PUBLIC        ?C?ULSHR
  -------         ENDMOD        ?C?ULSHR

  -------         MODULE        ?C?LSHL
  C:2C3EH         PUBLIC        ?C?LSHL
  -------         ENDMOD        ?C?LSHL

  -------         MODULE        ?C?LLDIDATA
  C:2C51H         PUBLIC        ?C?LLDIDATA
  -------         ENDMOD        ?C?LLDIDATA

  -------         MODULE        ?C?LLDIDATA0
  C:2C5DH         PUBLIC        ?C?LLDIDATA0
  -------         ENDMOD        ?C?LLDIDATA0

  -------         MODULE        ?C?LSTIDATA
  C:2C6AH         PUBLIC        ?C?LSTIDATA
  -------         ENDMOD        ?C?LSTIDATA

  -------         MODULE        ?C?LSTXDATA
  C:2C76H         PUBLIC        ?C?LSTXDATA
  -------         ENDMOD        ?C?LSTXDATA

  -------         MODULE        ?C?LSTKIDATA
  C:2C82H         PUBLIC        ?C?LSTKIDATA
  -------         ENDMOD        ?C?LSTKIDATA

  -------         MODULE        ?C?LSTKXDATA
  C:2C9BH         PUBLIC        ?C?LSTKXDATA
  -------         ENDMOD        ?C?LSTKXDATA

  -------         MODULE        ?C?OFFXADD
  C:2CCCH         PUBLIC        ?C?OFFXADD
  -------         ENDMOD        ?C?OFFXADD

  -------         MODULE        ?C?CCASE
  C:2CD8H         PUBLIC        ?C?CCASE
  -------         ENDMOD        ?C?CCASE

*** WARNING L16: UNCALLED SEGMENT, IGNORED FOR OVERLAY PROCESS
BL51 BANKED LINKER/LOCATER V6.22.2.0                                                  03/04/2022  11:08:01  PAGE 76


    SEGMENT: ?PR?INIT_INT0?GPIO

Program Size: data=220.7 xdata=1767 code=30772
LINK/LOCATE RUN COMPLETE.  1 WARNING(S),  0 ERROR(S)
