BL51 BANKED LINKER/LOCATER V6.22.2.0                                                    04/15/2022  17:34:31  PAGE 1


BL51 BANKED LINKER/LOCATER V6.22.2.0, INVOKED BY:
C:\KEIL_V5\C51\BIN\BL51.EXE .\Objects\main.obj, .\Objects\sys.obj, .\Objects\gpio.obj, .\Objects\timer.obj, .\Objects\ua
>> rt.obj, .\Objects\IAP_flash.obj, .\Objects\spi.obj, .\Objects\ram.obj, .\Objects\ID_Decode.obj, .\Objects\ML7345.obj,
>>  .\Objects\ML7345_HAL.obj TO .\Objects\CRX1831DCM_MA82G5B32_Pro PRINT (.\Listings\CRX1831DCM_MA82G5B32_Pro.m51) RAMSI
>> ZE (256) CODE (0X0000-0X7FFF) XDATA (0X0000-0X06FF)


MEMORY MODEL: SMALL WITH FLOATING POINT ARITHMETIC


INPUT MODULES INCLUDED:
  .\Objects\main.obj (MAIN)
  .\Objects\sys.obj (SYS)
  .\Objects\gpio.obj (GPIO)
  .\Objects\timer.obj (TIMER)
  .\Objects\uart.obj (UART)
  .\Objects\IAP_flash.obj (IAP_FLASH)
  .\Objects\spi.obj (SPI)
  .\Objects\ram.obj (RAM)
  .\Objects\ID_Decode.obj (ID_DECODE)
  .\Objects\ML7345.obj (ML7345)
  .\Objects\ML7345_HAL.obj (ML7345_HAL)
  C:\KEIL_V5\C51\LIB\C51FPS.LIB (?C?FPADD)
  C:\KEIL_V5\C51\LIB\C51FPS.LIB (?C?FPMUL)
  C:\KEIL_V5\C51\LIB\C51FPS.LIB (?C?FPDIV)
  C:\KEIL_V5\C51\LIB\C51FPS.LIB (?C?FCAST)
  C:\KEIL_V5\C51\LIB\C51FPS.LIB (?C?CASTF)
  C:\KEIL_V5\C51\LIB\C51FPS.LIB (?C?FPGETOPN)
  C:\KEIL_V5\C51\LIB\C51S.LIB (?C_STARTUP)
  C:\KEIL_V5\C51\LIB\C51S.LIB (?C?COPY)
  C:\KEIL_V5\C51\LIB\C51S.LIB (?C?CLDPTR)
  C:\KEIL_V5\C51\LIB\C51S.LIB (?C?CLDOPTR)
  C:\KEIL_V5\C51\LIB\C51S.LIB (?C?CSTPTR)
  C:\KEIL_V5\C51\LIB\C51S.LIB (?C?CSTOPTR)
  C:\KEIL_V5\C51\LIB\C51S.LIB (?C?IMUL)
  C:\KEIL_V5\C51\LIB\C51S.LIB (?C?UIDIV)
  C:\KEIL_V5\C51\LIB\C51S.LIB (?C?SIDIV)
  C:\KEIL_V5\C51\LIB\C51S.LIB (?C?ILDIX)
  C:\KEIL_V5\C51\LIB\C51S.LIB (?C?LMUL)
  C:\KEIL_V5\C51\LIB\C51S.LIB (?C?ULDIV)
  C:\KEIL_V5\C51\LIB\C51S.LIB (?C?SLDIV)
  C:\KEIL_V5\C51\LIB\C51S.LIB (?C?LNEG)
  C:\KEIL_V5\C51\LIB\C51S.LIB (?C?ULCMP)
  C:\KEIL_V5\C51\LIB\C51S.LIB (?C?ULSHR)
  C:\KEIL_V5\C51\LIB\C51S.LIB (?C?LSHL)
  C:\KEIL_V5\C51\LIB\C51S.LIB (?C?LLDIDATA)
  C:\KEIL_V5\C51\LIB\C51S.LIB (?C?LLDIDATA0)
  C:\KEIL_V5\C51\LIB\C51S.LIB (?C?LSTIDATA)
  C:\KEIL_V5\C51\LIB\C51S.LIB (?C?LSTXDATA)
  C:\KEIL_V5\C51\LIB\C51S.LIB (?C?LSTKIDATA)
  C:\KEIL_V5\C51\LIB\C51S.LIB (?C?LSTKXDATA)
  C:\KEIL_V5\C51\LIB\C51S.LIB (?C?OFFXADD)
  C:\KEIL_V5\C51\LIB\C51S.LIB (?C?CCASE)
  C:\KEIL_V5\C51\LIB\C51S.LIB (?C_INIT)


LINK MAP OF MODULE:  .\Objects\CRX1831DCM_MA82G5B32_Pro (MAIN)

BL51 BANKED LINKER/LOCATER V6.22.2.0                                                  04/15/2022  17:34:31  PAGE 2



            TYPE    BASE      LENGTH    RELOCATION   SEGMENT NAME
            -----------------------------------------------------

            * * * * * * *   D A T A   M E M O R Y   * * * * * * *
            REG     0000H     0008H     ABSOLUTE     "REG BANK 0"
            DATA    0008H     0010H     UNIT         ?DT?_TX_DATALOAD_HIGHSPEED?ML7345
            DATA    0018H     0007H     UNIT         ?DT?_IAP_WRITEBUF_WITH_PROTECT_VERIFY?IAP_FLASH
            DATA    001FH     0001H     UNIT         ?DT?_DELAYXUS?TIMER
            BIT     0020H.0   0000H.1   UNIT         ?BI?_UART0SENDBYTE?UART
            BIT     0020H.1   0000H.1   UNIT         ?BI?UART
            BIT     0020H.2   0000H.1   UNIT         ?BI?_IAP_WRITEPPAGE?IAP_FLASH
            BIT     0020H.3   0000H.1   UNIT         ?BI?_IAP_ERASEPAGE?IAP_FLASH
            BIT     0020H.4   0000H.1   UNIT         ?BI?_IAP_WRITEBUF_WITH_PROTECT_VERIFY?IAP_FLASH
            BIT     0020H.5   0000H.1   UNIT         ?BI?_IAP_WRITE_BYTE?IAP_FLASH
            BIT     0020H.6   0000H.1   UNIT         ?BI?RAM
                    0020H.7   0000H.1                *** GAP ***
            DATA    0021H     0007H     UNIT         ?DT?_ML7345_FREQUENCY_CALCUL?ML7345_HAL
            DATA    0028H     0005H     UNIT         ?DT?_ML7345_WRITE_FIFO?SPI
            DATA    002DH     0005H     UNIT         ?DT?_ML7345_READ_FIFO?SPI
            DATA    0032H     0005H     UNIT         ?DT?_RF_ML7345_INIT?ML7345
            DATA    0037H     0004H     UNIT         ?DT?_SEND_DATA?UART
            DATA    003BH     0004H     UNIT         ?DT?_ID_SCX1801_EEPROM_WRITE?IAP_FLASH
            DATA    003FH     0004H     UNIT         ?DT?_DELETE_GENERALID_EEPROM?IAP_FLASH
            DATA    0043H     0004H     UNIT         ?DT?_BEEP_MODULE?ID_DECODE
            DATA    0047H     0004H     UNIT         ?DT?_ML7345_FREQUENCY_SET?ML7345_HAL
            DATA    004BH     0004H     UNIT         ?DT?_ML7345_READRX_PACK?ML7345_HAL
            DATA    004FH     0004H     UNIT         ?DT?_ML7345_AUTOTX_DATA?ML7345_HAL
            DATA    0053H     0003H     UNIT         ?DT?_ASC_HEX_2?UART
            DATA    0056H     0003H     UNIT         ?DT?_IAP_WRITE_BYTE?IAP_FLASH
            DATA    0059H     0003H     UNIT         ?DT?ML7345
            DATA    005CH     0002H     UNIT         ?DT?_IAP_WRITEPPAGE?IAP_FLASH
            DATA    005EH     0002H     UNIT         ?DT?_SPI_DELAY?SPI
            DATA    0060H     0002H     UNIT         ?DT?_ML7345_WRITE_REG?SPI
            DATA    0062H     0001H     UNIT         ?DT?_DELAY_MS?TIMER
            DATA    0063H     0001H     UNIT         ?DT?_UART0SENDBYTE?UART
            DATA    0064H     0001H     UNIT         ?DT?_ASC_HEX?UART
            DATA    0065H     0001H     UNIT         ?DT?_HEX_ASC?UART
            DATA    0066H     0001H     UNIT         ?DT?_RECEIVEFRAME?UART
            DATA    0067H     0001H     UNIT         ?DT?_IAP_ERASEPAGE?IAP_FLASH
            DATA    0068H     0001H     UNIT         ?DT?_SPI1_SENDRECV_DATA?SPI
            DATA    0069H     0001H     UNIT         ?DT?_ML7345_READ_REG?SPI
            DATA    006AH     0001H     UNIT         ?DT?_SIGNAL_DATA_DECODE?ID_DECODE
            DATA    006BH     0001H     UNIT         ?DT?_RETURN_ID_DATA?ID_DECODE
            DATA    006CH     0001H     UNIT         ?DT?_TX_DATA_TEST?ML7345
            DATA    006DH     0001H     UNIT         ?DT?_ML7345_AUTOSTATETRANSITION_SET?ML7345_HAL
            DATA    006EH     0001H     UNIT         ?DT?_ML7345_SETANDGET_STATE?ML7345_HAL
            DATA    006FH     0001H     UNIT         ?DT?_ML7345_STATEFLAG_CLEAR?ML7345_HAL
            IDATA   0070H     0022H     UNIT         ?ID?RAM
            IDATA   0092H     0011H     UNIT         ?ID?ID_EEPROM_WRITE?IAP_FLASH
            IDATA   00A3H     000FH     UNIT         ?ID?_DELETE_GENERALID_EEPROM?IAP_FLASH
            IDATA   00B2H     000EH     UNIT         ?ID?EEPROM_SYS_LOAD?IAP_FLASH
            IDATA   00C0H     0008H     UNIT         ?ID?_RETURN_ID_DATA?ID_DECODE
            IDATA   00C8H     0007H     UNIT         ?ID?_ID_SCX1801_EEPROM_WRITE?IAP_FLASH
            IDATA   00CFH     0003H     UNIT         ?ID?UART
            IDATA   00D2H     0002H     UNIT         ?ID?TIMER
            IDATA   00D4H     0002H     UNIT         ?ID?ALL_ID_EEPROM_ERASE?IAP_FLASH
BL51 BANKED LINKER/LOCATER V6.22.2.0                                                  04/15/2022  17:34:31  PAGE 3


            IDATA   00D6H     0002H     UNIT         ?ID?_BEEP_MODULE?ID_DECODE
            IDATA   00D8H     0002H     UNIT         ?ID?RECEIVER_BEEP?ID_DECODE
            IDATA   00DAH     0001H     UNIT         ?ID?INT_UART0?UART
            IDATA   00DBH     0001H     UNIT         ?ID?OPRATIONFRAME?UART
            IDATA   00DCH     0001H     UNIT         ?ID?ML7345_TRX_DEL?ML7345
            IDATA   00DDH     0001H     UNIT         ?ID?RF_SYNCWORD_DONE?ML7345_HAL
            IDATA   00DEH     0001H     UNIT         ?STACK

            * * * * * * *  X D A T A   M E M O R Y  * * * * * * *
            XDATA   0000H     03B5H     UNIT         ?XD?RAM
            XDATA   03B5H     0209H     UNIT         ?XD?IAP_FLASH
            XDATA   05BEH     0085H     UNIT         ?XD?ML7345
            XDATA   0643H     007BH     UNIT         ?XD?UART
            XDATA   06BEH     001AH     UNIT         ?XD?ID_DECODE
            XDATA   06D8H     000EH     UNIT         ?XD?ML7345_HAL
            XDATA   06E6H     0003H     UNIT         ?XD?SPI

            * * * * * * *   C O D E   M E M O R Y   * * * * * * *
            CODE    0000H     0003H     ABSOLUTE     
            CODE    0003H     0003H     ABSOLUTE     
            CODE    0006H     0005H     UNIT         ?PR?BEEP_OFF?TIMER
            CODE    000BH     0003H     ABSOLUTE     
            CODE    000EH     0004H     UNIT         ?PR?CLEARWDT?SYS
                    0012H     0001H                  *** GAP ***
            CODE    0013H     0003H     ABSOLUTE     
            CODE    0016H     000CH     UNIT         ?PR?INIT_INT0?GPIO
                    0022H     0001H                  *** GAP ***
            CODE    0023H     0003H     ABSOLUTE     
            CODE    0026H     0B28H     UNIT         ?PR?PC_PRG?UART
            CODE    0B4EH     0AD3H     UNIT         ?PR?ID_DECODE_OUT?ID_DECODE
            CODE    1621H     07B1H     UNIT         ?PR?APP_TX_PACKET?ML7345
            CODE    1DD2H     07A5H     UNIT         ?PR?ID_LEARN?IAP_FLASH
            CODE    2577H     078FH     UNIT         ?C?LIB_CODE
            CODE    2D06H     05BEH     UNIT         ?PR?ID_DECODE_IDCHECK?ID_DECODE
            CODE    32C4H     05B8H     UNIT         ?C_INITSEG
            CODE    387CH     0564H     UNIT         ?PR?EEPROM_SYS_LOAD?IAP_FLASH
            CODE    3DE0H     04CDH     UNIT         ?PR?_TX_DATALOAD_HIGHSPEED?ML7345
            CODE    42ADH     03CFH     UNIT         ?PR?_RF_ML7345_INIT?ML7345
            CODE    467CH     038FH     UNIT         ?PR?_SIGNAL_DATA_DECODE?ID_DECODE
            CODE    4A0BH     032BH     UNIT         ?PR?OPRATIONFRAME?UART
            CODE    4D36H     0315H     UNIT         ?PR?ML7345D_RF_TEST_MODE?ML7345
            CODE    504BH     0282H     UNIT         ?PR?_ML7345_FREQUENCY_CALCUL?ML7345_HAL
            CODE    52CDH     0274H     UNIT         ?PR?ID_EEPROM_WRITE?IAP_FLASH
            CODE    5541H     026EH     UNIT         ?PR?_DELETE_GENERALID_EEPROM?IAP_FLASH
            CODE    57AFH     022CH     UNIT         ?PR?_IAP_WRITEBUF_WITH_PROTECT_VERIFY?IAP_FLASH
            CODE    59DBH     01F2H     UNIT         ?PR?EEPROM_IDCHECK?ID_DECODE
            CODE    5BCDH     01C6H     UNIT         ?PR?ML7345_TRX_DEL?ML7345
            CODE    5D93H     0196H     UNIT         ?PR?_ML7345_FREQUENCY_SET?ML7345_HAL
            CODE    5F29H     014AH     UNIT         ?PR?INT_T0?TIMER
            CODE    6073H     0129H     UNIT         ?PR?RX_ANALYSIS?ML7345
            CODE    619CH     0127H     UNIT         ?PR?ML7345D_CHANGE_CHANNEL?ML7345
            CODE    62C3H     0127H     UNIT         ?PR?ML7345D_FREQ_SCANNING?ML7345
            CODE    63EAH     011AH     UNIT         ?PR?MAIN?MAIN
            CODE    6504H     010DH     UNIT         ?PR?SCAN_RECEIVE_PACKET?ML7345
            CODE    6611H     00FEH     UNIT         ?PR?INT_UART0?UART
            CODE    670FH     00FCH     UNIT         ?PR?_RECEIVEFRAME?UART
            CODE    680BH     00EFH     UNIT         ?PR?_ML7345_SETANDGET_STATE?ML7345_HAL
BL51 BANKED LINKER/LOCATER V6.22.2.0                                                  04/15/2022  17:34:31  PAGE 4


            CODE    68FAH     00D7H     UNIT         ?PR?_BEEP_MODULE?ID_DECODE
            CODE    69D1H     00C6H     UNIT         ?PR?ID_LOGIN_EXIT_INITIAL?IAP_FLASH
            CODE    6A97H     00C5H     UNIT         ?PR?ML7345_DATARATE_SET_4_8K?ML7345_HAL
            CODE    6B5CH     00B7H     UNIT         ?PR?ML7345_DATARATE_SET_1_2K?ML7345_HAL
            CODE    6C13H     0097H     UNIT         ?PR?IAP_ERASE_ALL_ID?IAP_FLASH
            CODE    6CAAH     008CH     UNIT         ?C_C51STARTUP
            CODE    6D36H     0081H     UNIT         ?PR?_ML7345_WRITE_FIFO?SPI
            CODE    6DB7H     007FH     UNIT         ?PR?DATARECEIVE?ML7345
            CODE    6E36H     0077H     UNIT         ?PR?UART_RF_BER_TEST?ML7345
            CODE    6EADH     0074H     UNIT         ?PR?_ID_SCX1801_EEPROM_WRITE?IAP_FLASH
            CODE    6F21H     006AH     UNIT         ?PR?_ML7345_READ_FIFO?SPI
            CODE    6F8BH     0066H     UNIT         ?PR?INIT_PORT?GPIO
            CODE    6FF1H     0064H     UNIT         ?PR?_RETURN_ID_DATA?ID_DECODE
            CODE    7055H     005CH     UNIT         ?PR?TRANMISSIONACK?UART
            CODE    70B1H     0055H     UNIT         ?PR?TEST_BEEP?ID_DECODE
            CODE    7106H     0051H     UNIT         ?PR?RF_BER_TEST?ML7345
            CODE    7157H     004FH     UNIT         ?PR?_TX_DATA_TEST?ML7345
            CODE    71A6H     004EH     UNIT         ?PR?INT_INT0?GPIO
            CODE    71F4H     004EH     UNIT         ?PR?INT_INT1?GPIO
            CODE    7242H     004AH     UNIT         ?PR?RECEIVER_BEEP?ID_DECODE
            CODE    728CH     0046H     UNIT         ?PR?INIT_CLOCK?SYS
            CODE    72D2H     0045H     UNIT         ?PR?INIT_PCA_PWM?TIMER
            CODE    7317H     0044H     UNIT         ?C?LDIV
            CODE    735BH     0042H     UNIT         ?PR?_ML7345_READ_REG?SPI
            CODE    739DH     0041H     UNIT         ?PR?WAITSTATUS_COMPLETE?ML7345_HAL
            CODE    73DEH     0040H     UNIT         ?PR?ALL_ID_EEPROM_ERASE?IAP_FLASH
            CODE    741EH     0040H     UNIT         ?PR?ML7345_MEASURBER_INIT?ML7345
            CODE    745EH     0040H     UNIT         ?PR?_ML7345_AUTOTX_DATA?ML7345_HAL
            CODE    749EH     003DH     UNIT         ?PR?_SEND_DATA?UART
            CODE    74DBH     0039H     UNIT         ?PR?_ML7345_WRITE_REG?SPI
            CODE    7514H     0039H     UNIT         ?PR?_ML7345_STATEFLAG_CLEAR?ML7345_HAL
            CODE    754DH     0038H     UNIT         ?PR?_IAP_WRITE_BYTE?IAP_FLASH
            CODE    7585H     0032H     UNIT         ?PR?INIT_UART0_T1?UART
            CODE    75B7H     0032H     UNIT         ?PR?INIT_UART0_T1_ODD?UART
            CODE    75E9H     0032H     UNIT         ?PR?SETREG_RSSI?ML7345_HAL
            CODE    761BH     0030H     UNIT         ?PR?_HEX_ASC?UART
            CODE    764BH     0030H     UNIT         ?PR?_ML7345_READRX_PACK?ML7345_HAL
            CODE    767BH     002FH     UNIT         ?PR?_ML7345_AUTOSTATETRANSITION_SET?ML7345_HAL
            CODE    76AAH     002DH     UNIT         ?PR?_ASC_HEX?UART
            CODE    76D7H     002BH     UNIT         ?PR?_IAP_WRITEPPAGE?IAP_FLASH
            CODE    7702H     0028H     UNIT         ?PR?BEEP_AND_LED?ID_DECODE
            CODE    772AH     0026H     UNIT         ?PR?_IAP_ERASEPAGE?IAP_FLASH
            CODE    7750H     0022H     UNIT         ?PR?INIT_SPI?SPI
            CODE    7772H     0020H     UNIT         ?PR?_DELAY_MS?TIMER
            CODE    7792H     001FH     UNIT         ?PR?INIT_TIMER0?TIMER
            CODE    77B1H     001EH     UNIT         ?PR?_ASC_HEX_2?UART
            CODE    77CFH     001DH     UNIT         ?PR?ML7345_ALLSTATEFLAG_CLEAR?ML7345_HAL
            CODE    77ECH     001CH     UNIT         ?PR?_UART0SENDBYTE?UART
            CODE    7808H     001BH     UNIT         ?PR?_SPI1_SENDRECV_DATA?SPI
            CODE    7823H     0019H     UNIT         ?PR?RF_SYNCWORD_DONE?ML7345_HAL
            CODE    783CH     0017H     UNIT         ?PR?_DELAYXUS?TIMER
            CODE    7853H     0016H     UNIT         ?PR?ML7345_GPIO0TXDONEINT_ENABLE?ML7345_HAL
            CODE    7869H     0016H     UNIT         ?PR?ML7345_GPIO0RXDONEINT_ENABLE?ML7345_HAL
            CODE    787FH     0014H     UNIT         ?PR?INIT_WDT?SYS
            CODE    7893H     0014H     UNIT         ?PR?_SPI_DELAY?SPI
            CODE    78A7H     000FH     UNIT         ?CO?IAP_FLASH
            CODE    78B6H     000EH     UNIT         ?CO?UART
BL51 BANKED LINKER/LOCATER V6.22.2.0                                                  04/15/2022  17:34:31  PAGE 5


            CODE    78C4H     000CH     UNIT         ?PR?INIT_INT1?GPIO
            CODE    78D0H     000BH     UNIT         ?PR?INIT_IAP_FLASH?IAP_FLASH
            CODE    78DBH     000AH     UNIT         ?PR?INIT_INTERRUPT?GPIO
            CODE    78E5H     000AH     UNIT         ?PR?ML7345_RESETN_SET?ML7345_HAL
            CODE    78EFH     0004H     UNIT         ?PR?INIT_BEEP?TIMER
            CODE    78F3H     0003H     UNIT         ?PR?BEEP_ON?TIMER



OVERLAY MAP OF MODULE:   .\Objects\CRX1831DCM_MA82G5B32_Pro (MAIN)


SEGMENT
  +--> CALLED SEGMENT
---------------------
?PR?INT_INT0?GPIO
  +--> ?PR?ML7345_TRX_DEL?ML7345
  +--> ?PR?DATARECEIVE?ML7345

?PR?ML7345_TRX_DEL?ML7345
  +--> ?PR?RF_SYNCWORD_DONE?ML7345_HAL
  +--> ?PR?_ML7345_SETANDGET_STATE?ML7345_HAL
  +--> ?PR?_RF_ML7345_INIT?ML7345
  +--> ?PR?ML7345_GPIO0RXDONEINT_ENABLE?ML73...
  +--> ?PR?_ML7345_WRITE_REG?SPI
  +--> ?PR?_ML7345_READ_REG?SPI
  +--> ?PR?_ML7345_STATEFLAG_CLEAR?ML7345_HAL

?PR?RF_SYNCWORD_DONE?ML7345_HAL
  +--> ?PR?_ML7345_WRITE_REG?SPI
  +--> ?PR?_ML7345_READ_REG?SPI

?PR?_ML7345_WRITE_REG?SPI
  +--> ?PR?_SPI_DELAY?SPI
  +--> ?PR?_SPI1_SENDRECV_DATA?SPI

?PR?_ML7345_READ_REG?SPI
  +--> ?PR?_SPI_DELAY?SPI
  +--> ?PR?_SPI1_SENDRECV_DATA?SPI

?PR?_ML7345_SETANDGET_STATE?ML7345_HAL
  +--> ?PR?_ML7345_WRITE_REG?SPI
  +--> ?PR?_ML7345_READ_REG?SPI
  +--> ?PR?WAITSTATUS_COMPLETE?ML7345_HAL
  +--> ?PR?_ML7345_FREQUENCY_CALCUL?ML7345_HAL
  +--> ?PR?CLEARWDT?SYS
  +--> ?PR?_RF_ML7345_INIT?ML7345

?PR?WAITSTATUS_COMPLETE?ML7345_HAL
  +--> ?PR?_ML7345_WRITE_REG?SPI
  +--> ?PR?_ML7345_READ_REG?SPI
  +--> ?PR?CLEARWDT?SYS

?PR?_RF_ML7345_INIT?ML7345
  +--> ?PR?ML7345_RESETN_SET?ML7345_HAL
  +--> ?PR?_ML7345_READ_REG?SPI
  +--> ?PR?_ML7345_WRITE_REG?SPI
BL51 BANKED LINKER/LOCATER V6.22.2.0                                                  04/15/2022  17:34:31  PAGE 6


  +--> ?PR?SETREG_RSSI?ML7345_HAL
  +--> ?PR?ML7345_DATARATE_SET_4_8K?ML7345_HAL
  +--> ?PR?ML7345_DATARATE_SET_1_2K?ML7345_HAL
  +--> ?PR?ML7345_ALLSTATEFLAG_CLEAR?ML7345_HAL

?PR?ML7345_RESETN_SET?ML7345_HAL
  +--> ?PR?_DELAY_MS?TIMER

?PR?_DELAY_MS?TIMER
  +--> ?PR?_DELAYXUS?TIMER

?PR?SETREG_RSSI?ML7345_HAL
  +--> ?PR?_ML7345_WRITE_REG?SPI

?PR?ML7345_DATARATE_SET_4_8K?ML7345_HAL
  +--> ?PR?_ML7345_WRITE_REG?SPI

?PR?ML7345_DATARATE_SET_1_2K?ML7345_HAL
  +--> ?PR?_ML7345_WRITE_REG?SPI

?PR?ML7345_ALLSTATEFLAG_CLEAR?ML7345_HAL
  +--> ?PR?_ML7345_WRITE_REG?SPI

?PR?ML7345_GPIO0RXDONEINT_ENABLE?ML73...
  +--> ?PR?_ML7345_WRITE_REG?SPI

?PR?_ML7345_STATEFLAG_CLEAR?ML7345_HAL
  +--> ?PR?_ML7345_WRITE_REG?SPI

*** NEW ROOT ***************************************************

?PR?INT_INT1?GPIO
  +--> ?PR?ML7345_TRX_DEL?ML7345
  +--> ?PR?DATARECEIVE?ML7345

*** NEW ROOT ***************************************************

?PR?INT_UART0?UART
  +--> ?PR?_RECEIVEFRAME?UART

?PR?_RECEIVEFRAME?UART
  +--> ?PR?OPRATIONFRAME?UART

*** NEW ROOT ***************************************************

?C_C51STARTUP
  +--> ?PR?MAIN?MAIN
  +--> ?C_INITSEG

?PR?MAIN?MAIN
  +--> ?PR?INIT_WDT?SYS
  +--> ?PR?INIT_CLOCK?SYS
  +--> ?PR?CLEARWDT?SYS
  +--> ?PR?INIT_IAP_FLASH?IAP_FLASH
  +--> ?PR?EEPROM_SYS_LOAD?IAP_FLASH
  +--> ?PR?INIT_PORT?GPIO
  +--> ?PR?INIT_TIMER0?TIMER
BL51 BANKED LINKER/LOCATER V6.22.2.0                                                  04/15/2022  17:34:31  PAGE 7


  +--> ?PR?INIT_UART0_T1_ODD?UART
  +--> ?PR?INIT_BEEP?TIMER
  +--> ?PR?INIT_SPI?SPI
  +--> ?PR?_RF_ML7345_INIT?ML7345
  +--> ?PR?INIT_INTERRUPT?GPIO
  +--> ?PR?ML7345D_RF_TEST_MODE?ML7345
  +--> ?PR?_ML7345_SETANDGET_STATE?ML7345_HAL
  +--> ?PR?TEST_BEEP?ID_DECODE
  +--> ?PR?ID_DECODE_OUT?ID_DECODE
  +--> ?PR?ID_LEARN?IAP_FLASH
  +--> ?PR?APP_TX_PACKET?ML7345
  +--> ?PR?ML7345D_FREQ_SCANNING?ML7345
  +--> ?PR?SCAN_RECEIVE_PACKET?ML7345
  +--> ?PR?TRANMISSIONACK?UART

?PR?INIT_CLOCK?SYS
  +--> ?PR?_DELAYXUS?TIMER

?PR?INIT_IAP_FLASH?IAP_FLASH
  +--> ?PR?_IAP_WRITEPPAGE?IAP_FLASH

?PR?EEPROM_SYS_LOAD?IAP_FLASH
  +--> ?CO?IAP_FLASH
  +--> ?PR?CLEARWDT?SYS
  +--> ?PR?_ML7345_FREQUENCY_CALCUL?ML7345_HAL

?PR?INIT_BEEP?TIMER
  +--> ?PR?INIT_PCA_PWM?TIMER

?PR?INIT_INTERRUPT?GPIO
  +--> ?PR?INIT_INT1?GPIO

?PR?ML7345D_RF_TEST_MODE?ML7345
  +--> ?PR?INIT_UART0_T1?UART
  +--> ?PR?_BEEP_MODULE?ID_DECODE
  +--> ?PR?CLEARWDT?SYS
  +--> ?PR?_ML7345_SETANDGET_STATE?ML7345_HAL
  +--> ?PR?_ML7345_FREQUENCY_SET?ML7345_HAL
  +--> ?PR?_TX_DATA_TEST?ML7345
  +--> ?PR?ML7345_MEASURBER_INIT?ML7345
  +--> ?PR?RF_BER_TEST?ML7345
  +--> ?PR?PC_PRG?UART
  +--> ?PR?_RF_ML7345_INIT?ML7345
  +--> ?PR?ML7345_GPIO0RXDONEINT_ENABLE?ML73...
  +--> ?PR?ML7345_GPIO0TXDONEINT_ENABLE?ML73...

?PR?_BEEP_MODULE?ID_DECODE
  +--> ?PR?BEEP_ON?TIMER
  +--> ?PR?_DELAYXUS?TIMER
  +--> ?PR?CLEARWDT?SYS
  +--> ?PR?BEEP_OFF?TIMER

?PR?_ML7345_FREQUENCY_SET?ML7345_HAL
  +--> ?PR?_ML7345_SETANDGET_STATE?ML7345_HAL
  +--> ?PR?_ML7345_WRITE_REG?SPI
  +--> ?PR?ML7345_DATARATE_SET_1_2K?ML7345_HAL
  +--> ?PR?ML7345_DATARATE_SET_4_8K?ML7345_HAL
BL51 BANKED LINKER/LOCATER V6.22.2.0                                                  04/15/2022  17:34:31  PAGE 8


  +--> ?PR?_ML7345_READ_REG?SPI

?PR?_TX_DATA_TEST?ML7345
  +--> ?PR?_ML7345_WRITE_REG?SPI
  +--> ?PR?_ML7345_SETANDGET_STATE?ML7345_HAL

?PR?ML7345_MEASURBER_INIT?ML7345
  +--> ?PR?_ML7345_WRITE_REG?SPI

?PR?PC_PRG?UART
  +--> ?CO?UART
  +--> ?PR?_ML7345_SETANDGET_STATE?ML7345_HAL
  +--> ?PR?_SEND_DATA?UART
  +--> ?PR?_ML7345_FREQUENCY_SET?ML7345_HAL
  +--> ?PR?_TX_DATA_TEST?ML7345
  +--> ?PR?ALL_ID_EEPROM_ERASE?IAP_FLASH
  +--> ?PR?_ID_SCX1801_EEPROM_WRITE?IAP_FLASH
  +--> ?PR?_HEX_ASC?UART
  +--> ?PR?_ASC_HEX_2?UART
  +--> ?PR?_IAP_WRITEBUF_WITH_PROTECT_VERIFY...
  +--> ?PR?_ML7345_FREQUENCY_CALCUL?ML7345_HAL
  +--> ?PR?ML7345_MEASURBER_INIT?ML7345
  +--> ?PR?UART_RF_BER_TEST?ML7345

?PR?_SEND_DATA?UART
  +--> ?PR?_UART0SENDBYTE?UART

?PR?ALL_ID_EEPROM_ERASE?IAP_FLASH
  +--> ?PR?CLEARWDT?SYS
  +--> ?PR?IAP_ERASE_ALL_ID?IAP_FLASH

?PR?IAP_ERASE_ALL_ID?IAP_FLASH
  +--> ?CO?IAP_FLASH
  +--> ?PR?_IAP_ERASEPAGE?IAP_FLASH
  +--> ?PR?CLEARWDT?SYS
  +--> ?PR?_IAP_WRITE_BYTE?IAP_FLASH

?PR?_ID_SCX1801_EEPROM_WRITE?IAP_FLASH
  +--> ?CO?IAP_FLASH
  +--> ?PR?_IAP_WRITEBUF_WITH_PROTECT_VERIFY...

?PR?_IAP_WRITEBUF_WITH_PROTECT_VERIFY...
  +--> ?PR?CLEARWDT?SYS

?PR?_ASC_HEX_2?UART
  +--> ?PR?_ASC_HEX?UART

?PR?ML7345_GPIO0TXDONEINT_ENABLE?ML73...
  +--> ?PR?_ML7345_WRITE_REG?SPI

?PR?TEST_BEEP?ID_DECODE
  +--> ?PR?_BEEP_MODULE?ID_DECODE
  +--> ?PR?BEEP_ON?TIMER

?PR?ID_DECODE_OUT?ID_DECODE
  +--> ?PR?_SEND_DATA?UART
  +--> ?PR?RECEIVER_BEEP?ID_DECODE
BL51 BANKED LINKER/LOCATER V6.22.2.0                                                  04/15/2022  17:34:31  PAGE 9



?PR?RECEIVER_BEEP?ID_DECODE
  +--> ?PR?_BEEP_MODULE?ID_DECODE

?PR?ID_LEARN?IAP_FLASH
  +--> ?PR?_BEEP_MODULE?ID_DECODE
  +--> ?PR?ID_LOGIN_EXIT_INITIAL?IAP_FLASH
  +--> ?PR?BEEP_OFF?TIMER
  +--> ?PR?BEEP_ON?TIMER
  +--> ?PR?BEEP_AND_LED?ID_DECODE
  +--> ?PR?_ID_SCX1801_EEPROM_WRITE?IAP_FLASH
  +--> ?PR?_DELETE_GENERALID_EEPROM?IAP_FLASH
  +--> ?PR?ID_EEPROM_WRITE?IAP_FLASH
  +--> ?PR?ALL_ID_EEPROM_ERASE?IAP_FLASH

?PR?ID_LOGIN_EXIT_INITIAL?IAP_FLASH
  +--> ?PR?_BEEP_MODULE?ID_DECODE
  +--> ?PR?BEEP_OFF?TIMER

?PR?BEEP_AND_LED?ID_DECODE
  +--> ?PR?_BEEP_MODULE?ID_DECODE
  +--> ?PR?BEEP_OFF?TIMER

?PR?_DELETE_GENERALID_EEPROM?IAP_FLASH
  +--> ?CO?IAP_FLASH
  +--> ?PR?_RETURN_ID_DATA?ID_DECODE
  +--> ?PR?CLEARWDT?SYS
  +--> ?PR?ALL_ID_EEPROM_ERASE?IAP_FLASH
  +--> ?PR?_IAP_WRITEBUF_WITH_PROTECT_VERIFY...

?PR?ID_EEPROM_WRITE?IAP_FLASH
  +--> ?CO?IAP_FLASH
  +--> ?PR?_IAP_WRITEBUF_WITH_PROTECT_VERIFY...
  +--> ?PR?CLEARWDT?SYS
  +--> ?PR?ID_LOGIN_EXIT_INITIAL?IAP_FLASH

?PR?APP_TX_PACKET?ML7345
  +--> ?PR?_TX_DATALOAD_HIGHSPEED?ML7345
  +--> ?PR?_ML7345_SETANDGET_STATE?ML7345_HAL
  +--> ?PR?_ML7345_WRITE_REG?SPI
  +--> ?PR?ML7345_GPIO0TXDONEINT_ENABLE?ML73...
  +--> ?PR?_ML7345_AUTOTX_DATA?ML7345_HAL
  +--> ?PR?_RF_ML7345_INIT?ML7345
  +--> ?PR?ML7345_GPIO0RXDONEINT_ENABLE?ML73...

?PR?_TX_DATALOAD_HIGHSPEED?ML7345
  +--> ?PR?CLEARWDT?SYS

?PR?_ML7345_AUTOTX_DATA?ML7345_HAL
  +--> ?PR?_ML7345_WRITE_REG?SPI
  +--> ?PR?_ML7345_AUTOSTATETRANSITION_SET?M...
  +--> ?PR?_ML7345_WRITE_FIFO?SPI

?PR?_ML7345_AUTOSTATETRANSITION_SET?M...
  +--> ?PR?_ML7345_WRITE_REG?SPI

?PR?_ML7345_WRITE_FIFO?SPI
BL51 BANKED LINKER/LOCATER V6.22.2.0                                                  04/15/2022  17:34:31  PAGE 10


  +--> ?PR?_SPI_DELAY?SPI
  +--> ?PR?_SPI1_SENDRECV_DATA?SPI

?PR?ML7345D_FREQ_SCANNING?ML7345
  +--> ?PR?ML7345D_CHANGE_CHANNEL?ML7345
  +--> ?PR?_RF_ML7345_INIT?ML7345
  +--> ?PR?ML7345_GPIO0RXDONEINT_ENABLE?ML73...
  +--> ?PR?_ML7345_SETANDGET_STATE?ML7345_HAL

?PR?ML7345D_CHANGE_CHANNEL?ML7345
  +--> ?PR?_ML7345_FREQUENCY_SET?ML7345_HAL

?PR?SCAN_RECEIVE_PACKET?ML7345
  +--> ?PR?_ML7345_READRX_PACK?ML7345_HAL
  +--> ?PR?_ML7345_STATEFLAG_CLEAR?ML7345_HAL
  +--> ?PR?RX_ANALYSIS?ML7345
  +--> ?PR?_ML7345_SETANDGET_STATE?ML7345_HAL
  +--> ?PR?_ML7345_READ_REG?SPI
  +--> ?PR?_ML7345_WRITE_REG?SPI

?PR?_ML7345_READRX_PACK?ML7345_HAL
  +--> ?PR?_ML7345_WRITE_REG?SPI
  +--> ?PR?_ML7345_READ_FIFO?SPI

?PR?_ML7345_READ_FIFO?SPI
  +--> ?PR?_SPI_DELAY?SPI
  +--> ?PR?_SPI1_SENDRECV_DATA?SPI

?PR?RX_ANALYSIS?ML7345
  +--> ?PR?ID_DECODE_IDCHECK?ID_DECODE

?PR?ID_DECODE_IDCHECK?ID_DECODE
  +--> ?PR?_SIGNAL_DATA_DECODE?ID_DECODE
  +--> ?PR?EEPROM_IDCHECK?ID_DECODE
  +--> ?PR?BEEP_AND_LED?ID_DECODE
  +--> ?PR?ID_EEPROM_WRITE?IAP_FLASH
  +--> ?PR?_ID_SCX1801_EEPROM_WRITE?IAP_FLASH
  +--> ?PR?_RETURN_ID_DATA?ID_DECODE
  +--> ?PR?_DELETE_GENERALID_EEPROM?IAP_FLASH

?PR?EEPROM_IDCHECK?ID_DECODE
  +--> ?PR?_RETURN_ID_DATA?ID_DECODE

?PR?TRANMISSIONACK?UART
  +--> ?PR?_SEND_DATA?UART



SYMBOL TABLE OF MODULE:  .\Objects\CRX1831DCM_MA82G5B32_Pro (MAIN)

  VALUE           TYPE          NAME
  ----------------------------------

  -------         MODULE        MAIN
  C:0000H         SYMBOL        _ICE_DUMMY_
  D:0090H         PUBLIC        P1
  D:00A0H         PUBLIC        P2
BL51 BANKED LINKER/LOCATER V6.22.2.0                                                  04/15/2022  17:34:31  PAGE 11


  D:00C0H         PUBLIC        XICON
  D:00B0H         PUBLIC        P3
  D:00E8H         PUBLIC        P4
  D:00F8H         PUBLIC        P5
  D:00F8H         PUBLIC        P6
  B:00A8H.7       PUBLIC        EA
  D:00A8H         PUBLIC        IE
  D:00B8H         PUBLIC        IP0L
  D:00D8H         PUBLIC        CCON
  C:63EAH         PUBLIC        main
  B:00A0H.2       PUBLIC        P22
  B:00A0H.3       PUBLIC        P23
  D:0088H         PUBLIC        TCON
  B:00B0H.5       PUBLIC        P35
  D:0098H         PUBLIC        S0CON
  D:0098H         PUBLIC        S1CON
  D:00C8H         PUBLIC        T2CON
  D:00D0H         PUBLIC        PSW
  -------         PROC          MAIN
  C:63EAH         LINE#         22
  C:63EAH         LINE#         23
  C:63EAH         LINE#         24
  C:63EDH         LINE#         25
  C:63F0H         LINE#         26
  C:63F3H         LINE#         27
  C:63F6H         LINE#         28
  C:63F9H         LINE#         29
  C:63FCH         LINE#         30
  C:63FFH         LINE#         31
  C:6402H         LINE#         32
  C:6405H         LINE#         33
  C:6408H         LINE#         34
  C:640BH         LINE#         35
  C:6415H         LINE#         36
  C:6423H         LINE#         37
  C:642DH         LINE#         38
  C:6430H         LINE#         39
  C:6433H         LINE#         40
  C:6435H         LINE#         41
  C:6438H         LINE#         42
  C:6446H         LINE#         43
  C:6454H         LINE#         44
  C:6459H         LINE#         45
  C:645EH         LINE#         46
  C:6463H         LINE#         47
  C:6467H         LINE#         49
  C:6467H         LINE#         50
  C:6467H         LINE#         51
  C:646AH         LINE#         52
  C:6478H         LINE#         54
  C:6484H         LINE#         55
  C:6487H         LINE#         56
  C:648AH         LINE#         57
  C:64A9H         LINE#         58
  C:64C0H         LINE#         59
  C:64C0H         LINE#         60
  C:64C3H         LINE#         61
BL51 BANKED LINKER/LOCATER V6.22.2.0                                                  04/15/2022  17:34:31  PAGE 12


  C:64C6H         LINE#         62
  C:64C6H         LINE#         63
  C:64C9H         LINE#         64
  C:64E1H         LINE#         65
  C:64E5H         LINE#         66
  C:64FEH         LINE#         67
  C:6500H         LINE#         68
  -------         ENDPROC       MAIN
  -------         ENDMOD        MAIN

  -------         MODULE        SYS
  C:0000H         SYMBOL        _ICE_DUMMY_
  D:0090H         PUBLIC        P1
  D:00A0H         PUBLIC        P2
  D:00E7H         PUBLIC        ISPCR
  D:00C0H         PUBLIC        XICON
  D:00B0H         PUBLIC        P3
  D:00E8H         PUBLIC        P4
  D:00F8H         PUBLIC        P5
  D:00F8H         PUBLIC        P6
  D:00E1H         PUBLIC        WDTCR
  D:00A8H         PUBLIC        IE
  D:00B8H         PUBLIC        IP0L
  D:00C7H         PUBLIC        CKCON0
  D:00D8H         PUBLIC        CCON
  D:00E6H         PUBLIC        SCMD
  D:00E3H         PUBLIC        IFADRH
  D:00E5H         PUBLIC        IFMT
  D:00E4H         PUBLIC        IFADRL
  D:0088H         PUBLIC        TCON
  D:00E2H         PUBLIC        IFD
  C:000EH         PUBLIC        ClearWDT
  D:0097H         PUBLIC        PCON1
  D:0098H         PUBLIC        S0CON
  C:728CH         PUBLIC        Init_Clock
  D:0098H         PUBLIC        S1CON
  C:787FH         PUBLIC        Init_WDT
  D:00C8H         PUBLIC        T2CON
  D:00D0H         PUBLIC        PSW
  -------         PROC          INIT_CLOCK
  C:728CH         LINE#         4
  C:728CH         LINE#         5
  C:728CH         LINE#         7
  C:728FH         LINE#         8
  C:7294H         LINE#         9
  C:72B0H         LINE#         10
  C:72B5H         LINE#         11
  C:72D1H         LINE#         21
  -------         ENDPROC       INIT_CLOCK
  -------         PROC          INIT_WDT
  C:787FH         LINE#         24
  C:787FH         LINE#         25
  C:787FH         LINE#         26
  C:7882H         LINE#         27
  C:788CH         LINE#         28
  C:788FH         LINE#         29
  C:7892H         LINE#         30
BL51 BANKED LINKER/LOCATER V6.22.2.0                                                  04/15/2022  17:34:31  PAGE 13


  -------         ENDPROC       INIT_WDT
  -------         PROC          CLEARWDT
  C:000EH         LINE#         32
  C:000EH         LINE#         33
  C:000EH         LINE#         34
  C:0011H         LINE#         35
  -------         ENDPROC       CLEARWDT
  -------         ENDMOD        SYS

  -------         MODULE        GPIO
  C:0000H         SYMBOL        _ICE_DUMMY_
  D:0091H         PUBLIC        P1M0
  D:0095H         PUBLIC        P2M0
  D:00B1H         PUBLIC        P3M0
  D:0090H         PUBLIC        P1
  D:00B3H         PUBLIC        P4M0
  D:00B2H         PUBLIC        P3M1
  D:00A0H         PUBLIC        P2
  D:00C0H         PUBLIC        XICON
  D:00B0H         PUBLIC        P3
  D:00E8H         PUBLIC        P4
  D:00F8H         PUBLIC        P5
  D:00F8H         PUBLIC        P6
  D:00A8H         PUBLIC        IE
  C:0016H         PUBLIC        Init_INT0
  C:78C4H         PUBLIC        Init_INT1
  D:00B8H         PUBLIC        IP0L
  C:6F8BH         PUBLIC        Init_Port
  D:00D8H         PUBLIC        CCON
  B:0090H.0       PUBLIC        P10
  B:00A0H.0       PUBLIC        P20
  B:0090H.1       PUBLIC        P11
  B:00A0H.1       PUBLIC        P21
  B:0090H.2       PUBLIC        P12
  B:00E8H.0       PUBLIC        P40
  B:0090H.3       PUBLIC        P13
  B:00E8H.1       PUBLIC        P41
  D:0088H         PUBLIC        TCON
  B:00A0H.4       PUBLIC        P24
  D:00B4H         PUBLIC        PUCON0
  B:00B0H.4       PUBLIC        P34
  B:00A0H.5       PUBLIC        P25
  B:0090H.6       PUBLIC        P16
  B:00B0H.5       PUBLIC        P35
  B:00A0H.7       PUBLIC        P27
  B:00A8H.4       PUBLIC        ES0
  B:00A8H.1       PUBLIC        ET0
  C:78DBH         PUBLIC        Init_Interrupt
  B:0088H.0       PUBLIC        IT0
  B:00A8H.2       PUBLIC        EX1
  B:0088H.2       PUBLIC        IT1
  D:0098H         PUBLIC        S0CON
  D:0098H         PUBLIC        S1CON
  D:00C8H         PUBLIC        T2CON
  C:71A6H         PUBLIC        INT_INT0
  C:71F4H         PUBLIC        INT_INT1
  D:00A1H         PUBLIC        AUXR0
BL51 BANKED LINKER/LOCATER V6.22.2.0                                                  04/15/2022  17:34:31  PAGE 14


  D:00C1H         PUBLIC        XICFG
  D:00D0H         PUBLIC        PSW
  -------         PROC          INIT_PORT
  C:6F8BH         LINE#         10
  C:6F8BH         LINE#         11
  C:6F8BH         LINE#         13
  C:6F8EH         LINE#         14
  C:6F91H         LINE#         15
  C:6F93H         LINE#         16
  C:6F96H         LINE#         19
  C:6F99H         LINE#         20
  C:6F9CH         LINE#         21
  C:6F9EH         LINE#         22
  C:6FA1H         LINE#         25
  C:6FA4H         LINE#         26
  C:6FA6H         LINE#         31
  C:6FA9H         LINE#         32
  C:6FACH         LINE#         33
  C:6FAEH         LINE#         36
  C:6FB1H         LINE#         37
  C:6FB4H         LINE#         38
  C:6FB6H         LINE#         44
  C:6FBCH         LINE#         48
  C:6FBFH         LINE#         49
  C:6FC3H         LINE#         50
  C:6FC6H         LINE#         58
  C:6FD4H         LINE#         59
  C:6FE2H         LINE#         60
  C:6FE4H         LINE#         61
  C:6FE6H         LINE#         62
  C:6FE8H         LINE#         63
  C:6FEAH         LINE#         64
  C:6FECH         LINE#         65
  C:6FEEH         LINE#         66
  C:6FF0H         LINE#         67
  -------         ENDPROC       INIT_PORT
  -------         PROC          INIT_INT0
  C:0016H         LINE#         80
  C:0016H         LINE#         81
  C:0016H         LINE#         82
  C:0019H         LINE#         83
  C:001EH         LINE#         85
  C:0021H         LINE#         86
  -------         ENDPROC       INIT_INT0
  -------         PROC          INIT_INT1
  C:78C4H         LINE#         97
  C:78C4H         LINE#         98
  C:78C4H         LINE#         99
  C:78C7H         LINE#         101
  C:78CCH         LINE#         102
  C:78CFH         LINE#         103
  -------         ENDPROC       INIT_INT1
  -------         PROC          INT_INT0
  C:71A6H         LINE#         115
  C:71C3H         LINE#         117
  C:71D6H         LINE#         118
  C:71D9H         LINE#         119
BL51 BANKED LINKER/LOCATER V6.22.2.0                                                  04/15/2022  17:34:31  PAGE 15


  -------         ENDPROC       INT_INT0
  -------         PROC          INT_INT1
  C:71F4H         LINE#         131
  C:7211H         LINE#         133
  C:7224H         LINE#         134
  C:7227H         LINE#         135
  -------         ENDPROC       INT_INT1
  -------         PROC          INIT_INTERRUPT
  C:78DBH         LINE#         144
  C:78DBH         LINE#         145
  C:78DBH         LINE#         150
  C:78DEH         LINE#         151
  C:78E0H         LINE#         153
  C:78E2H         LINE#         154
  C:78E4H         LINE#         155
  -------         ENDPROC       INIT_INTERRUPT
  -------         ENDMOD        GPIO

  -------         MODULE        TIMER
  C:0000H         SYMBOL        _ICE_DUMMY_
  D:00F2H         PUBLIC        PCAPWM6
  D:0090H         PUBLIC        P1
  D:00A0H         PUBLIC        P2
  D:00C0H         PUBLIC        XICON
  D:00B0H         PUBLIC        P3
  D:00E8H         PUBLIC        P4
  D:00F8H         PUBLIC        P5
  D:00F8H         PUBLIC        P6
  D:00ACH         PUBLIC        SFRPI
  D:00F9H         PUBLIC        CH
  D:00BCH         PUBLIC        PWMCR
  D:00A8H         PUBLIC        IE
  D:00E9H         PUBLIC        CL
  B:00D8H.6       PUBLIC        CR
  D:00B8H         PUBLIC        IP0L
  D:00FAH         PUBLIC        CCAP6H
  D:00EAH         PUBLIC        CCAP6L
  C:78F3H         PUBLIC        Beep_On
  D:00DAH         PUBLIC        CCAPM6
  C:72D2H         PUBLIC        Init_PCA_PWM
  D:00D9H         PUBLIC        CMOD
  D:00D8H         PUBLIC        CCON
  D:00CFH         PUBLIC        CHRL
  C:7792H         PUBLIC        Init_Timer0
  D:00CEH         PUBLIC        CLRL
  B:00A0H.0       PUBLIC        P20
  C:783CH         PUBLIC        _DelayXus
  D:0089H         PUBLIC        TMOD
  D:0088H         PUBLIC        TCON
  D:008CH         PUBLIC        TH0
  C:5F29H         PUBLIC        INT_T0
  D:008AH         PUBLIC        TL0
  C:7772H         PUBLIC        _delay_ms
  B:0088H.4       PUBLIC        TR0
  I:00D2H         PUBLIC        Time_Tx_Out
  D:0098H         PUBLIC        S0CON
  D:0098H         PUBLIC        S1CON
BL51 BANKED LINKER/LOCATER V6.22.2.0                                                  04/15/2022  17:34:31  PAGE 16


  D:00C8H         PUBLIC        T2CON
  D:00A1H         PUBLIC        AUXR0
  D:00A3H         PUBLIC        AUXR2
  C:78EFH         PUBLIC        Init_Beep
  C:0006H         PUBLIC        Beep_Off
  D:00F2H         PUBLIC        PCAPWM0
  D:00D0H         PUBLIC        PSW
  -------         PROC          INIT_TIMER0
  C:7792H         LINE#         29
  C:7792H         LINE#         30
  C:7792H         LINE#         31
  C:779CH         LINE#         33
  C:77A5H         LINE#         35
  C:77A8H         LINE#         37
  C:77ABH         LINE#         38
  C:77AEH         LINE#         40
  C:77B0H         LINE#         41
  -------         ENDPROC       INIT_TIMER0
  -------         PROC          INT_T0
  C:5F29H         LINE#         51
  C:5F3AH         LINE#         53
  C:5F3DH         LINE#         54
  C:5F40H         LINE#         56
  C:5F4CH         LINE#         57
  C:5F5AH         LINE#         58
  C:5F66H         LINE#         59
  C:5F74H         LINE#         60
  C:5F80H         LINE#         61
  C:5F8EH         LINE#         62
  C:5F99H         LINE#         63
  C:5FA1H         LINE#         64
  C:5FADH         LINE#         65
  C:5FBBH         LINE#         66
  C:5FC2H         LINE#         67
  C:5FC7H         LINE#         69
  C:5FC7H         LINE#         70
  C:5FCBH         LINE#         71
  C:5FD9H         LINE#         72
  C:5FD9H         LINE#         73
  C:5FE1H         LINE#         74
  C:5FE7H         LINE#         75
  C:5FEFH         LINE#         76
  C:5FF5H         LINE#         77
  C:5FFDH         LINE#         78
  C:6003H         LINE#         79
  C:600FH         LINE#         80
  C:601DH         LINE#         81
  C:6029H         LINE#         82
  C:6037H         LINE#         84
  C:604AH         LINE#         85
  C:6064H         LINE#         86
  -------         ENDPROC       INT_T0
  -------         PROC          INIT_PCA_PWM
  C:72D2H         LINE#         90
  C:72D2H         LINE#         91
  C:72D2H         LINE#         92
  C:72DCH         LINE#         93
BL51 BANKED LINKER/LOCATER V6.22.2.0                                                  04/15/2022  17:34:31  PAGE 17


  C:72E5H         LINE#         94
  C:72F1H         LINE#         95
  C:72F4H         LINE#         98
  C:730AH         LINE#         101
  C:7310H         LINE#         102
  C:7316H         LINE#         103
  -------         ENDPROC       INIT_PCA_PWM
  -------         PROC          INIT_BEEP
  C:78EFH         LINE#         105
  C:78EFH         LINE#         106
  C:78EFH         LINE#         107
  C:78F2H         LINE#         108
  -------         ENDPROC       INIT_BEEP
  -------         PROC          BEEP_ON
  C:78F3H         LINE#         110
  C:78F3H         LINE#         111
  C:78F3H         LINE#         112
  C:78F5H         LINE#         113
  -------         ENDPROC       BEEP_ON
  -------         PROC          BEEP_OFF
  C:0006H         LINE#         115
  C:0006H         LINE#         116
  C:0006H         LINE#         117
  C:0008H         LINE#         118
  C:000AH         LINE#         119
  -------         ENDPROC       BEEP_OFF
  -------         PROC          _DELAYXUS
  D:001FH         SYMBOL        xUs
  C:783CH         LINE#         129
  C:783EH         LINE#         130
  C:783EH         LINE#         131
  C:7846H         LINE#         132
  C:7846H         LINE#         133
  C:7847H         LINE#         134
  C:7848H         LINE#         135
  C:7849H         LINE#         136
  C:784AH         LINE#         137
  C:784BH         LINE#         138
  C:784CH         LINE#         139
  C:784DH         LINE#         140
  C:784EH         LINE#         141
  C:7850H         LINE#         142
  C:7852H         LINE#         143
  -------         ENDPROC       _DELAYXUS
  -------         PROC          _DELAY_MS
  D:0062H         SYMBOL        ms
  C:7772H         LINE#         153
  C:7774H         LINE#         154
  C:7774H         LINE#         155
  C:777BH         LINE#         156
  C:777BH         LINE#         157
  C:7780H         LINE#         158
  C:7785H         LINE#         159
  C:778AH         LINE#         160
  C:778FH         LINE#         161
  C:7791H         LINE#         162
  -------         ENDPROC       _DELAY_MS
BL51 BANKED LINKER/LOCATER V6.22.2.0                                                  04/15/2022  17:34:31  PAGE 18


  -------         ENDMOD        TIMER

  -------         MODULE        UART
  C:0000H         SYMBOL        _ICE_DUMMY_
  B:0098H.3       PUBLIC        TB80
  D:0090H         PUBLIC        P1
  D:00A0H         PUBLIC        P2
  B:0098H.6       PUBLIC        SM10
  D:00C0H         PUBLIC        XICON
  D:00B0H         PUBLIC        P3
  D:00E8H         PUBLIC        P4
  D:00F8H         PUBLIC        P5
  X:0659H         PUBLIC        Databits_t
  D:00F8H         PUBLIC        P6
  D:00ACH         PUBLIC        SFRPI
  X:065DH         PUBLIC        FLAG_testNo91_step
  D:00A8H         PUBLIC        IE
  X:065EH         PUBLIC        FLAG_testNo91SendUart
  D:00B8H         PUBLIC        IP0L
  B:0098H.4       PUBLIC        REN0
  X:065FH         PUBLIC        UART_DATA_buffer
  X:0688H         PUBLIC        UART_DATA_ID98
  X:06B1H         PUBLIC        U1AckTimer
  D:00D8H         PUBLIC        CCON
  X:06B2H         PUBLIC        UartStatus
  C:7585H         PUBLIC        Init_Uart0_T1
  X:06B3H         PUBLIC        UartCount
  B:00C8H.5       PUBLIC        RCLK
  B:00C8H.4       PUBLIC        TCLK
  B:0090H.0       PUBLIC        P10
  B:0090H.1       PUBLIC        P11
  B:00A0H.1       PUBLIC        P21
  B:0090H.2       PUBLIC        P12
  B:00A0H.2       PUBLIC        P22
  B:00A0H.3       PUBLIC        P23
  D:0089H         PUBLIC        TMOD
  D:0088H         PUBLIC        TCON
  C:670FH         PUBLIC        _ReceiveFrame
  B:00A0H.5       PUBLIC        P25
  B:00B0H.5       PUBLIC        P35
  B:00A0H.7       PUBLIC        P27
  C:6611H         PUBLIC        INT_UART0
  X:06B4H         PUBLIC        UartLen
  C:4A0BH         PUBLIC        OprationFrame
  C:78B6H         SYMBOL        _?ix1000
  I:00CFH         PUBLIC        ACKBack
  C:78C0H         SYMBOL        _?ix1001
  X:06B5H         PUBLIC        PROFILE_CH_FREQ_32bit_200002EC_uart
  D:00E0H         PUBLIC        ACC
  B:00A8H.4       PUBLIC        ES0
  B:0098H.0       PUBLIC        RI0
  B:0098H.1       PUBLIC        TI0
  D:008DH         PUBLIC        TH1
  B:00D0H.0       PUBLIC        P
  D:008BH         PUBLIC        TL1
  D:009CH         PUBLIC        S0CFG
  B:0088H.6       PUBLIC        TR1
BL51 BANKED LINKER/LOCATER V6.22.2.0                                                  04/15/2022  17:34:31  PAGE 19


  X:06B9H         PUBLIC        uart0_rx_len
  X:06BAH         PUBLIC        FLAG_testBEEP
  X:06BBH         PUBLIC        uart0_tx_len
  C:0026H         PUBLIC        PC_PRG
  C:761BH         PUBLIC        _hex_asc
  C:76AAH         PUBLIC        _asc_hex
  D:0099H         PUBLIC        S0BUF
  D:0087H         PUBLIC        PCON0
  C:75B7H         PUBLIC        Init_Uart0_T1_ODD
  D:0098H         PUBLIC        S0CON
  D:0098H         PUBLIC        S1CON
  X:06BCH         PUBLIC        FLAG_testNo91
  D:00C8H         PUBLIC        T2CON
  C:749EH         PUBLIC        _Send_Data
  B:0098H.7       PUBLIC        SM00_FE
  C:7055H         PUBLIC        TranmissionACK
  C:77B1H         PUBLIC        _asc_hex_2
  C:77ECH         PUBLIC        _Uart0SendByte
  B:0020H.1       PUBLIC        rx_done
  D:00A3H         PUBLIC        AUXR2
  X:06BDH         PUBLIC        U1Statues
  D:00D0H         PUBLIC        PSW
  B:0098H.2       PUBLIC        RB80
  -------         PROC          INIT_UART0_T1
  C:7585H         LINE#         52
  C:7585H         LINE#         53
  C:7585H         LINE#         54
  C:758CH         LINE#         55
  C:758EH         LINE#         57
  C:7595H         LINE#         58
  C:759BH         LINE#         60
  C:75A5H         LINE#         61
  C:75ABH         LINE#         62
  C:75AEH         LINE#         65
  C:75B1H         LINE#         66
  C:75B4H         LINE#         68
  C:75B6H         LINE#         69
  -------         ENDPROC       INIT_UART0_T1
  -------         PROC          INIT_UART0_T1_ODD
  C:75B7H         LINE#         73
  C:75B7H         LINE#         74
  C:75B7H         LINE#         75
  C:75BEH         LINE#         76
  C:75C0H         LINE#         78
  C:75C7H         LINE#         79
  C:75CDH         LINE#         81
  C:75D7H         LINE#         82
  C:75DDH         LINE#         83
  C:75E0H         LINE#         87
  C:75E3H         LINE#         88
  C:75E6H         LINE#         96
  C:75E8H         LINE#         97
  -------         ENDPROC       INIT_UART0_T1_ODD
  -------         PROC          INT_UART0
  -------         DO            
  I:00DAH         SYMBOL        dat
  -------         ENDDO         
BL51 BANKED LINKER/LOCATER V6.22.2.0                                                  04/15/2022  17:34:31  PAGE 20


  C:6611H         LINE#         108
  C:662EH         LINE#         110
  C:6632H         LINE#         111
  C:6634H         LINE#         113
  C:6637H         LINE#         114
  C:663AH         LINE#         115
  C:663AH         LINE#         116
  C:663CH         LINE#         117
  C:663CH         LINE#         118
  C:6642H         LINE#         119
  C:6642H         LINE#         120
  C:6644H         LINE#         121
  C:6648H         LINE#         123
  C:6656H         LINE#         124
  C:6656H         LINE#         125
  C:665BH         LINE#         126
  C:6667H         LINE#         127
  C:666EH         LINE#         128
  C:6671H         LINE#         130
  C:6671H         LINE#         131
  C:667EH         LINE#         132
  C:6693H         LINE#         133
  C:66A4H         LINE#         134
  C:66ADH         LINE#         135
  C:66ADH         LINE#         136
  C:66BFH         LINE#         137
  C:66BFH         LINE#         138
  C:66DFH         LINE#         139
  C:66E4H         LINE#         140
  C:66F2H         LINE#         142
  C:66F2H         LINE#         143
  C:66F2H         LINE#         144
  C:66F2H         LINE#         145
  C:66F4H         LINE#         146
  -------         ENDPROC       INT_UART0
  -------         PROC          _UART0SENDBYTE
  D:0063H         SYMBOL        tByte
  -------         DO            
  B:0020H.0       SYMBOL        bES
  -------         ENDDO         
  C:77ECH         LINE#         154
  C:77EEH         LINE#         155
  C:77EEH         LINE#         157
  C:77F2H         LINE#         158
  C:77F4H         LINE#         159
  C:77F6H         LINE#         160
  C:77FBH         LINE#         161
  C:77FEH         LINE#         162
  C:7801H         LINE#         163
  C:7803H         LINE#         164
  C:7807H         LINE#         165
  -------         ENDPROC       _UART0SENDBYTE
  -------         PROC          _SEND_DATA
  D:0037H         SYMBOL        buff
  D:003AH         SYMBOL        len
  -------         DO            
  X:0643H         SYMBOL        i
BL51 BANKED LINKER/LOCATER V6.22.2.0                                                  04/15/2022  17:34:31  PAGE 21


  -------         ENDDO         
  C:749EH         LINE#         168
  C:74A6H         LINE#         169
  C:74A6H         LINE#         170
  C:74ABH         LINE#         171
  C:74BBH         LINE#         172
  C:74BBH         LINE#         173
  C:74D2H         LINE#         174
  C:74DAH         LINE#         175
  -------         ENDPROC       _SEND_DATA
  -------         PROC          _ASC_HEX
  D:0064H         SYMBOL        asc
  -------         DO            
  X:0644H         SYMBOL        i
  -------         ENDDO         
  C:76AAH         LINE#         177
  C:76ACH         LINE#         178
  C:76ACH         LINE#         180
  C:76BBH         LINE#         181
  C:76C7H         LINE#         183
  C:76D1H         LINE#         184
  C:76D6H         LINE#         185
  -------         ENDPROC       _ASC_HEX
  -------         PROC          _HEX_ASC
  D:0065H         SYMBOL        hex
  -------         DO            
  X:0645H         SYMBOL        i
  -------         ENDDO         
  C:761BH         LINE#         187
  C:761DH         LINE#         188
  C:761DH         LINE#         190
  C:7620H         LINE#         191
  C:762FH         LINE#         192
  C:763BH         LINE#         194
  C:7645H         LINE#         195
  C:764AH         LINE#         196
  -------         ENDPROC       _HEX_ASC
  -------         PROC          _ASC_HEX_2
  D:0053H         SYMBOL        asc1
  D:0054H         SYMBOL        asc0
  -------         DO            
  D:0055H         SYMBOL        i
  -------         ENDDO         
  C:77B1H         LINE#         198
  C:77B5H         LINE#         199
  C:77B5H         LINE#         201
  C:77CCH         LINE#         202
  C:77CEH         LINE#         203
  -------         ENDPROC       _ASC_HEX_2
  -------         PROC          _RECEIVEFRAME
  D:0066H         SYMBOL        Cache
  C:670FH         LINE#         206
  C:6711H         LINE#         207
  C:6711H         LINE#         208
  C:6724H         LINE#         209
  C:6724H         LINE#         210
  C:6724H         LINE#         211
BL51 BANKED LINKER/LOCATER V6.22.2.0                                                  04/15/2022  17:34:31  PAGE 22


  C:6724H         LINE#         212
  C:672EH         LINE#         213
  C:6738H         LINE#         214
  C:673EH         LINE#         215
  C:6758H         LINE#         217
  C:6758H         LINE#         218
  C:675EH         LINE#         219
  C:6764H         LINE#         220
  C:676EH         LINE#         221
  C:6785H         LINE#         222
  C:6785H         LINE#         223
  C:6785H         LINE#         224
  C:6787H         LINE#         225
  C:6787H         LINE#         226
  C:6787H         LINE#         227
  C:6799H         LINE#         228
  C:679FH         LINE#         229
  C:67B2H         LINE#         230
  C:67B8H         LINE#         231
  C:67B8H         LINE#         232
  C:67BAH         LINE#         233
  C:67BAH         LINE#         234
  C:67BFH         LINE#         235
  C:67C4H         LINE#         236
  C:67C4H         LINE#         237
  C:67C4H         LINE#         238
  C:67D1H         LINE#         239
  C:67D1H         LINE#         241
  C:67D4H         LINE#         242
  C:67D9H         LINE#         243
  C:67DEH         LINE#         245
  C:67FEH         LINE#         247
  C:67FEH         LINE#         248
  C:6804H         LINE#         249
  C:680AH         LINE#         250
  C:680AH         LINE#         251
  C:680AH         LINE#         252
  -------         ENDPROC       _RECEIVEFRAME
  -------         PROC          OPRATIONFRAME
  -------         DO            
  I:00DBH         SYMBOL        i
  -------         ENDDO         
  C:4A0BH         LINE#         254
  C:4A0BH         LINE#         255
  C:4A0BH         LINE#         256
  C:4A0FH         LINE#         257
  C:4A24H         LINE#         258
  C:4A49H         LINE#         259
  C:4A59H         LINE#         260
  C:4A59H         LINE#         261
  C:4A67H         LINE#         262
  C:4A73H         LINE#         263
  C:4A81H         LINE#         267
  C:4AD3H         LINE#         268
  C:4B05H         LINE#         269
  C:4B13H         LINE#         270
  C:4B17H         LINE#         271
BL51 BANKED LINKER/LOCATER V6.22.2.0                                                  04/15/2022  17:34:31  PAGE 23


  C:4B3FH         LINE#         272
  C:4B3FH         LINE#         273
  C:4B3FH         LINE#         274
  C:4B3FH         LINE#         275
  C:4B3FH         LINE#         276
  C:4B3FH         LINE#         277
  C:4B3FH         LINE#         278
  C:4B3FH         LINE#         279
  C:4B41H         LINE#         280
  C:4B41H         LINE#         281
  C:4B46H         LINE#         283
  C:4B46H         LINE#         284
  C:4B46H         LINE#         285
  C:4B69H         LINE#         286
  C:4B69H         LINE#         287
  C:4B69H         LINE#         288
  C:4B69H         LINE#         289
  C:4B69H         LINE#         290
  C:4B69H         LINE#         291
  C:4B69H         LINE#         292
  C:4B69H         LINE#         293
  C:4B6BH         LINE#         294
  C:4B6BH         LINE#         295
  C:4B70H         LINE#         297
  C:4B70H         LINE#         298
  C:4B70H         LINE#         299
  C:4BA1H         LINE#         300
  C:4BA1H         LINE#         301
  C:4BA1H         LINE#         302
  C:4BA1H         LINE#         303
  C:4BA1H         LINE#         304
  C:4BA1H         LINE#         305
  C:4BA1H         LINE#         306
  C:4BA1H         LINE#         307
  C:4BA1H         LINE#         308
  C:4BA1H         LINE#         309
  C:4BA1H         LINE#         310
  C:4BA1H         LINE#         311
  C:4BA1H         LINE#         312
  C:4BA1H         LINE#         313
  C:4BA2H         LINE#         314
  C:4BA2H         LINE#         315
  C:4BA7H         LINE#         317
  C:4BA7H         LINE#         318
  C:4BA7H         LINE#         319
  C:4BA8H         LINE#         320
  C:4BB8H         LINE#         321
  C:4BB8H         LINE#         322
  C:4BBDH         LINE#         323
  C:4BC2H         LINE#         324
  C:4BFCH         LINE#         325
  C:4C0AH         LINE#         326
  C:4C28H         LINE#         327
  C:4C2DH         LINE#         328
  C:4C32H         LINE#         329
  C:4C38H         LINE#         330
  C:4C39H         LINE#         331
BL51 BANKED LINKER/LOCATER V6.22.2.0                                                  04/15/2022  17:34:31  PAGE 24


  C:4C46H         LINE#         332
  C:4C46H         LINE#         333
  C:4C6EH         LINE#         334
  C:4C6EH         LINE#         335
  C:4C72H         LINE#         336
  C:4C78H         LINE#         337
  C:4C8AH         LINE#         338
  C:4C90H         LINE#         339
  C:4C95H         LINE#         340
  C:4C9FH         LINE#         341
  C:4CA0H         LINE#         343
  C:4CA0H         LINE#         344
  C:4CA4H         LINE#         345
  C:4CAAH         LINE#         346
  C:4CB4H         LINE#         347
  C:4CBAH         LINE#         348
  C:4CBAH         LINE#         349
  C:4CBBH         LINE#         350
  C:4CC8H         LINE#         351
  C:4CC8H         LINE#         352
  C:4CE7H         LINE#         353
  C:4CE7H         LINE#         354
  C:4CE7H         LINE#         355
  C:4CEDH         LINE#         356
  C:4CF7H         LINE#         357
  C:4CF8H         LINE#         358
  C:4CF8H         LINE#         359
  C:4CFEH         LINE#         360
  C:4D08H         LINE#         361
  C:4D09H         LINE#         362
  C:4D09H         LINE#         363
  C:4D0FH         LINE#         364
  C:4D19H         LINE#         365
  C:4D1AH         LINE#         366
  C:4D1AH         LINE#         367
  C:4D20H         LINE#         368
  C:4D21H         LINE#         369
  C:4D21H         LINE#         370
  C:4D27H         LINE#         371
  C:4D28H         LINE#         372
  C:4D28H         LINE#         373
  C:4D2EH         LINE#         374
  C:4D2FH         LINE#         375
  C:4D2FH         LINE#         376
  C:4D30H         LINE#         377
  C:4D30H         LINE#         379
  C:4D31H         LINE#         381
  C:4D31H         LINE#         382
  C:4D35H         LINE#         384
  C:4D35H         LINE#         385
  -------         ENDPROC       OPRATIONFRAME
  -------         PROC          TRANMISSIONACK
  C:7055H         LINE#         388
  C:7055H         LINE#         389
  C:7055H         LINE#         390
  C:706DH         LINE#         391
  C:706DH         LINE#         392
BL51 BANKED LINKER/LOCATER V6.22.2.0                                                  04/15/2022  17:34:31  PAGE 25


  C:7073H         LINE#         393
  C:707EH         LINE#         394
  C:7083H         LINE#         395
  C:7083H         LINE#         397
  C:709BH         LINE#         398
  C:709BH         LINE#         399
  C:70A6H         LINE#         400
  C:70ABH         LINE#         401
  C:70B0H         LINE#         402
  C:70B0H         LINE#         403
  -------         ENDPROC       TRANMISSIONACK
  -------         PROC          PC_PRG
  -------         DO            
  X:0646H         SYMBOL        send_dat
  X:0650H         SYMBOL        send_ok
  X:0654H         SYMBOL        UART_ID_data
  X:0658H         SYMBOL        re_byte
  -------         ENDDO         
  C:0026H         LINE#         406
  C:0026H         LINE#         407
  C:0026H         LINE#         408
  C:004BH         LINE#         409
  C:0070H         LINE#         411
  C:0075H         LINE#         413
  C:0081H         LINE#         414
  C:0081H         LINE#         415
  C:008FH         LINE#         417
  C:00C4H         LINE#         418
  C:00C4H         LINE#         419
  C:00D0H         LINE#         420
  C:00DCH         LINE#         421
  C:00E8H         LINE#         422
  C:00EAH         LINE#         423
  C:00ECH         LINE#         424
  C:00EEH         LINE#         425
  C:00F0H         LINE#         426
  C:00F2H         LINE#         427
  C:00F4H         LINE#         428
  C:00FCH         LINE#         429
  C:0104H         LINE#         430
  C:0109H         LINE#         431
  C:010EH         LINE#         432
  C:0119H         LINE#         433
  C:0119H         LINE#         434
  C:0133H         LINE#         435
  C:0133H         LINE#         436
  C:0155H         LINE#         437
  C:0155H         LINE#         438
  C:0155H         LINE#         439
  C:0162H         LINE#         440
  C:0162H         LINE#         441
  C:017AH         LINE#         442
  C:0186H         LINE#         443
  C:0192H         LINE#         444
  C:0196H         LINE#         445
  C:019BH         LINE#         446
  C:01A6H         LINE#         447
BL51 BANKED LINKER/LOCATER V6.22.2.0                                                  04/15/2022  17:34:31  PAGE 26


  C:01ABH         LINE#         448
  C:01B6H         LINE#         449
  C:01B6H         LINE#         450
  C:01B9H         LINE#         451
  C:01B9H         LINE#         452
  C:01D7H         LINE#         453
  C:01D7H         LINE#         454
  C:01E3H         LINE#         455
  C:01EFH         LINE#         456
  C:01FBH         LINE#         457
  C:01FDH         LINE#         458
  C:01FFH         LINE#         459
  C:0201H         LINE#         460
  C:0203H         LINE#         461
  C:0205H         LINE#         462
  C:0207H         LINE#         463
  C:020FH         LINE#         464
  C:0217H         LINE#         465
  C:021CH         LINE#         466
  C:0221H         LINE#         467
  C:022CH         LINE#         468
  C:022FH         LINE#         469
  C:0249H         LINE#         470
  C:0249H         LINE#         471
  C:0251H         LINE#         472
  C:0254H         LINE#         473
  C:025EH         LINE#         474
  C:0269H         LINE#         475
  C:0274H         LINE#         476
  C:0274H         LINE#         477
  C:0277H         LINE#         478
  C:0277H         LINE#         479
  C:028BH         LINE#         480
  C:028BH         LINE#         481
  C:02A3H         LINE#         482
  C:02AFH         LINE#         483
  C:02BBH         LINE#         484
  C:02BFH         LINE#         485
  C:02C4H         LINE#         486
  C:02CFH         LINE#         487
  C:02D4H         LINE#         488
  C:02DFH         LINE#         489
  C:02E2H         LINE#         490
  C:0300H         LINE#         491
  C:0300H         LINE#         492
  C:0306H         LINE#         493
  C:030CH         LINE#         494
  C:0312H         LINE#         495
  C:0324H         LINE#         496
  C:0335H         LINE#         497
  C:033BH         LINE#         498
  C:0346H         LINE#         499
  C:0349H         LINE#         500
  C:037AH         LINE#         501
  C:037AH         LINE#         502
  C:0386H         LINE#         503
  C:0398H         LINE#         504
BL51 BANKED LINKER/LOCATER V6.22.2.0                                                  04/15/2022  17:34:31  PAGE 27


  C:039DH         LINE#         505
  C:03A1H         LINE#         506
  C:03B6H         LINE#         507
  C:03B6H         LINE#         508
  C:03C0H         LINE#         509
  C:03D3H         LINE#         510
  C:03FAH         LINE#         511
  C:0411H         LINE#         512
  C:041CH         LINE#         513
  C:0443H         LINE#         514
  C:045AH         LINE#         515
  C:0465H         LINE#         516
  C:0468H         LINE#         517
  C:0495H         LINE#         518
  C:0495H         LINE#         519
  C:049FH         LINE#         520
  C:04B2H         LINE#         521
  C:04B9H         LINE#         522
  C:04E5H         LINE#         523
  C:04FCH         LINE#         524
  C:0507H         LINE#         525
  C:0533H         LINE#         526
  C:054AH         LINE#         527
  C:0555H         LINE#         528
  C:0555H         LINE#         529
  C:055AH         LINE#         530
  C:055AH         LINE#         531
  C:055DH         LINE#         533
  C:055DH         LINE#         534
  C:05A1H         LINE#         535
  C:05A1H         LINE#         536
  C:05A7H         LINE#         537
  C:05ADH         LINE#         538
  C:05B3H         LINE#         539
  C:05B9H         LINE#         540
  C:05BFH         LINE#         541
  C:05D5H         LINE#         542
  C:05E6H         LINE#         543
  C:05ECH         LINE#         544
  C:05F7H         LINE#         545
  C:05FAH         LINE#         546
  C:060EH         LINE#         547
  C:060EH         LINE#         548
  C:0610H         LINE#         549
  C:061CH         LINE#         550
  C:0624H         LINE#         551
  C:062CH         LINE#         552
  C:0631H         LINE#         553
  C:0635H         LINE#         554
  C:063AH         LINE#         555
  C:0644H         LINE#         556
  C:064FH         LINE#         557
  C:0652H         LINE#         558
  C:0657H         LINE#         559
  C:0663H         LINE#         560
  C:066EH         LINE#         561
  C:0671H         LINE#         562
BL51 BANKED LINKER/LOCATER V6.22.2.0                                                  04/15/2022  17:34:31  PAGE 28


  C:068BH         LINE#         563
  C:068BH         LINE#         564
  C:06B9H         LINE#         565
  C:06C6H         LINE#         566
  C:06CCH         LINE#         567
  C:06D2H         LINE#         568
  C:06D8H         LINE#         569
  C:06EEH         LINE#         570
  C:06FFH         LINE#         571
  C:0705H         LINE#         572
  C:070AH         LINE#         573
  C:0715H         LINE#         574
  C:0718H         LINE#         575
  C:0732H         LINE#         576
  C:0732H         LINE#         577
  C:074CH         LINE#         578
  C:074CH         LINE#         579
  C:0751H         LINE#         580
  C:075CH         LINE#         581
  C:0767H         LINE#         582
  C:0772H         LINE#         583
  C:07B6H         LINE#         584
  C:07CAH         LINE#         585
  C:07D0H         LINE#         586
  C:07D6H         LINE#         587
  C:07DCH         LINE#         588
  C:07EEH         LINE#         589
  C:07FFH         LINE#         590
  C:0811H         LINE#         591
  C:0822H         LINE#         592
  C:0834H         LINE#         593
  C:0845H         LINE#         594
  C:084BH         LINE#         595
  C:0856H         LINE#         596
  C:0856H         LINE#         597
  C:0856H         LINE#         598
  C:0859H         LINE#         599
  C:0859H         LINE#         600
  C:0873H         LINE#         601
  C:0873H         LINE#         602
  C:0879H         LINE#         603
  C:087FH         LINE#         604
  C:0885H         LINE#         605
  C:088AH         LINE#         606
  C:089CH         LINE#         607
  C:08B2H         LINE#         608
  C:08C3H         LINE#         609
  C:08C9H         LINE#         610
  C:08D4H         LINE#         611
  C:08D4H         LINE#         612
  C:08D7H         LINE#         613
  C:08D7H         LINE#         614
  C:08F1H         LINE#         615
  C:08F1H         LINE#         616
  C:0913H         LINE#         617
  C:0935H         LINE#         618
  C:0957H         LINE#         619
BL51 BANKED LINKER/LOCATER V6.22.2.0                                                  04/15/2022  17:34:31  PAGE 29


  C:0979H         LINE#         620
  C:099BH         LINE#         621
  C:09C2H         LINE#         622
  C:09C5H         LINE#         623
  C:09DFH         LINE#         624
  C:09DFH         LINE#         625
  C:0A01H         LINE#         626
  C:0A23H         LINE#         627
  C:0A45H         LINE#         628
  C:0A67H         LINE#         629
  C:0A89H         LINE#         630
  C:0AB0H         LINE#         631
  C:0AB0H         LINE#         632
  C:0AB3H         LINE#         633
  C:0AB3H         LINE#         634
  C:0AC7H         LINE#         635
  C:0AC7H         LINE#         636
  C:0ACCH         LINE#         637
  C:0ADEH         LINE#         638
  C:0AF0H         LINE#         639
  C:0B02H         LINE#         640
  C:0B15H         LINE#         642
  C:0B29H         LINE#         643
  C:0B34H         LINE#         644
  C:0B34H         LINE#         645
  C:0B34H         LINE#         646
  C:0B34H         LINE#         647
  C:0B34H         LINE#         648
  C:0B34H         LINE#         649
  C:0B34H         LINE#         650
  C:0B34H         LINE#         651
  C:0B4DH         LINE#         652
  -------         ENDPROC       PC_PRG
  -------         ENDMOD        UART

  -------         MODULE        IAP_FLASH
  C:0000H         SYMBOL        _ICE_DUMMY_
  D:0090H         PUBLIC        P1
  D:00A0H         PUBLIC        P2
  C:1DD2H         PUBLIC        ID_learn
  D:00E7H         PUBLIC        ISPCR
  D:00C0H         PUBLIC        XICON
  D:00B0H         PUBLIC        P3
  D:00E8H         PUBLIC        P4
  D:00F8H         PUBLIC        P5
  D:00F8H         PUBLIC        P6
  B:00A8H.7       PUBLIC        EA
  C:57AFH         PUBLIC        _IAP_WriteBuf_With_Protect_Verify
  D:00A8H         PUBLIC        IE
  D:00B8H         PUBLIC        IP0L
  C:6C13H         PUBLIC        IAP_Erase_All_ID
  C:76D7H         PUBLIC        _IAP_WritePPage
  D:00BFH         PUBLIC        CKCON1
  D:00D8H         PUBLIC        CCON
  D:00E6H         PUBLIC        SCMD
  C:772AH         PUBLIC        _IAP_ErasePage
  D:00E3H         PUBLIC        IFADRH
BL51 BANKED LINKER/LOCATER V6.22.2.0                                                  04/15/2022  17:34:31  PAGE 30


  D:00E5H         PUBLIC        IFMT
  C:5541H         PUBLIC        _Delete_GeneralID_EEPROM
  B:00A0H.1       PUBLIC        P21
  D:00E4H         PUBLIC        IFADRL
  C:69D1H         PUBLIC        ID_Login_EXIT_Initial
  D:0088H         PUBLIC        TCON
  B:00A0H.5       PUBLIC        P25
  C:754DH         PUBLIC        _IAP_Write_Byte
  C:78A7H         SYMBOL        _?ix1000
  C:78D0H         PUBLIC        Init_IAP_flash
  C:78AAH         SYMBOL        _?ix1001
  C:78ADH         SYMBOL        _?ix1002
  C:78B0H         SYMBOL        _?ix1003
  C:73DEH         PUBLIC        ALL_ID_EEPROM_Erase
  C:78B3H         SYMBOL        _?ix1004
  C:52CDH         PUBLIC        ID_EEPROM_write
  C:387CH         PUBLIC        eeprom_sys_load
  D:00E2H         PUBLIC        IFD
  C:6EADH         PUBLIC        _ID_SCX1801_EEPROM_write
  D:0098H         PUBLIC        S0CON
  D:0098H         PUBLIC        S1CON
  D:00C8H         PUBLIC        T2CON
  D:00D0H         PUBLIC        PSW
  -------         PROC          INIT_IAP_FLASH
  C:78D0H         LINE#         16
  C:78D0H         LINE#         17
  C:78D0H         LINE#         19
  C:78D3H         LINE#         22
  C:78DAH         LINE#         23
  -------         ENDPROC       INIT_IAP_FLASH
  -------         PROC          _IAP_WRITEPPAGE
  D:005CH         SYMBOL        PsfrAddr
  D:005DH         SYMBOL        PsfrData
  -------         DO            
  B:0020H.2       SYMBOL        bEA
  -------         ENDDO         
  C:76D7H         LINE#         34
  C:76DBH         LINE#         35
  C:76DBH         LINE#         36
  C:76DFH         LINE#         37
  C:76E1H         LINE#         38
  C:76E4H         LINE#         39
  C:76E7H         LINE#         40
  C:76EAH         LINE#         41
  C:76EDH         LINE#         42
  C:76F0H         LINE#         44
  C:76F3H         LINE#         46
  C:76F6H         LINE#         47
  C:76F7H         LINE#         48
  C:76FAH         LINE#         49
  C:76FDH         LINE#         50
  C:7701H         LINE#         51
  -------         ENDPROC       _IAP_WRITEPPAGE
  -------         PROC          _IAP_ERASEPAGE
  D:0067H         SYMBOL        ByteAddr
  -------         DO            
  B:0020H.3       SYMBOL        bEA
BL51 BANKED LINKER/LOCATER V6.22.2.0                                                  04/15/2022  17:34:31  PAGE 31


  -------         ENDDO         
  C:772AH         LINE#         92
  C:772CH         LINE#         93
  C:772CH         LINE#         94
  C:7730H         LINE#         95
  C:7733H         LINE#         96
  C:7736H         LINE#         97
  C:7738H         LINE#         98
  C:773BH         LINE#         99
  C:773EH         LINE#         101
  C:7741H         LINE#         103
  C:7744H         LINE#         104
  C:7745H         LINE#         105
  C:7748H         LINE#         106
  C:774BH         LINE#         107
  C:774FH         LINE#         108
  -------         ENDPROC       _IAP_ERASEPAGE
  -------         PROC          _IAP_WRITEBUF_WITH_PROTECT_VERIFY
  D:0018H         SYMBOL        ByteAddr
  D:001AH         SYMBOL        pBuf
  D:001DH         SYMBOL        Cnt
  -------         DO            
  X:03B5H         SYMBOL        TempBuf
  X:05B5H         SYMBOL        i
  X:05B7H         SYMBOL        ErrCnt
  X:05B8H         SYMBOL        SectorAddr
  B:0020H.4       SYMBOL        bEA
  C:5895H         SYMBOL        Err_Loop
  C:59D1H         SYMBOL        Err_Return
  -------         ENDDO         
  C:57AFH         LINE#         123
  C:57B9H         LINE#         124
  C:57B9H         LINE#         129
  C:57BDH         LINE#         131
  C:57BFH         LINE#         132
  C:57C4H         LINE#         134
  C:57D3H         LINE#         135
  C:57E9H         LINE#         136
  C:57E9H         LINE#         137
  C:57F0H         LINE#         138
  C:57F7H         LINE#         139
  C:57FAH         LINE#         140
  C:57FDH         LINE#         141
  C:5800H         LINE#         142
  C:5803H         LINE#         143
  C:5806H         LINE#         144
  C:5809H         LINE#         145
  C:5817H         LINE#         146
  C:582CH         LINE#         147
  C:582FH         LINE#         148
  C:583FH         LINE#         150
  C:584EH         LINE#         151
  C:5854H         LINE#         152
  C:5854H         LINE#         153
  C:5872H         LINE#         154
  C:587DH         LINE#         155
  C:588BH         LINE#         156
BL51 BANKED LINKER/LOCATER V6.22.2.0                                                  04/15/2022  17:34:31  PAGE 32


  C:5893H         LINE#         157
  C:5895H         LINE#         158
  C:5895H         LINE#         160
  C:58A4H         LINE#         161
  C:58ABH         LINE#         162
  C:58AEH         LINE#         163
  C:58B1H         LINE#         164
  C:58B4H         LINE#         166
  C:58B7H         LINE#         168
  C:58BAH         LINE#         169
  C:58BBH         LINE#         170
  C:58BEH         LINE#         171
  C:58C1H         LINE#         173
  C:58D7H         LINE#         174
  C:58D7H         LINE#         175
  C:58EDH         LINE#         176
  C:58F4H         LINE#         177
  C:58FBH         LINE#         178
  C:58FEH         LINE#         179
  C:5901H         LINE#         181
  C:5904H         LINE#         183
  C:5907H         LINE#         184
  C:5908H         LINE#         185
  C:590BH         LINE#         186
  C:590EH         LINE#         187
  C:591CH         LINE#         188
  C:591FH         LINE#         189
  C:592FH         LINE#         191
  C:593EH         LINE#         192
  C:5954H         LINE#         193
  C:5954H         LINE#         194
  C:595BH         LINE#         195
  C:5962H         LINE#         196
  C:5965H         LINE#         197
  C:5968H         LINE#         199
  C:596BH         LINE#         201
  C:596EH         LINE#         202
  C:5971H         LINE#         203
  C:5974H         LINE#         204
  C:5982H         LINE#         205
  C:5985H         LINE#         206
  C:599EH         LINE#         207
  C:599EH         LINE#         208
  C:59A4H         LINE#         209
  C:59B6H         LINE#         210
  C:59B6H         LINE#         211
  C:59B9H         LINE#         212
  C:59B9H         LINE#         214
  C:59B9H         LINE#         215
  C:59BBH         LINE#         216
  C:59BBH         LINE#         217
  C:59BBH         LINE#         218
  C:59CCH         LINE#         219
  C:59D1H         LINE#         220
  C:59D1H         LINE#         221
  C:59D5H         LINE#         222
  C:59DAH         LINE#         223
BL51 BANKED LINKER/LOCATER V6.22.2.0                                                  04/15/2022  17:34:31  PAGE 33


  -------         ENDPROC       _IAP_WRITEBUF_WITH_PROTECT_VERIFY
  -------         PROC          _IAP_WRITE_BYTE
  D:0056H         SYMBOL        Addr
  D:0058H         SYMBOL        wdata
  -------         DO            
  B:0020H.5       SYMBOL        bEA
  -------         ENDDO         
  C:754DH         LINE#         226
  C:7553H         LINE#         227
  C:7553H         LINE#         228
  C:7557H         LINE#         229
  C:7559H         LINE#         230
  C:755CH         LINE#         231
  C:7566H         LINE#         232
  C:756DH         LINE#         233
  C:7570H         LINE#         234
  C:7573H         LINE#         235
  C:7576H         LINE#         236
  C:7579H         LINE#         237
  C:757AH         LINE#         238
  C:757DH         LINE#         239
  C:7580H         LINE#         240
  C:7584H         LINE#         241
  -------         ENDPROC       _IAP_WRITE_BYTE
  -------         PROC          IAP_ERASE_ALL_ID
  -------         DO            
  X:05BAH         SYMBOL        read_rf
  X:05BBH         SYMBOL        scx1801_id
  -------         ENDDO         
  C:6C13H         LINE#         244
  C:6C13H         LINE#         245
  C:6C13H         LINE#         246
  C:6C18H         LINE#         247
  C:6C3DH         LINE#         249
  C:6C48H         LINE#         250
  C:6C53H         LINE#         251
  C:6C5EH         LINE#         252
  C:6C69H         LINE#         254
  C:6C6EH         LINE#         255
  C:6C71H         LINE#         257
  C:6C76H         LINE#         258
  C:6C79H         LINE#         260
  C:6C85H         LINE#         261
  C:6C91H         LINE#         262
  C:6C9DH         LINE#         263
  C:6CA9H         LINE#         264
  -------         ENDPROC       IAP_ERASE_ALL_ID
  -------         PROC          EEPROM_SYS_LOAD
  -------         DO            
  I:00B2H         SYMBOL        offset
  I:00B3H         SYMBOL        i
  I:00B5H         SYMBOL        q
  I:00B7H         SYMBOL        p
  I:00B9H         SYMBOL        xm
  I:00BCH         SYMBOL        xn
  -------         ENDDO         
  C:387CH         LINE#         267
BL51 BANKED LINKER/LOCATER V6.22.2.0                                                  04/15/2022  17:34:31  PAGE 34


  C:387CH         LINE#         268
  C:387CH         LINE#         269
  C:3880H         LINE#         271
  C:38A5H         LINE#         274
  C:38AFH         LINE#         275
  C:38B9H         LINE#         276
  C:38C3H         LINE#         277
  C:38C7H         LINE#         278
  C:38CFH         LINE#         279
  C:38D7H         LINE#         280
  C:38DFH         LINE#         281
  C:3911H         LINE#         282
  C:391CH         LINE#         284
  C:3926H         LINE#         285
  C:3930H         LINE#         286
  C:394EH         LINE#         287
  C:395EH         LINE#         288
  C:3968H         LINE#         289
  C:3979H         LINE#         290
  C:3982H         LINE#         291
  C:3991H         LINE#         292
  C:3998H         LINE#         293
  C:39B7H         LINE#         294
  C:39B7H         LINE#         295
  C:39D8H         LINE#         296
  C:39F9H         LINE#         297
  C:3A1AH         LINE#         298
  C:3A1EH         LINE#         299
  C:3A26H         LINE#         300
  C:3A2EH         LINE#         301
  C:3A36H         LINE#         302
  C:3A5CH         LINE#         303
  C:3A66H         LINE#         306
  C:3A86H         LINE#         307
  C:3AA6H         LINE#         308
  C:3AC6H         LINE#         309
  C:3ACEH         LINE#         313
  C:3ADEH         LINE#         314
  C:3ADEH         LINE#         315
  C:3AE1H         LINE#         316
  C:3AECH         LINE#         318
  C:3AF6H         LINE#         319
  C:3B20H         LINE#         320
  C:3B20H         LINE#         321
  C:3B29H         LINE#         322
  C:3B4FH         LINE#         323
  C:3B66H         LINE#         325
  C:3B8CH         LINE#         326
  C:3BA3H         LINE#         328
  C:3BC9H         LINE#         329
  C:3BE0H         LINE#         331
  C:3C06H         LINE#         332
  C:3C1DH         LINE#         334
  C:3C43H         LINE#         335
  C:3C5AH         LINE#         336
  C:3C5BH         LINE#         337
  C:3C86H         LINE#         338
BL51 BANKED LINKER/LOCATER V6.22.2.0                                                  04/15/2022  17:34:31  PAGE 35


  C:3C86H         LINE#         339
  C:3C8FH         LINE#         340
  C:3C95H         LINE#         341
  C:3CC0H         LINE#         342
  C:3CD7H         LINE#         344
  C:3D02H         LINE#         345
  C:3D19H         LINE#         347
  C:3D44H         LINE#         348
  C:3D5BH         LINE#         350
  C:3D86H         LINE#         351
  C:3D9DH         LINE#         353
  C:3DC8H         LINE#         354
  C:3DDFH         LINE#         355
  C:3DDFH         LINE#         356
  C:3DDFH         LINE#         357
  -------         ENDPROC       EEPROM_SYS_LOAD
  -------         PROC          ID_EEPROM_WRITE
  -------         DO            
  I:0092H         SYMBOL        xm
  I:0095H         SYMBOL        i
  I:0097H         SYMBOL        j
  I:0099H         SYMBOL        m1
  I:009BH         SYMBOL        xn
  I:009FH         SYMBOL        xd
  -------         ENDDO         
[...]
  C:65FDH         LINE#         749
  C:6609H         LINE#         750
  C:6610H         LINE#         751
BL51 BANKED LINKER/LOCATER V6.22.2.0                                                  04/15/2022  17:34:31  PAGE 68


  C:6610H         LINE#         752
  -------         ENDPROC       SCAN_RECEIVE_PACKET
  -------         PROC          _TX_DATALOAD_HIGHSPEED
  D:0008H         SYMBOL        IDCache
  D:000CH         SYMBOL        CtrCmd
  D:0015H         SYMBOL        Packet
  -------         DO            
  X:05C4H         SYMBOL        i
  X:05C5H         SYMBOL        CRCTemp
  -------         ENDDO         
  C:3DE0H         LINE#         794
  C:3DE8H         LINE#         795
  C:3DE8H         LINE#         797
  C:3DF0H         LINE#         799
  C:3E41H         LINE#         800
  C:3E58H         LINE#         801
  C:3E7CH         LINE#         803
  C:3E96H         LINE#         804
  C:3E96H         LINE#         805
  C:3EBBH         LINE#         806
  C:3F17H         LINE#         807
  C:3F20H         LINE#         808
  C:3F38H         LINE#         809
  C:3F38H         LINE#         810
  C:3F5DH         LINE#         811
  C:3FA1H         LINE#         812
  C:3FAAH         LINE#         813
  C:3FADH         LINE#         814
  C:3FC5H         LINE#         815
  C:3FC5H         LINE#         816
  C:3FEAH         LINE#         817
  C:4038H         LINE#         818
  C:4041H         LINE#         819
  C:4059H         LINE#         820
  C:4059H         LINE#         821
  C:407EH         LINE#         822
  C:40CCH         LINE#         823
  C:40D5H         LINE#         824
  C:40D8H         LINE#         825
  C:40F0H         LINE#         826
  C:40F0H         LINE#         827
  C:4115H         LINE#         828
  C:4163H         LINE#         829
  C:416CH         LINE#         830
  C:4184H         LINE#         831
  C:4184H         LINE#         832
  C:41A9H         LINE#         833
  C:41F7H         LINE#         834
  C:4200H         LINE#         835
  C:4203H         LINE#         836
  C:421EH         LINE#         837
  C:421EH         LINE#         838
  C:4243H         LINE#         839
  C:42A3H         LINE#         840
  C:42ACH         LINE#         841
  -------         ENDPROC       _TX_DATALOAD_HIGHSPEED
  -------         ENDMOD        ML7345
BL51 BANKED LINKER/LOCATER V6.22.2.0                                                  04/15/2022  17:34:31  PAGE 69



  -------         MODULE        ML7345_HAL
  C:0000H         SYMBOL        _ICE_DUMMY_
  C:6A97H         PUBLIC        ML7345_DataRate_Set_4_8k
  D:0090H         PUBLIC        P1
  D:00A0H         PUBLIC        P2
  D:00C0H         PUBLIC        XICON
  D:00B0H         PUBLIC        P3
  D:00E8H         PUBLIC        P4
  D:00F8H         PUBLIC        P5
  D:00F8H         PUBLIC        P6
  D:00A8H         PUBLIC        IE
  C:745EH         PUBLIC        _ML7345_AutoTx_Data
  C:5D93H         PUBLIC        _ML7345_Frequency_Set
  D:00B8H         PUBLIC        IP0L
  C:680BH         PUBLIC        _ML7345_SetAndGet_State
  C:7514H         PUBLIC        _ML7345_StateFlag_Clear
  D:00D8H         PUBLIC        CCON
  C:767BH         PUBLIC        _ML7345_AutoStateTransition_Set
  X:06E4H         PUBLIC        timeout_cnt
  B:00A0H.2       PUBLIC        P22
  C:77CFH         PUBLIC        ML7345_AllStateFlag_Clear
  B:00A0H.3       PUBLIC        P23
  D:0088H         PUBLIC        TCON
  B:00B0H.4       PUBLIC        P34
  C:504BH         PUBLIC        _ML7345_Frequency_Calcul
  C:7823H         PUBLIC        RF_SyncWord_DONE
  C:739DH         PUBLIC        WaitStatus_Complete
  C:75E9H         PUBLIC        SetReg_Rssi
  C:7869H         PUBLIC        ML7345_GPIO0RxDoneInt_Enable
  C:7853H         PUBLIC        ML7345_GPIO0TxDoneInt_Enable
  D:0098H         PUBLIC        S0CON
  D:0098H         PUBLIC        S1CON
  D:00C8H         PUBLIC        T2CON
  C:78E5H         PUBLIC        ML7345_RESETN_SET
  C:6B5CH         PUBLIC        ML7345_DataRate_Set_1_2k
  C:764BH         PUBLIC        _ML7345_ReadRx_Pack
  D:00D0H         PUBLIC        PSW
  -------         PROC          _ML7345_AUTOSTATETRANSITION_SET
  D:006DH         SYMBOL        sta
  C:767BH         LINE#         10
  C:767DH         LINE#         11
  C:767DH         LINE#         12
  C:7684H         LINE#         13
  C:76A2H         LINE#         14
  C:76A9H         LINE#         15
  -------         ENDPROC       _ML7345_AUTOSTATETRANSITION_SET
  -------         PROC          _ML7345_SETANDGET_STATE
  D:006EH         SYMBOL        sta
  -------         DO            
  X:06D8H         SYMBOL        status
  -------         ENDDO         
  C:680BH         LINE#         31
  C:680DH         LINE#         32
  C:680DH         LINE#         33
  C:6812H         LINE#         35
  C:6819H         LINE#         36
BL51 BANKED LINKER/LOCATER V6.22.2.0                                                  04/15/2022  17:34:31  PAGE 70


  C:6828H         LINE#         37
  C:6835H         LINE#         38
  C:6835H         LINE#         39
  C:6860H         LINE#         40
  C:6860H         LINE#         41
  C:6867H         LINE#         42
  C:686FH         LINE#         43
  C:6884H         LINE#         44
  C:6884H         LINE#         45
  C:689BH         LINE#         46
  C:689EH         LINE#         47
  C:68CAH         LINE#         48
  C:68D8H         LINE#         49
  C:68DBH         LINE#         50
  C:68E2H         LINE#         51
  C:68E5H         LINE#         52
  C:68E5H         LINE#         53
  C:68F4H         LINE#         54
  C:68F4H         LINE#         55
  C:68F4H         LINE#         56
  C:68F9H         LINE#         57
  -------         ENDPROC       _ML7345_SETANDGET_STATE
  -------         PROC          WAITSTATUS_COMPLETE
  -------         DO            
  X:06D9H         SYMBOL        count
  -------         ENDDO         
  C:739DH         LINE#         60
  C:739DH         LINE#         61
  C:739DH         LINE#         62
  C:73A5H         LINE#         63
  C:73ACH         LINE#         64
  C:73ACH         LINE#         65
  C:73ACH         LINE#         66
  C:73B5H         LINE#         67
  C:73B5H         LINE#         68
  C:73BCH         LINE#         69
  C:73BFH         LINE#         70
  C:73BFH         LINE#         71
  C:73D8H         LINE#         72
  C:73DBH         LINE#         73
  C:73DDH         LINE#         74
  -------         ENDPROC       WAITSTATUS_COMPLETE
  -------         PROC          _ML7345_STATEFLAG_CLEAR
  D:006FH         SYMBOL        sta
  C:7514H         LINE#         81
  C:7516H         LINE#         82
  C:7516H         LINE#         83
  C:751DH         LINE#         84
  C:7527H         LINE#         85
  C:7527H         LINE#         86
  C:752EH         LINE#         87
  C:7535H         LINE#         88
  C:7536H         LINE#         89
  C:753EH         LINE#         90
  C:753EH         LINE#         91
  C:7545H         LINE#         92
  C:754CH         LINE#         93
BL51 BANKED LINKER/LOCATER V6.22.2.0                                                  04/15/2022  17:34:31  PAGE 71


  C:754CH         LINE#         94
  -------         ENDPROC       _ML7345_STATEFLAG_CLEAR
  -------         PROC          ML7345_ALLSTATEFLAG_CLEAR
  C:77CFH         LINE#         101
  C:77CFH         LINE#         102
  C:77CFH         LINE#         103
  C:77D6H         LINE#         104
  C:77DDH         LINE#         105
  C:77E4H         LINE#         106
  C:77EBH         LINE#         107
  -------         ENDPROC       ML7345_ALLSTATEFLAG_CLEAR
  -------         PROC          ML7345_DATARATE_SET_4_8K
  C:6A97H         LINE#         115
  C:6A97H         LINE#         116
  C:6A97H         LINE#         117
  C:6A9EH         LINE#         118
  C:6AA5H         LINE#         119
  C:6AACH         LINE#         120
  C:6AB3H         LINE#         121
  C:6ABAH         LINE#         122
  C:6AC1H         LINE#         123
  C:6AC8H         LINE#         124
  C:6ACFH         LINE#         125
  C:6AD6H         LINE#         126
  C:6ADDH         LINE#         127
  C:6AE4H         LINE#         128
  C:6AEBH         LINE#         129
  C:6AF2H         LINE#         130
  C:6AF9H         LINE#         131
  C:6B00H         LINE#         132
  C:6B07H         LINE#         133
  C:6B0EH         LINE#         134
  C:6B15H         LINE#         135
  C:6B1CH         LINE#         136
  C:6B23H         LINE#         137
  C:6B2AH         LINE#         138
  C:6B31H         LINE#         139
  C:6B38H         LINE#         140
  C:6B3FH         LINE#         141
  C:6B46H         LINE#         142
  C:6B4DH         LINE#         143
  C:6B54H         LINE#         144
  C:6B5BH         LINE#         145
  -------         ENDPROC       ML7345_DATARATE_SET_4_8K
  -------         PROC          ML7345_DATARATE_SET_1_2K
  C:6B5CH         LINE#         147
  C:6B5CH         LINE#         148
  C:6B5CH         LINE#         149
  C:6B63H         LINE#         150
  C:6B6AH         LINE#         151
  C:6B71H         LINE#         152
  C:6B78H         LINE#         153
  C:6B7FH         LINE#         154
  C:6B86H         LINE#         155
  C:6B8DH         LINE#         156
  C:6B94H         LINE#         157
  C:6B9BH         LINE#         158
BL51 BANKED LINKER/LOCATER V6.22.2.0                                                  04/15/2022  17:34:31  PAGE 72


  C:6BA2H         LINE#         159
  C:6BA9H         LINE#         160
  C:6BB0H         LINE#         161
  C:6BB7H         LINE#         162
  C:6BBEH         LINE#         163
  C:6BC5H         LINE#         164
  C:6BCCH         LINE#         165
  C:6BD3H         LINE#         166
  C:6BDAH         LINE#         167
  C:6BE1H         LINE#         168
  C:6BE8H         LINE#         169
  C:6BEFH         LINE#         170
  C:6BF6H         LINE#         171
  C:6BFDH         LINE#         172
  C:6C04H         LINE#         173
  C:6C0BH         LINE#         174
  C:6C12H         LINE#         175
  -------         ENDPROC       ML7345_DATARATE_SET_1_2K
  -------         PROC          ML7345_RESETN_SET
  C:78E5H         LINE#         283
  C:78E5H         LINE#         284
  C:78E5H         LINE#         285
  C:78E7H         LINE#         286
  C:78ECH         LINE#         287
  C:78EEH         LINE#         288
  -------         ENDPROC       ML7345_RESETN_SET
  -------         PROC          _ML7345_FREQUENCY_SET
  D:0047H         SYMBOL        freq
  D:004AH         SYMBOL        radio_type
  C:5D93H         LINE#         327
  C:5D9BH         LINE#         328
  C:5D9BH         LINE#         329
  C:5DA7H         LINE#         330
  C:5DB4H         LINE#         331
  C:5DB9H         LINE#         332
  C:5DC0H         LINE#         333
  C:5DCFH         LINE#         334
  C:5DE4H         LINE#         335
  C:5DF9H         LINE#         336
  C:5E0EH         LINE#         337
  C:5E1DH         LINE#         338
  C:5E32H         LINE#         339
  C:5E47H         LINE#         340
  C:5E5CH         LINE#         342
  C:5E71H         LINE#         343
  C:5E86H         LINE#         344
  C:5E9BH         LINE#         345
  C:5EB0H         LINE#         347
  C:5EB7H         LINE#         348
  C:5EBEH         LINE#         349
  C:5EC5H         LINE#         351
  C:5ED4H         LINE#         352
  C:5EE1H         LINE#         354
  C:5EE8H         LINE#         355
  C:5EE8H         LINE#         356
  C:5EFEH         LINE#         357
  C:5F09H         LINE#         358
BL51 BANKED LINKER/LOCATER V6.22.2.0                                                  04/15/2022  17:34:31  PAGE 73


  C:5F0BH         LINE#         359
  C:5F0BH         LINE#         360
  C:5F0DH         LINE#         361
  C:5F15H         LINE#         362
  C:5F1CH         LINE#         363
  C:5F28H         LINE#         364
  -------         ENDPROC       _ML7345_FREQUENCY_SET
  -------         PROC          ML7345_GPIO0TXDONEINT_ENABLE
  C:7853H         LINE#         394
  C:7853H         LINE#         395
  C:7853H         LINE#         397
  C:785AH         LINE#         398
  C:7861H         LINE#         399
  C:7868H         LINE#         400
  -------         ENDPROC       ML7345_GPIO0TXDONEINT_ENABLE
  -------         PROC          ML7345_GPIO0RXDONEINT_ENABLE
  C:7869H         LINE#         401
  C:7869H         LINE#         402
  C:7869H         LINE#         403
  C:7870H         LINE#         405
  C:7877H         LINE#         406
  C:787EH         LINE#         407
  -------         ENDPROC       ML7345_GPIO0RXDONEINT_ENABLE
  -------         PROC          _ML7345_READRX_PACK
  D:004BH         SYMBOL        pbuf
  D:004EH         SYMBOL        len
  C:764BH         LINE#         543
  C:7653H         LINE#         544
  C:7653H         LINE#         545
  C:7665H         LINE#         546
  C:766CH         LINE#         547
  C:767AH         LINE#         548
  -------         ENDPROC       _ML7345_READRX_PACK
  -------         PROC          _ML7345_AUTOTX_DATA
  D:004FH         SYMBOL        pbuf
  D:0052H         SYMBOL        len
  C:745EH         LINE#         555
  C:7466H         LINE#         556
  C:7466H         LINE#         557
  C:7478H         LINE#         558
  C:747CH         LINE#         559
  C:7483H         LINE#         560
  C:748AH         LINE#         561
  C:748FH         LINE#         562
  C:749DH         LINE#         563
  -------         ENDPROC       _ML7345_AUTOTX_DATA
  -------         PROC          RF_SYNCWORD_DONE
  -------         DO            
  I:00DDH         SYMBOL        sync
  -------         ENDDO         
  C:7823H         LINE#         565
  C:7823H         LINE#         566
  C:7823H         LINE#         567
  C:7827H         LINE#         568
  C:782EH         LINE#         569
  C:7837H         LINE#         570
  C:783BH         LINE#         571
BL51 BANKED LINKER/LOCATER V6.22.2.0                                                  04/15/2022  17:34:31  PAGE 74


  -------         ENDPROC       RF_SYNCWORD_DONE
  -------         PROC          _ML7345_FREQUENCY_CALCUL
  D:0021H         SYMBOL        Freq
  D:0025H         SYMBOL        pbuf
  -------         DO            
  X:06DBH         SYMBOL        integer
  X:06DCH         SYMBOL        f_dec
  X:06E0H         SYMBOL        cal_val
  -------         ENDDO         
  C:504BH         LINE#         573
  C:5059H         LINE#         574
  C:5059H         LINE#         575
  C:505EH         LINE#         576
  C:5068H         LINE#         577
  C:5072H         LINE#         578
  C:508AH         LINE#         579
  C:50CBH         LINE#         580
  C:50EDH         LINE#         581
  C:50FCH         LINE#         582
  C:512FH         LINE#         583
  C:5162H         LINE#         584
  C:5190H         LINE#         586
  C:51A8H         LINE#         587
  C:51C0H         LINE#         588
  C:5201H         LINE#         589
  C:5223H         LINE#         590
  C:5238H         LINE#         591
  C:526BH         LINE#         592
  C:529EH         LINE#         593
  C:52CCH         LINE#         594
  -------         ENDPROC       _ML7345_FREQUENCY_CALCUL
  -------         PROC          SETREG_RSSI
  C:75E9H         LINE#         596
  C:75E9H         LINE#         597
  C:75E9H         LINE#         598
  C:75F0H         LINE#         599
  C:75F7H         LINE#         600
  C:75FEH         LINE#         601
  C:7605H         LINE#         602
  C:760CH         LINE#         603
  C:7613H         LINE#         604
  C:761AH         LINE#         605
  -------         ENDPROC       SETREG_RSSI
  -------         ENDMOD        ML7345_HAL

  -------         MODULE        ?C?FPADD
  C:257EH         PUBLIC        ?C?FPADD
  C:257AH         PUBLIC        ?C?FPSUB
  -------         ENDMOD        ?C?FPADD

  -------         MODULE        ?C?FPMUL
  C:266FH         PUBLIC        ?C?FPMUL
  -------         ENDMOD        ?C?FPMUL

  -------         MODULE        ?C?FPDIV
  C:2778H         PUBLIC        ?C?FPDIV
  -------         ENDMOD        ?C?FPDIV
BL51 BANKED LINKER/LOCATER V6.22.2.0                                                  04/15/2022  17:34:31  PAGE 75



  -------         MODULE        ?C?FCAST
  C:281FH         PUBLIC        ?C?FCASTC
  C:281AH         PUBLIC        ?C?FCASTI
  C:2815H         PUBLIC        ?C?FCASTL
  -------         ENDMOD        ?C?FCAST

  -------         MODULE        ?C?CASTF
  C:2853H         PUBLIC        ?C?CASTF
  -------         ENDMOD        ?C?CASTF

  -------         MODULE        ?C?COPY
  C:29A4H         PUBLIC        ?C?COPY
  -------         ENDMOD        ?C?COPY

  -------         MODULE        ?C?CLDPTR
  C:29CAH         PUBLIC        ?C?CLDPTR
  -------         ENDMOD        ?C?CLDPTR

  -------         MODULE        ?C?CLDOPTR
  C:29E3H         PUBLIC        ?C?CLDOPTR
  -------         ENDMOD        ?C?CLDOPTR

  -------         MODULE        ?C?CSTPTR
  C:2A10H         PUBLIC        ?C?CSTPTR
  -------         ENDMOD        ?C?CSTPTR

  -------         MODULE        ?C?CSTOPTR
  C:2A22H         PUBLIC        ?C?CSTOPTR
  -------         ENDMOD        ?C?CSTOPTR

  -------         MODULE        ?C?IMUL
  C:2A44H         PUBLIC        ?C?IMUL
  -------         ENDMOD        ?C?IMUL

  -------         MODULE        ?C?UIDIV
  C:2A56H         PUBLIC        ?C?UIDIV
  -------         ENDMOD        ?C?UIDIV

  -------         MODULE        ?C?SIDIV
  C:2AABH         PUBLIC        ?C?SIDIV
  -------         ENDMOD        ?C?SIDIV

  -------         MODULE        ?C?ILDIX
  C:2AE1H         PUBLIC        ?C?ILDIX
  -------         ENDMOD        ?C?ILDIX

  -------         MODULE        ?C?LMUL
  C:2AF7H         PUBLIC        ?C?LMUL
  -------         ENDMOD        ?C?LMUL

  -------         MODULE        ?C?ULDIV
  C:2B82H         PUBLIC        ?C?ULDIV
  -------         ENDMOD        ?C?ULDIV

  -------         MODULE        ?C?SLDIV
  C:7317H         PUBLIC        ?C?SLDIV
BL51 BANKED LINKER/LOCATER V6.22.2.0                                                  04/15/2022  17:34:31  PAGE 76


  -------         ENDMOD        ?C?SLDIV

  -------         MODULE        ?C?LNEG
  C:2C14H         PUBLIC        ?C?LNEG
  -------         ENDMOD        ?C?LNEG

  -------         MODULE        ?C?ULCMP
  C:2C22H         PUBLIC        ?C?ULCMP
  -------         ENDMOD        ?C?ULCMP

  -------         MODULE        ?C?ULSHR
  C:2C33H         PUBLIC        ?C?ULSHR
  -------         ENDMOD        ?C?ULSHR

  -------         MODULE        ?C?LSHL
  C:2C46H         PUBLIC        ?C?LSHL
  -------         ENDMOD        ?C?LSHL

  -------         MODULE        ?C?LLDIDATA
  C:2C59H         PUBLIC        ?C?LLDIDATA
  -------         ENDMOD        ?C?LLDIDATA

  -------         MODULE        ?C?LLDIDATA0
  C:2C65H         PUBLIC        ?C?LLDIDATA0
  -------         ENDMOD        ?C?LLDIDATA0

  -------         MODULE        ?C?LSTIDATA
  C:2C72H         PUBLIC        ?C?LSTIDATA
  -------         ENDMOD        ?C?LSTIDATA

  -------         MODULE        ?C?LSTXDATA
  C:2C7EH         PUBLIC        ?C?LSTXDATA
  -------         ENDMOD        ?C?LSTXDATA

  -------         MODULE        ?C?LSTKIDATA
  C:2C8AH         PUBLIC        ?C?LSTKIDATA
  -------         ENDMOD        ?C?LSTKIDATA

  -------         MODULE        ?C?LSTKXDATA
  C:2CA3H         PUBLIC        ?C?LSTKXDATA
  -------         ENDMOD        ?C?LSTKXDATA

  -------         MODULE        ?C?OFFXADD
  C:2CD4H         PUBLIC        ?C?OFFXADD
  -------         ENDMOD        ?C?OFFXADD

  -------         MODULE        ?C?CCASE
  C:2CE0H         PUBLIC        ?C?CCASE
  -------         ENDMOD        ?C?CCASE

*** WARNING L16: UNCALLED SEGMENT, IGNORED FOR OVERLAY PROCESS
    SEGMENT: ?PR?INIT_INT0?GPIO

Program Size: data=222.7 xdata=1769 code=30964
LINK/LOCATE RUN COMPLETE.  1 WARNING(S),  0 ERROR(S)
