BL51 BANKED LINKER/LOCATER V6.22.2.0                                                    03/09/2022  17:29:05  PAGE 1


BL51 BANKED LINKER/LOCATER V6.22.2.0, INVOKED BY:
C:\KEIL_V5\C51\BIN\BL51.EXE .\Objects\main.obj, .\Objects\sys.obj, .\Objects\gpio.obj, .\Objects\timer.obj, .\Objects\ua
>> rt.obj, .\Objects\IAP_flash.obj, .\Objects\spi.obj, .\Objects\ram.obj, .\Objects\ID_Decode.obj, .\Objects\ML7345.obj,
>>  .\Objects\ML7345_HAL.obj TO .\Objects\CRX1831DCM_MA82G5B32_Pro PRINT (.\Listings\CRX1831DCM_MA82G5B32_Pro.m51) RAMSI
>> ZE (256) CODE (0X0000-0X7FFF) XDATA (0X0000-0X06FF)


MEMORY MODEL: SMALL WITH FLOATING POINT ARITHMETIC


INPUT MODULES INCLUDED:
  .\Objects\main.obj (MAIN)
  .\Objects\sys.obj (SYS)
  .\Objects\gpio.obj (GPIO)
  .\Objects\timer.obj (TIMER)
  .\Objects\uart.obj (UART)
  .\Objects\IAP_flash.obj (IAP_FLASH)
  .\Objects\spi.obj (SPI)
  .\Objects\ram.obj (RAM)
  .\Objects\ID_Decode.obj (ID_DECODE)
  .\Objects\ML7345.obj (ML7345)
  .\Objects\ML7345_HAL.obj (ML7345_HAL)
  C:\KEIL_V5\C51\LIB\C51FPS.LIB (?C?FPADD)
  C:\KEIL_V5\C51\LIB\C51FPS.LIB (?C?FPMUL)
  C:\KEIL_V5\C51\LIB\C51FPS.LIB (?C?FPDIV)
  C:\KEIL_V5\C51\LIB\C51FPS.LIB (?C?FCAST)
  C:\KEIL_V5\C51\LIB\C51FPS.LIB (?C?CASTF)
  C:\KEIL_V5\C51\LIB\C51FPS.LIB (?C?FPGETOPN)
  C:\KEIL_V5\C51\LIB\C51S.LIB (?C_STARTUP)
  C:\KEIL_V5\C51\LIB\C51S.LIB (?C?COPY)
  C:\KEIL_V5\C51\LIB\C51S.LIB (?C?CLDPTR)
  C:\KEIL_V5\C51\LIB\C51S.LIB (?C?CLDOPTR)
  C:\KEIL_V5\C51\LIB\C51S.LIB (?C?CSTPTR)
  C:\KEIL_V5\C51\LIB\C51S.LIB (?C?CSTOPTR)
  C:\KEIL_V5\C51\LIB\C51S.LIB (?C?IMUL)
  C:\KEIL_V5\C51\LIB\C51S.LIB (?C?UIDIV)
  C:\KEIL_V5\C51\LIB\C51S.LIB (?C?SIDIV)
  C:\KEIL_V5\C51\LIB\C51S.LIB (?C?ILDIX)
  C:\KEIL_V5\C51\LIB\C51S.LIB (?C?LMUL)
  C:\KEIL_V5\C51\LIB\C51S.LIB (?C?ULDIV)
  C:\KEIL_V5\C51\LIB\C51S.LIB (?C?SLDIV)
  C:\KEIL_V5\C51\LIB\C51S.LIB (?C?LNEG)
  C:\KEIL_V5\C51\LIB\C51S.LIB (?C?ULCMP)
  C:\KEIL_V5\C51\LIB\C51S.LIB (?C?ULSHR)
  C:\KEIL_V5\C51\LIB\C51S.LIB (?C?LSHL)
  C:\KEIL_V5\C51\LIB\C51S.LIB (?C?LLDIDATA)
  C:\KEIL_V5\C51\LIB\C51S.LIB (?C?LLDIDATA0)
  C:\KEIL_V5\C51\LIB\C51S.LIB (?C?LSTIDATA)
  C:\KEIL_V5\C51\LIB\C51S.LIB (?C?LSTXDATA)
  C:\KEIL_V5\C51\LIB\C51S.LIB (?C?LSTKIDATA)
  C:\KEIL_V5\C51\LIB\C51S.LIB (?C?LSTKXDATA)
  C:\KEIL_V5\C51\LIB\C51S.LIB (?C?OFFXADD)
  C:\KEIL_V5\C51\LIB\C51S.LIB (?C?CCASE)
  C:\KEIL_V5\C51\LIB\C51S.LIB (?C_INIT)


LINK MAP OF MODULE:  .\Objects\CRX1831DCM_MA82G5B32_Pro (MAIN)

BL51 BANKED LINKER/LOCATER V6.22.2.0                                                  03/09/2022  17:29:05  PAGE 2



            TYPE    BASE      LENGTH    RELOCATION   SEGMENT NAME
            -----------------------------------------------------

            * * * * * * *   D A T A   M E M O R Y   * * * * * * *
            REG     0000H     0008H     ABSOLUTE     "REG BANK 0"
            DATA    0008H     0010H     UNIT         ?DT?_TX_DATALOAD_HIGHSPEED?ML7345
            DATA    0018H     0007H     UNIT         ?DT?_IAP_WRITEBUF_WITH_PROTECT_VERIFY?IAP_FLASH
            DATA    001FH     0001H     UNIT         ?DT?_DELAYXUS?TIMER
            BIT     0020H.0   0000H.1   UNIT         ?BI?_UART0SENDBYTE?UART
            BIT     0020H.1   0000H.1   UNIT         ?BI?UART
            BIT     0020H.2   0000H.1   UNIT         ?BI?_IAP_WRITEPPAGE?IAP_FLASH
            BIT     0020H.3   0000H.1   UNIT         ?BI?_IAP_ERASEPAGE?IAP_FLASH
            BIT     0020H.4   0000H.1   UNIT         ?BI?_IAP_WRITEBUF_WITH_PROTECT_VERIFY?IAP_FLASH
            BIT     0020H.5   0000H.1   UNIT         ?BI?_IAP_WRITE_BYTE?IAP_FLASH
            BIT     0020H.6   0000H.1   UNIT         ?BI?RAM
                    0020H.7   0000H.1                *** GAP ***
            DATA    0021H     0007H     UNIT         ?DT?_ML7345_FREQUENCY_CALCUL?ML7345_HAL
            DATA    0028H     0005H     UNIT         ?DT?_ML7345_WRITE_FIFO?SPI
            DATA    002DH     0005H     UNIT         ?DT?_ML7345_READ_FIFO?SPI
            DATA    0032H     0005H     UNIT         ?DT?_RF_ML7345_INIT?ML7345
            DATA    0037H     0004H     UNIT         ?DT?_SEND_DATA?UART
            DATA    003BH     0004H     UNIT         ?DT?_ID_SCX1801_EEPROM_WRITE?IAP_FLASH
            DATA    003FH     0004H     UNIT         ?DT?_DELETE_GENERALID_EEPROM?IAP_FLASH
            DATA    0043H     0004H     UNIT         ?DT?_BEEP_MODULE?ID_DECODE
            DATA    0047H     0004H     UNIT         ?DT?_ML7345_FREQUENCY_SET?ML7345_HAL
            DATA    004BH     0004H     UNIT         ?DT?_ML7345_READRX_PACK?ML7345_HAL
            DATA    004FH     0004H     UNIT         ?DT?_ML7345_AUTOTX_DATA?ML7345_HAL
            DATA    0053H     0003H     UNIT         ?DT?_ASC_HEX_2?UART
            DATA    0056H     0003H     UNIT         ?DT?_IAP_WRITE_BYTE?IAP_FLASH
            DATA    0059H     0003H     UNIT         ?DT?ML7345
            DATA    005CH     0002H     UNIT         ?DT?_IAP_WRITEPPAGE?IAP_FLASH
            DATA    005EH     0002H     UNIT         ?DT?_SPI_DELAY?SPI
            DATA    0060H     0002H     UNIT         ?DT?_ML7345_WRITE_REG?SPI
            DATA    0062H     0001H     UNIT         ?DT?_DELAY_MS?TIMER
            DATA    0063H     0001H     UNIT         ?DT?_UART0SENDBYTE?UART
            DATA    0064H     0001H     UNIT         ?DT?_ASC_HEX?UART
            DATA    0065H     0001H     UNIT         ?DT?_HEX_ASC?UART
            DATA    0066H     0001H     UNIT         ?DT?_RECEIVEFRAME?UART
            DATA    0067H     0001H     UNIT         ?DT?_IAP_ERASEPAGE?IAP_FLASH
            DATA    0068H     0001H     UNIT         ?DT?_SPI1_SENDRECV_DATA?SPI
            DATA    0069H     0001H     UNIT         ?DT?_ML7345_READ_REG?SPI
            DATA    006AH     0001H     UNIT         ?DT?_SIGNAL_DATA_DECODE?ID_DECODE
            DATA    006BH     0001H     UNIT         ?DT?_RETURN_ID_DATA?ID_DECODE
            DATA    006CH     0001H     UNIT         ?DT?_TX_DATA_TEST?ML7345
            DATA    006DH     0001H     UNIT         ?DT?_ML7345_AUTOSTATETRANSITION_SET?ML7345_HAL
            DATA    006EH     0001H     UNIT         ?DT?_ML7345_SETANDGET_STATE?ML7345_HAL
            DATA    006FH     0001H     UNIT         ?DT?_ML7345_STATEFLAG_CLEAR?ML7345_HAL
            IDATA   0070H     0022H     UNIT         ?ID?RAM
            IDATA   0092H     0011H     UNIT         ?ID?ID_EEPROM_WRITE?IAP_FLASH
            IDATA   00A3H     000FH     UNIT         ?ID?_DELETE_GENERALID_EEPROM?IAP_FLASH
            IDATA   00B2H     000EH     UNIT         ?ID?EEPROM_SYS_LOAD?IAP_FLASH
            IDATA   00C0H     0008H     UNIT         ?ID?_RETURN_ID_DATA?ID_DECODE
            IDATA   00C8H     0007H     UNIT         ?ID?_ID_SCX1801_EEPROM_WRITE?IAP_FLASH
            IDATA   00CFH     0003H     UNIT         ?ID?UART
            IDATA   00D2H     0002H     UNIT         ?ID?TIMER
            IDATA   00D4H     0002H     UNIT         ?ID?ALL_ID_EEPROM_ERASE?IAP_FLASH
BL51 BANKED LINKER/LOCATER V6.22.2.0                                                  03/09/2022  17:29:05  PAGE 3


            IDATA   00D6H     0002H     UNIT         ?ID?_BEEP_MODULE?ID_DECODE
            IDATA   00D8H     0002H     UNIT         ?ID?RECEIVER_BEEP?ID_DECODE
            IDATA   00DAH     0001H     UNIT         ?ID?INT_UART0?UART
            IDATA   00DBH     0001H     UNIT         ?ID?OPRATIONFRAME?UART
            IDATA   00DCH     0001H     UNIT         ?ID?ML7345_TRX_DEL?ML7345
            IDATA   00DDH     0001H     UNIT         ?ID?RF_SYNCWORD_DONE?ML7345_HAL
            IDATA   00DEH     0001H     UNIT         ?STACK

            * * * * * * *  X D A T A   M E M O R Y  * * * * * * *
            XDATA   0000H     03B5H     UNIT         ?XD?RAM
            XDATA   03B5H     0209H     UNIT         ?XD?IAP_FLASH
            XDATA   05BEH     0085H     UNIT         ?XD?ML7345
            XDATA   0643H     007BH     UNIT         ?XD?UART
            XDATA   06BEH     001AH     UNIT         ?XD?ID_DECODE
            XDATA   06D8H     000EH     UNIT         ?XD?ML7345_HAL
            XDATA   06E6H     0003H     UNIT         ?XD?SPI

            * * * * * * *   C O D E   M E M O R Y   * * * * * * *
            CODE    0000H     0003H     ABSOLUTE     
            CODE    0003H     0003H     ABSOLUTE     
            CODE    0006H     0005H     UNIT         ?PR?BEEP_OFF?TIMER
            CODE    000BH     0003H     ABSOLUTE     
            CODE    000EH     0004H     UNIT         ?PR?CLEARWDT?SYS
                    0012H     0001H                  *** GAP ***
            CODE    0013H     0003H     ABSOLUTE     
            CODE    0016H     000CH     UNIT         ?PR?INIT_INT0?GPIO
                    0022H     0001H                  *** GAP ***
            CODE    0023H     0003H     ABSOLUTE     
            CODE    0026H     0B28H     UNIT         ?PR?PC_PRG?UART
            CODE    0B4EH     0AD3H     UNIT         ?PR?ID_DECODE_OUT?ID_DECODE
            CODE    1621H     07AEH     UNIT         ?PR?APP_TX_PACKET?ML7345
            CODE    1DCFH     07A5H     UNIT         ?PR?ID_LEARN?IAP_FLASH
            CODE    2574H     078FH     UNIT         ?C?LIB_CODE
            CODE    2D03H     05BEH     UNIT         ?PR?ID_DECODE_IDCHECK?ID_DECODE
            CODE    32C1H     05B8H     UNIT         ?C_INITSEG
            CODE    3879H     0564H     UNIT         ?PR?EEPROM_SYS_LOAD?IAP_FLASH
            CODE    3DDDH     04CDH     UNIT         ?PR?_TX_DATALOAD_HIGHSPEED?ML7345
            CODE    42AAH     03CFH     UNIT         ?PR?_RF_ML7345_INIT?ML7345
            CODE    4679H     038FH     UNIT         ?PR?_SIGNAL_DATA_DECODE?ID_DECODE
            CODE    4A08H     032BH     UNIT         ?PR?OPRATIONFRAME?UART
            CODE    4D33H     0312H     UNIT         ?PR?ML7345D_RF_TEST_MODE?ML7345
            CODE    5045H     0282H     UNIT         ?PR?_ML7345_FREQUENCY_CALCUL?ML7345_HAL
            CODE    52C7H     0274H     UNIT         ?PR?ID_EEPROM_WRITE?IAP_FLASH
            CODE    553BH     026EH     UNIT         ?PR?_DELETE_GENERALID_EEPROM?IAP_FLASH
            CODE    57A9H     022CH     UNIT         ?PR?_IAP_WRITEBUF_WITH_PROTECT_VERIFY?IAP_FLASH
            CODE    59D5H     01F2H     UNIT         ?PR?EEPROM_IDCHECK?ID_DECODE
            CODE    5BC7H     01C6H     UNIT         ?PR?ML7345_TRX_DEL?ML7345
            CODE    5D8DH     0196H     UNIT         ?PR?_ML7345_FREQUENCY_SET?ML7345_HAL
            CODE    5F23H     014AH     UNIT         ?PR?INT_T0?TIMER
            CODE    606DH     0129H     UNIT         ?PR?RX_ANALYSIS?ML7345
            CODE    6196H     0127H     UNIT         ?PR?ML7345D_CHANGE_CHANNEL?ML7345
            CODE    62BDH     0127H     UNIT         ?PR?ML7345D_FREQ_SCANNING?ML7345
            CODE    63E4H     011AH     UNIT         ?PR?MAIN?MAIN
            CODE    64FEH     010DH     UNIT         ?PR?SCAN_RECEIVE_PACKET?ML7345
            CODE    660BH     00FCH     UNIT         ?PR?_RECEIVEFRAME?UART
            CODE    6707H     00EFH     UNIT         ?PR?_ML7345_SETANDGET_STATE?ML7345_HAL
            CODE    67F6H     00EDH     UNIT         ?PR?INT_UART0?UART
BL51 BANKED LINKER/LOCATER V6.22.2.0                                                  03/09/2022  17:29:05  PAGE 4


            CODE    68E3H     00D7H     UNIT         ?PR?_BEEP_MODULE?ID_DECODE
            CODE    69BAH     00C6H     UNIT         ?PR?ID_LOGIN_EXIT_INITIAL?IAP_FLASH
            CODE    6A80H     00C5H     UNIT         ?PR?ML7345_DATARATE_SET_4_8K?ML7345_HAL
            CODE    6B45H     00B7H     UNIT         ?PR?ML7345_DATARATE_SET_1_2K?ML7345_HAL
            CODE    6BFCH     0097H     UNIT         ?PR?IAP_ERASE_ALL_ID?IAP_FLASH
            CODE    6C93H     008CH     UNIT         ?C_C51STARTUP
            CODE    6D1FH     0081H     UNIT         ?PR?_ML7345_WRITE_FIFO?SPI
            CODE    6DA0H     007FH     UNIT         ?PR?DATARECEIVE?ML7345
            CODE    6E1FH     0077H     UNIT         ?PR?UART_RF_BER_TEST?ML7345
            CODE    6E96H     0074H     UNIT         ?PR?_ID_SCX1801_EEPROM_WRITE?IAP_FLASH
            CODE    6F0AH     006AH     UNIT         ?PR?_ML7345_READ_FIFO?SPI
            CODE    6F74H     0066H     UNIT         ?PR?INIT_PORT?GPIO
            CODE    6FDAH     0064H     UNIT         ?PR?_RETURN_ID_DATA?ID_DECODE
            CODE    703EH     005CH     UNIT         ?PR?TRANMISSIONACK?UART
            CODE    709AH     0055H     UNIT         ?PR?TEST_BEEP?ID_DECODE
            CODE    70EFH     0051H     UNIT         ?PR?RF_BER_TEST?ML7345
            CODE    7140H     004FH     UNIT         ?PR?_TX_DATA_TEST?ML7345
            CODE    718FH     004EH     UNIT         ?PR?INT_INT0?GPIO
            CODE    71DDH     004EH     UNIT         ?PR?INT_INT1?GPIO
            CODE    722BH     004AH     UNIT         ?PR?RECEIVER_BEEP?ID_DECODE
            CODE    7275H     0046H     UNIT         ?PR?INIT_CLOCK?SYS
            CODE    72BBH     0045H     UNIT         ?PR?INIT_PCA_PWM?TIMER
            CODE    7300H     0044H     UNIT         ?C?LDIV
            CODE    7344H     0042H     UNIT         ?PR?_ML7345_READ_REG?SPI
            CODE    7386H     0041H     UNIT         ?PR?WAITSTATUS_COMPLETE?ML7345_HAL
            CODE    73C7H     0040H     UNIT         ?PR?ALL_ID_EEPROM_ERASE?IAP_FLASH
            CODE    7407H     0040H     UNIT         ?PR?ML7345_MEASURBER_INIT?ML7345
            CODE    7447H     0040H     UNIT         ?PR?_ML7345_AUTOTX_DATA?ML7345_HAL
            CODE    7487H     003DH     UNIT         ?PR?_SEND_DATA?UART
            CODE    74C4H     0039H     UNIT         ?PR?_ML7345_WRITE_REG?SPI
            CODE    74FDH     0039H     UNIT         ?PR?_ML7345_STATEFLAG_CLEAR?ML7345_HAL
            CODE    7536H     0038H     UNIT         ?PR?_IAP_WRITE_BYTE?IAP_FLASH
            CODE    756EH     0032H     UNIT         ?PR?INIT_UART0_T1_ODD?UART
            CODE    75A0H     0032H     UNIT         ?PR?SETREG_RSSI?ML7345_HAL
            CODE    75D2H     0030H     UNIT         ?PR?_HEX_ASC?UART
            CODE    7602H     0030H     UNIT         ?PR?_ML7345_READRX_PACK?ML7345_HAL
            CODE    7632H     002FH     UNIT         ?PR?_ML7345_AUTOSTATETRANSITION_SET?ML7345_HAL
            CODE    7661H     002DH     UNIT         ?PR?_ASC_HEX?UART
            CODE    768EH     002BH     UNIT         ?PR?_IAP_WRITEPPAGE?IAP_FLASH
            CODE    76B9H     0028H     UNIT         ?PR?BEEP_AND_LED?ID_DECODE
            CODE    76E1H     0026H     UNIT         ?PR?_IAP_ERASEPAGE?IAP_FLASH
            CODE    7707H     0022H     UNIT         ?PR?INIT_SPI?SPI
            CODE    7729H     0020H     UNIT         ?PR?_DELAY_MS?TIMER
            CODE    7749H     001FH     UNIT         ?PR?INIT_TIMER0?TIMER
            CODE    7768H     001EH     UNIT         ?PR?_ASC_HEX_2?UART
            CODE    7786H     001DH     UNIT         ?PR?ML7345_ALLSTATEFLAG_CLEAR?ML7345_HAL
            CODE    77A3H     001BH     UNIT         ?PR?_SPI1_SENDRECV_DATA?SPI
            CODE    77BEH     0019H     UNIT         ?PR?RF_SYNCWORD_DONE?ML7345_HAL
            CODE    77D7H     0017H     UNIT         ?PR?_DELAYXUS?TIMER
            CODE    77EEH     0016H     UNIT         ?PR?ML7345_GPIO0TXDONEINT_ENABLE?ML7345_HAL
            CODE    7804H     0016H     UNIT         ?PR?ML7345_GPIO0RXDONEINT_ENABLE?ML7345_HAL
            CODE    781AH     0015H     UNIT         ?PR?_UART0SENDBYTE?UART
            CODE    782FH     0014H     UNIT         ?PR?INIT_WDT?SYS
            CODE    7843H     0014H     UNIT         ?PR?_SPI_DELAY?SPI
            CODE    7857H     000FH     UNIT         ?CO?IAP_FLASH
            CODE    7866H     000EH     UNIT         ?CO?UART
            CODE    7874H     000CH     UNIT         ?PR?INIT_INT1?GPIO
BL51 BANKED LINKER/LOCATER V6.22.2.0                                                  03/09/2022  17:29:05  PAGE 5


            CODE    7880H     000BH     UNIT         ?PR?INIT_IAP_FLASH?IAP_FLASH
            CODE    788BH     000AH     UNIT         ?PR?INIT_INTERRUPT?GPIO
            CODE    7895H     000AH     UNIT         ?PR?ML7345_RESETN_SET?ML7345_HAL
            CODE    789FH     0004H     UNIT         ?PR?INIT_BEEP?TIMER
            CODE    78A3H     0003H     UNIT         ?PR?BEEP_ON?TIMER



OVERLAY MAP OF MODULE:   .\Objects\CRX1831DCM_MA82G5B32_Pro (MAIN)


SEGMENT
  +--> CALLED SEGMENT
---------------------
?PR?INT_INT0?GPIO
  +--> ?PR?ML7345_TRX_DEL?ML7345
  +--> ?PR?DATARECEIVE?ML7345

?PR?ML7345_TRX_DEL?ML7345
  +--> ?PR?RF_SYNCWORD_DONE?ML7345_HAL
  +--> ?PR?_ML7345_SETANDGET_STATE?ML7345_HAL
  +--> ?PR?_RF_ML7345_INIT?ML7345
  +--> ?PR?ML7345_GPIO0RXDONEINT_ENABLE?ML73...
  +--> ?PR?_ML7345_WRITE_REG?SPI
  +--> ?PR?_ML7345_READ_REG?SPI
  +--> ?PR?_ML7345_STATEFLAG_CLEAR?ML7345_HAL

?PR?RF_SYNCWORD_DONE?ML7345_HAL
  +--> ?PR?_ML7345_WRITE_REG?SPI
  +--> ?PR?_ML7345_READ_REG?SPI

?PR?_ML7345_WRITE_REG?SPI
  +--> ?PR?_SPI_DELAY?SPI
  +--> ?PR?_SPI1_SENDRECV_DATA?SPI

?PR?_ML7345_READ_REG?SPI
  +--> ?PR?_SPI_DELAY?SPI
  +--> ?PR?_SPI1_SENDRECV_DATA?SPI

?PR?_ML7345_SETANDGET_STATE?ML7345_HAL
  +--> ?PR?_ML7345_WRITE_REG?SPI
  +--> ?PR?_ML7345_READ_REG?SPI
  +--> ?PR?WAITSTATUS_COMPLETE?ML7345_HAL
  +--> ?PR?_ML7345_FREQUENCY_CALCUL?ML7345_HAL
  +--> ?PR?CLEARWDT?SYS
  +--> ?PR?_RF_ML7345_INIT?ML7345

?PR?WAITSTATUS_COMPLETE?ML7345_HAL
  +--> ?PR?_ML7345_WRITE_REG?SPI
  +--> ?PR?_ML7345_READ_REG?SPI
  +--> ?PR?CLEARWDT?SYS

?PR?_RF_ML7345_INIT?ML7345
  +--> ?PR?ML7345_RESETN_SET?ML7345_HAL
  +--> ?PR?_ML7345_READ_REG?SPI
  +--> ?PR?_ML7345_WRITE_REG?SPI
  +--> ?PR?SETREG_RSSI?ML7345_HAL
BL51 BANKED LINKER/LOCATER V6.22.2.0                                                  03/09/2022  17:29:05  PAGE 6


  +--> ?PR?ML7345_DATARATE_SET_4_8K?ML7345_HAL
  +--> ?PR?ML7345_DATARATE_SET_1_2K?ML7345_HAL
  +--> ?PR?ML7345_ALLSTATEFLAG_CLEAR?ML7345_HAL

?PR?ML7345_RESETN_SET?ML7345_HAL
  +--> ?PR?_DELAY_MS?TIMER

?PR?_DELAY_MS?TIMER
  +--> ?PR?_DELAYXUS?TIMER

?PR?SETREG_RSSI?ML7345_HAL
  +--> ?PR?_ML7345_WRITE_REG?SPI

?PR?ML7345_DATARATE_SET_4_8K?ML7345_HAL
  +--> ?PR?_ML7345_WRITE_REG?SPI

?PR?ML7345_DATARATE_SET_1_2K?ML7345_HAL
  +--> ?PR?_ML7345_WRITE_REG?SPI

?PR?ML7345_ALLSTATEFLAG_CLEAR?ML7345_HAL
  +--> ?PR?_ML7345_WRITE_REG?SPI

?PR?ML7345_GPIO0RXDONEINT_ENABLE?ML73...
  +--> ?PR?_ML7345_WRITE_REG?SPI

?PR?_ML7345_STATEFLAG_CLEAR?ML7345_HAL
  +--> ?PR?_ML7345_WRITE_REG?SPI

*** NEW ROOT ***************************************************

?PR?INT_INT1?GPIO
  +--> ?PR?ML7345_TRX_DEL?ML7345
  +--> ?PR?DATARECEIVE?ML7345

*** NEW ROOT ***************************************************

?PR?INT_UART0?UART
  +--> ?PR?_RECEIVEFRAME?UART

?PR?_RECEIVEFRAME?UART
  +--> ?PR?OPRATIONFRAME?UART

*** NEW ROOT ***************************************************

?C_C51STARTUP
  +--> ?PR?MAIN?MAIN
  +--> ?C_INITSEG

?PR?MAIN?MAIN
  +--> ?PR?INIT_WDT?SYS
  +--> ?PR?INIT_CLOCK?SYS
  +--> ?PR?CLEARWDT?SYS
  +--> ?PR?INIT_IAP_FLASH?IAP_FLASH
  +--> ?PR?EEPROM_SYS_LOAD?IAP_FLASH
  +--> ?PR?INIT_PORT?GPIO
  +--> ?PR?INIT_TIMER0?TIMER
  +--> ?PR?INIT_UART0_T1_ODD?UART
BL51 BANKED LINKER/LOCATER V6.22.2.0                                                  03/09/2022  17:29:05  PAGE 7


  +--> ?PR?INIT_BEEP?TIMER
  +--> ?PR?INIT_SPI?SPI
  +--> ?PR?_RF_ML7345_INIT?ML7345
  +--> ?PR?INIT_INTERRUPT?GPIO
  +--> ?PR?ML7345D_RF_TEST_MODE?ML7345
  +--> ?PR?_ML7345_SETANDGET_STATE?ML7345_HAL
  +--> ?PR?TEST_BEEP?ID_DECODE
  +--> ?PR?ID_DECODE_OUT?ID_DECODE
  +--> ?PR?ID_LEARN?IAP_FLASH
  +--> ?PR?APP_TX_PACKET?ML7345
  +--> ?PR?ML7345D_FREQ_SCANNING?ML7345
  +--> ?PR?SCAN_RECEIVE_PACKET?ML7345
  +--> ?PR?TRANMISSIONACK?UART

?PR?INIT_CLOCK?SYS
  +--> ?PR?_DELAYXUS?TIMER

?PR?INIT_IAP_FLASH?IAP_FLASH
  +--> ?PR?_IAP_WRITEPPAGE?IAP_FLASH

?PR?EEPROM_SYS_LOAD?IAP_FLASH
  +--> ?CO?IAP_FLASH
  +--> ?PR?CLEARWDT?SYS
  +--> ?PR?_ML7345_FREQUENCY_CALCUL?ML7345_HAL

?PR?INIT_BEEP?TIMER
  +--> ?PR?INIT_PCA_PWM?TIMER

?PR?INIT_INTERRUPT?GPIO
  +--> ?PR?INIT_INT1?GPIO

?PR?ML7345D_RF_TEST_MODE?ML7345
  +--> ?PR?_BEEP_MODULE?ID_DECODE
  +--> ?PR?CLEARWDT?SYS
  +--> ?PR?_ML7345_SETANDGET_STATE?ML7345_HAL
  +--> ?PR?_ML7345_FREQUENCY_SET?ML7345_HAL
  +--> ?PR?_TX_DATA_TEST?ML7345
  +--> ?PR?ML7345_MEASURBER_INIT?ML7345
  +--> ?PR?RF_BER_TEST?ML7345
  +--> ?PR?PC_PRG?UART
  +--> ?PR?_RF_ML7345_INIT?ML7345
  +--> ?PR?ML7345_GPIO0RXDONEINT_ENABLE?ML73...
  +--> ?PR?ML7345_GPIO0TXDONEINT_ENABLE?ML73...

?PR?_BEEP_MODULE?ID_DECODE
  +--> ?PR?BEEP_ON?TIMER
  +--> ?PR?_DELAYXUS?TIMER
  +--> ?PR?CLEARWDT?SYS
  +--> ?PR?BEEP_OFF?TIMER

?PR?_ML7345_FREQUENCY_SET?ML7345_HAL
  +--> ?PR?_ML7345_SETANDGET_STATE?ML7345_HAL
  +--> ?PR?_ML7345_WRITE_REG?SPI
  +--> ?PR?ML7345_DATARATE_SET_1_2K?ML7345_HAL
  +--> ?PR?ML7345_DATARATE_SET_4_8K?ML7345_HAL
  +--> ?PR?_ML7345_READ_REG?SPI

BL51 BANKED LINKER/LOCATER V6.22.2.0                                                  03/09/2022  17:29:05  PAGE 8


?PR?_TX_DATA_TEST?ML7345
  +--> ?PR?_ML7345_WRITE_REG?SPI
  +--> ?PR?_ML7345_SETANDGET_STATE?ML7345_HAL

?PR?ML7345_MEASURBER_INIT?ML7345
  +--> ?PR?_ML7345_WRITE_REG?SPI

?PR?PC_PRG?UART
  +--> ?CO?UART
  +--> ?PR?_ML7345_SETANDGET_STATE?ML7345_HAL
  +--> ?PR?_SEND_DATA?UART
  +--> ?PR?_ML7345_FREQUENCY_SET?ML7345_HAL
  +--> ?PR?_TX_DATA_TEST?ML7345
  +--> ?PR?ALL_ID_EEPROM_ERASE?IAP_FLASH
  +--> ?PR?_ID_SCX1801_EEPROM_WRITE?IAP_FLASH
  +--> ?PR?_HEX_ASC?UART
  +--> ?PR?_ASC_HEX_2?UART
  +--> ?PR?_IAP_WRITEBUF_WITH_PROTECT_VERIFY...
  +--> ?PR?_ML7345_FREQUENCY_CALCUL?ML7345_HAL
  +--> ?PR?ML7345_MEASURBER_INIT?ML7345
  +--> ?PR?UART_RF_BER_TEST?ML7345

?PR?_SEND_DATA?UART
  +--> ?PR?_UART0SENDBYTE?UART

?PR?ALL_ID_EEPROM_ERASE?IAP_FLASH
  +--> ?PR?CLEARWDT?SYS
  +--> ?PR?IAP_ERASE_ALL_ID?IAP_FLASH

?PR?IAP_ERASE_ALL_ID?IAP_FLASH
  +--> ?CO?IAP_FLASH
  +--> ?PR?_IAP_ERASEPAGE?IAP_FLASH
  +--> ?PR?CLEARWDT?SYS
  +--> ?PR?_IAP_WRITE_BYTE?IAP_FLASH

?PR?_ID_SCX1801_EEPROM_WRITE?IAP_FLASH
  +--> ?CO?IAP_FLASH
  +--> ?PR?_IAP_WRITEBUF_WITH_PROTECT_VERIFY...

?PR?_IAP_WRITEBUF_WITH_PROTECT_VERIFY...
  +--> ?PR?CLEARWDT?SYS

?PR?_ASC_HEX_2?UART
  +--> ?PR?_ASC_HEX?UART

?PR?ML7345_GPIO0TXDONEINT_ENABLE?ML73...
  +--> ?PR?_ML7345_WRITE_REG?SPI

?PR?TEST_BEEP?ID_DECODE
  +--> ?PR?_BEEP_MODULE?ID_DECODE
  +--> ?PR?BEEP_ON?TIMER

?PR?ID_DECODE_OUT?ID_DECODE
  +--> ?PR?_SEND_DATA?UART
  +--> ?PR?RECEIVER_BEEP?ID_DECODE

?PR?RECEIVER_BEEP?ID_DECODE
BL51 BANKED LINKER/LOCATER V6.22.2.0                                                  03/09/2022  17:29:05  PAGE 9


  +--> ?PR?_BEEP_MODULE?ID_DECODE

?PR?ID_LEARN?IAP_FLASH
  +--> ?PR?_BEEP_MODULE?ID_DECODE
  +--> ?PR?ID_LOGIN_EXIT_INITIAL?IAP_FLASH
  +--> ?PR?BEEP_OFF?TIMER
  +--> ?PR?BEEP_ON?TIMER
  +--> ?PR?BEEP_AND_LED?ID_DECODE
  +--> ?PR?_ID_SCX1801_EEPROM_WRITE?IAP_FLASH
  +--> ?PR?_DELETE_GENERALID_EEPROM?IAP_FLASH
  +--> ?PR?ID_EEPROM_WRITE?IAP_FLASH
  +--> ?PR?ALL_ID_EEPROM_ERASE?IAP_FLASH

?PR?ID_LOGIN_EXIT_INITIAL?IAP_FLASH
  +--> ?PR?_BEEP_MODULE?ID_DECODE
  +--> ?PR?BEEP_OFF?TIMER

?PR?BEEP_AND_LED?ID_DECODE
  +--> ?PR?_BEEP_MODULE?ID_DECODE
  +--> ?PR?BEEP_OFF?TIMER

?PR?_DELETE_GENERALID_EEPROM?IAP_FLASH
  +--> ?CO?IAP_FLASH
  +--> ?PR?_RETURN_ID_DATA?ID_DECODE
  +--> ?PR?CLEARWDT?SYS
  +--> ?PR?ALL_ID_EEPROM_ERASE?IAP_FLASH
  +--> ?PR?_IAP_WRITEBUF_WITH_PROTECT_VERIFY...

?PR?ID_EEPROM_WRITE?IAP_FLASH
  +--> ?CO?IAP_FLASH
  +--> ?PR?_IAP_WRITEBUF_WITH_PROTECT_VERIFY...
  +--> ?PR?CLEARWDT?SYS
  +--> ?PR?ID_LOGIN_EXIT_INITIAL?IAP_FLASH

?PR?APP_TX_PACKET?ML7345
  +--> ?PR?_TX_DATALOAD_HIGHSPEED?ML7345
  +--> ?PR?_ML7345_SETANDGET_STATE?ML7345_HAL
  +--> ?PR?_ML7345_WRITE_REG?SPI
  +--> ?PR?ML7345_GPIO0TXDONEINT_ENABLE?ML73...
  +--> ?PR?_ML7345_AUTOTX_DATA?ML7345_HAL
  +--> ?PR?_RF_ML7345_INIT?ML7345

?PR?_TX_DATALOAD_HIGHSPEED?ML7345
  +--> ?PR?CLEARWDT?SYS

?PR?_ML7345_AUTOTX_DATA?ML7345_HAL
  +--> ?PR?_ML7345_WRITE_REG?SPI
  +--> ?PR?_ML7345_AUTOSTATETRANSITION_SET?M...
  +--> ?PR?_ML7345_WRITE_FIFO?SPI

?PR?_ML7345_AUTOSTATETRANSITION_SET?M...
  +--> ?PR?_ML7345_WRITE_REG?SPI

?PR?_ML7345_WRITE_FIFO?SPI
  +--> ?PR?_SPI_DELAY?SPI
  +--> ?PR?_SPI1_SENDRECV_DATA?SPI

BL51 BANKED LINKER/LOCATER V6.22.2.0                                                  03/09/2022  17:29:05  PAGE 10


?PR?ML7345D_FREQ_SCANNING?ML7345
  +--> ?PR?ML7345D_CHANGE_CHANNEL?ML7345
  +--> ?PR?_RF_ML7345_INIT?ML7345
  +--> ?PR?ML7345_GPIO0RXDONEINT_ENABLE?ML73...
  +--> ?PR?_ML7345_SETANDGET_STATE?ML7345_HAL

?PR?ML7345D_CHANGE_CHANNEL?ML7345
  +--> ?PR?_ML7345_FREQUENCY_SET?ML7345_HAL

?PR?SCAN_RECEIVE_PACKET?ML7345
  +--> ?PR?_ML7345_READRX_PACK?ML7345_HAL
  +--> ?PR?_ML7345_STATEFLAG_CLEAR?ML7345_HAL
  +--> ?PR?RX_ANALYSIS?ML7345
  +--> ?PR?_ML7345_SETANDGET_STATE?ML7345_HAL
  +--> ?PR?_ML7345_READ_REG?SPI
  +--> ?PR?_ML7345_WRITE_REG?SPI

?PR?_ML7345_READRX_PACK?ML7345_HAL
  +--> ?PR?_ML7345_WRITE_REG?SPI
  +--> ?PR?_ML7345_READ_FIFO?SPI

?PR?_ML7345_READ_FIFO?SPI
  +--> ?PR?_SPI_DELAY?SPI
  +--> ?PR?_SPI1_SENDRECV_DATA?SPI

?PR?RX_ANALYSIS?ML7345
  +--> ?PR?ID_DECODE_IDCHECK?ID_DECODE

?PR?ID_DECODE_IDCHECK?ID_DECODE
  +--> ?PR?_SIGNAL_DATA_DECODE?ID_DECODE
  +--> ?PR?EEPROM_IDCHECK?ID_DECODE
  +--> ?PR?BEEP_AND_LED?ID_DECODE
  +--> ?PR?ID_EEPROM_WRITE?IAP_FLASH
  +--> ?PR?_ID_SCX1801_EEPROM_WRITE?IAP_FLASH
  +--> ?PR?_RETURN_ID_DATA?ID_DECODE
  +--> ?PR?_DELETE_GENERALID_EEPROM?IAP_FLASH

?PR?EEPROM_IDCHECK?ID_DECODE
  +--> ?PR?_RETURN_ID_DATA?ID_DECODE

?PR?TRANMISSIONACK?UART
  +--> ?PR?_SEND_DATA?UART



SYMBOL TABLE OF MODULE:  .\Objects\CRX1831DCM_MA82G5B32_Pro (MAIN)

  VALUE           TYPE          NAME
  ----------------------------------

  -------         MODULE        MAIN
  C:0000H         SYMBOL        _ICE_DUMMY_
  D:0090H         PUBLIC        P1
  D:00A0H         PUBLIC        P2
  D:00C0H         PUBLIC        XICON
  D:00B0H         PUBLIC        P3
  D:00E8H         PUBLIC        P4
BL51 BANKED LINKER/LOCATER V6.22.2.0                                                  03/09/2022  17:29:05  PAGE 11


  D:00F8H         PUBLIC        P5
  D:00F8H         PUBLIC        P6
  B:00A8H.7       PUBLIC        EA
  D:00A8H         PUBLIC        IE
  D:00B8H         PUBLIC        IP0L
  D:00D8H         PUBLIC        CCON
  C:63E4H         PUBLIC        main
  B:00A0H.2       PUBLIC        P22
  B:00A0H.3       PUBLIC        P23
  D:0088H         PUBLIC        TCON
  B:00B0H.5       PUBLIC        P35
  D:0098H         PUBLIC        S0CON
  D:0098H         PUBLIC        S1CON
  D:00C8H         PUBLIC        T2CON
  D:00D0H         PUBLIC        PSW
  -------         PROC          MAIN
  C:63E4H         LINE#         22
  C:63E4H         LINE#         23
  C:63E4H         LINE#         24
  C:63E7H         LINE#         25
  C:63EAH         LINE#         26
  C:63EDH         LINE#         27
  C:63F0H         LINE#         28
  C:63F3H         LINE#         29
  C:63F6H         LINE#         30
  C:63F9H         LINE#         31
  C:63FCH         LINE#         32
  C:63FFH         LINE#         33
  C:6402H         LINE#         34
  C:6405H         LINE#         35
  C:640FH         LINE#         36
  C:641DH         LINE#         37
  C:6427H         LINE#         38
  C:642AH         LINE#         39
  C:642DH         LINE#         40
  C:642FH         LINE#         41
  C:6432H         LINE#         42
  C:6440H         LINE#         43
  C:644EH         LINE#         44
  C:6453H         LINE#         45
  C:6458H         LINE#         46
  C:645DH         LINE#         47
  C:6461H         LINE#         49
  C:6461H         LINE#         50
  C:6461H         LINE#         51
  C:6464H         LINE#         52
  C:6472H         LINE#         54
  C:647EH         LINE#         55
  C:6481H         LINE#         56
  C:6484H         LINE#         57
  C:64A3H         LINE#         58
  C:64BAH         LINE#         59
  C:64BAH         LINE#         60
  C:64BDH         LINE#         61
  C:64C0H         LINE#         62
  C:64C0H         LINE#         63
  C:64C3H         LINE#         64
BL51 BANKED LINKER/LOCATER V6.22.2.0                                                  03/09/2022  17:29:05  PAGE 12


  C:64DBH         LINE#         65
  C:64DFH         LINE#         66
  C:64F8H         LINE#         67
  C:64FAH         LINE#         68
  -------         ENDPROC       MAIN
  -------         ENDMOD        MAIN

  -------         MODULE        SYS
  C:0000H         SYMBOL        _ICE_DUMMY_
  D:0090H         PUBLIC        P1
  D:00A0H         PUBLIC        P2
  D:00E7H         PUBLIC        ISPCR
  D:00C0H         PUBLIC        XICON
  D:00B0H         PUBLIC        P3
  D:00E8H         PUBLIC        P4
  D:00F8H         PUBLIC        P5
  D:00F8H         PUBLIC        P6
  D:00E1H         PUBLIC        WDTCR
  D:00A8H         PUBLIC        IE
  D:00B8H         PUBLIC        IP0L
  D:00C7H         PUBLIC        CKCON0
  D:00D8H         PUBLIC        CCON
  D:00E6H         PUBLIC        SCMD
  D:00E3H         PUBLIC        IFADRH
  D:00E5H         PUBLIC        IFMT
  D:00E4H         PUBLIC        IFADRL
  D:0088H         PUBLIC        TCON
  D:00E2H         PUBLIC        IFD
  C:000EH         PUBLIC        ClearWDT
  D:0097H         PUBLIC        PCON1
  D:0098H         PUBLIC        S0CON
  C:7275H         PUBLIC        Init_Clock
  D:0098H         PUBLIC        S1CON
  C:782FH         PUBLIC        Init_WDT
  D:00C8H         PUBLIC        T2CON
  D:00D0H         PUBLIC        PSW
  -------         PROC          INIT_CLOCK
  C:7275H         LINE#         4
  C:7275H         LINE#         5
  C:7275H         LINE#         7
  C:7278H         LINE#         8
  C:727DH         LINE#         9
  C:7299H         LINE#         10
  C:729EH         LINE#         11
  C:72BAH         LINE#         21
  -------         ENDPROC       INIT_CLOCK
  -------         PROC          INIT_WDT
  C:782FH         LINE#         24
  C:782FH         LINE#         25
  C:782FH         LINE#         26
  C:7832H         LINE#         27
  C:783CH         LINE#         28
  C:783FH         LINE#         29
  C:7842H         LINE#         30
  -------         ENDPROC       INIT_WDT
  -------         PROC          CLEARWDT
  C:000EH         LINE#         32
BL51 BANKED LINKER/LOCATER V6.22.2.0                                                  03/09/2022  17:29:05  PAGE 13


  C:000EH         LINE#         33
  C:000EH         LINE#         34
  C:0011H         LINE#         35
  -------         ENDPROC       CLEARWDT
  -------         ENDMOD        SYS

  -------         MODULE        GPIO
  C:0000H         SYMBOL        _ICE_DUMMY_
  D:0091H         PUBLIC        P1M0
  D:0095H         PUBLIC        P2M0
  D:00B1H         PUBLIC        P3M0
  D:0090H         PUBLIC        P1
  D:00B3H         PUBLIC        P4M0
  D:00B2H         PUBLIC        P3M1
  D:00A0H         PUBLIC        P2
  D:00C0H         PUBLIC        XICON
  D:00B0H         PUBLIC        P3
  D:00E8H         PUBLIC        P4
  D:00F8H         PUBLIC        P5
  D:00F8H         PUBLIC        P6
  D:00A8H         PUBLIC        IE
  C:0016H         PUBLIC        Init_INT0
  C:7874H         PUBLIC        Init_INT1
  D:00B8H         PUBLIC        IP0L
  C:6F74H         PUBLIC        Init_Port
  D:00D8H         PUBLIC        CCON
  B:0090H.0       PUBLIC        P10
  B:00A0H.0       PUBLIC        P20
  B:0090H.1       PUBLIC        P11
  B:00A0H.1       PUBLIC        P21
  B:0090H.2       PUBLIC        P12
  B:00E8H.0       PUBLIC        P40
  B:0090H.3       PUBLIC        P13
  B:00E8H.1       PUBLIC        P41
  D:0088H         PUBLIC        TCON
  B:00A0H.4       PUBLIC        P24
  D:00B4H         PUBLIC        PUCON0
  B:00B0H.4       PUBLIC        P34
  B:00A0H.5       PUBLIC        P25
  B:0090H.6       PUBLIC        P16
  B:00B0H.5       PUBLIC        P35
  B:00A0H.7       PUBLIC        P27
  B:00A8H.4       PUBLIC        ES0
  B:00A8H.1       PUBLIC        ET0
  C:788BH         PUBLIC        Init_Interrupt
  B:0088H.0       PUBLIC        IT0
  B:00A8H.2       PUBLIC        EX1
  B:0088H.2       PUBLIC        IT1
  D:0098H         PUBLIC        S0CON
  D:0098H         PUBLIC        S1CON
  D:00C8H         PUBLIC        T2CON
  C:718FH         PUBLIC        INT_INT0
  C:71DDH         PUBLIC        INT_INT1
  D:00A1H         PUBLIC        AUXR0
  D:00C1H         PUBLIC        XICFG
  D:00D0H         PUBLIC        PSW
  -------         PROC          INIT_PORT
BL51 BANKED LINKER/LOCATER V6.22.2.0                                                  03/09/2022  17:29:05  PAGE 14


  C:6F74H         LINE#         10
  C:6F74H         LINE#         11
  C:6F74H         LINE#         13
  C:6F77H         LINE#         14
  C:6F7AH         LINE#         15
  C:6F7CH         LINE#         16
  C:6F7FH         LINE#         19
  C:6F82H         LINE#         20
  C:6F85H         LINE#         21
  C:6F87H         LINE#         22
  C:6F8AH         LINE#         25
  C:6F8DH         LINE#         26
  C:6F8FH         LINE#         31
  C:6F92H         LINE#         32
  C:6F95H         LINE#         33
  C:6F97H         LINE#         36
  C:6F9AH         LINE#         37
  C:6F9DH         LINE#         38
  C:6F9FH         LINE#         44
  C:6FA5H         LINE#         48
  C:6FA8H         LINE#         49
  C:6FACH         LINE#         50
  C:6FAFH         LINE#         58
  C:6FBDH         LINE#         59
  C:6FCBH         LINE#         60
  C:6FCDH         LINE#         61
  C:6FCFH         LINE#         62
  C:6FD1H         LINE#         63
  C:6FD3H         LINE#         64
  C:6FD5H         LINE#         65
  C:6FD7H         LINE#         66
  C:6FD9H         LINE#         67
  -------         ENDPROC       INIT_PORT
  -------         PROC          INIT_INT0
  C:0016H         LINE#         80
  C:0016H         LINE#         81
  C:0016H         LINE#         82
  C:0019H         LINE#         83
  C:001EH         LINE#         85
  C:0021H         LINE#         86
  -------         ENDPROC       INIT_INT0
  -------         PROC          INIT_INT1
  C:7874H         LINE#         97
  C:7874H         LINE#         98
  C:7874H         LINE#         99
  C:7877H         LINE#         101
  C:787CH         LINE#         102
  C:787FH         LINE#         103
  -------         ENDPROC       INIT_INT1
  -------         PROC          INT_INT0
  C:718FH         LINE#         115
  C:71ACH         LINE#         117
  C:71BFH         LINE#         118
  C:71C2H         LINE#         119
  -------         ENDPROC       INT_INT0
  -------         PROC          INT_INT1
  C:71DDH         LINE#         131
BL51 BANKED LINKER/LOCATER V6.22.2.0                                                  03/09/2022  17:29:05  PAGE 15


  C:71FAH         LINE#         133
  C:720DH         LINE#         134
  C:7210H         LINE#         135
  -------         ENDPROC       INT_INT1
  -------         PROC          INIT_INTERRUPT
  C:788BH         LINE#         144
  C:788BH         LINE#         145
  C:788BH         LINE#         150
  C:788EH         LINE#         151
  C:7890H         LINE#         153
  C:7892H         LINE#         154
  C:7894H         LINE#         155
  -------         ENDPROC       INIT_INTERRUPT
  -------         ENDMOD        GPIO

  -------         MODULE        TIMER
  C:0000H         SYMBOL        _ICE_DUMMY_
  D:00F2H         PUBLIC        PCAPWM6
  D:0090H         PUBLIC        P1
  D:00A0H         PUBLIC        P2
  D:00C0H         PUBLIC        XICON
  D:00B0H         PUBLIC        P3
  D:00E8H         PUBLIC        P4
  D:00F8H         PUBLIC        P5
  D:00F8H         PUBLIC        P6
  D:00ACH         PUBLIC        SFRPI
  D:00F9H         PUBLIC        CH
  D:00BCH         PUBLIC        PWMCR
  D:00A8H         PUBLIC        IE
  D:00E9H         PUBLIC        CL
  B:00D8H.6       PUBLIC        CR
  D:00B8H         PUBLIC        IP0L
  D:00FAH         PUBLIC        CCAP6H
  D:00EAH         PUBLIC        CCAP6L
  C:78A3H         PUBLIC        Beep_On
  D:00DAH         PUBLIC        CCAPM6
  C:72BBH         PUBLIC        Init_PCA_PWM
  D:00D9H         PUBLIC        CMOD
  D:00D8H         PUBLIC        CCON
  D:00CFH         PUBLIC        CHRL
  C:7749H         PUBLIC        Init_Timer0
  D:00CEH         PUBLIC        CLRL
  B:00A0H.0       PUBLIC        P20
  C:77D7H         PUBLIC        _DelayXus
  D:0089H         PUBLIC        TMOD
  D:0088H         PUBLIC        TCON
  D:008CH         PUBLIC        TH0
  C:5F23H         PUBLIC        INT_T0
  D:008AH         PUBLIC        TL0
  C:7729H         PUBLIC        _delay_ms
  B:0088H.4       PUBLIC        TR0
  I:00D2H         PUBLIC        Time_Tx_Out
  D:0098H         PUBLIC        S0CON
  D:0098H         PUBLIC        S1CON
  D:00C8H         PUBLIC        T2CON
  D:00A1H         PUBLIC        AUXR0
  D:00A3H         PUBLIC        AUXR2
BL51 BANKED LINKER/LOCATER V6.22.2.0                                                  03/09/2022  17:29:05  PAGE 16


  C:789FH         PUBLIC        Init_Beep
  C:0006H         PUBLIC        Beep_Off
  D:00F2H         PUBLIC        PCAPWM0
  D:00D0H         PUBLIC        PSW
  -------         PROC          INIT_TIMER0
  C:7749H         LINE#         29
  C:7749H         LINE#         30
  C:7749H         LINE#         31
  C:7753H         LINE#         33
  C:775CH         LINE#         35
  C:775FH         LINE#         37
  C:7762H         LINE#         38
  C:7765H         LINE#         40
  C:7767H         LINE#         41
  -------         ENDPROC       INIT_TIMER0
  -------         PROC          INT_T0
  C:5F23H         LINE#         51
  C:5F34H         LINE#         53
  C:5F37H         LINE#         54
  C:5F3AH         LINE#         56
  C:5F46H         LINE#         57
  C:5F54H         LINE#         58
  C:5F60H         LINE#         59
  C:5F6EH         LINE#         60
  C:5F7AH         LINE#         61
  C:5F88H         LINE#         62
  C:5F93H         LINE#         63
  C:5F9BH         LINE#         64
  C:5FA7H         LINE#         65
  C:5FB5H         LINE#         66
  C:5FBCH         LINE#         67
  C:5FC1H         LINE#         69
  C:5FC1H         LINE#         70
  C:5FC5H         LINE#         71
  C:5FD3H         LINE#         72
  C:5FD3H         LINE#         73
  C:5FDBH         LINE#         74
  C:5FE1H         LINE#         75
  C:5FE9H         LINE#         76
  C:5FEFH         LINE#         77
  C:5FF7H         LINE#         78
  C:5FFDH         LINE#         79
  C:6009H         LINE#         80
  C:6017H         LINE#         81
  C:6023H         LINE#         82
  C:6031H         LINE#         84
  C:6044H         LINE#         85
  C:605EH         LINE#         86
  -------         ENDPROC       INT_T0
  -------         PROC          INIT_PCA_PWM
  C:72BBH         LINE#         90
  C:72BBH         LINE#         91
  C:72BBH         LINE#         92
  C:72C5H         LINE#         93
  C:72CEH         LINE#         94
  C:72DAH         LINE#         95
  C:72DDH         LINE#         98
BL51 BANKED LINKER/LOCATER V6.22.2.0                                                  03/09/2022  17:29:05  PAGE 17


  C:72F3H         LINE#         101
  C:72F9H         LINE#         102
  C:72FFH         LINE#         103
  -------         ENDPROC       INIT_PCA_PWM
  -------         PROC          INIT_BEEP
  C:789FH         LINE#         105
  C:789FH         LINE#         106
  C:789FH         LINE#         107
  C:78A2H         LINE#         108
  -------         ENDPROC       INIT_BEEP
  -------         PROC          BEEP_ON
  C:78A3H         LINE#         110
  C:78A3H         LINE#         111
  C:78A3H         LINE#         112
  C:78A5H         LINE#         113
  -------         ENDPROC       BEEP_ON
  -------         PROC          BEEP_OFF
  C:0006H         LINE#         115
  C:0006H         LINE#         116
  C:0006H         LINE#         117
  C:0008H         LINE#         118
  C:000AH         LINE#         119
  -------         ENDPROC       BEEP_OFF
  -------         PROC          _DELAYXUS
  D:001FH         SYMBOL        xUs
  C:77D7H         LINE#         129
  C:77D9H         LINE#         130
  C:77D9H         LINE#         131
  C:77E1H         LINE#         132
  C:77E1H         LINE#         133
  C:77E2H         LINE#         134
  C:77E3H         LINE#         135
  C:77E4H         LINE#         136
  C:77E5H         LINE#         137
  C:77E6H         LINE#         138
  C:77E7H         LINE#         139
  C:77E8H         LINE#         140
  C:77E9H         LINE#         141
  C:77EBH         LINE#         142
  C:77EDH         LINE#         143
  -------         ENDPROC       _DELAYXUS
  -------         PROC          _DELAY_MS
  D:0062H         SYMBOL        ms
  C:7729H         LINE#         153
  C:772BH         LINE#         154
  C:772BH         LINE#         155
  C:7732H         LINE#         156
  C:7732H         LINE#         157
  C:7737H         LINE#         158
  C:773CH         LINE#         159
  C:7741H         LINE#         160
  C:7746H         LINE#         161
  C:7748H         LINE#         162
  -------         ENDPROC       _DELAY_MS
  -------         ENDMOD        TIMER

  -------         MODULE        UART
BL51 BANKED LINKER/LOCATER V6.22.2.0                                                  03/09/2022  17:29:05  PAGE 18


  C:0000H         SYMBOL        _ICE_DUMMY_
  D:0090H         PUBLIC        P1
  D:00A0H         PUBLIC        P2
  B:0098H.6       PUBLIC        SM10
  D:00C0H         PUBLIC        XICON
  D:00B0H         PUBLIC        P3
  D:00E8H         PUBLIC        P4
  D:00F8H         PUBLIC        P5
  X:0659H         PUBLIC        Databits_t
  D:00F8H         PUBLIC        P6
  D:00ACH         PUBLIC        SFRPI
  X:065DH         PUBLIC        FLAG_testNo91_step
  D:00A8H         PUBLIC        IE
  X:065EH         PUBLIC        FLAG_testNo91SendUart
  D:00B8H         PUBLIC        IP0L
  B:0098H.4       PUBLIC        REN0
  X:065FH         PUBLIC        UART_DATA_buffer
  X:0688H         PUBLIC        UART_DATA_ID98
  X:06B1H         PUBLIC        U1AckTimer
  D:00D8H         PUBLIC        CCON
  X:06B2H         PUBLIC        UartStatus
  X:06B3H         PUBLIC        UartCount
  B:00C8H.5       PUBLIC        RCLK
  B:00C8H.4       PUBLIC        TCLK
  B:0090H.0       PUBLIC        P10
  B:0090H.1       PUBLIC        P11
  B:00A0H.1       PUBLIC        P21
  B:0090H.2       PUBLIC        P12
  B:00A0H.2       PUBLIC        P22
  B:00A0H.3       PUBLIC        P23
  D:0089H         PUBLIC        TMOD
  D:0088H         PUBLIC        TCON
  C:660BH         PUBLIC        _ReceiveFrame
  B:00A0H.5       PUBLIC        P25
  B:00B0H.5       PUBLIC        P35
  B:00A0H.7       PUBLIC        P27
  C:67F6H         PUBLIC        INT_UART0
  X:06B4H         PUBLIC        UartLen
  C:4A08H         PUBLIC        OprationFrame
  C:7866H         SYMBOL        _?ix1000
  I:00CFH         PUBLIC        ACKBack
  C:7870H         SYMBOL        _?ix1001
  X:06B5H         PUBLIC        PROFILE_CH_FREQ_32bit_200002EC_uart
  B:00A8H.4       PUBLIC        ES0
  B:0098H.0       PUBLIC        RI0
  B:0098H.1       PUBLIC        TI0
  D:008DH         PUBLIC        TH1
  D:008BH         PUBLIC        TL1
  D:009CH         PUBLIC        S0CFG
  B:0088H.6       PUBLIC        TR1
  X:06B9H         PUBLIC        uart0_rx_len
  X:06BAH         PUBLIC        FLAG_testBEEP
  X:06BBH         PUBLIC        uart0_tx_len
  C:0026H         PUBLIC        PC_PRG
  C:75D2H         PUBLIC        _hex_asc
  C:7661H         PUBLIC        _asc_hex
  D:0099H         PUBLIC        S0BUF
BL51 BANKED LINKER/LOCATER V6.22.2.0                                                  03/09/2022  17:29:05  PAGE 19


  D:0087H         PUBLIC        PCON0
  C:756EH         PUBLIC        Init_Uart0_T1_ODD
  D:0098H         PUBLIC        S0CON
  D:0098H         PUBLIC        S1CON
  X:06BCH         PUBLIC        FLAG_testNo91
  D:00C8H         PUBLIC        T2CON
  C:7487H         PUBLIC        _Send_Data
  B:0098H.7       PUBLIC        SM00_FE
  C:703EH         PUBLIC        TranmissionACK
  C:7768H         PUBLIC        _asc_hex_2
  C:781AH         PUBLIC        _Uart0SendByte
  B:0020H.1       PUBLIC        rx_done
  D:00A3H         PUBLIC        AUXR2
  X:06BDH         PUBLIC        U1Statues
  D:00D0H         PUBLIC        PSW
  -------         PROC          INIT_UART0_T1_ODD
  C:756EH         LINE#         73
  C:756EH         LINE#         74
  C:756EH         LINE#         75
  C:7575H         LINE#         76
  C:7577H         LINE#         78
  C:757EH         LINE#         79
  C:7584H         LINE#         81
  C:758EH         LINE#         82
  C:7594H         LINE#         83
  C:7597H         LINE#         87
  C:759AH         LINE#         88
  C:759DH         LINE#         96
  C:759FH         LINE#         97
  -------         ENDPROC       INIT_UART0_T1_ODD
  -------         PROC          INT_UART0
  -------         DO            
  I:00DAH         SYMBOL        dat
  -------         ENDDO         
  C:67F6H         LINE#         108
  C:6813H         LINE#         110
  C:6817H         LINE#         111
  C:6819H         LINE#         113
  C:681CH         LINE#         114
  C:681FH         LINE#         115
  C:681FH         LINE#         116
  C:6821H         LINE#         117
  C:6821H         LINE#         118
  C:6827H         LINE#         119
  C:6827H         LINE#         120
  C:6829H         LINE#         121
  C:682DH         LINE#         122
  C:6845H         LINE#         124
  C:6845H         LINE#         125
  C:6852H         LINE#         126
  C:6867H         LINE#         127
  C:6878H         LINE#         128
  C:6881H         LINE#         129
  C:6881H         LINE#         130
  C:6893H         LINE#         131
  C:6893H         LINE#         132
  C:68B3H         LINE#         133
BL51 BANKED LINKER/LOCATER V6.22.2.0                                                  03/09/2022  17:29:05  PAGE 20


  C:68B8H         LINE#         134
  C:68C6H         LINE#         136
  C:68C6H         LINE#         137
  C:68C6H         LINE#         138
  C:68C6H         LINE#         139
  C:68C8H         LINE#         140
  -------         ENDPROC       INT_UART0
  -------         PROC          _UART0SENDBYTE
  D:0063H         SYMBOL        tByte
  -------         DO            
  B:0020H.0       SYMBOL        bES
  -------         ENDDO         
  C:781AH         LINE#         148
  C:781CH         LINE#         149
  C:781CH         LINE#         151
  C:7820H         LINE#         152
  C:7822H         LINE#         153
  C:7825H         LINE#         155
  C:7828H         LINE#         156
  C:782AH         LINE#         157
  C:782EH         LINE#         158
  -------         ENDPROC       _UART0SENDBYTE
  -------         PROC          _SEND_DATA
  D:0037H         SYMBOL        buff
  D:003AH         SYMBOL        len
  -------         DO            
  X:0643H         SYMBOL        i
  -------         ENDDO         
  C:7487H         LINE#         161
  C:748FH         LINE#         162
  C:748FH         LINE#         163
  C:7494H         LINE#         164
  C:74A4H         LINE#         165
  C:74A4H         LINE#         166
  C:74BBH         LINE#         167
  C:74C3H         LINE#         168
  -------         ENDPROC       _SEND_DATA
  -------         PROC          _ASC_HEX
  D:0064H         SYMBOL        asc
  -------         DO            
  X:0644H         SYMBOL        i
  -------         ENDDO         
  C:7661H         LINE#         170
  C:7663H         LINE#         171
  C:7663H         LINE#         173
  C:7672H         LINE#         174
  C:767EH         LINE#         176
  C:7688H         LINE#         177
  C:768DH         LINE#         178
  -------         ENDPROC       _ASC_HEX
  -------         PROC          _HEX_ASC
  D:0065H         SYMBOL        hex
  -------         DO            
  X:0645H         SYMBOL        i
  -------         ENDDO         
  C:75D2H         LINE#         180
  C:75D4H         LINE#         181
BL51 BANKED LINKER/LOCATER V6.22.2.0                                                  03/09/2022  17:29:05  PAGE 21


  C:75D4H         LINE#         183
  C:75D7H         LINE#         184
  C:75E6H         LINE#         185
  C:75F2H         LINE#         187
  C:75FCH         LINE#         188
  C:7601H         LINE#         189
  -------         ENDPROC       _HEX_ASC
  -------         PROC          _ASC_HEX_2
  D:0053H         SYMBOL        asc1
  D:0054H         SYMBOL        asc0
  -------         DO            
  D:0055H         SYMBOL        i
  -------         ENDDO         
  C:7768H         LINE#         191
  C:776CH         LINE#         192
  C:776CH         LINE#         194
  C:7783H         LINE#         195
  C:7785H         LINE#         196
  -------         ENDPROC       _ASC_HEX_2
  -------         PROC          _RECEIVEFRAME
  D:0066H         SYMBOL        Cache
  C:660BH         LINE#         199
  C:660DH         LINE#         200
  C:660DH         LINE#         201
  C:6620H         LINE#         202
  C:6620H         LINE#         203
  C:6620H         LINE#         204
  C:6620H         LINE#         205
  C:662AH         LINE#         206
  C:6634H         LINE#         207
  C:663AH         LINE#         208
  C:6654H         LINE#         210
  C:6654H         LINE#         211
  C:665AH         LINE#         212
  C:6660H         LINE#         213
  C:666AH         LINE#         214
  C:6681H         LINE#         215
  C:6681H         LINE#         216
  C:6681H         LINE#         217
  C:6683H         LINE#         218
  C:6683H         LINE#         219
  C:6683H         LINE#         220
  C:6695H         LINE#         221
  C:669BH         LINE#         222
  C:66AEH         LINE#         223
  C:66B4H         LINE#         224
  C:66B4H         LINE#         225
  C:66B6H         LINE#         226
  C:66B6H         LINE#         227
  C:66BBH         LINE#         228
  C:66C0H         LINE#         229
  C:66C0H         LINE#         230
  C:66C0H         LINE#         231
  C:66CDH         LINE#         232
  C:66CDH         LINE#         234
  C:66D0H         LINE#         235
  C:66D5H         LINE#         236
BL51 BANKED LINKER/LOCATER V6.22.2.0                                                  03/09/2022  17:29:05  PAGE 22


  C:66DAH         LINE#         238
  C:66FAH         LINE#         240
  C:66FAH         LINE#         241
  C:6700H         LINE#         242
  C:6706H         LINE#         243
  C:6706H         LINE#         244
  C:6706H         LINE#         245
  -------         ENDPROC       _RECEIVEFRAME
  -------         PROC          OPRATIONFRAME
  -------         DO            
  I:00DBH         SYMBOL        i
  -------         ENDDO         
  C:4A08H         LINE#         247
  C:4A08H         LINE#         248
  C:4A08H         LINE#         249
  C:4A0CH         LINE#         250
  C:4A21H         LINE#         251
  C:4A46H         LINE#         252
  C:4A56H         LINE#         253
  C:4A56H         LINE#         254
  C:4A64H         LINE#         255
  C:4A70H         LINE#         256
  C:4A7EH         LINE#         260
  C:4AD0H         LINE#         261
  C:4B02H         LINE#         262
  C:4B10H         LINE#         263
  C:4B14H         LINE#         264
  C:4B3CH         LINE#         265
  C:4B3CH         LINE#         266
  C:4B3CH         LINE#         267
  C:4B3CH         LINE#         268
  C:4B3CH         LINE#         269
  C:4B3CH         LINE#         270
  C:4B3CH         LINE#         271
  C:4B3CH         LINE#         272
  C:4B3EH         LINE#         273
  C:4B3EH         LINE#         274
  C:4B43H         LINE#         276
  C:4B43H         LINE#         277
  C:4B43H         LINE#         278
  C:4B66H         LINE#         279
  C:4B66H         LINE#         280
  C:4B66H         LINE#         281
  C:4B66H         LINE#         282
  C:4B66H         LINE#         283
  C:4B66H         LINE#         284
  C:4B66H         LINE#         285
  C:4B66H         LINE#         286
  C:4B68H         LINE#         287
  C:4B68H         LINE#         288
  C:4B6DH         LINE#         290
  C:4B6DH         LINE#         291
  C:4B6DH         LINE#         292
  C:4B9EH         LINE#         293
  C:4B9EH         LINE#         294
  C:4B9EH         LINE#         295
  C:4B9EH         LINE#         296
BL51 BANKED LINKER/LOCATER V6.22.2.0                                                  03/09/2022  17:29:05  PAGE 23


  C:4B9EH         LINE#         297
  C:4B9EH         LINE#         298
  C:4B9EH         LINE#         299
  C:4B9EH         LINE#         300
  C:4B9EH         LINE#         301
  C:4B9EH         LINE#         302
  C:4B9EH         LINE#         303
  C:4B9EH         LINE#         304
  C:4B9EH         LINE#         305
  C:4B9EH         LINE#         306
  C:4B9FH         LINE#         307
  C:4B9FH         LINE#         308
  C:4BA4H         LINE#         310
  C:4BA4H         LINE#         311
  C:4BA4H         LINE#         312
  C:4BA5H         LINE#         313
  C:4BB5H         LINE#         314
  C:4BB5H         LINE#         315
  C:4BBAH         LINE#         316
  C:4BBFH         LINE#         317
  C:4BF9H         LINE#         318
  C:4C07H         LINE#         319
  C:4C25H         LINE#         320
  C:4C2AH         LINE#         321
  C:4C2FH         LINE#         322
  C:4C35H         LINE#         323
  C:4C36H         LINE#         324
  C:4C43H         LINE#         325
  C:4C43H         LINE#         326
  C:4C6BH         LINE#         327
  C:4C6BH         LINE#         328
  C:4C6FH         LINE#         329
  C:4C75H         LINE#         330
  C:4C87H         LINE#         331
  C:4C8DH         LINE#         332
  C:4C92H         LINE#         333
  C:4C9CH         LINE#         334
  C:4C9DH         LINE#         336
  C:4C9DH         LINE#         337
  C:4CA1H         LINE#         338
  C:4CA7H         LINE#         339
  C:4CB1H         LINE#         340
  C:4CB7H         LINE#         341
  C:4CB7H         LINE#         342
  C:4CB8H         LINE#         343
  C:4CC5H         LINE#         344
  C:4CC5H         LINE#         345
  C:4CE4H         LINE#         346
  C:4CE4H         LINE#         347
  C:4CE4H         LINE#         348
  C:4CEAH         LINE#         349
  C:4CF4H         LINE#         350
  C:4CF5H         LINE#         351
  C:4CF5H         LINE#         352
  C:4CFBH         LINE#         353
  C:4D05H         LINE#         354
  C:4D06H         LINE#         355
BL51 BANKED LINKER/LOCATER V6.22.2.0                                                  03/09/2022  17:29:05  PAGE 24


  C:4D06H         LINE#         356
  C:4D0CH         LINE#         357
  C:4D16H         LINE#         358
  C:4D17H         LINE#         359
  C:4D17H         LINE#         360
  C:4D1DH         LINE#         361
  C:4D1EH         LINE#         362
  C:4D1EH         LINE#         363
  C:4D24H         LINE#         364
  C:4D25H         LINE#         365
  C:4D25H         LINE#         366
  C:4D2BH         LINE#         367
  C:4D2CH         LINE#         368
  C:4D2CH         LINE#         369
  C:4D2DH         LINE#         370
  C:4D2DH         LINE#         372
  C:4D2EH         LINE#         374
  C:4D2EH         LINE#         375
  C:4D32H         LINE#         377
  C:4D32H         LINE#         378
  -------         ENDPROC       OPRATIONFRAME
  -------         PROC          TRANMISSIONACK
  C:703EH         LINE#         381
  C:703EH         LINE#         382
  C:703EH         LINE#         383
  C:7056H         LINE#         384
  C:7056H         LINE#         385
  C:705CH         LINE#         386
  C:7067H         LINE#         387
  C:706CH         LINE#         388
  C:706CH         LINE#         390
  C:7084H         LINE#         391
  C:7084H         LINE#         392
  C:708FH         LINE#         393
  C:7094H         LINE#         394
  C:7099H         LINE#         395
  C:7099H         LINE#         396
  -------         ENDPROC       TRANMISSIONACK
  -------         PROC          PC_PRG
  -------         DO            
  X:0646H         SYMBOL        send_dat
  X:0650H         SYMBOL        send_ok
  X:0654H         SYMBOL        UART_ID_data
  X:0658H         SYMBOL        re_byte
  -------         ENDDO         
  C:0026H         LINE#         399
  C:0026H         LINE#         400
  C:0026H         LINE#         401
  C:004BH         LINE#         402
  C:0070H         LINE#         404
  C:0075H         LINE#         406
  C:0081H         LINE#         407
  C:0081H         LINE#         408
  C:008FH         LINE#         410
  C:00C4H         LINE#         411
  C:00C4H         LINE#         412
  C:00D0H         LINE#         413
BL51 BANKED LINKER/LOCATER V6.22.2.0                                                  03/09/2022  17:29:05  PAGE 25


  C:00DCH         LINE#         414
  C:00E8H         LINE#         415
  C:00EAH         LINE#         416
  C:00ECH         LINE#         417
  C:00EEH         LINE#         418
  C:00F0H         LINE#         419
  C:00F2H         LINE#         420
  C:00F4H         LINE#         421
  C:00FCH         LINE#         422
  C:0104H         LINE#         423
  C:0109H         LINE#         424
  C:010EH         LINE#         425
  C:0119H         LINE#         426
  C:0119H         LINE#         427
  C:0133H         LINE#         428
  C:0133H         LINE#         429
  C:0155H         LINE#         430
  C:0155H         LINE#         431
  C:0155H         LINE#         432
  C:0162H         LINE#         433
  C:0162H         LINE#         434
  C:017AH         LINE#         435
  C:0186H         LINE#         436
  C:0192H         LINE#         437
  C:0196H         LINE#         438
  C:019BH         LINE#         439
  C:01A6H         LINE#         440
  C:01ABH         LINE#         441
  C:01B6H         LINE#         442
  C:01B6H         LINE#         443
  C:01B9H         LINE#         444
  C:01B9H         LINE#         445
  C:01D7H         LINE#         446
  C:01D7H         LINE#         447
  C:01E3H         LINE#         448
  C:01EFH         LINE#         449
  C:01FBH         LINE#         450
  C:01FDH         LINE#         451
  C:01FFH         LINE#         452
  C:0201H         LINE#         453
  C:0203H         LINE#         454
  C:0205H         LINE#         455
  C:0207H         LINE#         456
  C:020FH         LINE#         457
  C:0217H         LINE#         458
  C:021CH         LINE#         459
  C:0221H         LINE#         460
  C:022CH         LINE#         461
  C:022FH         LINE#         462
  C:0249H         LINE#         463
  C:0249H         LINE#         464
  C:0251H         LINE#         465
  C:0254H         LINE#         466
  C:025EH         LINE#         467
  C:0269H         LINE#         468
  C:0274H         LINE#         469
  C:0274H         LINE#         470
BL51 BANKED LINKER/LOCATER V6.22.2.0                                                  03/09/2022  17:29:05  PAGE 26


  C:0277H         LINE#         471
  C:0277H         LINE#         472
  C:028BH         LINE#         473
  C:028BH         LINE#         474
  C:02A3H         LINE#         475
  C:02AFH         LINE#         476
  C:02BBH         LINE#         477
  C:02BFH         LINE#         478
  C:02C4H         LINE#         479
  C:02CFH         LINE#         480
  C:02D4H         LINE#         481
  C:02DFH         LINE#         482
  C:02E2H         LINE#         483
  C:0300H         LINE#         484
  C:0300H         LINE#         485
  C:0306H         LINE#         486
  C:030CH         LINE#         487
  C:0312H         LINE#         488
  C:0324H         LINE#         489
  C:0335H         LINE#         490
  C:033BH         LINE#         491
  C:0346H         LINE#         492
  C:0349H         LINE#         493
  C:037AH         LINE#         494
  C:037AH         LINE#         495
  C:0386H         LINE#         496
  C:0398H         LINE#         497
  C:039DH         LINE#         498
  C:03A1H         LINE#         499
  C:03B6H         LINE#         500
  C:03B6H         LINE#         501
  C:03C0H         LINE#         502
  C:03D3H         LINE#         503
  C:03FAH         LINE#         504
  C:0411H         LINE#         505
  C:041CH         LINE#         506
  C:0443H         LINE#         507
  C:045AH         LINE#         508
  C:0465H         LINE#         509
  C:0468H         LINE#         510
  C:0495H         LINE#         511
  C:0495H         LINE#         512
  C:049FH         LINE#         513
  C:04B2H         LINE#         514
  C:04B9H         LINE#         515
  C:04E5H         LINE#         516
  C:04FCH         LINE#         517
  C:0507H         LINE#         518
  C:0533H         LINE#         519
  C:054AH         LINE#         520
  C:0555H         LINE#         521
  C:0555H         LINE#         522
  C:055AH         LINE#         523
  C:055AH         LINE#         524
  C:055DH         LINE#         526
  C:055DH         LINE#         527
  C:05A1H         LINE#         528
BL51 BANKED LINKER/LOCATER V6.22.2.0                                                  03/09/2022  17:29:05  PAGE 27


  C:05A1H         LINE#         529
  C:05A7H         LINE#         530
  C:05ADH         LINE#         531
  C:05B3H         LINE#         532
  C:05B9H         LINE#         533
  C:05BFH         LINE#         534
  C:05D5H         LINE#         535
  C:05E6H         LINE#         536
  C:05ECH         LINE#         537
  C:05F7H         LINE#         538
  C:05FAH         LINE#         539
  C:060EH         LINE#         540
  C:060EH         LINE#         541
  C:0610H         LINE#         542
  C:061CH         LINE#         543
  C:0624H         LINE#         544
  C:062CH         LINE#         545
  C:0631H         LINE#         546
  C:0635H         LINE#         547
  C:063AH         LINE#         548
  C:0644H         LINE#         549
  C:064FH         LINE#         550
  C:0652H         LINE#         551
  C:0657H         LINE#         552
  C:0663H         LINE#         553
  C:066EH         LINE#         554
  C:0671H         LINE#         555
  C:068BH         LINE#         556
  C:068BH         LINE#         557
  C:06B9H         LINE#         558
  C:06C6H         LINE#         559
  C:06CCH         LINE#         560
  C:06D2H         LINE#         561
  C:06D8H         LINE#         562
  C:06EEH         LINE#         563
  C:06FFH         LINE#         564
  C:0705H         LINE#         565
  C:070AH         LINE#         566
  C:0715H         LINE#         567
  C:0718H         LINE#         568
  C:0732H         LINE#         569
  C:0732H         LINE#         570
  C:074CH         LINE#         571
  C:074CH         LINE#         572
  C:0751H         LINE#         573
  C:075CH         LINE#         574
  C:0767H         LINE#         575
  C:0772H         LINE#         576
  C:07B6H         LINE#         577
  C:07CAH         LINE#         578
  C:07D0H         LINE#         579
  C:07D6H         LINE#         580
  C:07DCH         LINE#         581
  C:07EEH         LINE#         582
  C:07FFH         LINE#         583
  C:0811H         LINE#         584
  C:0822H         LINE#         585
BL51 BANKED LINKER/LOCATER V6.22.2.0                                                  03/09/2022  17:29:05  PAGE 28


  C:0834H         LINE#         586
  C:0845H         LINE#         587
  C:084BH         LINE#         588
  C:0856H         LINE#         589
  C:0856H         LINE#         590
  C:0856H         LINE#         591
  C:0859H         LINE#         592
  C:0859H         LINE#         593
  C:0873H         LINE#         594
  C:0873H         LINE#         595
  C:0879H         LINE#         596
  C:087FH         LINE#         597
  C:0885H         LINE#         598
  C:088AH         LINE#         599
  C:089CH         LINE#         600
  C:08B2H         LINE#         601
  C:08C3H         LINE#         602
  C:08C9H         LINE#         603
  C:08D4H         LINE#         604
  C:08D4H         LINE#         605
  C:08D7H         LINE#         606
  C:08D7H         LINE#         607
  C:08F1H         LINE#         608
  C:08F1H         LINE#         609
  C:0913H         LINE#         610
  C:0935H         LINE#         611
  C:0957H         LINE#         612
  C:0979H         LINE#         613
  C:099BH         LINE#         614
  C:09C2H         LINE#         615
  C:09C5H         LINE#         616
  C:09DFH         LINE#         617
  C:09DFH         LINE#         618
  C:0A01H         LINE#         619
  C:0A23H         LINE#         620
  C:0A45H         LINE#         621
  C:0A67H         LINE#         622
  C:0A89H         LINE#         623
  C:0AB0H         LINE#         624
  C:0AB0H         LINE#         625
  C:0AB3H         LINE#         626
  C:0AB3H         LINE#         627
  C:0AC7H         LINE#         628
  C:0AC7H         LINE#         629
  C:0ACCH         LINE#         630
  C:0ADEH         LINE#         631
  C:0AF0H         LINE#         632
  C:0B02H         LINE#         633
  C:0B15H         LINE#         635
  C:0B29H         LINE#         636
  C:0B34H         LINE#         637
  C:0B34H         LINE#         638
  C:0B34H         LINE#         639
  C:0B34H         LINE#         640
  C:0B34H         LINE#         641
  C:0B34H         LINE#         642
  C:0B34H         LINE#         643
BL51 BANKED LINKER/LOCATER V6.22.2.0                                                  03/09/2022  17:29:05  PAGE 29


  C:0B34H         LINE#         644
  C:0B4DH         LINE#         645
  -------         ENDPROC       PC_PRG
  -------         ENDMOD        UART

  -------         MODULE        IAP_FLASH
  C:0000H         SYMBOL        _ICE_DUMMY_
  D:0090H         PUBLIC        P1
  D:00A0H         PUBLIC        P2
  C:1DCFH         PUBLIC        ID_learn
  D:00E7H         PUBLIC        ISPCR
  D:00C0H         PUBLIC        XICON
  D:00B0H         PUBLIC        P3
  D:00E8H         PUBLIC        P4
  D:00F8H         PUBLIC        P5
  D:00F8H         PUBLIC        P6
  B:00A8H.7       PUBLIC        EA
  C:57A9H         PUBLIC        _IAP_WriteBuf_With_Protect_Verify
  D:00A8H         PUBLIC        IE
  D:00B8H         PUBLIC        IP0L
  C:6BFCH         PUBLIC        IAP_Erase_All_ID
  C:768EH         PUBLIC        _IAP_WritePPage
  D:00BFH         PUBLIC        CKCON1
  D:00D8H         PUBLIC        CCON
  D:00E6H         PUBLIC        SCMD
  C:76E1H         PUBLIC        _IAP_ErasePage
  D:00E3H         PUBLIC        IFADRH
  D:00E5H         PUBLIC        IFMT
  C:553BH         PUBLIC        _Delete_GeneralID_EEPROM
  B:00A0H.1       PUBLIC        P21
  D:00E4H         PUBLIC        IFADRL
  C:69BAH         PUBLIC        ID_Login_EXIT_Initial
  D:0088H         PUBLIC        TCON
  B:00A0H.5       PUBLIC        P25
  C:7536H         PUBLIC        _IAP_Write_Byte
  C:7857H         SYMBOL        _?ix1000
  C:7880H         PUBLIC        Init_IAP_flash
  C:785AH         SYMBOL        _?ix1001
  C:785DH         SYMBOL        _?ix1002
  C:7860H         SYMBOL        _?ix1003
  C:73C7H         PUBLIC        ALL_ID_EEPROM_Erase
  C:7863H         SYMBOL        _?ix1004
  C:52C7H         PUBLIC        ID_EEPROM_write
  C:3879H         PUBLIC        eeprom_sys_load
  D:00E2H         PUBLIC        IFD
  C:6E96H         PUBLIC        _ID_SCX1801_EEPROM_write
  D:0098H         PUBLIC        S0CON
  D:0098H         PUBLIC        S1CON
  D:00C8H         PUBLIC        T2CON
  D:00D0H         PUBLIC        PSW
  -------         PROC          INIT_IAP_FLASH
  C:7880H         LINE#         16
  C:7880H         LINE#         17
  C:7880H         LINE#         19
  C:7883H         LINE#         22
  C:788AH         LINE#         23
  -------         ENDPROC       INIT_IAP_FLASH
BL51 BANKED LINKER/LOCATER V6.22.2.0                                                  03/09/2022  17:29:05  PAGE 30


  -------         PROC          _IAP_WRITEPPAGE
  D:005CH         SYMBOL        PsfrAddr
  D:005DH         SYMBOL        PsfrData
  -------         DO            
  B:0020H.2       SYMBOL        bEA
  -------         ENDDO         
  C:768EH         LINE#         34
  C:7692H         LINE#         35
  C:7692H         LINE#         36
  C:7696H         LINE#         37
  C:7698H         LINE#         38
  C:769BH         LINE#         39
  C:769EH         LINE#         40
  C:76A1H         LINE#         41
  C:76A4H         LINE#         42
  C:76A7H         LINE#         44
  C:76AAH         LINE#         46
  C:76ADH         LINE#         47
  C:76AEH         LINE#         48
  C:76B1H         LINE#         49
  C:76B4H         LINE#         50
  C:76B8H         LINE#         51
  -------         ENDPROC       _IAP_WRITEPPAGE
  -------         PROC          _IAP_ERASEPAGE
  D:0067H         SYMBOL        ByteAddr
  -------         DO            
  B:0020H.3       SYMBOL        bEA
  -------         ENDDO         
  C:76E1H         LINE#         92
  C:76E3H         LINE#         93
  C:76E3H         LINE#         94
  C:76E7H         LINE#         95
  C:76EAH         LINE#         96
  C:76EDH         LINE#         97
  C:76EFH         LINE#         98
  C:76F2H         LINE#         99
  C:76F5H         LINE#         101
  C:76F8H         LINE#         103
  C:76FBH         LINE#         104
  C:76FCH         LINE#         105
  C:76FFH         LINE#         106
  C:7702H         LINE#         107
  C:7706H         LINE#         108
  -------         ENDPROC       _IAP_ERASEPAGE
  -------         PROC          _IAP_WRITEBUF_WITH_PROTECT_VERIFY
  D:0018H         SYMBOL        ByteAddr
  D:001AH         SYMBOL        pBuf
  D:001DH         SYMBOL        Cnt
  -------         DO            
  X:03B5H         SYMBOL        TempBuf
  X:05B5H         SYMBOL        i
  X:05B7H         SYMBOL        ErrCnt
  X:05B8H         SYMBOL        SectorAddr
  B:0020H.4       SYMBOL        bEA
  C:588FH         SYMBOL        Err_Loop
  C:59CBH         SYMBOL        Err_Return
  -------         ENDDO         
BL51 BANKED LINKER/LOCATER V6.22.2.0                                                  03/09/2022  17:29:05  PAGE 31


  C:57A9H         LINE#         123
  C:57B3H         LINE#         124
  C:57B3H         LINE#         129
  C:57B7H         LINE#         131
  C:57B9H         LINE#         132
  C:57BEH         LINE#         134
  C:57CDH         LINE#         135
  C:57E3H         LINE#         136
  C:57E3H         LINE#         137
  C:57EAH         LINE#         138
  C:57F1H         LINE#         139
  C:57F4H         LINE#         140
  C:57F7H         LINE#         141
  C:57FAH         LINE#         142
  C:57FDH         LINE#         143
  C:5800H         LINE#         144
  C:5803H         LINE#         145
  C:5811H         LINE#         146
  C:5826H         LINE#         147
  C:5829H         LINE#         148
  C:5839H         LINE#         150
  C:5848H         LINE#         151
  C:584EH         LINE#         152
  C:584EH         LINE#         153
  C:586CH         LINE#         154
  C:5877H         LINE#         155
  C:5885H         LINE#         156
  C:588DH         LINE#         157
  C:588FH         LINE#         158
  C:588FH         LINE#         160
  C:589EH         LINE#         161
  C:58A5H         LINE#         162
  C:58A8H         LINE#         163
  C:58ABH         LINE#         164
  C:58AEH         LINE#         166
  C:58B1H         LINE#         168
  C:58B4H         LINE#         169
  C:58B5H         LINE#         170
  C:58B8H         LINE#         171
  C:58BBH         LINE#         173
  C:58D1H         LINE#         174
  C:58D1H         LINE#         175
  C:58E7H         LINE#         176
  C:58EEH         LINE#         177
  C:58F5H         LINE#         178
  C:58F8H         LINE#         179
  C:58FBH         LINE#         181
  C:58FEH         LINE#         183
  C:5901H         LINE#         184
  C:5902H         LINE#         185
  C:5905H         LINE#         186
  C:5908H         LINE#         187
  C:5916H         LINE#         188
  C:5919H         LINE#         189
  C:5929H         LINE#         191
  C:5938H         LINE#         192
  C:594EH         LINE#         193
BL51 BANKED LINKER/LOCATER V6.22.2.0                                                  03/09/2022  17:29:05  PAGE 32


  C:594EH         LINE#         194
  C:5955H         LINE#         195
  C:595CH         LINE#         196
  C:595FH         LINE#         197
  C:5962H         LINE#         199
  C:5965H         LINE#         201
  C:5968H         LINE#         202
  C:596BH         LINE#         203
  C:596EH         LINE#         204
  C:597CH         LINE#         205
  C:597FH         LINE#         206
  C:5998H         LINE#         207
  C:5998H         LINE#         208
  C:599EH         LINE#         209
  C:59B0H         LINE#         210
  C:59B0H         LINE#         211
  C:59B3H         LINE#         212
  C:59B3H         LINE#         214
  C:59B3H         LINE#         215
  C:59B5H         LINE#         216
  C:59B5H         LINE#         217
  C:59B5H         LINE#         218
  C:59C6H         LINE#         219
  C:59CBH         LINE#         220
  C:59CBH         LINE#         221
  C:59CFH         LINE#         222
  C:59D4H         LINE#         223
  -------         ENDPROC       _IAP_WRITEBUF_WITH_PROTECT_VERIFY
  -------         PROC          _IAP_WRITE_BYTE
  D:0056H         SYMBOL        Addr
  D:0058H         SYMBOL        wdata
  -------         DO            
  B:0020H.5       SYMBOL        bEA
  -------         ENDDO         
  C:7536H         LINE#         226
  C:753CH         LINE#         227
  C:753CH         LINE#         228
  C:7540H         LINE#         229
  C:7542H         LINE#         230
  C:7545H         LINE#         231
  C:754FH         LINE#         232
  C:7556H         LINE#         233
  C:7559H         LINE#         234
  C:755CH         LINE#         235
  C:755FH         LINE#         236
  C:7562H         LINE#         237
  C:7563H         LINE#         238
  C:7566H         LINE#         239
  C:7569H         LINE#         240
  C:756DH         LINE#         241
  -------         ENDPROC       _IAP_WRITE_BYTE
  -------         PROC          IAP_ERASE_ALL_ID
  -------         DO            
  X:05BAH         SYMBOL        read_rf
  X:05BBH         SYMBOL        scx1801_id
  -------         ENDDO         
  C:6BFCH         LINE#         244
BL51 BANKED LINKER/LOCATER V6.22.2.0                                                  03/09/2022  17:29:05  PAGE 33


  C:6BFCH         LINE#         245
  C:6BFCH         LINE#         246
  C:6C01H         LINE#         247
  C:6C26H         LINE#         249
  C:6C31H         LINE#         250
  C:6C3CH         LINE#         251
  C:6C47H         LINE#         252
  C:6C52H         LINE#         254
  C:6C57H         LINE#         255
  C:6C5AH         LINE#         257
  C:6C5FH         LINE#         258
  C:6C62H         LINE#         260
  C:6C6EH         LINE#         261
  C:6C7AH         LINE#         262
  C:6C86H         LINE#         263
  C:6C92H         LINE#         264
  -------         ENDPROC       IAP_ERASE_ALL_ID
  -------         PROC          EEPROM_SYS_LOAD
  -------         DO            
  I:00B2H         SYMBOL        offset
  I:00B3H         SYMBOL        i
  I:00B5H         SYMBOL        q
  I:00B7H         SYMBOL        p
  I:00B9H         SYMBOL        xm
  I:00BCH         SYMBOL        xn
  -------         ENDDO         
  C:3879H         LINE#         267
  C:3879H         LINE#         268
  C:3879H         LINE#         269
  C:387DH         LINE#         271
  C:38A2H         LINE#         274
  C:38ACH         LINE#         275
  C:38B6H         LINE#         276
  C:38C0H         LINE#         277
  C:38C4H         LINE#         278
  C:38CCH         LINE#         279
  C:38D4H         LINE#         280
  C:38DCH         LINE#         281
  C:390EH         LINE#         282
  C:3919H         LINE#         284
  C:3923H         LINE#         285
  C:392DH         LINE#         286
  C:394BH         LINE#         287
  C:395BH         LINE#         288
  C:3965H         LINE#         289
  C:3976H         LINE#         290
  C:397FH         LINE#         291
  C:398EH         LINE#         292
  C:3995H         LINE#         293
  C:39B4H         LINE#         294
  C:39B4H         LINE#         295
  C:39D5H         LINE#         296
  C:39F6H         LINE#         297
  C:3A17H         LINE#         298
  C:3A1BH         LINE#         299
  C:3A23H         LINE#         300
  C:3A2BH         LINE#         301
BL51 BANKED LINKER/LOCATER V6.22.2.0                                                  03/09/2022  17:29:05  PAGE 34


  C:3A33H         LINE#         302
  C:3A59H         LINE#         303
  C:3A63H         LINE#         306
  C:3A83H         LINE#         307
  C:3AA3H         LINE#         308
  C:3AC3H         LINE#         309
  C:3ACBH         LINE#         313
  C:3ADBH         LINE#         314
  C:3ADBH         LINE#         315
  C:3ADEH         LINE#         316
  C:3AE9H         LINE#         318
  C:3AF3H         LINE#         319
  C:3B1DH         LINE#         320
  C:3B1DH         LINE#         321
  C:3B26H         LINE#         322
  C:3B4CH         LINE#         323
  C:3B63H         LINE#         325
  C:3B89H         LINE#         326
  C:3BA0H         LINE#         328
  C:3BC6H         LINE#         329
  C:3BDDH         LINE#         331
  C:3C03H         LINE#         332
  C:3C1AH         LINE#         334
  C:3C40H         LINE#         335
  C:3C57H         LINE#         336
  C:3C58H         LINE#         337
  C:3C83H         LINE#         338
  C:3C83H         LINE#         339
  C:3C8CH         LINE#         340
  C:3C92H         LINE#         341
  C:3CBDH         LINE#         342
  C:3CD4H         LINE#         344
  C:3CFFH         LINE#         345
  C:3D16H         LINE#         347
  C:3D41H         LINE#         348
  C:3D58H         LINE#         350
  C:3D83H         LINE#         351
  C:3D9AH         LINE#         353
  C:3DC5H         LINE#         354
  C:3DDCH         LINE#         355
  C:3DDCH         LINE#         356
  C:3DDCH         LINE#         357
  -------         ENDPROC       EEPROM_SYS_LOAD
  -------         PROC          ID_EEPROM_WRITE
  -------         DO            
  I:0092H         SYMBOL        xm
  I:0095H         SYMBOL        i
  I:0097H         SYMBOL        j
  I:0099H         SYMBOL        m1
  I:009BH         SYMBOL        xn
  I:009FH         SYMBOL        xd
  -------         ENDDO         
  C:52C7H         LINE#         359
  C:52C7H         LINE#         360
  C:52C7H         LINE#         361
  C:52ECH         LINE#         364
  C:52FAH         LINE#         365
BL51 BANKED LINKER/LOCATER V6.22.2.0                                                  03/09/2022  17:29:05  PAGE 35


  C:530AH         LINE#         366
  C:5318H         LINE#         368
  C:532BH         LINE#         371
  C:536BH         LINE#         372
  C:53ABH         LINE#         373
  C:53E6H         LINE#         377
  C:53F9H         LINE#         379
  C:5410H         LINE#         380
  C:5410H         LINE#         381
  C:5425H         LINE#         382
  C:543CH         LINE#         383
  C:5444H         LINE#         384
  C:545BH         LINE#         385
  C:5463H         LINE#         386
  C:547AH         LINE#         387
  C:547EH         LINE#         388
  C:5486H         LINE#         389
  C:548EH         LINE#         390
  C:5496H         LINE#         391
  C:54BCH         LINE#         392
  C:54BEH         LINE#         393
  C:54C1H         LINE#         394
  C:54CCH         LINE#         396
  C:54D4H         LINE#         397
  C:54DCH         LINE#         398
  C:54E4H         LINE#         399
[...]
  C:65F7H         LINE#         748
  C:6603H         LINE#         749
  C:660AH         LINE#         750
  C:660AH         LINE#         751
  -------         ENDPROC       SCAN_RECEIVE_PACKET
  -------         PROC          _TX_DATALOAD_HIGHSPEED
  D:0008H         SYMBOL        IDCache
  D:000CH         SYMBOL        CtrCmd
  D:0015H         SYMBOL        Packet
  -------         DO            
  X:05C4H         SYMBOL        i
  X:05C5H         SYMBOL        CRCTemp
  -------         ENDDO         
  C:3DDDH         LINE#         793
  C:3DE5H         LINE#         794
  C:3DE5H         LINE#         796
  C:3DEDH         LINE#         798
  C:3E3EH         LINE#         799
  C:3E55H         LINE#         800
  C:3E79H         LINE#         802
  C:3E93H         LINE#         803
  C:3E93H         LINE#         804
  C:3EB8H         LINE#         805
  C:3F14H         LINE#         806
  C:3F1DH         LINE#         807
  C:3F35H         LINE#         808
  C:3F35H         LINE#         809
  C:3F5AH         LINE#         810
  C:3F9EH         LINE#         811
  C:3FA7H         LINE#         812
  C:3FAAH         LINE#         813
  C:3FC2H         LINE#         814
  C:3FC2H         LINE#         815
  C:3FE7H         LINE#         816
  C:4035H         LINE#         817
BL51 BANKED LINKER/LOCATER V6.22.2.0                                                  03/09/2022  17:29:05  PAGE 68


  C:403EH         LINE#         818
  C:4056H         LINE#         819
  C:4056H         LINE#         820
  C:407BH         LINE#         821
  C:40C9H         LINE#         822
  C:40D2H         LINE#         823
  C:40D5H         LINE#         824
  C:40EDH         LINE#         825
  C:40EDH         LINE#         826
  C:4112H         LINE#         827
  C:4160H         LINE#         828
  C:4169H         LINE#         829
  C:4181H         LINE#         830
  C:4181H         LINE#         831
  C:41A6H         LINE#         832
  C:41F4H         LINE#         833
  C:41FDH         LINE#         834
  C:4200H         LINE#         835
  C:421BH         LINE#         836
  C:421BH         LINE#         837
  C:4240H         LINE#         838
  C:42A0H         LINE#         839
  C:42A9H         LINE#         840
  -------         ENDPROC       _TX_DATALOAD_HIGHSPEED
  -------         ENDMOD        ML7345

  -------         MODULE        ML7345_HAL
  C:0000H         SYMBOL        _ICE_DUMMY_
  C:6A80H         PUBLIC        ML7345_DataRate_Set_4_8k
  D:0090H         PUBLIC        P1
  D:00A0H         PUBLIC        P2
  D:00C0H         PUBLIC        XICON
  D:00B0H         PUBLIC        P3
  D:00E8H         PUBLIC        P4
  D:00F8H         PUBLIC        P5
  D:00F8H         PUBLIC        P6
  D:00A8H         PUBLIC        IE
  C:7447H         PUBLIC        _ML7345_AutoTx_Data
  C:5D8DH         PUBLIC        _ML7345_Frequency_Set
  D:00B8H         PUBLIC        IP0L
  C:6707H         PUBLIC        _ML7345_SetAndGet_State
  C:74FDH         PUBLIC        _ML7345_StateFlag_Clear
  D:00D8H         PUBLIC        CCON
  C:7632H         PUBLIC        _ML7345_AutoStateTransition_Set
  X:06E4H         PUBLIC        timeout_cnt
  B:00A0H.2       PUBLIC        P22
  C:7786H         PUBLIC        ML7345_AllStateFlag_Clear
  B:00A0H.3       PUBLIC        P23
  D:0088H         PUBLIC        TCON
  B:00B0H.4       PUBLIC        P34
  C:5045H         PUBLIC        _ML7345_Frequency_Calcul
  C:77BEH         PUBLIC        RF_SyncWord_DONE
  C:7386H         PUBLIC        WaitStatus_Complete
  C:75A0H         PUBLIC        SetReg_Rssi
  C:7804H         PUBLIC        ML7345_GPIO0RxDoneInt_Enable
  C:77EEH         PUBLIC        ML7345_GPIO0TxDoneInt_Enable
  D:0098H         PUBLIC        S0CON
BL51 BANKED LINKER/LOCATER V6.22.2.0                                                  03/09/2022  17:29:05  PAGE 69


  D:0098H         PUBLIC        S1CON
  D:00C8H         PUBLIC        T2CON
  C:7895H         PUBLIC        ML7345_RESETN_SET
  C:6B45H         PUBLIC        ML7345_DataRate_Set_1_2k
  C:7602H         PUBLIC        _ML7345_ReadRx_Pack
  D:00D0H         PUBLIC        PSW
  -------         PROC          _ML7345_AUTOSTATETRANSITION_SET
  D:006DH         SYMBOL        sta
  C:7632H         LINE#         10
  C:7634H         LINE#         11
  C:7634H         LINE#         12
  C:763BH         LINE#         13
  C:7659H         LINE#         14
  C:7660H         LINE#         15
  -------         ENDPROC       _ML7345_AUTOSTATETRANSITION_SET
  -------         PROC          _ML7345_SETANDGET_STATE
  D:006EH         SYMBOL        sta
  -------         DO            
  X:06D8H         SYMBOL        status
  -------         ENDDO         
  C:6707H         LINE#         31
  C:6709H         LINE#         32
  C:6709H         LINE#         33
  C:670EH         LINE#         35
  C:6715H         LINE#         36
  C:6724H         LINE#         37
  C:6731H         LINE#         38
  C:6731H         LINE#         39
  C:675CH         LINE#         40
  C:675CH         LINE#         41
  C:6763H         LINE#         42
  C:676BH         LINE#         43
  C:6780H         LINE#         44
  C:6780H         LINE#         45
  C:6797H         LINE#         46
  C:679AH         LINE#         47
  C:67C6H         LINE#         48
  C:67D4H         LINE#         49
  C:67D7H         LINE#         50
  C:67DEH         LINE#         51
  C:67E1H         LINE#         52
  C:67E1H         LINE#         53
  C:67F0H         LINE#         54
  C:67F0H         LINE#         55
  C:67F0H         LINE#         56
  C:67F5H         LINE#         57
  -------         ENDPROC       _ML7345_SETANDGET_STATE
  -------         PROC          WAITSTATUS_COMPLETE
  -------         DO            
  X:06D9H         SYMBOL        count
  -------         ENDDO         
  C:7386H         LINE#         60
  C:7386H         LINE#         61
  C:7386H         LINE#         62
  C:738EH         LINE#         63
  C:7395H         LINE#         64
  C:7395H         LINE#         65
BL51 BANKED LINKER/LOCATER V6.22.2.0                                                  03/09/2022  17:29:05  PAGE 70


  C:7395H         LINE#         66
  C:739EH         LINE#         67
  C:739EH         LINE#         68
  C:73A5H         LINE#         69
  C:73A8H         LINE#         70
  C:73A8H         LINE#         71
  C:73C1H         LINE#         72
  C:73C4H         LINE#         73
  C:73C6H         LINE#         74
  -------         ENDPROC       WAITSTATUS_COMPLETE
  -------         PROC          _ML7345_STATEFLAG_CLEAR
  D:006FH         SYMBOL        sta
  C:74FDH         LINE#         81
  C:74FFH         LINE#         82
  C:74FFH         LINE#         83
  C:7506H         LINE#         84
  C:7510H         LINE#         85
  C:7510H         LINE#         86
  C:7517H         LINE#         87
  C:751EH         LINE#         88
  C:751FH         LINE#         89
  C:7527H         LINE#         90
  C:7527H         LINE#         91
  C:752EH         LINE#         92
  C:7535H         LINE#         93
  C:7535H         LINE#         94
  -------         ENDPROC       _ML7345_STATEFLAG_CLEAR
  -------         PROC          ML7345_ALLSTATEFLAG_CLEAR
  C:7786H         LINE#         101
  C:7786H         LINE#         102
  C:7786H         LINE#         103
  C:778DH         LINE#         104
  C:7794H         LINE#         105
  C:779BH         LINE#         106
  C:77A2H         LINE#         107
  -------         ENDPROC       ML7345_ALLSTATEFLAG_CLEAR
  -------         PROC          ML7345_DATARATE_SET_4_8K
  C:6A80H         LINE#         115
  C:6A80H         LINE#         116
  C:6A80H         LINE#         117
  C:6A87H         LINE#         118
  C:6A8EH         LINE#         119
  C:6A95H         LINE#         120
  C:6A9CH         LINE#         121
  C:6AA3H         LINE#         122
  C:6AAAH         LINE#         123
  C:6AB1H         LINE#         124
  C:6AB8H         LINE#         125
  C:6ABFH         LINE#         126
  C:6AC6H         LINE#         127
  C:6ACDH         LINE#         128
  C:6AD4H         LINE#         129
  C:6ADBH         LINE#         130
  C:6AE2H         LINE#         131
  C:6AE9H         LINE#         132
  C:6AF0H         LINE#         133
  C:6AF7H         LINE#         134
BL51 BANKED LINKER/LOCATER V6.22.2.0                                                  03/09/2022  17:29:05  PAGE 71


  C:6AFEH         LINE#         135
  C:6B05H         LINE#         136
  C:6B0CH         LINE#         137
  C:6B13H         LINE#         138
  C:6B1AH         LINE#         139
  C:6B21H         LINE#         140
  C:6B28H         LINE#         141
  C:6B2FH         LINE#         142
  C:6B36H         LINE#         143
  C:6B3DH         LINE#         144
  C:6B44H         LINE#         145
  -------         ENDPROC       ML7345_DATARATE_SET_4_8K
  -------         PROC          ML7345_DATARATE_SET_1_2K
  C:6B45H         LINE#         147
  C:6B45H         LINE#         148
  C:6B45H         LINE#         149
  C:6B4CH         LINE#         150
  C:6B53H         LINE#         151
  C:6B5AH         LINE#         152
  C:6B61H         LINE#         153
  C:6B68H         LINE#         154
  C:6B6FH         LINE#         155
  C:6B76H         LINE#         156
  C:6B7DH         LINE#         157
  C:6B84H         LINE#         158
  C:6B8BH         LINE#         159
  C:6B92H         LINE#         160
  C:6B99H         LINE#         161
  C:6BA0H         LINE#         162
  C:6BA7H         LINE#         163
  C:6BAEH         LINE#         164
  C:6BB5H         LINE#         165
  C:6BBCH         LINE#         166
  C:6BC3H         LINE#         167
  C:6BCAH         LINE#         168
  C:6BD1H         LINE#         169
  C:6BD8H         LINE#         170
  C:6BDFH         LINE#         171
  C:6BE6H         LINE#         172
  C:6BEDH         LINE#         173
  C:6BF4H         LINE#         174
  C:6BFBH         LINE#         175
  -------         ENDPROC       ML7345_DATARATE_SET_1_2K
  -------         PROC          ML7345_RESETN_SET
  C:7895H         LINE#         283
  C:7895H         LINE#         284
  C:7895H         LINE#         285
  C:7897H         LINE#         286
  C:789CH         LINE#         287
  C:789EH         LINE#         288
  -------         ENDPROC       ML7345_RESETN_SET
  -------         PROC          _ML7345_FREQUENCY_SET
  D:0047H         SYMBOL        freq
  D:004AH         SYMBOL        radio_type
  C:5D8DH         LINE#         327
  C:5D95H         LINE#         328
  C:5D95H         LINE#         329
BL51 BANKED LINKER/LOCATER V6.22.2.0                                                  03/09/2022  17:29:05  PAGE 72


  C:5DA1H         LINE#         330
  C:5DAEH         LINE#         331
  C:5DB3H         LINE#         332
  C:5DBAH         LINE#         333
  C:5DC9H         LINE#         334
  C:5DDEH         LINE#         335
  C:5DF3H         LINE#         336
  C:5E08H         LINE#         337
  C:5E17H         LINE#         338
  C:5E2CH         LINE#         339
  C:5E41H         LINE#         340
  C:5E56H         LINE#         342
  C:5E6BH         LINE#         343
  C:5E80H         LINE#         344
  C:5E95H         LINE#         345
  C:5EAAH         LINE#         347
  C:5EB1H         LINE#         348
  C:5EB8H         LINE#         349
  C:5EBFH         LINE#         351
  C:5ECEH         LINE#         352
  C:5EDBH         LINE#         354
  C:5EE2H         LINE#         355
  C:5EE2H         LINE#         356
  C:5EF8H         LINE#         357
  C:5F03H         LINE#         358
  C:5F05H         LINE#         359
  C:5F05H         LINE#         360
  C:5F07H         LINE#         361
  C:5F0FH         LINE#         362
  C:5F16H         LINE#         363
  C:5F22H         LINE#         364
  -------         ENDPROC       _ML7345_FREQUENCY_SET
  -------         PROC          ML7345_GPIO0TXDONEINT_ENABLE
  C:77EEH         LINE#         394
  C:77EEH         LINE#         395
  C:77EEH         LINE#         397
  C:77F5H         LINE#         398
  C:77FCH         LINE#         399
  C:7803H         LINE#         400
  -------         ENDPROC       ML7345_GPIO0TXDONEINT_ENABLE
  -------         PROC          ML7345_GPIO0RXDONEINT_ENABLE
  C:7804H         LINE#         401
  C:7804H         LINE#         402
  C:7804H         LINE#         403
  C:780BH         LINE#         405
  C:7812H         LINE#         406
  C:7819H         LINE#         407
  -------         ENDPROC       ML7345_GPIO0RXDONEINT_ENABLE
  -------         PROC          _ML7345_READRX_PACK
  D:004BH         SYMBOL        pbuf
  D:004EH         SYMBOL        len
  C:7602H         LINE#         543
  C:760AH         LINE#         544
  C:760AH         LINE#         545
  C:761CH         LINE#         546
  C:7623H         LINE#         547
  C:7631H         LINE#         548
BL51 BANKED LINKER/LOCATER V6.22.2.0                                                  03/09/2022  17:29:05  PAGE 73


  -------         ENDPROC       _ML7345_READRX_PACK
  -------         PROC          _ML7345_AUTOTX_DATA
  D:004FH         SYMBOL        pbuf
  D:0052H         SYMBOL        len
  C:7447H         LINE#         555
  C:744FH         LINE#         556
  C:744FH         LINE#         557
  C:7461H         LINE#         558
  C:7465H         LINE#         559
  C:746CH         LINE#         560
  C:7473H         LINE#         561
  C:7478H         LINE#         562
  C:7486H         LINE#         563
  -------         ENDPROC       _ML7345_AUTOTX_DATA
  -------         PROC          RF_SYNCWORD_DONE
  -------         DO            
  I:00DDH         SYMBOL        sync
  -------         ENDDO         
  C:77BEH         LINE#         565
  C:77BEH         LINE#         566
  C:77BEH         LINE#         567
  C:77C2H         LINE#         568
  C:77C9H         LINE#         569
  C:77D2H         LINE#         570
  C:77D6H         LINE#         571
  -------         ENDPROC       RF_SYNCWORD_DONE
  -------         PROC          _ML7345_FREQUENCY_CALCUL
  D:0021H         SYMBOL        Freq
  D:0025H         SYMBOL        pbuf
  -------         DO            
  X:06DBH         SYMBOL        integer
  X:06DCH         SYMBOL        f_dec
  X:06E0H         SYMBOL        cal_val
  -------         ENDDO         
  C:5045H         LINE#         573
  C:5053H         LINE#         574
  C:5053H         LINE#         575
  C:5058H         LINE#         576
  C:5062H         LINE#         577
  C:506CH         LINE#         578
  C:5084H         LINE#         579
  C:50C5H         LINE#         580
  C:50E7H         LINE#         581
  C:50F6H         LINE#         582
  C:5129H         LINE#         583
  C:515CH         LINE#         584
  C:518AH         LINE#         586
  C:51A2H         LINE#         587
  C:51BAH         LINE#         588
  C:51FBH         LINE#         589
  C:521DH         LINE#         590
  C:5232H         LINE#         591
  C:5265H         LINE#         592
  C:5298H         LINE#         593
  C:52C6H         LINE#         594
  -------         ENDPROC       _ML7345_FREQUENCY_CALCUL
  -------         PROC          SETREG_RSSI
BL51 BANKED LINKER/LOCATER V6.22.2.0                                                  03/09/2022  17:29:05  PAGE 74


  C:75A0H         LINE#         596
  C:75A0H         LINE#         597
  C:75A0H         LINE#         598
  C:75A7H         LINE#         599
  C:75AEH         LINE#         600
  C:75B5H         LINE#         601
  C:75BCH         LINE#         602
  C:75C3H         LINE#         603
  C:75CAH         LINE#         604
  C:75D1H         LINE#         605
  -------         ENDPROC       SETREG_RSSI
  -------         ENDMOD        ML7345_HAL

  -------         MODULE        ?C?FPADD
  C:257BH         PUBLIC        ?C?FPADD
  C:2577H         PUBLIC        ?C?FPSUB
  -------         ENDMOD        ?C?FPADD

  -------         MODULE        ?C?FPMUL
  C:266CH         PUBLIC        ?C?FPMUL
  -------         ENDMOD        ?C?FPMUL

  -------         MODULE        ?C?FPDIV
  C:2775H         PUBLIC        ?C?FPDIV
  -------         ENDMOD        ?C?FPDIV

  -------         MODULE        ?C?FCAST
  C:281CH         PUBLIC        ?C?FCASTC
  C:2817H         PUBLIC        ?C?FCASTI
  C:2812H         PUBLIC        ?C?FCASTL
  -------         ENDMOD        ?C?FCAST

  -------         MODULE        ?C?CASTF
  C:2850H         PUBLIC        ?C?CASTF
  -------         ENDMOD        ?C?CASTF

  -------         MODULE        ?C?COPY
  C:29A1H         PUBLIC        ?C?COPY
  -------         ENDMOD        ?C?COPY

  -------         MODULE        ?C?CLDPTR
  C:29C7H         PUBLIC        ?C?CLDPTR
  -------         ENDMOD        ?C?CLDPTR

  -------         MODULE        ?C?CLDOPTR
  C:29E0H         PUBLIC        ?C?CLDOPTR
  -------         ENDMOD        ?C?CLDOPTR

  -------         MODULE        ?C?CSTPTR
  C:2A0DH         PUBLIC        ?C?CSTPTR
  -------         ENDMOD        ?C?CSTPTR

  -------         MODULE        ?C?CSTOPTR
  C:2A1FH         PUBLIC        ?C?CSTOPTR
  -------         ENDMOD        ?C?CSTOPTR

  -------         MODULE        ?C?IMUL
BL51 BANKED LINKER/LOCATER V6.22.2.0                                                  03/09/2022  17:29:05  PAGE 75


  C:2A41H         PUBLIC        ?C?IMUL
  -------         ENDMOD        ?C?IMUL

  -------         MODULE        ?C?UIDIV
  C:2A53H         PUBLIC        ?C?UIDIV
  -------         ENDMOD        ?C?UIDIV

  -------         MODULE        ?C?SIDIV
  C:2AA8H         PUBLIC        ?C?SIDIV
  -------         ENDMOD        ?C?SIDIV

  -------         MODULE        ?C?ILDIX
  C:2ADEH         PUBLIC        ?C?ILDIX
  -------         ENDMOD        ?C?ILDIX

  -------         MODULE        ?C?LMUL
  C:2AF4H         PUBLIC        ?C?LMUL
  -------         ENDMOD        ?C?LMUL

  -------         MODULE        ?C?ULDIV
  C:2B7FH         PUBLIC        ?C?ULDIV
  -------         ENDMOD        ?C?ULDIV

  -------         MODULE        ?C?SLDIV
  C:7300H         PUBLIC        ?C?SLDIV
  -------         ENDMOD        ?C?SLDIV

  -------         MODULE        ?C?LNEG
  C:2C11H         PUBLIC        ?C?LNEG
  -------         ENDMOD        ?C?LNEG

  -------         MODULE        ?C?ULCMP
  C:2C1FH         PUBLIC        ?C?ULCMP
  -------         ENDMOD        ?C?ULCMP

  -------         MODULE        ?C?ULSHR
  C:2C30H         PUBLIC        ?C?ULSHR
  -------         ENDMOD        ?C?ULSHR

  -------         MODULE        ?C?LSHL
  C:2C43H         PUBLIC        ?C?LSHL
  -------         ENDMOD        ?C?LSHL

  -------         MODULE        ?C?LLDIDATA
  C:2C56H         PUBLIC        ?C?LLDIDATA
  -------         ENDMOD        ?C?LLDIDATA

  -------         MODULE        ?C?LLDIDATA0
  C:2C62H         PUBLIC        ?C?LLDIDATA0
  -------         ENDMOD        ?C?LLDIDATA0

  -------         MODULE        ?C?LSTIDATA
  C:2C6FH         PUBLIC        ?C?LSTIDATA
  -------         ENDMOD        ?C?LSTIDATA

  -------         MODULE        ?C?LSTXDATA
  C:2C7BH         PUBLIC        ?C?LSTXDATA
BL51 BANKED LINKER/LOCATER V6.22.2.0                                                  03/09/2022  17:29:05  PAGE 76


  -------         ENDMOD        ?C?LSTXDATA

  -------         MODULE        ?C?LSTKIDATA
  C:2C87H         PUBLIC        ?C?LSTKIDATA
  -------         ENDMOD        ?C?LSTKIDATA

  -------         MODULE        ?C?LSTKXDATA
  C:2CA0H         PUBLIC        ?C?LSTKXDATA
  -------         ENDMOD        ?C?LSTKXDATA

  -------         MODULE        ?C?OFFXADD
  C:2CD1H         PUBLIC        ?C?OFFXADD
  -------         ENDMOD        ?C?OFFXADD

  -------         MODULE        ?C?CCASE
  C:2CDDH         PUBLIC        ?C?CCASE
  -------         ENDMOD        ?C?CCASE

*** WARNING L16: UNCALLED SEGMENT, IGNORED FOR OVERLAY PROCESS
    SEGMENT: ?PR?INIT_INT0?GPIO

Program Size: data=222.7 xdata=1769 code=30884
LINK/LOCATE RUN COMPLETE.  1 WARNING(S),  0 ERROR(S)
