BL51 BANKED LINKER/LOCATER V6.22.2.0                                                    04/20/2022  17:16:51  PAGE 1


BL51 BANKED LINKER/LOCATER V6.22.2.0, INVOKED BY:
C:\KEIL_V5\C51\BIN\BL51.EXE .\Objects\main.obj, .\Objects\sys.obj, .\Objects\gpio.obj, .\Objects\timer.obj, .\Objects\ua
>> rt.obj, .\Objects\IAP_flash.obj, .\Objects\spi.obj, .\Objects\ram.obj, .\Objects\ID_Decode.obj, .\Objects\ML7345.obj,
>>  .\Objects\ML7345_HAL.obj TO .\Objects\CRX1831DCM_MA82G5B32_Pro PRINT (.\Listings\CRX1831DCM_MA82G5B32_Pro.m51) RAMSI
>> ZE (256) CODE (0X0000-0X7FFF) XDATA (0X0000-0X06FF)


MEMORY MODEL: SMALL WITH FLOATING POINT ARITHMETIC


INPUT MODULES INCLUDED:
  .\Objects\main.obj (MAIN)
  .\Objects\sys.obj (SYS)
  .\Objects\gpio.obj (GPIO)
  .\Objects\timer.obj (TIMER)
  .\Objects\uart.obj (UART)
  .\Objects\IAP_flash.obj (IAP_FLASH)
  .\Objects\spi.obj (SPI)
  .\Objects\ram.obj (RAM)
  .\Objects\ID_Decode.obj (ID_DECODE)
  .\Objects\ML7345.obj (ML7345)
  .\Objects\ML7345_HAL.obj (ML7345_HAL)
  C:\KEIL_V5\C51\LIB\C51FPS.LIB (?C?FPADD)
  C:\KEIL_V5\C51\LIB\C51FPS.LIB (?C?FPMUL)
  C:\KEIL_V5\C51\LIB\C51FPS.LIB (?C?FPDIV)
  C:\KEIL_V5\C51\LIB\C51FPS.LIB (?C?FCAST)
  C:\KEIL_V5\C51\LIB\C51FPS.LIB (?C?CASTF)
  C:\KEIL_V5\C51\LIB\C51FPS.LIB (?C?FPGETOPN)
  C:\KEIL_V5\C51\LIB\C51S.LIB (?C_STARTUP)
  C:\KEIL_V5\C51\LIB\C51S.LIB (?C?COPY)
  C:\KEIL_V5\C51\LIB\C51S.LIB (?C?CLDPTR)
  C:\KEIL_V5\C51\LIB\C51S.LIB (?C?CLDOPTR)
  C:\KEIL_V5\C51\LIB\C51S.LIB (?C?CSTPTR)
  C:\KEIL_V5\C51\LIB\C51S.LIB (?C?CSTOPTR)
  C:\KEIL_V5\C51\LIB\C51S.LIB (?C?IMUL)
  C:\KEIL_V5\C51\LIB\C51S.LIB (?C?UIDIV)
  C:\KEIL_V5\C51\LIB\C51S.LIB (?C?SIDIV)
  C:\KEIL_V5\C51\LIB\C51S.LIB (?C?ILDIX)
  C:\KEIL_V5\C51\LIB\C51S.LIB (?C?LMUL)
  C:\KEIL_V5\C51\LIB\C51S.LIB (?C?ULDIV)
  C:\KEIL_V5\C51\LIB\C51S.LIB (?C?SLDIV)
  C:\KEIL_V5\C51\LIB\C51S.LIB (?C?LNEG)
  C:\KEIL_V5\C51\LIB\C51S.LIB (?C?ULCMP)
  C:\KEIL_V5\C51\LIB\C51S.LIB (?C?ULSHR)
  C:\KEIL_V5\C51\LIB\C51S.LIB (?C?LSHL)
  C:\KEIL_V5\C51\LIB\C51S.LIB (?C?LLDIDATA)
  C:\KEIL_V5\C51\LIB\C51S.LIB (?C?LLDIDATA0)
  C:\KEIL_V5\C51\LIB\C51S.LIB (?C?LSTIDATA)
  C:\KEIL_V5\C51\LIB\C51S.LIB (?C?LSTXDATA)
  C:\KEIL_V5\C51\LIB\C51S.LIB (?C?LSTKIDATA)
  C:\KEIL_V5\C51\LIB\C51S.LIB (?C?LSTKXDATA)
  C:\KEIL_V5\C51\LIB\C51S.LIB (?C?OFFXADD)
  C:\KEIL_V5\C51\LIB\C51S.LIB (?C?CCASE)
  C:\KEIL_V5\C51\LIB\C51S.LIB (?C_INIT)


LINK MAP OF MODULE:  .\Objects\CRX1831DCM_MA82G5B32_Pro (MAIN)

BL51 BANKED LINKER/LOCATER V6.22.2.0                                                  04/20/2022  17:16:51  PAGE 2



            TYPE    BASE      LENGTH    RELOCATION   SEGMENT NAME
            -----------------------------------------------------

            * * * * * * *   D A T A   M E M O R Y   * * * * * * *
            REG     0000H     0008H     ABSOLUTE     "REG BANK 0"
            DATA    0008H     0010H     UNIT         ?DT?_TX_DATALOAD_HIGHSPEED?ML7345
            DATA    0018H     0007H     UNIT         ?DT?_IAP_WRITEBUF_WITH_PROTECT_VERIFY?IAP_FLASH
            DATA    001FH     0001H     UNIT         ?DT?_DELAYXUS?TIMER
            BIT     0020H.0   0000H.1   UNIT         ?BI?_UART0SENDBYTE?UART
            BIT     0020H.1   0000H.1   UNIT         ?BI?UART
            BIT     0020H.2   0000H.1   UNIT         ?BI?_IAP_WRITEPPAGE?IAP_FLASH
            BIT     0020H.3   0000H.1   UNIT         ?BI?_IAP_ERASEPAGE?IAP_FLASH
            BIT     0020H.4   0000H.1   UNIT         ?BI?_IAP_WRITEBUF_WITH_PROTECT_VERIFY?IAP_FLASH
            BIT     0020H.5   0000H.1   UNIT         ?BI?_IAP_WRITE_BYTE?IAP_FLASH
            BIT     0020H.6   0000H.1   UNIT         ?BI?RAM
                    0020H.7   0000H.1                *** GAP ***
            DATA    0021H     0007H     UNIT         ?DT?_ML7345_FREQUENCY_CALCUL?ML7345_HAL
            DATA    0028H     0005H     UNIT         ?DT?_ML7345_WRITE_FIFO?SPI
            DATA    002DH     0005H     UNIT         ?DT?_ML7345_READ_FIFO?SPI
            DATA    0032H     0005H     UNIT         ?DT?_RF_ML7345_INIT?ML7345
            DATA    0037H     0004H     UNIT         ?DT?_SEND_DATA?UART
            DATA    003BH     0004H     UNIT         ?DT?_ID_SCX1801_EEPROM_WRITE?IAP_FLASH
            DATA    003FH     0004H     UNIT         ?DT?_DELETE_GENERALID_EEPROM?IAP_FLASH
            DATA    0043H     0004H     UNIT         ?DT?_BEEP_MODULE?ID_DECODE
            DATA    0047H     0004H     UNIT         ?DT?_ML7345_FREQUENCY_SET?ML7345_HAL
            DATA    004BH     0004H     UNIT         ?DT?_ML7345_READRX_PACK?ML7345_HAL
            DATA    004FH     0004H     UNIT         ?DT?_ML7345_AUTOTX_DATA?ML7345_HAL
            DATA    0053H     0003H     UNIT         ?DT?_ASC_HEX_2?UART
            DATA    0056H     0003H     UNIT         ?DT?_IAP_WRITE_BYTE?IAP_FLASH
            DATA    0059H     0003H     UNIT         ?DT?ML7345
            DATA    005CH     0002H     UNIT         ?DT?_IAP_WRITEPPAGE?IAP_FLASH
            DATA    005EH     0002H     UNIT         ?DT?_SPI_DELAY?SPI
            DATA    0060H     0002H     UNIT         ?DT?_ML7345_WRITE_REG?SPI
            DATA    0062H     0001H     UNIT         ?DT?_DELAY_MS?TIMER
            DATA    0063H     0001H     UNIT         ?DT?_UART0SENDBYTE?UART
            DATA    0064H     0001H     UNIT         ?DT?_ASC_HEX?UART
            DATA    0065H     0001H     UNIT         ?DT?_HEX_ASC?UART
            DATA    0066H     0001H     UNIT         ?DT?_RECEIVEFRAME?UART
            DATA    0067H     0001H     UNIT         ?DT?_IAP_ERASEPAGE?IAP_FLASH
            DATA    0068H     0001H     UNIT         ?DT?_SPI1_SENDRECV_DATA?SPI
            DATA    0069H     0001H     UNIT         ?DT?_ML7345_READ_REG?SPI
            DATA    006AH     0001H     UNIT         ?DT?_SIGNAL_DATA_DECODE?ID_DECODE
            DATA    006BH     0001H     UNIT         ?DT?_RETURN_ID_DATA?ID_DECODE
            DATA    006CH     0001H     UNIT         ?DT?_TX_DATA_TEST?ML7345
            DATA    006DH     0001H     UNIT         ?DT?_ML7345_AUTOSTATETRANSITION_SET?ML7345_HAL
            DATA    006EH     0001H     UNIT         ?DT?_ML7345_SETANDGET_STATE?ML7345_HAL
            DATA    006FH     0001H     UNIT         ?DT?_ML7345_STATEFLAG_CLEAR?ML7345_HAL
            IDATA   0070H     0022H     UNIT         ?ID?RAM
            IDATA   0092H     0011H     UNIT         ?ID?ID_EEPROM_WRITE?IAP_FLASH
            IDATA   00A3H     000FH     UNIT         ?ID?_DELETE_GENERALID_EEPROM?IAP_FLASH
            IDATA   00B2H     000EH     UNIT         ?ID?EEPROM_SYS_LOAD?IAP_FLASH
            IDATA   00C0H     0008H     UNIT         ?ID?_RETURN_ID_DATA?ID_DECODE
            IDATA   00C8H     0007H     UNIT         ?ID?_ID_SCX1801_EEPROM_WRITE?IAP_FLASH
            IDATA   00CFH     0003H     UNIT         ?ID?UART
            IDATA   00D2H     0002H     UNIT         ?ID?TIMER
            IDATA   00D4H     0002H     UNIT         ?ID?ALL_ID_EEPROM_ERASE?IAP_FLASH
BL51 BANKED LINKER/LOCATER V6.22.2.0                                                  04/20/2022  17:16:51  PAGE 3


            IDATA   00D6H     0002H     UNIT         ?ID?_BEEP_MODULE?ID_DECODE
            IDATA   00D8H     0002H     UNIT         ?ID?RECEIVER_BEEP?ID_DECODE
            IDATA   00DAH     0001H     UNIT         ?ID?INT_UART0?UART
            IDATA   00DBH     0001H     UNIT         ?ID?OPRATIONFRAME?UART
            IDATA   00DCH     0001H     UNIT         ?ID?ML7345_TRX_DEL?ML7345
            IDATA   00DDH     0001H     UNIT         ?ID?RF_SYNCWORD_DONE?ML7345_HAL
            IDATA   00DEH     0001H     UNIT         ?STACK

            * * * * * * *  X D A T A   M E M O R Y  * * * * * * *
            XDATA   0000H     03B5H     UNIT         ?XD?RAM
            XDATA   03B5H     0209H     UNIT         ?XD?IAP_FLASH
            XDATA   05BEH     0085H     UNIT         ?XD?ML7345
            XDATA   0643H     007BH     UNIT         ?XD?UART
            XDATA   06BEH     001AH     UNIT         ?XD?ID_DECODE
            XDATA   06D8H     000EH     UNIT         ?XD?ML7345_HAL
            XDATA   06E6H     0003H     UNIT         ?XD?SPI

            * * * * * * *   C O D E   M E M O R Y   * * * * * * *
            CODE    0000H     0003H     ABSOLUTE     
            CODE    0003H     0003H     ABSOLUTE     
            CODE    0006H     0005H     UNIT         ?PR?BEEP_OFF?TIMER
            CODE    000BH     0003H     ABSOLUTE     
            CODE    000EH     0004H     UNIT         ?PR?CLEARWDT?SYS
                    0012H     0001H                  *** GAP ***
            CODE    0013H     0003H     ABSOLUTE     
            CODE    0016H     000CH     UNIT         ?PR?INIT_INT1?GPIO
                    0022H     0001H                  *** GAP ***
            CODE    0023H     0003H     ABSOLUTE     
            CODE    0026H     0B28H     UNIT         ?PR?PC_PRG?UART
            CODE    0B4EH     0AD3H     UNIT         ?PR?ID_DECODE_OUT?ID_DECODE
            CODE    1621H     07AAH     UNIT         ?PR?APP_TX_PACKET?ML7345
            CODE    1DCBH     07A5H     UNIT         ?PR?ID_LEARN?IAP_FLASH
            CODE    2570H     078FH     UNIT         ?C?LIB_CODE
            CODE    2CFFH     05E8H     UNIT         ?C_INITSEG
            CODE    32E7H     05BEH     UNIT         ?PR?ID_DECODE_IDCHECK?ID_DECODE
            CODE    38A5H     0564H     UNIT         ?PR?EEPROM_SYS_LOAD?IAP_FLASH
            CODE    3E09H     04CDH     UNIT         ?PR?_TX_DATALOAD_HIGHSPEED?ML7345
            CODE    42D6H     03CFH     UNIT         ?PR?_RF_ML7345_INIT?ML7345
            CODE    46A5H     038FH     UNIT         ?PR?_SIGNAL_DATA_DECODE?ID_DECODE
            CODE    4A34H     032BH     UNIT         ?PR?OPRATIONFRAME?UART
            CODE    4D5FH     0315H     UNIT         ?PR?ML7345D_RF_TEST_MODE?ML7345
            CODE    5074H     0282H     UNIT         ?PR?_ML7345_FREQUENCY_CALCUL?ML7345_HAL
            CODE    52F6H     0274H     UNIT         ?PR?ID_EEPROM_WRITE?IAP_FLASH
            CODE    556AH     026EH     UNIT         ?PR?_DELETE_GENERALID_EEPROM?IAP_FLASH
            CODE    57D8H     022CH     UNIT         ?PR?_IAP_WRITEBUF_WITH_PROTECT_VERIFY?IAP_FLASH
            CODE    5A04H     01F2H     UNIT         ?PR?EEPROM_IDCHECK?ID_DECODE
            CODE    5BF6H     01C6H     UNIT         ?PR?ML7345_TRX_DEL?ML7345
            CODE    5DBCH     0196H     UNIT         ?PR?_ML7345_FREQUENCY_SET?ML7345_HAL
            CODE    5F52H     014AH     UNIT         ?PR?INT_T0?TIMER
            CODE    609CH     0129H     UNIT         ?PR?RX_ANALYSIS?ML7345
            CODE    61C5H     0127H     UNIT         ?PR?ML7345D_CHANGE_CHANNEL?ML7345
            CODE    62ECH     0127H     UNIT         ?PR?ML7345D_FREQ_SCANNING?ML7345
            CODE    6413H     010DH     UNIT         ?PR?SCAN_RECEIVE_PACKET?ML7345
            CODE    6520H     0102H     UNIT         ?PR?MAIN?MAIN
            CODE    6622H     00FEH     UNIT         ?PR?INT_UART0?UART
            CODE    6720H     00FCH     UNIT         ?PR?_RECEIVEFRAME?UART
            CODE    681CH     00EFH     UNIT         ?PR?_ML7345_SETANDGET_STATE?ML7345_HAL
BL51 BANKED LINKER/LOCATER V6.22.2.0                                                  04/20/2022  17:16:51  PAGE 4


            CODE    690BH     00D7H     UNIT         ?PR?_BEEP_MODULE?ID_DECODE
            CODE    69E2H     00C6H     UNIT         ?PR?ID_LOGIN_EXIT_INITIAL?IAP_FLASH
            CODE    6AA8H     00C5H     UNIT         ?PR?ML7345_DATARATE_SET_4_8K?ML7345_HAL
            CODE    6B6DH     00B7H     UNIT         ?PR?ML7345_DATARATE_SET_1_2K?ML7345_HAL
            CODE    6C24H     0097H     UNIT         ?PR?IAP_ERASE_ALL_ID?IAP_FLASH
            CODE    6CBBH     008CH     UNIT         ?C_C51STARTUP
            CODE    6D47H     0081H     UNIT         ?PR?_ML7345_WRITE_FIFO?SPI
            CODE    6DC8H     007FH     UNIT         ?PR?DATARECEIVE?ML7345
            CODE    6E47H     0077H     UNIT         ?PR?UART_RF_BER_TEST?ML7345
            CODE    6EBEH     0074H     UNIT         ?PR?_ID_SCX1801_EEPROM_WRITE?IAP_FLASH
            CODE    6F32H     006AH     UNIT         ?PR?_ML7345_READ_FIFO?SPI
            CODE    6F9CH     0066H     UNIT         ?PR?INIT_PORT?GPIO
            CODE    7002H     0064H     UNIT         ?PR?_RETURN_ID_DATA?ID_DECODE
            CODE    7066H     005CH     UNIT         ?PR?TRANMISSIONACK?UART
            CODE    70C2H     0055H     UNIT         ?PR?TEST_BEEP?ID_DECODE
            CODE    7117H     0051H     UNIT         ?PR?RF_BER_TEST?ML7345
            CODE    7168H     004FH     UNIT         ?PR?_TX_DATA_TEST?ML7345
            CODE    71B7H     004EH     UNIT         ?PR?INT_INT0?GPIO
            CODE    7205H     004EH     UNIT         ?PR?INT_INT1?GPIO
            CODE    7253H     004AH     UNIT         ?PR?RECEIVER_BEEP?ID_DECODE
            CODE    729DH     0046H     UNIT         ?PR?INIT_CLOCK?SYS
            CODE    72E3H     0045H     UNIT         ?PR?INIT_PCA_PWM?TIMER
            CODE    7328H     0044H     UNIT         ?C?LDIV
            CODE    736CH     0042H     UNIT         ?PR?_ML7345_READ_REG?SPI
            CODE    73AEH     0041H     UNIT         ?PR?WAITSTATUS_COMPLETE?ML7345_HAL
            CODE    73EFH     0040H     UNIT         ?PR?ALL_ID_EEPROM_ERASE?IAP_FLASH
            CODE    742FH     0040H     UNIT         ?PR?ML7345_MEASURBER_INIT?ML7345
            CODE    746FH     0040H     UNIT         ?PR?_ML7345_AUTOTX_DATA?ML7345_HAL
            CODE    74AFH     003DH     UNIT         ?PR?_SEND_DATA?UART
            CODE    74ECH     0039H     UNIT         ?PR?_ML7345_WRITE_REG?SPI
            CODE    7525H     0039H     UNIT         ?PR?_ML7345_STATEFLAG_CLEAR?ML7345_HAL
            CODE    755EH     0038H     UNIT         ?PR?_IAP_WRITE_BYTE?IAP_FLASH
            CODE    7596H     0032H     UNIT         ?PR?INIT_UART0_T1?UART
            CODE    75C8H     0032H     UNIT         ?PR?INIT_UART0_T1_ODD?UART
            CODE    75FAH     0032H     UNIT         ?PR?SETREG_RSSI?ML7345_HAL
            CODE    762CH     0030H     UNIT         ?PR?_HEX_ASC?UART
            CODE    765CH     0030H     UNIT         ?PR?_ML7345_READRX_PACK?ML7345_HAL
            CODE    768CH     002FH     UNIT         ?PR?_ML7345_AUTOSTATETRANSITION_SET?ML7345_HAL
            CODE    76BBH     002DH     UNIT         ?PR?_ASC_HEX?UART
            CODE    76E8H     002BH     UNIT         ?PR?_IAP_WRITEPPAGE?IAP_FLASH
            CODE    7713H     0028H     UNIT         ?PR?BEEP_AND_LED?ID_DECODE
            CODE    773BH     0026H     UNIT         ?PR?_IAP_ERASEPAGE?IAP_FLASH
            CODE    7761H     0022H     UNIT         ?PR?INIT_SPI?SPI
            CODE    7783H     0020H     UNIT         ?PR?_DELAY_MS?TIMER
            CODE    77A3H     001FH     UNIT         ?PR?INIT_TIMER0?TIMER
            CODE    77C2H     001EH     UNIT         ?PR?_ASC_HEX_2?UART
            CODE    77E0H     001DH     UNIT         ?PR?ML7345_ALLSTATEFLAG_CLEAR?ML7345_HAL
            CODE    77FDH     001CH     UNIT         ?PR?_UART0SENDBYTE?UART
            CODE    7819H     001BH     UNIT         ?PR?_SPI1_SENDRECV_DATA?SPI
            CODE    7834H     0019H     UNIT         ?PR?RF_SYNCWORD_DONE?ML7345_HAL
            CODE    784DH     0017H     UNIT         ?PR?_DELAYXUS?TIMER
            CODE    7864H     0016H     UNIT         ?PR?ML7345_GPIO0TXDONEINT_ENABLE?ML7345_HAL
            CODE    787AH     0016H     UNIT         ?PR?ML7345_GPIO0RXDONEINT_ENABLE?ML7345_HAL
            CODE    7890H     0014H     UNIT         ?PR?INIT_WDT?SYS
            CODE    78A4H     0014H     UNIT         ?PR?_SPI_DELAY?SPI
            CODE    78B8H     000FH     UNIT         ?CO?IAP_FLASH
            CODE    78C7H     000EH     UNIT         ?CO?UART
BL51 BANKED LINKER/LOCATER V6.22.2.0                                                  04/20/2022  17:16:51  PAGE 5


            CODE    78D5H     000BH     UNIT         ?PR?INIT_IAP_FLASH?IAP_FLASH
            CODE    78E0H     000AH     UNIT         ?PR?INIT_INTERRUPT?GPIO
            CODE    78EAH     000AH     UNIT         ?PR?ML7345_RESETN_SET?ML7345_HAL
            CODE    78F4H     0004H     UNIT         ?PR?INIT_BEEP?TIMER
            CODE    78F8H     0003H     UNIT         ?PR?BEEP_ON?TIMER



OVERLAY MAP OF MODULE:   .\Objects\CRX1831DCM_MA82G5B32_Pro (MAIN)


SEGMENT
  +--> CALLED SEGMENT
---------------------
?PR?INT_INT0?GPIO
  +--> ?PR?ML7345_TRX_DEL?ML7345
  +--> ?PR?DATARECEIVE?ML7345

?PR?ML7345_TRX_DEL?ML7345
  +--> ?PR?RF_SYNCWORD_DONE?ML7345_HAL
  +--> ?PR?_ML7345_SETANDGET_STATE?ML7345_HAL
  +--> ?PR?_RF_ML7345_INIT?ML7345
  +--> ?PR?ML7345_GPIO0RXDONEINT_ENABLE?ML73...
  +--> ?PR?_ML7345_WRITE_REG?SPI
  +--> ?PR?_ML7345_READ_REG?SPI
  +--> ?PR?_ML7345_STATEFLAG_CLEAR?ML7345_HAL

?PR?RF_SYNCWORD_DONE?ML7345_HAL
  +--> ?PR?_ML7345_WRITE_REG?SPI
  +--> ?PR?_ML7345_READ_REG?SPI

?PR?_ML7345_WRITE_REG?SPI
  +--> ?PR?_SPI_DELAY?SPI
  +--> ?PR?_SPI1_SENDRECV_DATA?SPI

?PR?_ML7345_READ_REG?SPI
  +--> ?PR?_SPI_DELAY?SPI
  +--> ?PR?_SPI1_SENDRECV_DATA?SPI

?PR?_ML7345_SETANDGET_STATE?ML7345_HAL
  +--> ?PR?_ML7345_WRITE_REG?SPI
  +--> ?PR?_ML7345_READ_REG?SPI
  +--> ?PR?WAITSTATUS_COMPLETE?ML7345_HAL
  +--> ?PR?_ML7345_FREQUENCY_CALCUL?ML7345_HAL
  +--> ?PR?CLEARWDT?SYS
  +--> ?PR?_RF_ML7345_INIT?ML7345

?PR?WAITSTATUS_COMPLETE?ML7345_HAL
  +--> ?PR?_ML7345_WRITE_REG?SPI
  +--> ?PR?_ML7345_READ_REG?SPI
  +--> ?PR?CLEARWDT?SYS

?PR?_RF_ML7345_INIT?ML7345
  +--> ?PR?ML7345_RESETN_SET?ML7345_HAL
  +--> ?PR?_ML7345_READ_REG?SPI
  +--> ?PR?_ML7345_WRITE_REG?SPI
  +--> ?PR?SETREG_RSSI?ML7345_HAL
BL51 BANKED LINKER/LOCATER V6.22.2.0                                                  04/20/2022  17:16:51  PAGE 6


  +--> ?PR?ML7345_DATARATE_SET_4_8K?ML7345_HAL
  +--> ?PR?ML7345_DATARATE_SET_1_2K?ML7345_HAL
  +--> ?PR?ML7345_ALLSTATEFLAG_CLEAR?ML7345_HAL

?PR?ML7345_RESETN_SET?ML7345_HAL
  +--> ?PR?_DELAY_MS?TIMER

?PR?_DELAY_MS?TIMER
  +--> ?PR?_DELAYXUS?TIMER

?PR?SETREG_RSSI?ML7345_HAL
  +--> ?PR?_ML7345_WRITE_REG?SPI

?PR?ML7345_DATARATE_SET_4_8K?ML7345_HAL
  +--> ?PR?_ML7345_WRITE_REG?SPI

?PR?ML7345_DATARATE_SET_1_2K?ML7345_HAL
  +--> ?PR?_ML7345_WRITE_REG?SPI

?PR?ML7345_ALLSTATEFLAG_CLEAR?ML7345_HAL
  +--> ?PR?_ML7345_WRITE_REG?SPI

?PR?ML7345_GPIO0RXDONEINT_ENABLE?ML73...
  +--> ?PR?_ML7345_WRITE_REG?SPI

?PR?_ML7345_STATEFLAG_CLEAR?ML7345_HAL
  +--> ?PR?_ML7345_WRITE_REG?SPI

*** NEW ROOT ***************************************************

?PR?INT_INT1?GPIO
  +--> ?PR?ML7345_TRX_DEL?ML7345
  +--> ?PR?DATARECEIVE?ML7345

*** NEW ROOT ***************************************************

?PR?INT_UART0?UART
  +--> ?PR?_RECEIVEFRAME?UART

?PR?_RECEIVEFRAME?UART
  +--> ?PR?OPRATIONFRAME?UART

*** NEW ROOT ***************************************************

?C_C51STARTUP
  +--> ?PR?MAIN?MAIN
  +--> ?C_INITSEG

?PR?MAIN?MAIN
  +--> ?PR?INIT_WDT?SYS
  +--> ?PR?INIT_CLOCK?SYS
  +--> ?PR?CLEARWDT?SYS
  +--> ?PR?INIT_IAP_FLASH?IAP_FLASH
  +--> ?PR?EEPROM_SYS_LOAD?IAP_FLASH
  +--> ?PR?INIT_PORT?GPIO
  +--> ?PR?INIT_TIMER0?TIMER
  +--> ?PR?INIT_UART0_T1_ODD?UART
BL51 BANKED LINKER/LOCATER V6.22.2.0                                                  04/20/2022  17:16:51  PAGE 7


  +--> ?PR?INIT_BEEP?TIMER
  +--> ?PR?INIT_SPI?SPI
  +--> ?PR?_RF_ML7345_INIT?ML7345
  +--> ?PR?INIT_INTERRUPT?GPIO
  +--> ?PR?ML7345D_RF_TEST_MODE?ML7345
  +--> ?PR?_ML7345_SETANDGET_STATE?ML7345_HAL
  +--> ?PR?TEST_BEEP?ID_DECODE
  +--> ?PR?ID_DECODE_OUT?ID_DECODE
  +--> ?PR?ID_LEARN?IAP_FLASH
  +--> ?PR?APP_TX_PACKET?ML7345
  +--> ?PR?ML7345D_FREQ_SCANNING?ML7345
  +--> ?PR?SCAN_RECEIVE_PACKET?ML7345
  +--> ?PR?TRANMISSIONACK?UART

?PR?INIT_CLOCK?SYS
  +--> ?PR?_DELAYXUS?TIMER

?PR?INIT_IAP_FLASH?IAP_FLASH
  +--> ?PR?_IAP_WRITEPPAGE?IAP_FLASH

?PR?EEPROM_SYS_LOAD?IAP_FLASH
  +--> ?CO?IAP_FLASH
  +--> ?PR?CLEARWDT?SYS
  +--> ?PR?_ML7345_FREQUENCY_CALCUL?ML7345_HAL

?PR?INIT_BEEP?TIMER
  +--> ?PR?INIT_PCA_PWM?TIMER

?PR?INIT_INTERRUPT?GPIO
  +--> ?PR?INIT_INT1?GPIO

?PR?ML7345D_RF_TEST_MODE?ML7345
  +--> ?PR?INIT_UART0_T1?UART
  +--> ?PR?_BEEP_MODULE?ID_DECODE
  +--> ?PR?CLEARWDT?SYS
  +--> ?PR?_ML7345_SETANDGET_STATE?ML7345_HAL
  +--> ?PR?_ML7345_FREQUENCY_SET?ML7345_HAL
  +--> ?PR?_TX_DATA_TEST?ML7345
  +--> ?PR?ML7345_MEASURBER_INIT?ML7345
  +--> ?PR?RF_BER_TEST?ML7345
  +--> ?PR?PC_PRG?UART
  +--> ?PR?_RF_ML7345_INIT?ML7345
  +--> ?PR?ML7345_GPIO0RXDONEINT_ENABLE?ML73...
  +--> ?PR?ML7345_GPIO0TXDONEINT_ENABLE?ML73...

?PR?_BEEP_MODULE?ID_DECODE
  +--> ?PR?BEEP_ON?TIMER
  +--> ?PR?_DELAYXUS?TIMER
  +--> ?PR?CLEARWDT?SYS
  +--> ?PR?BEEP_OFF?TIMER

?PR?_ML7345_FREQUENCY_SET?ML7345_HAL
  +--> ?PR?_ML7345_SETANDGET_STATE?ML7345_HAL
  +--> ?PR?_ML7345_WRITE_REG?SPI
  +--> ?PR?ML7345_DATARATE_SET_1_2K?ML7345_HAL
  +--> ?PR?ML7345_DATARATE_SET_4_8K?ML7345_HAL
  +--> ?PR?_ML7345_READ_REG?SPI
BL51 BANKED LINKER/LOCATER V6.22.2.0                                                  04/20/2022  17:16:51  PAGE 8



?PR?_TX_DATA_TEST?ML7345
  +--> ?PR?_ML7345_WRITE_REG?SPI
  +--> ?PR?_ML7345_SETANDGET_STATE?ML7345_HAL

?PR?ML7345_MEASURBER_INIT?ML7345
  +--> ?PR?_ML7345_WRITE_REG?SPI

?PR?PC_PRG?UART
  +--> ?CO?UART
  +--> ?PR?_ML7345_SETANDGET_STATE?ML7345_HAL
  +--> ?PR?_SEND_DATA?UART
  +--> ?PR?_ML7345_FREQUENCY_SET?ML7345_HAL
  +--> ?PR?_TX_DATA_TEST?ML7345
  +--> ?PR?ALL_ID_EEPROM_ERASE?IAP_FLASH
  +--> ?PR?_ID_SCX1801_EEPROM_WRITE?IAP_FLASH
  +--> ?PR?_HEX_ASC?UART
  +--> ?PR?_ASC_HEX_2?UART
  +--> ?PR?_IAP_WRITEBUF_WITH_PROTECT_VERIFY...
  +--> ?PR?_ML7345_FREQUENCY_CALCUL?ML7345_HAL
  +--> ?PR?ML7345_MEASURBER_INIT?ML7345
  +--> ?PR?UART_RF_BER_TEST?ML7345

?PR?_SEND_DATA?UART
  +--> ?PR?_UART0SENDBYTE?UART

?PR?ALL_ID_EEPROM_ERASE?IAP_FLASH
  +--> ?PR?CLEARWDT?SYS
  +--> ?PR?IAP_ERASE_ALL_ID?IAP_FLASH

?PR?IAP_ERASE_ALL_ID?IAP_FLASH
  +--> ?CO?IAP_FLASH
  +--> ?PR?_IAP_ERASEPAGE?IAP_FLASH
  +--> ?PR?CLEARWDT?SYS
  +--> ?PR?_IAP_WRITE_BYTE?IAP_FLASH

?PR?_ID_SCX1801_EEPROM_WRITE?IAP_FLASH
  +--> ?CO?IAP_FLASH
  +--> ?PR?_IAP_WRITEBUF_WITH_PROTECT_VERIFY...

?PR?_IAP_WRITEBUF_WITH_PROTECT_VERIFY...
  +--> ?PR?CLEARWDT?SYS

?PR?_ASC_HEX_2?UART
  +--> ?PR?_ASC_HEX?UART

?PR?ML7345_GPIO0TXDONEINT_ENABLE?ML73...
  +--> ?PR?_ML7345_WRITE_REG?SPI

?PR?TEST_BEEP?ID_DECODE
  +--> ?PR?_BEEP_MODULE?ID_DECODE
  +--> ?PR?BEEP_ON?TIMER

?PR?ID_DECODE_OUT?ID_DECODE
  +--> ?PR?_SEND_DATA?UART
  +--> ?PR?RECEIVER_BEEP?ID_DECODE

BL51 BANKED LINKER/LOCATER V6.22.2.0                                                  04/20/2022  17:16:51  PAGE 9


?PR?RECEIVER_BEEP?ID_DECODE
  +--> ?PR?_BEEP_MODULE?ID_DECODE

?PR?ID_LEARN?IAP_FLASH
  +--> ?PR?_BEEP_MODULE?ID_DECODE
  +--> ?PR?ID_LOGIN_EXIT_INITIAL?IAP_FLASH
  +--> ?PR?BEEP_OFF?TIMER
  +--> ?PR?BEEP_ON?TIMER
  +--> ?PR?BEEP_AND_LED?ID_DECODE
  +--> ?PR?_ID_SCX1801_EEPROM_WRITE?IAP_FLASH
  +--> ?PR?_DELETE_GENERALID_EEPROM?IAP_FLASH
  +--> ?PR?ID_EEPROM_WRITE?IAP_FLASH
  +--> ?PR?ALL_ID_EEPROM_ERASE?IAP_FLASH

?PR?ID_LOGIN_EXIT_INITIAL?IAP_FLASH
  +--> ?PR?_BEEP_MODULE?ID_DECODE
  +--> ?PR?BEEP_OFF?TIMER

?PR?BEEP_AND_LED?ID_DECODE
  +--> ?PR?_BEEP_MODULE?ID_DECODE
  +--> ?PR?BEEP_OFF?TIMER

?PR?_DELETE_GENERALID_EEPROM?IAP_FLASH
  +--> ?CO?IAP_FLASH
  +--> ?PR?_RETURN_ID_DATA?ID_DECODE
  +--> ?PR?CLEARWDT?SYS
  +--> ?PR?ALL_ID_EEPROM_ERASE?IAP_FLASH
  +--> ?PR?_IAP_WRITEBUF_WITH_PROTECT_VERIFY...

?PR?ID_EEPROM_WRITE?IAP_FLASH
  +--> ?CO?IAP_FLASH
  +--> ?PR?_IAP_WRITEBUF_WITH_PROTECT_VERIFY...
  +--> ?PR?CLEARWDT?SYS
  +--> ?PR?ID_LOGIN_EXIT_INITIAL?IAP_FLASH

?PR?APP_TX_PACKET?ML7345
  +--> ?PR?_TX_DATALOAD_HIGHSPEED?ML7345
  +--> ?PR?_ML7345_SETANDGET_STATE?ML7345_HAL
  +--> ?PR?_ML7345_WRITE_REG?SPI
  +--> ?PR?ML7345_GPIO0TXDONEINT_ENABLE?ML73...
  +--> ?PR?_ML7345_AUTOTX_DATA?ML7345_HAL
  +--> ?PR?_RF_ML7345_INIT?ML7345

?PR?_TX_DATALOAD_HIGHSPEED?ML7345
  +--> ?PR?CLEARWDT?SYS

?PR?_ML7345_AUTOTX_DATA?ML7345_HAL
  +--> ?PR?_ML7345_WRITE_REG?SPI
  +--> ?PR?_ML7345_AUTOSTATETRANSITION_SET?M...
  +--> ?PR?_ML7345_WRITE_FIFO?SPI

?PR?_ML7345_AUTOSTATETRANSITION_SET?M...
  +--> ?PR?_ML7345_WRITE_REG?SPI

?PR?_ML7345_WRITE_FIFO?SPI
  +--> ?PR?_SPI_DELAY?SPI
  +--> ?PR?_SPI1_SENDRECV_DATA?SPI
BL51 BANKED LINKER/LOCATER V6.22.2.0                                                  04/20/2022  17:16:51  PAGE 10



?PR?ML7345D_FREQ_SCANNING?ML7345
  +--> ?PR?ML7345D_CHANGE_CHANNEL?ML7345
  +--> ?PR?_RF_ML7345_INIT?ML7345
  +--> ?PR?ML7345_GPIO0RXDONEINT_ENABLE?ML73...
  +--> ?PR?_ML7345_SETANDGET_STATE?ML7345_HAL

?PR?ML7345D_CHANGE_CHANNEL?ML7345
  +--> ?PR?_ML7345_FREQUENCY_SET?ML7345_HAL

?PR?SCAN_RECEIVE_PACKET?ML7345
  +--> ?PR?_ML7345_READRX_PACK?ML7345_HAL
  +--> ?PR?_ML7345_STATEFLAG_CLEAR?ML7345_HAL
  +--> ?PR?RX_ANALYSIS?ML7345
  +--> ?PR?_ML7345_SETANDGET_STATE?ML7345_HAL
  +--> ?PR?_ML7345_READ_REG?SPI
  +--> ?PR?_ML7345_WRITE_REG?SPI

?PR?_ML7345_READRX_PACK?ML7345_HAL
  +--> ?PR?_ML7345_WRITE_REG?SPI
  +--> ?PR?_ML7345_READ_FIFO?SPI

?PR?_ML7345_READ_FIFO?SPI
  +--> ?PR?_SPI_DELAY?SPI
  +--> ?PR?_SPI1_SENDRECV_DATA?SPI

?PR?RX_ANALYSIS?ML7345
  +--> ?PR?ID_DECODE_IDCHECK?ID_DECODE

?PR?ID_DECODE_IDCHECK?ID_DECODE
  +--> ?PR?_SIGNAL_DATA_DECODE?ID_DECODE
  +--> ?PR?EEPROM_IDCHECK?ID_DECODE
  +--> ?PR?BEEP_AND_LED?ID_DECODE
  +--> ?PR?ID_EEPROM_WRITE?IAP_FLASH
  +--> ?PR?_ID_SCX1801_EEPROM_WRITE?IAP_FLASH
  +--> ?PR?_RETURN_ID_DATA?ID_DECODE
  +--> ?PR?_DELETE_GENERALID_EEPROM?IAP_FLASH

?PR?EEPROM_IDCHECK?ID_DECODE
  +--> ?PR?_RETURN_ID_DATA?ID_DECODE

?PR?TRANMISSIONACK?UART
  +--> ?PR?_SEND_DATA?UART



SYMBOL TABLE OF MODULE:  .\Objects\CRX1831DCM_MA82G5B32_Pro (MAIN)

  VALUE           TYPE          NAME
  ----------------------------------

  -------         MODULE        MAIN
  C:0000H         SYMBOL        _ICE_DUMMY_
  D:0090H         PUBLIC        P1
  D:00A0H         PUBLIC        P2
  D:00C0H         PUBLIC        XICON
  D:00B0H         PUBLIC        P3
BL51 BANKED LINKER/LOCATER V6.22.2.0                                                  04/20/2022  17:16:51  PAGE 11


  D:00E8H         PUBLIC        P4
  D:00F8H         PUBLIC        P5
  D:00F8H         PUBLIC        P6
  B:00A8H.7       PUBLIC        EA
  D:00A8H         PUBLIC        IE
  D:00B8H         PUBLIC        IP0L
  D:00D8H         PUBLIC        CCON
  C:6520H         PUBLIC        main
  B:00A0H.2       PUBLIC        P22
  B:00A0H.3       PUBLIC        P23
  D:0088H         PUBLIC        TCON
  B:00B0H.5       PUBLIC        P35
  D:0098H         PUBLIC        S0CON
  D:0098H         PUBLIC        S1CON
  D:00C8H         PUBLIC        T2CON
  D:00D0H         PUBLIC        PSW
  -------         PROC          MAIN
  C:6520H         LINE#         22
  C:6520H         LINE#         23
  C:6520H         LINE#         24
  C:6523H         LINE#         25
  C:6526H         LINE#         26
  C:6529H         LINE#         27
  C:652CH         LINE#         28
  C:652FH         LINE#         29
  C:6532H         LINE#         30
  C:6535H         LINE#         31
  C:6538H         LINE#         32
  C:653BH         LINE#         33
  C:653EH         LINE#         34
  C:6541H         LINE#         35
  C:654BH         LINE#         36
  C:6559H         LINE#         37
  C:6563H         LINE#         38
  C:6566H         LINE#         39
  C:6569H         LINE#         40
  C:656BH         LINE#         41
  C:656EH         LINE#         42
  C:657CH         LINE#         43
  C:6581H         LINE#         44
  C:6585H         LINE#         46
  C:6585H         LINE#         47
  C:6585H         LINE#         48
  C:6588H         LINE#         49
  C:6596H         LINE#         51
  C:65A2H         LINE#         52
  C:65A5H         LINE#         53
  C:65A8H         LINE#         54
  C:65C7H         LINE#         55
  C:65DEH         LINE#         56
  C:65DEH         LINE#         57
  C:65E1H         LINE#         58
  C:65E4H         LINE#         59
  C:65E4H         LINE#         60
  C:65E7H         LINE#         61
  C:65FFH         LINE#         62
  C:6603H         LINE#         63
BL51 BANKED LINKER/LOCATER V6.22.2.0                                                  04/20/2022  17:16:51  PAGE 12


  C:661CH         LINE#         64
  C:661EH         LINE#         65
  -------         ENDPROC       MAIN
  -------         ENDMOD        MAIN

  -------         MODULE        SYS
  C:0000H         SYMBOL        _ICE_DUMMY_
  D:0090H         PUBLIC        P1
  D:00A0H         PUBLIC        P2
  D:00E7H         PUBLIC        ISPCR
  D:00C0H         PUBLIC        XICON
  D:00B0H         PUBLIC        P3
  D:00E8H         PUBLIC        P4
  D:00F8H         PUBLIC        P5
  D:00F8H         PUBLIC        P6
  D:00E1H         PUBLIC        WDTCR
  D:00A8H         PUBLIC        IE
  D:00B8H         PUBLIC        IP0L
  D:00C7H         PUBLIC        CKCON0
  D:00D8H         PUBLIC        CCON
  D:00E6H         PUBLIC        SCMD
  D:00E3H         PUBLIC        IFADRH
  D:00E5H         PUBLIC        IFMT
  D:00E4H         PUBLIC        IFADRL
  D:0088H         PUBLIC        TCON
  D:00E2H         PUBLIC        IFD
  C:000EH         PUBLIC        ClearWDT
  D:0097H         PUBLIC        PCON1
  D:0098H         PUBLIC        S0CON
  C:729DH         PUBLIC        Init_Clock
  D:0098H         PUBLIC        S1CON
  C:7890H         PUBLIC        Init_WDT
  D:00C8H         PUBLIC        T2CON
  D:00D0H         PUBLIC        PSW
  -------         PROC          INIT_CLOCK
  C:729DH         LINE#         4
  C:729DH         LINE#         5
  C:729DH         LINE#         7
  C:72A0H         LINE#         8
  C:72A5H         LINE#         9
  C:72C1H         LINE#         10
  C:72C6H         LINE#         11
  C:72E2H         LINE#         21
  -------         ENDPROC       INIT_CLOCK
  -------         PROC          INIT_WDT
  C:7890H         LINE#         24
  C:7890H         LINE#         25
  C:7890H         LINE#         26
  C:7893H         LINE#         27
  C:789DH         LINE#         28
  C:78A0H         LINE#         29
  C:78A3H         LINE#         30
  -------         ENDPROC       INIT_WDT
  -------         PROC          CLEARWDT
  C:000EH         LINE#         32
  C:000EH         LINE#         33
  C:000EH         LINE#         34
BL51 BANKED LINKER/LOCATER V6.22.2.0                                                  04/20/2022  17:16:51  PAGE 13


  C:0011H         LINE#         35
  -------         ENDPROC       CLEARWDT
  -------         ENDMOD        SYS

  -------         MODULE        GPIO
  C:0000H         SYMBOL        _ICE_DUMMY_
  D:0091H         PUBLIC        P1M0
  D:0095H         PUBLIC        P2M0
  D:00B1H         PUBLIC        P3M0
  D:0090H         PUBLIC        P1
  D:00B3H         PUBLIC        P4M0
  D:00B2H         PUBLIC        P3M1
  D:00A0H         PUBLIC        P2
  D:00C0H         PUBLIC        XICON
  D:00B0H         PUBLIC        P3
  D:00E8H         PUBLIC        P4
  D:00F8H         PUBLIC        P5
  D:00F8H         PUBLIC        P6
  D:00A8H         PUBLIC        IE
  C:0016H         PUBLIC        Init_INT1
  D:00B8H         PUBLIC        IP0L
  C:6F9CH         PUBLIC        Init_Port
  D:00D8H         PUBLIC        CCON
  B:0090H.0       PUBLIC        P10
  B:00A0H.0       PUBLIC        P20
  B:0090H.1       PUBLIC        P11
  B:00A0H.1       PUBLIC        P21
  B:0090H.2       PUBLIC        P12
  B:00E8H.0       PUBLIC        P40
  B:0090H.3       PUBLIC        P13
  B:00E8H.1       PUBLIC        P41
  D:0088H         PUBLIC        TCON
  B:00A0H.4       PUBLIC        P24
  D:00B4H         PUBLIC        PUCON0
  B:00B0H.4       PUBLIC        P34
  B:00A0H.5       PUBLIC        P25
  B:0090H.6       PUBLIC        P16
  B:00B0H.5       PUBLIC        P35
  B:00A0H.7       PUBLIC        P27
  B:00A8H.4       PUBLIC        ES0
  B:00A8H.1       PUBLIC        ET0
  C:78E0H         PUBLIC        Init_Interrupt
  B:00A8H.2       PUBLIC        EX1
  B:0088H.2       PUBLIC        IT1
  D:0098H         PUBLIC        S0CON
  D:0098H         PUBLIC        S1CON
  D:00C8H         PUBLIC        T2CON
  C:71B7H         PUBLIC        INT_INT0
  C:7205H         PUBLIC        INT_INT1
  D:00A1H         PUBLIC        AUXR0
  D:00C1H         PUBLIC        XICFG
  D:00D0H         PUBLIC        PSW
  -------         PROC          INIT_PORT
  C:6F9CH         LINE#         10
  C:6F9CH         LINE#         11
  C:6F9CH         LINE#         13
  C:6F9FH         LINE#         14
BL51 BANKED LINKER/LOCATER V6.22.2.0                                                  04/20/2022  17:16:51  PAGE 14


  C:6FA2H         LINE#         15
  C:6FA4H         LINE#         16
  C:6FA7H         LINE#         19
  C:6FAAH         LINE#         20
  C:6FADH         LINE#         21
  C:6FAFH         LINE#         22
  C:6FB2H         LINE#         25
  C:6FB5H         LINE#         26
  C:6FB7H         LINE#         31
  C:6FBAH         LINE#         32
  C:6FBDH         LINE#         33
  C:6FBFH         LINE#         36
  C:6FC2H         LINE#         37
  C:6FC5H         LINE#         38
  C:6FC7H         LINE#         44
  C:6FCDH         LINE#         48
  C:6FD0H         LINE#         49
  C:6FD4H         LINE#         50
  C:6FD7H         LINE#         58
  C:6FE5H         LINE#         59
  C:6FF3H         LINE#         60
  C:6FF5H         LINE#         61
  C:6FF7H         LINE#         62
  C:6FF9H         LINE#         63
  C:6FFBH         LINE#         64
  C:6FFDH         LINE#         65
  C:6FFFH         LINE#         66
  C:7001H         LINE#         67
  -------         ENDPROC       INIT_PORT
  -------         PROC          INIT_INT1
  C:0016H         LINE#         98
  C:0016H         LINE#         99
  C:0016H         LINE#         100
  C:0019H         LINE#         102
  C:001EH         LINE#         103
  C:0021H         LINE#         104
  -------         ENDPROC       INIT_INT1
  -------         PROC          INT_INT0
  C:71B7H         LINE#         116
  C:71D4H         LINE#         118
  C:71E7H         LINE#         119
  C:71EAH         LINE#         120
  -------         ENDPROC       INT_INT0
  -------         PROC          INT_INT1
  C:7205H         LINE#         132
  C:7222H         LINE#         134
  C:7235H         LINE#         135
  C:7238H         LINE#         136
  -------         ENDPROC       INT_INT1
  -------         PROC          INIT_INTERRUPT
  C:78E0H         LINE#         145
  C:78E0H         LINE#         146
  C:78E0H         LINE#         151
  C:78E3H         LINE#         152
  C:78E5H         LINE#         154
  C:78E7H         LINE#         155
  C:78E9H         LINE#         156
BL51 BANKED LINKER/LOCATER V6.22.2.0                                                  04/20/2022  17:16:51  PAGE 15


  -------         ENDPROC       INIT_INTERRUPT
  -------         ENDMOD        GPIO

  -------         MODULE        TIMER
  C:0000H         SYMBOL        _ICE_DUMMY_
  D:00F2H         PUBLIC        PCAPWM6
  D:0090H         PUBLIC        P1
  D:00A0H         PUBLIC        P2
  D:00C0H         PUBLIC        XICON
  D:00B0H         PUBLIC        P3
  D:00E8H         PUBLIC        P4
  D:00F8H         PUBLIC        P5
  D:00F8H         PUBLIC        P6
  D:00ACH         PUBLIC        SFRPI
  D:00F9H         PUBLIC        CH
  D:00BCH         PUBLIC        PWMCR
  D:00A8H         PUBLIC        IE
  D:00E9H         PUBLIC        CL
  B:00D8H.6       PUBLIC        CR
  D:00B8H         PUBLIC        IP0L
  D:00FAH         PUBLIC        CCAP6H
  D:00EAH         PUBLIC        CCAP6L
  C:78F8H         PUBLIC        Beep_On
  D:00DAH         PUBLIC        CCAPM6
  C:72E3H         PUBLIC        Init_PCA_PWM
  D:00D9H         PUBLIC        CMOD
  D:00D8H         PUBLIC        CCON
  D:00CFH         PUBLIC        CHRL
  C:77A3H         PUBLIC        Init_Timer0
  D:00CEH         PUBLIC        CLRL
  B:00A0H.0       PUBLIC        P20
  C:784DH         PUBLIC        _DelayXus
  D:0089H         PUBLIC        TMOD
  D:0088H         PUBLIC        TCON
  D:008CH         PUBLIC        TH0
  C:5F52H         PUBLIC        INT_T0
  D:008AH         PUBLIC        TL0
  C:7783H         PUBLIC        _delay_ms
  B:0088H.4       PUBLIC        TR0
  I:00D2H         PUBLIC        Time_Tx_Out
  D:0098H         PUBLIC        S0CON
  D:0098H         PUBLIC        S1CON
  D:00C8H         PUBLIC        T2CON
  D:00A1H         PUBLIC        AUXR0
  D:00A3H         PUBLIC        AUXR2
  C:78F4H         PUBLIC        Init_Beep
  C:0006H         PUBLIC        Beep_Off
  D:00F2H         PUBLIC        PCAPWM0
  D:00D0H         PUBLIC        PSW
  -------         PROC          INIT_TIMER0
  C:77A3H         LINE#         27
  C:77A3H         LINE#         28
  C:77A3H         LINE#         29
  C:77ADH         LINE#         31
  C:77B6H         LINE#         33
  C:77B9H         LINE#         35
  C:77BCH         LINE#         36
BL51 BANKED LINKER/LOCATER V6.22.2.0                                                  04/20/2022  17:16:51  PAGE 16


  C:77BFH         LINE#         38
  C:77C1H         LINE#         39
  -------         ENDPROC       INIT_TIMER0
  -------         PROC          INT_T0
  C:5F52H         LINE#         49
  C:5F63H         LINE#         51
  C:5F66H         LINE#         52
  C:5F69H         LINE#         54
  C:5F75H         LINE#         55
  C:5F83H         LINE#         56
  C:5F8FH         LINE#         57
  C:5F9DH         LINE#         58
  C:5FA9H         LINE#         59
  C:5FB7H         LINE#         60
  C:5FC2H         LINE#         61
  C:5FCAH         LINE#         62
  C:5FD6H         LINE#         63
  C:5FE4H         LINE#         64
  C:5FEBH         LINE#         65
  C:5FF0H         LINE#         67
  C:5FF0H         LINE#         68
  C:5FF4H         LINE#         69
  C:6002H         LINE#         70
  C:6002H         LINE#         71
  C:600AH         LINE#         72
  C:6010H         LINE#         73
  C:6018H         LINE#         74
  C:601EH         LINE#         75
  C:6026H         LINE#         76
  C:602CH         LINE#         77
  C:6038H         LINE#         78
  C:6046H         LINE#         79
  C:6052H         LINE#         80
  C:6060H         LINE#         82
  C:6073H         LINE#         83
  C:608DH         LINE#         84
  -------         ENDPROC       INT_T0
  -------         PROC          INIT_PCA_PWM
  C:72E3H         LINE#         88
  C:72E3H         LINE#         89
  C:72E3H         LINE#         90
  C:72EDH         LINE#         91
  C:72F6H         LINE#         92
  C:7302H         LINE#         93
  C:7305H         LINE#         96
  C:731BH         LINE#         99
  C:7321H         LINE#         100
  C:7327H         LINE#         101
  -------         ENDPROC       INIT_PCA_PWM
  -------         PROC          INIT_BEEP
  C:78F4H         LINE#         103
  C:78F4H         LINE#         104
  C:78F4H         LINE#         105
  C:78F7H         LINE#         106
  -------         ENDPROC       INIT_BEEP
  -------         PROC          BEEP_ON
  C:78F8H         LINE#         108
BL51 BANKED LINKER/LOCATER V6.22.2.0                                                  04/20/2022  17:16:51  PAGE 17


  C:78F8H         LINE#         109
  C:78F8H         LINE#         110
  C:78FAH         LINE#         111
  -------         ENDPROC       BEEP_ON
  -------         PROC          BEEP_OFF
  C:0006H         LINE#         113
  C:0006H         LINE#         114
  C:0006H         LINE#         115
  C:0008H         LINE#         116
  C:000AH         LINE#         117
  -------         ENDPROC       BEEP_OFF
  -------         PROC          _DELAYXUS
  D:001FH         SYMBOL        xUs
  C:784DH         LINE#         127
  C:784FH         LINE#         128
  C:784FH         LINE#         129
  C:7857H         LINE#         130
  C:7857H         LINE#         131
  C:7858H         LINE#         132
  C:7859H         LINE#         133
  C:785AH         LINE#         134
  C:785BH         LINE#         135
  C:785CH         LINE#         136
  C:785DH         LINE#         137
  C:785EH         LINE#         138
  C:785FH         LINE#         139
  C:7861H         LINE#         140
  C:7863H         LINE#         141
  -------         ENDPROC       _DELAYXUS
  -------         PROC          _DELAY_MS
  D:0062H         SYMBOL        ms
  C:7783H         LINE#         151
  C:7785H         LINE#         152
  C:7785H         LINE#         153
  C:778CH         LINE#         154
  C:778CH         LINE#         155
  C:7791H         LINE#         156
  C:7796H         LINE#         157
  C:779BH         LINE#         158
  C:77A0H         LINE#         159
  C:77A2H         LINE#         160
  -------         ENDPROC       _DELAY_MS
  -------         ENDMOD        TIMER

  -------         MODULE        UART
  C:0000H         SYMBOL        _ICE_DUMMY_
  B:0098H.3       PUBLIC        TB80
  D:0090H         PUBLIC        P1
  D:00A0H         PUBLIC        P2
  B:0098H.6       PUBLIC        SM10
  D:00C0H         PUBLIC        XICON
  D:00B0H         PUBLIC        P3
  D:00E8H         PUBLIC        P4
  D:00F8H         PUBLIC        P5
  X:0659H         PUBLIC        Databits_t
  D:00F8H         PUBLIC        P6
  D:00ACH         PUBLIC        SFRPI
BL51 BANKED LINKER/LOCATER V6.22.2.0                                                  04/20/2022  17:16:51  PAGE 18


  X:065DH         PUBLIC        FLAG_testNo91_step
  D:00A8H         PUBLIC        IE
  X:065EH         PUBLIC        FLAG_testNo91SendUart
  D:00B8H         PUBLIC        IP0L
  B:0098H.4       PUBLIC        REN0
  X:065FH         PUBLIC        UART_DATA_buffer
  X:0688H         PUBLIC        UART_DATA_ID98
  X:06B1H         PUBLIC        U1AckTimer
  D:00D8H         PUBLIC        CCON
  X:06B2H         PUBLIC        UartStatus
  C:7596H         PUBLIC        Init_Uart0_T1
  X:06B3H         PUBLIC        UartCount
  B:00C8H.5       PUBLIC        RCLK
  B:00C8H.4       PUBLIC        TCLK
  B:0090H.0       PUBLIC        P10
  B:0090H.1       PUBLIC        P11
  B:00A0H.1       PUBLIC        P21
  B:0090H.2       PUBLIC        P12
  B:00A0H.2       PUBLIC        P22
  B:00A0H.3       PUBLIC        P23
  D:0089H         PUBLIC        TMOD
  D:0088H         PUBLIC        TCON
  C:6720H         PUBLIC        _ReceiveFrame
  B:00A0H.5       PUBLIC        P25
  B:00B0H.5       PUBLIC        P35
  B:00A0H.7       PUBLIC        P27
  C:6622H         PUBLIC        INT_UART0
  X:06B4H         PUBLIC        UartLen
  C:4A34H         PUBLIC        OprationFrame
  C:78C7H         SYMBOL        _?ix1000
  I:00CFH         PUBLIC        ACKBack
  C:78D1H         SYMBOL        _?ix1001
  X:06B5H         PUBLIC        PROFILE_CH_FREQ_32bit_200002EC_uart
  D:00E0H         PUBLIC        ACC
  B:00A8H.4       PUBLIC        ES0
  B:0098H.0       PUBLIC        RI0
  B:0098H.1       PUBLIC        TI0
  D:008DH         PUBLIC        TH1
  B:00D0H.0       PUBLIC        P
  D:008BH         PUBLIC        TL1
  D:009CH         PUBLIC        S0CFG
  B:0088H.6       PUBLIC        TR1
  X:06B9H         PUBLIC        uart0_rx_len
  X:06BAH         PUBLIC        FLAG_testBEEP
  X:06BBH         PUBLIC        uart0_tx_len
  C:0026H         PUBLIC        PC_PRG
  C:762CH         PUBLIC        _hex_asc
  C:76BBH         PUBLIC        _asc_hex
  D:0099H         PUBLIC        S0BUF
  D:0087H         PUBLIC        PCON0
  C:75C8H         PUBLIC        Init_Uart0_T1_ODD
  D:0098H         PUBLIC        S0CON
  D:0098H         PUBLIC        S1CON
  X:06BCH         PUBLIC        FLAG_testNo91
  D:00C8H         PUBLIC        T2CON
  C:74AFH         PUBLIC        _Send_Data
  B:0098H.7       PUBLIC        SM00_FE
BL51 BANKED LINKER/LOCATER V6.22.2.0                                                  04/20/2022  17:16:51  PAGE 19


  C:7066H         PUBLIC        TranmissionACK
  C:77C2H         PUBLIC        _asc_hex_2
  C:77FDH         PUBLIC        _Uart0SendByte
  B:0020H.1       PUBLIC        rx_done
  D:00A3H         PUBLIC        AUXR2
  X:06BDH         PUBLIC        U1Statues
  D:00D0H         PUBLIC        PSW
  B:0098H.2       PUBLIC        RB80
  -------         PROC          INIT_UART0_T1
  C:7596H         LINE#         52
  C:7596H         LINE#         53
  C:7596H         LINE#         54
  C:759DH         LINE#         55
  C:759FH         LINE#         57
  C:75A6H         LINE#         58
  C:75ACH         LINE#         60
  C:75B6H         LINE#         61
  C:75BCH         LINE#         62
  C:75BFH         LINE#         65
  C:75C2H         LINE#         66
  C:75C5H         LINE#         68
  C:75C7H         LINE#         69
  -------         ENDPROC       INIT_UART0_T1
  -------         PROC          INIT_UART0_T1_ODD
  C:75C8H         LINE#         73
  C:75C8H         LINE#         74
  C:75C8H         LINE#         75
  C:75CFH         LINE#         76
  C:75D1H         LINE#         78
  C:75D8H         LINE#         79
  C:75DEH         LINE#         81
  C:75E8H         LINE#         82
  C:75EEH         LINE#         83
  C:75F1H         LINE#         87
  C:75F4H         LINE#         88
  C:75F7H         LINE#         96
  C:75F9H         LINE#         97
  -------         ENDPROC       INIT_UART0_T1_ODD
  -------         PROC          INT_UART0
  -------         DO            
  I:00DAH         SYMBOL        dat
  -------         ENDDO         
  C:6622H         LINE#         108
  C:663FH         LINE#         110
  C:6643H         LINE#         111
  C:6645H         LINE#         113
  C:6648H         LINE#         114
  C:664BH         LINE#         115
  C:664BH         LINE#         116
  C:664DH         LINE#         117
  C:664DH         LINE#         118
  C:6653H         LINE#         119
  C:6653H         LINE#         120
  C:6655H         LINE#         121
  C:6659H         LINE#         123
  C:6667H         LINE#         124
  C:6667H         LINE#         125
BL51 BANKED LINKER/LOCATER V6.22.2.0                                                  04/20/2022  17:16:51  PAGE 20


  C:666CH         LINE#         126
  C:6678H         LINE#         127
  C:667FH         LINE#         128
  C:6682H         LINE#         130
  C:6682H         LINE#         131
  C:668FH         LINE#         132
  C:66A4H         LINE#         133
  C:66B5H         LINE#         134
  C:66BEH         LINE#         135
  C:66BEH         LINE#         136
  C:66D0H         LINE#         137
  C:66D0H         LINE#         138
  C:66F0H         LINE#         139
  C:66F5H         LINE#         140
  C:6703H         LINE#         142
  C:6703H         LINE#         143
  C:6703H         LINE#         144
  C:6703H         LINE#         145
  C:6705H         LINE#         146
  -------         ENDPROC       INT_UART0
  -------         PROC          _UART0SENDBYTE
  D:0063H         SYMBOL        tByte
  -------         DO            
  B:0020H.0       SYMBOL        bES
  -------         ENDDO         
  C:77FDH         LINE#         154
  C:77FFH         LINE#         155
  C:77FFH         LINE#         157
  C:7803H         LINE#         158
  C:7805H         LINE#         159
  C:7807H         LINE#         160
  C:780CH         LINE#         161
  C:780FH         LINE#         162
  C:7812H         LINE#         163
  C:7814H         LINE#         164
  C:7818H         LINE#         165
  -------         ENDPROC       _UART0SENDBYTE
  -------         PROC          _SEND_DATA
  D:0037H         SYMBOL        buff
  D:003AH         SYMBOL        len
  -------         DO            
  X:0643H         SYMBOL        i
  -------         ENDDO         
  C:74AFH         LINE#         168
  C:74B7H         LINE#         169
  C:74B7H         LINE#         170
  C:74BCH         LINE#         171
  C:74CCH         LINE#         172
  C:74CCH         LINE#         173
  C:74E3H         LINE#         174
  C:74EBH         LINE#         175
  -------         ENDPROC       _SEND_DATA
  -------         PROC          _ASC_HEX
  D:0064H         SYMBOL        asc
  -------         DO            
  X:0644H         SYMBOL        i
  -------         ENDDO         
BL51 BANKED LINKER/LOCATER V6.22.2.0                                                  04/20/2022  17:16:51  PAGE 21


  C:76BBH         LINE#         177
  C:76BDH         LINE#         178
  C:76BDH         LINE#         180
  C:76CCH         LINE#         181
  C:76D8H         LINE#         183
  C:76E2H         LINE#         184
  C:76E7H         LINE#         185
  -------         ENDPROC       _ASC_HEX
  -------         PROC          _HEX_ASC
  D:0065H         SYMBOL        hex
  -------         DO            
  X:0645H         SYMBOL        i
  -------         ENDDO         
  C:762CH         LINE#         187
  C:762EH         LINE#         188
  C:762EH         LINE#         190
  C:7631H         LINE#         191
  C:7640H         LINE#         192
  C:764CH         LINE#         194
  C:7656H         LINE#         195
  C:765BH         LINE#         196
  -------         ENDPROC       _HEX_ASC
  -------         PROC          _ASC_HEX_2
  D:0053H         SYMBOL        asc1
  D:0054H         SYMBOL        asc0
  -------         DO            
  D:0055H         SYMBOL        i
  -------         ENDDO         
  C:77C2H         LINE#         198
  C:77C6H         LINE#         199
  C:77C6H         LINE#         201
  C:77DDH         LINE#         202
  C:77DFH         LINE#         203
  -------         ENDPROC       _ASC_HEX_2
  -------         PROC          _RECEIVEFRAME
  D:0066H         SYMBOL        Cache
  C:6720H         LINE#         206
  C:6722H         LINE#         207
  C:6722H         LINE#         208
  C:6735H         LINE#         209
  C:6735H         LINE#         210
  C:6735H         LINE#         211
  C:6735H         LINE#         212
  C:673FH         LINE#         213
  C:6749H         LINE#         214
  C:674FH         LINE#         215
  C:6769H         LINE#         217
  C:6769H         LINE#         218
  C:676FH         LINE#         219
  C:6775H         LINE#         220
  C:677FH         LINE#         221
  C:6796H         LINE#         222
  C:6796H         LINE#         223
  C:6796H         LINE#         224
  C:6798H         LINE#         225
  C:6798H         LINE#         226
  C:6798H         LINE#         227
BL51 BANKED LINKER/LOCATER V6.22.2.0                                                  04/20/2022  17:16:51  PAGE 22


  C:67AAH         LINE#         228
  C:67B0H         LINE#         229
  C:67C3H         LINE#         230
  C:67C9H         LINE#         231
  C:67C9H         LINE#         232
  C:67CBH         LINE#         233
  C:67CBH         LINE#         234
  C:67D0H         LINE#         235
  C:67D5H         LINE#         236
  C:67D5H         LINE#         237
  C:67D5H         LINE#         238
  C:67E2H         LINE#         239
  C:67E2H         LINE#         241
  C:67E5H         LINE#         242
  C:67EAH         LINE#         243
  C:67EFH         LINE#         245
  C:680FH         LINE#         247
  C:680FH         LINE#         248
  C:6815H         LINE#         249
  C:681BH         LINE#         250
  C:681BH         LINE#         251
  C:681BH         LINE#         252
  -------         ENDPROC       _RECEIVEFRAME
  -------         PROC          OPRATIONFRAME
  -------         DO            
  I:00DBH         SYMBOL        i
  -------         ENDDO         
  C:4A34H         LINE#         254
  C:4A34H         LINE#         255
  C:4A34H         LINE#         256
  C:4A38H         LINE#         257
  C:4A4DH         LINE#         258
  C:4A72H         LINE#         259
  C:4A82H         LINE#         260
  C:4A82H         LINE#         261
  C:4A90H         LINE#         262
  C:4A9CH         LINE#         263
  C:4AAAH         LINE#         267
  C:4AFCH         LINE#         268
  C:4B2EH         LINE#         269
  C:4B3CH         LINE#         270
  C:4B40H         LINE#         271
  C:4B68H         LINE#         272
  C:4B68H         LINE#         273
  C:4B68H         LINE#         274
  C:4B68H         LINE#         275
  C:4B68H         LINE#         276
  C:4B68H         LINE#         277
  C:4B68H         LINE#         278
  C:4B68H         LINE#         279
  C:4B6AH         LINE#         280
  C:4B6AH         LINE#         281
  C:4B6FH         LINE#         283
  C:4B6FH         LINE#         284
  C:4B6FH         LINE#         285
  C:4B92H         LINE#         286
  C:4B92H         LINE#         287
BL51 BANKED LINKER/LOCATER V6.22.2.0                                                  04/20/2022  17:16:51  PAGE 23


  C:4B92H         LINE#         288
  C:4B92H         LINE#         289
  C:4B92H         LINE#         290
  C:4B92H         LINE#         291
  C:4B92H         LINE#         292
  C:4B92H         LINE#         293
  C:4B94H         LINE#         294
  C:4B94H         LINE#         295
  C:4B99H         LINE#         297
  C:4B99H         LINE#         298
  C:4B99H         LINE#         299
  C:4BCAH         LINE#         300
  C:4BCAH         LINE#         301
  C:4BCAH         LINE#         302
  C:4BCAH         LINE#         303
  C:4BCAH         LINE#         304
  C:4BCAH         LINE#         305
  C:4BCAH         LINE#         306
  C:4BCAH         LINE#         307
  C:4BCAH         LINE#         308
  C:4BCAH         LINE#         309
  C:4BCAH         LINE#         310
  C:4BCAH         LINE#         311
  C:4BCAH         LINE#         312
  C:4BCAH         LINE#         313
  C:4BCBH         LINE#         314
  C:4BCBH         LINE#         315
  C:4BD0H         LINE#         317
  C:4BD0H         LINE#         318
  C:4BD0H         LINE#         319
  C:4BD1H         LINE#         320
  C:4BE1H         LINE#         321
  C:4BE1H         LINE#         322
  C:4BE6H         LINE#         323
  C:4BEBH         LINE#         324
  C:4C25H         LINE#         325
  C:4C33H         LINE#         326
  C:4C51H         LINE#         327
  C:4C56H         LINE#         328
  C:4C5BH         LINE#         329
  C:4C61H         LINE#         330
  C:4C62H         LINE#         331
  C:4C6FH         LINE#         332
  C:4C6FH         LINE#         333
  C:4C97H         LINE#         334
  C:4C97H         LINE#         335
  C:4C9BH         LINE#         336
  C:4CA1H         LINE#         337
  C:4CB3H         LINE#         338
  C:4CB9H         LINE#         339
  C:4CBEH         LINE#         340
  C:4CC8H         LINE#         341
  C:4CC9H         LINE#         343
  C:4CC9H         LINE#         344
  C:4CCDH         LINE#         345
  C:4CD3H         LINE#         346
  C:4CDDH         LINE#         347
BL51 BANKED LINKER/LOCATER V6.22.2.0                                                  04/20/2022  17:16:51  PAGE 24


  C:4CE3H         LINE#         348
  C:4CE3H         LINE#         349
  C:4CE4H         LINE#         350
  C:4CF1H         LINE#         351
  C:4CF1H         LINE#         352
  C:4D10H         LINE#         353
  C:4D10H         LINE#         354
  C:4D10H         LINE#         355
  C:4D16H         LINE#         356
  C:4D20H         LINE#         357
  C:4D21H         LINE#         358
  C:4D21H         LINE#         359
  C:4D27H         LINE#         360
  C:4D31H         LINE#         361
  C:4D32H         LINE#         362
  C:4D32H         LINE#         363
  C:4D38H         LINE#         364
  C:4D42H         LINE#         365
  C:4D43H         LINE#         366
  C:4D43H         LINE#         367
  C:4D49H         LINE#         368
  C:4D4AH         LINE#         369
  C:4D4AH         LINE#         370
  C:4D50H         LINE#         371
  C:4D51H         LINE#         372
  C:4D51H         LINE#         373
  C:4D57H         LINE#         374
  C:4D58H         LINE#         375
  C:4D58H         LINE#         376
  C:4D59H         LINE#         377
  C:4D59H         LINE#         379
  C:4D5AH         LINE#         381
  C:4D5AH         LINE#         382
  C:4D5EH         LINE#         384
  C:4D5EH         LINE#         385
  -------         ENDPROC       OPRATIONFRAME
  -------         PROC          TRANMISSIONACK
  C:7066H         LINE#         388
  C:7066H         LINE#         389
  C:7066H         LINE#         390
  C:707EH         LINE#         391
  C:707EH         LINE#         392
  C:7084H         LINE#         393
  C:708FH         LINE#         394
  C:7094H         LINE#         395
  C:7094H         LINE#         397
  C:70ACH         LINE#         398
  C:70ACH         LINE#         399
  C:70B7H         LINE#         400
  C:70BCH         LINE#         401
  C:70C1H         LINE#         402
  C:70C1H         LINE#         403
  -------         ENDPROC       TRANMISSIONACK
  -------         PROC          PC_PRG
  -------         DO            
  X:0646H         SYMBOL        send_dat
  X:0650H         SYMBOL        send_ok
BL51 BANKED LINKER/LOCATER V6.22.2.0                                                  04/20/2022  17:16:51  PAGE 25


  X:0654H         SYMBOL        UART_ID_data
  X:0658H         SYMBOL        re_byte
  -------         ENDDO         
  C:0026H         LINE#         406
  C:0026H         LINE#         407
  C:0026H         LINE#         408
  C:004BH         LINE#         409
  C:0070H         LINE#         411
  C:0075H         LINE#         413
  C:0081H         LINE#         414
  C:0081H         LINE#         415
  C:008FH         LINE#         417
  C:00C4H         LINE#         418
  C:00C4H         LINE#         419
  C:00D0H         LINE#         420
  C:00DCH         LINE#         421
  C:00E8H         LINE#         422
  C:00EAH         LINE#         423
  C:00ECH         LINE#         424
  C:00EEH         LINE#         425
  C:00F0H         LINE#         426
  C:00F2H         LINE#         427
  C:00F4H         LINE#         428
  C:00FCH         LINE#         429
  C:0104H         LINE#         430
  C:0109H         LINE#         431
  C:010EH         LINE#         432
  C:0119H         LINE#         433
  C:0119H         LINE#         434
  C:0133H         LINE#         435
  C:0133H         LINE#         436
  C:0155H         LINE#         437
  C:0155H         LINE#         438
  C:0155H         LINE#         439
  C:0162H         LINE#         440
  C:0162H         LINE#         441
  C:017AH         LINE#         442
  C:0186H         LINE#         443
  C:0192H         LINE#         444
  C:0196H         LINE#         445
  C:019BH         LINE#         446
  C:01A6H         LINE#         447
  C:01ABH         LINE#         448
  C:01B6H         LINE#         449
  C:01B6H         LINE#         450
  C:01B9H         LINE#         451
  C:01B9H         LINE#         452
  C:01D7H         LINE#         453
  C:01D7H         LINE#         454
  C:01E3H         LINE#         455
  C:01EFH         LINE#         456
  C:01FBH         LINE#         457
  C:01FDH         LINE#         458
  C:01FFH         LINE#         459
  C:0201H         LINE#         460
  C:0203H         LINE#         461
  C:0205H         LINE#         462
BL51 BANKED LINKER/LOCATER V6.22.2.0                                                  04/20/2022  17:16:51  PAGE 26


  C:0207H         LINE#         463
  C:020FH         LINE#         464
  C:0217H         LINE#         465
  C:021CH         LINE#         466
  C:0221H         LINE#         467
  C:022CH         LINE#         468
  C:022FH         LINE#         469
  C:0249H         LINE#         470
  C:0249H         LINE#         471
  C:0251H         LINE#         472
  C:0254H         LINE#         473
  C:025EH         LINE#         474
  C:0269H         LINE#         475
  C:0274H         LINE#         476
  C:0274H         LINE#         477
  C:0277H         LINE#         478
  C:0277H         LINE#         479
  C:028BH         LINE#         480
  C:028BH         LINE#         481
  C:02A3H         LINE#         482
  C:02AFH         LINE#         483
  C:02BBH         LINE#         484
  C:02BFH         LINE#         485
  C:02C4H         LINE#         486
  C:02CFH         LINE#         487
  C:02D4H         LINE#         488
  C:02DFH         LINE#         489
  C:02E2H         LINE#         490
  C:0300H         LINE#         491
  C:0300H         LINE#         492
  C:0306H         LINE#         493
  C:030CH         LINE#         494
  C:0312H         LINE#         495
  C:0324H         LINE#         496
  C:0335H         LINE#         497
  C:033BH         LINE#         498
  C:0346H         LINE#         499
  C:0349H         LINE#         500
  C:037AH         LINE#         501
  C:037AH         LINE#         502
  C:0386H         LINE#         503
  C:0398H         LINE#         504
  C:039DH         LINE#         505
  C:03A1H         LINE#         506
  C:03B6H         LINE#         507
  C:03B6H         LINE#         508
  C:03C0H         LINE#         509
  C:03D3H         LINE#         510
  C:03FAH         LINE#         511
  C:0411H         LINE#         512
  C:041CH         LINE#         513
  C:0443H         LINE#         514
  C:045AH         LINE#         515
  C:0465H         LINE#         516
  C:0468H         LINE#         517
  C:0495H         LINE#         518
  C:0495H         LINE#         519
BL51 BANKED LINKER/LOCATER V6.22.2.0                                                  04/20/2022  17:16:51  PAGE 27


  C:049FH         LINE#         520
  C:04B2H         LINE#         521
  C:04B9H         LINE#         522
  C:04E5H         LINE#         523
  C:04FCH         LINE#         524
  C:0507H         LINE#         525
  C:0533H         LINE#         526
  C:054AH         LINE#         527
  C:0555H         LINE#         528
  C:0555H         LINE#         529
  C:055AH         LINE#         530
  C:055AH         LINE#         531
  C:055DH         LINE#         533
  C:055DH         LINE#         534
  C:05A1H         LINE#         535
  C:05A1H         LINE#         536
  C:05A7H         LINE#         537
  C:05ADH         LINE#         538
  C:05B3H         LINE#         539
  C:05B9H         LINE#         540
  C:05BFH         LINE#         541
  C:05D5H         LINE#         542
  C:05E6H         LINE#         543
  C:05ECH         LINE#         544
  C:05F7H         LINE#         545
  C:05FAH         LINE#         546
  C:060EH         LINE#         547
  C:060EH         LINE#         548
  C:0610H         LINE#         549
  C:061CH         LINE#         550
  C:0624H         LINE#         551
  C:062CH         LINE#         552
  C:0631H         LINE#         553
  C:0635H         LINE#         554
  C:063AH         LINE#         555
  C:0644H         LINE#         556
  C:064FH         LINE#         557
  C:0652H         LINE#         558
  C:0657H         LINE#         559
  C:0663H         LINE#         560
  C:066EH         LINE#         561
  C:0671H         LINE#         562
  C:068BH         LINE#         563
  C:068BH         LINE#         564
  C:06B9H         LINE#         565
  C:06C6H         LINE#         566
  C:06CCH         LINE#         567
  C:06D2H         LINE#         568
  C:06D8H         LINE#         569
  C:06EEH         LINE#         570
  C:06FFH         LINE#         571
  C:0705H         LINE#         572
  C:070AH         LINE#         573
  C:0715H         LINE#         574
  C:0718H         LINE#         575
  C:0732H         LINE#         576
  C:0732H         LINE#         577
BL51 BANKED LINKER/LOCATER V6.22.2.0                                                  04/20/2022  17:16:51  PAGE 28


  C:074CH         LINE#         578
  C:074CH         LINE#         579
  C:0751H         LINE#         580
  C:075CH         LINE#         581
  C:0767H         LINE#         582
  C:0772H         LINE#         583
  C:07B6H         LINE#         584
  C:07CAH         LINE#         585
  C:07D0H         LINE#         586
  C:07D6H         LINE#         587
  C:07DCH         LINE#         588
  C:07EEH         LINE#         589
  C:07FFH         LINE#         590
  C:0811H         LINE#         591
  C:0822H         LINE#         592
  C:0834H         LINE#         593
  C:0845H         LINE#         594
  C:084BH         LINE#         595
  C:0856H         LINE#         596
  C:0856H         LINE#         597
  C:0856H         LINE#         598
  C:0859H         LINE#         599
  C:0859H         LINE#         600
  C:0873H         LINE#         601
  C:0873H         LINE#         602
  C:0879H         LINE#         603
  C:087FH         LINE#         604
  C:0885H         LINE#         605
  C:088AH         LINE#         606
  C:089CH         LINE#         607
  C:08B2H         LINE#         608
  C:08C3H         LINE#         609
  C:08C9H         LINE#         610
  C:08D4H         LINE#         611
  C:08D4H         LINE#         612
  C:08D7H         LINE#         613
  C:08D7H         LINE#         614
  C:08F1H         LINE#         615
  C:08F1H         LINE#         616
  C:0913H         LINE#         617
  C:0935H         LINE#         618
  C:0957H         LINE#         619
  C:0979H         LINE#         620
  C:099BH         LINE#         621
  C:09C2H         LINE#         622
  C:09C5H         LINE#         623
  C:09DFH         LINE#         624
  C:09DFH         LINE#         625
  C:0A01H         LINE#         626
  C:0A23H         LINE#         627
  C:0A45H         LINE#         628
  C:0A67H         LINE#         629
  C:0A89H         LINE#         630
  C:0AB0H         LINE#         631
  C:0AB0H         LINE#         632
  C:0AB3H         LINE#         633
  C:0AB3H         LINE#         634
BL51 BANKED LINKER/LOCATER V6.22.2.0                                                  04/20/2022  17:16:51  PAGE 29


  C:0AC7H         LINE#         635
  C:0AC7H         LINE#         636
  C:0ACCH         LINE#         637
  C:0ADEH         LINE#         638
  C:0AF0H         LINE#         639
  C:0B02H         LINE#         640
  C:0B15H         LINE#         642
  C:0B29H         LINE#         643
  C:0B34H         LINE#         644
  C:0B34H         LINE#         645
  C:0B34H         LINE#         646
  C:0B34H         LINE#         647
  C:0B34H         LINE#         648
  C:0B34H         LINE#         649
  C:0B34H         LINE#         650
  C:0B34H         LINE#         651
  C:0B4DH         LINE#         652
  -------         ENDPROC       PC_PRG
  -------         ENDMOD        UART

  -------         MODULE        IAP_FLASH
  C:0000H         SYMBOL        _ICE_DUMMY_
  D:0090H         PUBLIC        P1
  D:00A0H         PUBLIC        P2
  C:1DCBH         PUBLIC        ID_learn
  D:00E7H         PUBLIC        ISPCR
  D:00C0H         PUBLIC        XICON
  D:00B0H         PUBLIC        P3
  D:00E8H         PUBLIC        P4
  D:00F8H         PUBLIC        P5
  D:00F8H         PUBLIC        P6
  B:00A8H.7       PUBLIC        EA
  C:57D8H         PUBLIC        _IAP_WriteBuf_With_Protect_Verify
  D:00A8H         PUBLIC        IE
  D:00B8H         PUBLIC        IP0L
  C:6C24H         PUBLIC        IAP_Erase_All_ID
  C:76E8H         PUBLIC        _IAP_WritePPage
  D:00BFH         PUBLIC        CKCON1
  D:00D8H         PUBLIC        CCON
  D:00E6H         PUBLIC        SCMD
  C:773BH         PUBLIC        _IAP_ErasePage
  D:00E3H         PUBLIC        IFADRH
  D:00E5H         PUBLIC        IFMT
  C:556AH         PUBLIC        _Delete_GeneralID_EEPROM
  B:00A0H.1       PUBLIC        P21
  D:00E4H         PUBLIC        IFADRL
  C:69E2H         PUBLIC        ID_Login_EXIT_Initial
  D:0088H         PUBLIC        TCON
  B:00A0H.5       PUBLIC        P25
  C:755EH         PUBLIC        _IAP_Write_Byte
  C:78B8H         SYMBOL        _?ix1000
  C:78D5H         PUBLIC        Init_IAP_flash
  C:78BBH         SYMBOL        _?ix1001
  C:78BEH         SYMBOL        _?ix1002
  C:78C1H         SYMBOL        _?ix1003
  C:73EFH         PUBLIC        ALL_ID_EEPROM_Erase
  C:78C4H         SYMBOL        _?ix1004
BL51 BANKED LINKER/LOCATER V6.22.2.0                                                  04/20/2022  17:16:51  PAGE 30


  C:52F6H         PUBLIC        ID_EEPROM_write
  C:38A5H         PUBLIC        eeprom_sys_load
  D:00E2H         PUBLIC        IFD
  C:6EBEH         PUBLIC        _ID_SCX1801_EEPROM_write
  D:0098H         PUBLIC        S0CON
  D:0098H         PUBLIC        S1CON
  D:00C8H         PUBLIC        T2CON
  D:00D0H         PUBLIC        PSW
  -------         PROC          INIT_IAP_FLASH
  C:78D5H         LINE#         16
  C:78D5H         LINE#         17
  C:78D5H         LINE#         19
  C:78D8H         LINE#         22
  C:78DFH         LINE#         23
  -------         ENDPROC       INIT_IAP_FLASH
  -------         PROC          _IAP_WRITEPPAGE
  D:005CH         SYMBOL        PsfrAddr
  D:005DH         SYMBOL        PsfrData
  -------         DO            
  B:0020H.2       SYMBOL        bEA
  -------         ENDDO         
  C:76E8H         LINE#         34
  C:76ECH         LINE#         35
  C:76ECH         LINE#         36
  C:76F0H         LINE#         37
  C:76F2H         LINE#         38
  C:76F5H         LINE#         39
  C:76F8H         LINE#         40
  C:76FBH         LINE#         41
  C:76FEH         LINE#         42
  C:7701H         LINE#         44
  C:7704H         LINE#         46
  C:7707H         LINE#         47
  C:7708H         LINE#         48
  C:770BH         LINE#         49
  C:770EH         LINE#         50
  C:7712H         LINE#         51
  -------         ENDPROC       _IAP_WRITEPPAGE
  -------         PROC          _IAP_ERASEPAGE
  D:0067H         SYMBOL        ByteAddr
  -------         DO            
  B:0020H.3       SYMBOL        bEA
  -------         ENDDO         
  C:773BH         LINE#         92
  C:773DH         LINE#         93
  C:773DH         LINE#         94
  C:7741H         LINE#         95
  C:7744H         LINE#         96
  C:7747H         LINE#         97
  C:7749H         LINE#         98
  C:774CH         LINE#         99
  C:774FH         LINE#         101
  C:7752H         LINE#         103
  C:7755H         LINE#         104
  C:7756H         LINE#         105
  C:7759H         LINE#         106
  C:775CH         LINE#         107
BL51 BANKED LINKER/LOCATER V6.22.2.0                                                  04/20/2022  17:16:51  PAGE 31


  C:7760H         LINE#         108
  -------         ENDPROC       _IAP_ERASEPAGE
  -------         PROC          _IAP_WRITEBUF_WITH_PROTECT_VERIFY
  D:0018H         SYMBOL        ByteAddr
  D:001AH         SYMBOL        pBuf
  D:001DH         SYMBOL        Cnt
  -------         DO            
  X:03B5H         SYMBOL        TempBuf
  X:05B5H         SYMBOL        i
  X:05B7H         SYMBOL        ErrCnt
  X:05B8H         SYMBOL        SectorAddr
  B:0020H.4       SYMBOL        bEA
  C:58BEH         SYMBOL        Err_Loop
  C:59FAH         SYMBOL        Err_Return
  -------         ENDDO         
  C:57D8H         LINE#         123
  C:57E2H         LINE#         124
  C:57E2H         LINE#         129
  C:57E6H         LINE#         131
  C:57E8H         LINE#         132
  C:57EDH         LINE#         134
  C:57FCH         LINE#         135
  C:5812H         LINE#         136
  C:5812H         LINE#         137
  C:5819H         LINE#         138
  C:5820H         LINE#         139
  C:5823H         LINE#         140
  C:5826H         LINE#         141
  C:5829H         LINE#         142
  C:582CH         LINE#         143
  C:582FH         LINE#         144
  C:5832H         LINE#         145
  C:5840H         LINE#         146
  C:5855H         LINE#         147
  C:5858H         LINE#         148
  C:5868H         LINE#         150
  C:5877H         LINE#         151
  C:587DH         LINE#         152
  C:587DH         LINE#         153
  C:589BH         LINE#         154
  C:58A6H         LINE#         155
  C:58B4H         LINE#         156
  C:58BCH         LINE#         157
  C:58BEH         LINE#         158
  C:58BEH         LINE#         160
  C:58CDH         LINE#         161
  C:58D4H         LINE#         162
  C:58D7H         LINE#         163
  C:58DAH         LINE#         164
  C:58DDH         LINE#         166
  C:58E0H         LINE#         168
  C:58E3H         LINE#         169
  C:58E4H         LINE#         170
  C:58E7H         LINE#         171
  C:58EAH         LINE#         173
  C:5900H         LINE#         174
  C:5900H         LINE#         175
BL51 BANKED LINKER/LOCATER V6.22.2.0                                                  04/20/2022  17:16:51  PAGE 32


  C:5916H         LINE#         176
  C:591DH         LINE#         177
  C:5924H         LINE#         178
  C:5927H         LINE#         179
  C:592AH         LINE#         181
  C:592DH         LINE#         183
  C:5930H         LINE#         184
  C:5931H         LINE#         185
  C:5934H         LINE#         186
  C:5937H         LINE#         187
  C:5945H         LINE#         188
  C:5948H         LINE#         189
  C:5958H         LINE#         191
  C:5967H         LINE#         192
  C:597DH         LINE#         193
  C:597DH         LINE#         194
  C:5984H         LINE#         195
  C:598BH         LINE#         196
  C:598EH         LINE#         197
  C:5991H         LINE#         199
  C:5994H         LINE#         201
  C:5997H         LINE#         202
  C:599AH         LINE#         203
  C:599DH         LINE#         204
  C:59ABH         LINE#         205
  C:59AEH         LINE#         206
  C:59C7H         LINE#         207
  C:59C7H         LINE#         208
  C:59CDH         LINE#         209
  C:59DFH         LINE#         210
  C:59DFH         LINE#         211
  C:59E2H         LINE#         212
  C:59E2H         LINE#         214
  C:59E2H         LINE#         215
  C:59E4H         LINE#         216
  C:59E4H         LINE#         217
  C:59E4H         LINE#         218
  C:59F5H         LINE#         219
  C:59FAH         LINE#         220
  C:59FAH         LINE#         221
  C:59FEH         LINE#         222
  C:5A03H         LINE#         223
  -------         ENDPROC       _IAP_WRITEBUF_WITH_PROTECT_VERIFY
  -------         PROC          _IAP_WRITE_BYTE
  D:0056H         SYMBOL        Addr
  D:0058H         SYMBOL        wdata
  -------         DO            
  B:0020H.5       SYMBOL        bEA
  -------         ENDDO         
  C:755EH         LINE#         226
  C:7564H         LINE#         227
  C:7564H         LINE#         228
  C:7568H         LINE#         229
  C:756AH         LINE#         230
  C:756DH         LINE#         231
  C:7577H         LINE#         232
  C:757EH         LINE#         233
BL51 BANKED LINKER/LOCATER V6.22.2.0                                                  04/20/2022  17:16:51  PAGE 33


  C:7581H         LINE#         234
  C:7584H         LINE#         235
  C:7587H         LINE#         236
  C:758AH         LINE#         237
  C:758BH         LINE#         238
  C:758EH         LINE#         239
  C:7591H         LINE#         240
  C:7595H         LINE#         241
  -------         ENDPROC       _IAP_WRITE_BYTE
  -------         PROC          IAP_ERASE_ALL_ID
  -------         DO            
  X:05BAH         SYMBOL        read_rf
  X:05BBH         SYMBOL        scx1801_id
  -------         ENDDO         
  C:6C24H         LINE#         244
  C:6C24H         LINE#         245
  C:6C24H         LINE#         246
  C:6C29H         LINE#         247
  C:6C4EH         LINE#         249
  C:6C59H         LINE#         250
  C:6C64H         LINE#         251
  C:6C6FH         LINE#         252
  C:6C7AH         LINE#         254
  C:6C7FH         LINE#         255
  C:6C82H         LINE#         257
  C:6C87H         LINE#         258
  C:6C8AH         LINE#         260
  C:6C96H         LINE#         261
  C:6CA2H         LINE#         262
  C:6CAEH         LINE#         263
  C:6CBAH         LINE#         264
  -------         ENDPROC       IAP_ERASE_ALL_ID
  -------         PROC          EEPROM_SYS_LOAD
  -------         DO            
  I:00B2H         SYMBOL        offset
  I:00B3H         SYMBOL        i
  I:00B5H         SYMBOL        q
  I:00B7H         SYMBOL        p
  I:00B9H         SYMBOL        xm
  I:00BCH         SYMBOL        xn
  -------         ENDDO         
  C:38A5H         LINE#         267
  C:38A5H         LINE#         268
  C:38A5H         LINE#         269
  C:38A9H         LINE#         271
  C:38CEH         LINE#         274
  C:38D8H         LINE#         275
  C:38E2H         LINE#         276
  C:38ECH         LINE#         277
  C:38F0H         LINE#         278
  C:38F8H         LINE#         279
  C:3900H         LINE#         280
  C:3908H         LINE#         281
  C:393AH         LINE#         282
  C:3945H         LINE#         284
  C:394FH         LINE#         285
  C:3959H         LINE#         286
BL51 BANKED LINKER/LOCATER V6.22.2.0                                                  04/20/2022  17:16:51  PAGE 34


  C:3977H         LINE#         287
  C:3987H         LINE#         288
  C:3991H         LINE#         289
  C:39A2H         LINE#         290
  C:39ABH         LINE#         291
  C:39BAH         LINE#         292
  C:39C1H         LINE#         293
  C:39E0H         LINE#         294
  C:39E0H         LINE#         295
  C:3A01H         LINE#         296
  C:3A22H         LINE#         297
  C:3A43H         LINE#         298
  C:3A47H         LINE#         299
  C:3A4FH         LINE#         300
  C:3A57H         LINE#         301
  C:3A5FH         LINE#         302
  C:3A85H         LINE#         303
  C:3A8FH         LINE#         306
  C:3AAFH         LINE#         307
  C:3ACFH         LINE#         308
  C:3AEFH         LINE#         309
  C:3AF7H         LINE#         313
  C:3B07H         LINE#         314
  C:3B07H         LINE#         315
  C:3B0AH         LINE#         316
  C:3B15H         LINE#         318
  C:3B1FH         LINE#         319
  C:3B49H         LINE#         320
  C:3B49H         LINE#         321
  C:3B52H         LINE#         322
  C:3B78H         LINE#         323
  C:3B8FH         LINE#         325
  C:3BB5H         LINE#         326
  C:3BCCH         LINE#         328
  C:3BF2H         LINE#         329
  C:3C09H         LINE#         331
  C:3C2FH         LINE#         332
  C:3C46H         LINE#         334
  C:3C6CH         LINE#         335
  C:3C83H         LINE#         336
  C:3C84H         LINE#         337
  C:3CAFH         LINE#         338
  C:3CAFH         LINE#         339
  C:3CB8H         LINE#         340
  C:3CBEH         LINE#         341
  C:3CE9H         LINE#         342
  C:3D00H         LINE#         344
  C:3D2BH         LINE#         345
  C:3D42H         LINE#         347
  C:3D6DH         LINE#         348
  C:3D84H         LINE#         350
  C:3DAFH         LINE#         351
  C:3DC6H         LINE#         353
  C:3DF1H         LINE#         354
  C:3E08H         LINE#         355
  C:3E08H         LINE#         356
  C:3E08H         LINE#         357
BL51 BANKED LINKER/LOCATER V6.22.2.0                                                  04/20/2022  17:16:51  PAGE 35


  -------         ENDPROC       EEPROM_SYS_LOAD
  -------         PROC          ID_EEPROM_WRITE
  -------         DO            
  I:0092H         SYMBOL        xm
  I:0095H         SYMBOL        i
  I:0097H         SYMBOL        j
  I:0099H         SYMBOL        m1
  I:009BH         SYMBOL        xn
  I:009FH         SYMBOL        xd
  -------         ENDDO         
  C:52F6H         LINE#         359
  C:52F6H         LINE#         360
  C:52F6H         LINE#         361
  C:531BH         LINE#         364
  C:5329H         LINE#         365
  C:5339H         LINE#         366
  C:5347H         LINE#         368
  C:535AH         LINE#         371
  C:539AH         LINE#         372
  C:53DAH         LINE#         373
  C:5415H         LINE#         377
  C:5428H         LINE#         379
  C:543FH         LINE#         380
  C:543FH         LINE#         381
  C:5454H         LINE#         382
  C:546BH         LINE#         383
[...]
  C:64FCH         LINE#         744
  C:6503H         LINE#         745
  C:6508H         LINE#         746
  C:650CH         LINE#         747
  C:6518H         LINE#         748
  C:651FH         LINE#         749
  C:651FH         LINE#         750
  -------         ENDPROC       SCAN_RECEIVE_PACKET
  -------         PROC          _TX_DATALOAD_HIGHSPEED
  D:0008H         SYMBOL        IDCache
  D:000CH         SYMBOL        CtrCmd
  D:0015H         SYMBOL        Packet
  -------         DO            
  X:05C4H         SYMBOL        i
  X:05C5H         SYMBOL        CRCTemp
  -------         ENDDO         
  C:3E09H         LINE#         792
  C:3E11H         LINE#         793
  C:3E11H         LINE#         795
  C:3E19H         LINE#         797
  C:3E6AH         LINE#         798
  C:3E81H         LINE#         799
  C:3EA5H         LINE#         801
BL51 BANKED LINKER/LOCATER V6.22.2.0                                                  04/20/2022  17:16:51  PAGE 68


  C:3EBFH         LINE#         802
  C:3EBFH         LINE#         803
  C:3EE4H         LINE#         804
  C:3F40H         LINE#         805
  C:3F49H         LINE#         806
  C:3F61H         LINE#         807
  C:3F61H         LINE#         808
  C:3F86H         LINE#         809
  C:3FCAH         LINE#         810
  C:3FD3H         LINE#         811
  C:3FD6H         LINE#         812
  C:3FEEH         LINE#         813
  C:3FEEH         LINE#         814
  C:4013H         LINE#         815
  C:4061H         LINE#         816
  C:406AH         LINE#         817
  C:4082H         LINE#         818
  C:4082H         LINE#         819
  C:40A7H         LINE#         820
  C:40F5H         LINE#         821
  C:40FEH         LINE#         822
  C:4101H         LINE#         823
  C:4119H         LINE#         824
  C:4119H         LINE#         825
  C:413EH         LINE#         826
  C:418CH         LINE#         827
  C:4195H         LINE#         828
  C:41ADH         LINE#         829
  C:41ADH         LINE#         830
  C:41D2H         LINE#         831
  C:4220H         LINE#         832
  C:4229H         LINE#         833
  C:422CH         LINE#         834
  C:4247H         LINE#         835
  C:4247H         LINE#         836
  C:426CH         LINE#         837
  C:42CCH         LINE#         838
  C:42D5H         LINE#         839
  -------         ENDPROC       _TX_DATALOAD_HIGHSPEED
  -------         ENDMOD        ML7345

  -------         MODULE        ML7345_HAL
  C:0000H         SYMBOL        _ICE_DUMMY_
  C:6AA8H         PUBLIC        ML7345_DataRate_Set_4_8k
  D:0090H         PUBLIC        P1
  D:00A0H         PUBLIC        P2
  D:00C0H         PUBLIC        XICON
  D:00B0H         PUBLIC        P3
  D:00E8H         PUBLIC        P4
  D:00F8H         PUBLIC        P5
  D:00F8H         PUBLIC        P6
  D:00A8H         PUBLIC        IE
  C:746FH         PUBLIC        _ML7345_AutoTx_Data
  C:5DBCH         PUBLIC        _ML7345_Frequency_Set
  D:00B8H         PUBLIC        IP0L
  C:681CH         PUBLIC        _ML7345_SetAndGet_State
  C:7525H         PUBLIC        _ML7345_StateFlag_Clear
BL51 BANKED LINKER/LOCATER V6.22.2.0                                                  04/20/2022  17:16:51  PAGE 69


  D:00D8H         PUBLIC        CCON
  C:768CH         PUBLIC        _ML7345_AutoStateTransition_Set
  X:06E4H         PUBLIC        timeout_cnt
  B:00A0H.2       PUBLIC        P22
  C:77E0H         PUBLIC        ML7345_AllStateFlag_Clear
  B:00A0H.3       PUBLIC        P23
  D:0088H         PUBLIC        TCON
  B:00B0H.4       PUBLIC        P34
  C:5074H         PUBLIC        _ML7345_Frequency_Calcul
  C:7834H         PUBLIC        RF_SyncWord_DONE
  C:73AEH         PUBLIC        WaitStatus_Complete
  C:75FAH         PUBLIC        SetReg_Rssi
  C:787AH         PUBLIC        ML7345_GPIO0RxDoneInt_Enable
  C:7864H         PUBLIC        ML7345_GPIO0TxDoneInt_Enable
  D:0098H         PUBLIC        S0CON
  D:0098H         PUBLIC        S1CON
  D:00C8H         PUBLIC        T2CON
  C:78EAH         PUBLIC        ML7345_RESETN_SET
  C:6B6DH         PUBLIC        ML7345_DataRate_Set_1_2k
  C:765CH         PUBLIC        _ML7345_ReadRx_Pack
  D:00D0H         PUBLIC        PSW
  -------         PROC          _ML7345_AUTOSTATETRANSITION_SET
  D:006DH         SYMBOL        sta
  C:768CH         LINE#         10
  C:768EH         LINE#         11
  C:768EH         LINE#         12
  C:7695H         LINE#         13
  C:76B3H         LINE#         14
  C:76BAH         LINE#         15
  -------         ENDPROC       _ML7345_AUTOSTATETRANSITION_SET
  -------         PROC          _ML7345_SETANDGET_STATE
  D:006EH         SYMBOL        sta
  -------         DO            
  X:06D8H         SYMBOL        status
  -------         ENDDO         
  C:681CH         LINE#         31
  C:681EH         LINE#         32
  C:681EH         LINE#         33
  C:6823H         LINE#         35
  C:682AH         LINE#         36
  C:6839H         LINE#         37
  C:6846H         LINE#         38
  C:6846H         LINE#         39
  C:6871H         LINE#         40
  C:6871H         LINE#         41
  C:6878H         LINE#         42
  C:6880H         LINE#         43
  C:6895H         LINE#         44
  C:6895H         LINE#         45
  C:68ACH         LINE#         46
  C:68AFH         LINE#         47
  C:68DBH         LINE#         48
  C:68E9H         LINE#         49
  C:68ECH         LINE#         50
  C:68F3H         LINE#         51
  C:68F6H         LINE#         52
  C:68F6H         LINE#         53
BL51 BANKED LINKER/LOCATER V6.22.2.0                                                  04/20/2022  17:16:51  PAGE 70


  C:6905H         LINE#         54
  C:6905H         LINE#         55
  C:6905H         LINE#         56
  C:690AH         LINE#         57
  -------         ENDPROC       _ML7345_SETANDGET_STATE
  -------         PROC          WAITSTATUS_COMPLETE
  -------         DO            
  X:06D9H         SYMBOL        count
  -------         ENDDO         
  C:73AEH         LINE#         60
  C:73AEH         LINE#         61
  C:73AEH         LINE#         62
  C:73B6H         LINE#         63
  C:73BDH         LINE#         64
  C:73BDH         LINE#         65
  C:73BDH         LINE#         66
  C:73C6H         LINE#         67
  C:73C6H         LINE#         68
  C:73CDH         LINE#         69
  C:73D0H         LINE#         70
  C:73D0H         LINE#         71
  C:73E9H         LINE#         72
  C:73ECH         LINE#         73
  C:73EEH         LINE#         74
  -------         ENDPROC       WAITSTATUS_COMPLETE
  -------         PROC          _ML7345_STATEFLAG_CLEAR
  D:006FH         SYMBOL        sta
  C:7525H         LINE#         81
  C:7527H         LINE#         82
  C:7527H         LINE#         83
  C:752EH         LINE#         84
  C:7538H         LINE#         85
  C:7538H         LINE#         86
  C:753FH         LINE#         87
  C:7546H         LINE#         88
  C:7547H         LINE#         89
  C:754FH         LINE#         90
  C:754FH         LINE#         91
  C:7556H         LINE#         92
  C:755DH         LINE#         93
  C:755DH         LINE#         94
  -------         ENDPROC       _ML7345_STATEFLAG_CLEAR
  -------         PROC          ML7345_ALLSTATEFLAG_CLEAR
  C:77E0H         LINE#         101
  C:77E0H         LINE#         102
  C:77E0H         LINE#         103
  C:77E7H         LINE#         104
  C:77EEH         LINE#         105
  C:77F5H         LINE#         106
  C:77FCH         LINE#         107
  -------         ENDPROC       ML7345_ALLSTATEFLAG_CLEAR
  -------         PROC          ML7345_DATARATE_SET_4_8K
  C:6AA8H         LINE#         115
  C:6AA8H         LINE#         116
  C:6AA8H         LINE#         117
  C:6AAFH         LINE#         118
  C:6AB6H         LINE#         119
BL51 BANKED LINKER/LOCATER V6.22.2.0                                                  04/20/2022  17:16:51  PAGE 71


  C:6ABDH         LINE#         120
  C:6AC4H         LINE#         121
  C:6ACBH         LINE#         122
  C:6AD2H         LINE#         123
  C:6AD9H         LINE#         124
  C:6AE0H         LINE#         125
  C:6AE7H         LINE#         126
  C:6AEEH         LINE#         127
  C:6AF5H         LINE#         128
  C:6AFCH         LINE#         129
  C:6B03H         LINE#         130
  C:6B0AH         LINE#         131
  C:6B11H         LINE#         132
  C:6B18H         LINE#         133
  C:6B1FH         LINE#         134
  C:6B26H         LINE#         135
  C:6B2DH         LINE#         136
  C:6B34H         LINE#         137
  C:6B3BH         LINE#         138
  C:6B42H         LINE#         139
  C:6B49H         LINE#         140
  C:6B50H         LINE#         141
  C:6B57H         LINE#         142
  C:6B5EH         LINE#         143
  C:6B65H         LINE#         144
  C:6B6CH         LINE#         145
  -------         ENDPROC       ML7345_DATARATE_SET_4_8K
  -------         PROC          ML7345_DATARATE_SET_1_2K
  C:6B6DH         LINE#         147
  C:6B6DH         LINE#         148
  C:6B6DH         LINE#         149
  C:6B74H         LINE#         150
  C:6B7BH         LINE#         151
  C:6B82H         LINE#         152
  C:6B89H         LINE#         153
  C:6B90H         LINE#         154
  C:6B97H         LINE#         155
  C:6B9EH         LINE#         156
  C:6BA5H         LINE#         157
  C:6BACH         LINE#         158
  C:6BB3H         LINE#         159
  C:6BBAH         LINE#         160
  C:6BC1H         LINE#         161
  C:6BC8H         LINE#         162
  C:6BCFH         LINE#         163
  C:6BD6H         LINE#         164
  C:6BDDH         LINE#         165
  C:6BE4H         LINE#         166
  C:6BEBH         LINE#         167
  C:6BF2H         LINE#         168
  C:6BF9H         LINE#         169
  C:6C00H         LINE#         170
  C:6C07H         LINE#         171
  C:6C0EH         LINE#         172
  C:6C15H         LINE#         173
  C:6C1CH         LINE#         174
  C:6C23H         LINE#         175
BL51 BANKED LINKER/LOCATER V6.22.2.0                                                  04/20/2022  17:16:51  PAGE 72


  -------         ENDPROC       ML7345_DATARATE_SET_1_2K
  -------         PROC          ML7345_RESETN_SET
  C:78EAH         LINE#         283
  C:78EAH         LINE#         284
  C:78EAH         LINE#         285
  C:78ECH         LINE#         286
  C:78F1H         LINE#         287
  C:78F3H         LINE#         288
  -------         ENDPROC       ML7345_RESETN_SET
  -------         PROC          _ML7345_FREQUENCY_SET
  D:0047H         SYMBOL        freq
  D:004AH         SYMBOL        radio_type
  C:5DBCH         LINE#         327
  C:5DC4H         LINE#         328
  C:5DC4H         LINE#         329
  C:5DD0H         LINE#         330
  C:5DDDH         LINE#         331
  C:5DE2H         LINE#         332
  C:5DE9H         LINE#         333
  C:5DF8H         LINE#         334
  C:5E0DH         LINE#         335
  C:5E22H         LINE#         336
  C:5E37H         LINE#         337
  C:5E46H         LINE#         338
  C:5E5BH         LINE#         339
  C:5E70H         LINE#         340
  C:5E85H         LINE#         342
  C:5E9AH         LINE#         343
  C:5EAFH         LINE#         344
  C:5EC4H         LINE#         345
  C:5ED9H         LINE#         347
  C:5EE0H         LINE#         348
  C:5EE7H         LINE#         349
  C:5EEEH         LINE#         351
  C:5EFDH         LINE#         352
  C:5F0AH         LINE#         354
  C:5F11H         LINE#         355
  C:5F11H         LINE#         356
  C:5F27H         LINE#         357
  C:5F32H         LINE#         358
  C:5F34H         LINE#         359
  C:5F34H         LINE#         360
  C:5F36H         LINE#         361
  C:5F3EH         LINE#         362
  C:5F45H         LINE#         363
  C:5F51H         LINE#         364
  -------         ENDPROC       _ML7345_FREQUENCY_SET
  -------         PROC          ML7345_GPIO0TXDONEINT_ENABLE
  C:7864H         LINE#         394
  C:7864H         LINE#         395
  C:7864H         LINE#         397
  C:786BH         LINE#         398
  C:7872H         LINE#         399
  C:7879H         LINE#         400
  -------         ENDPROC       ML7345_GPIO0TXDONEINT_ENABLE
  -------         PROC          ML7345_GPIO0RXDONEINT_ENABLE
  C:787AH         LINE#         401
BL51 BANKED LINKER/LOCATER V6.22.2.0                                                  04/20/2022  17:16:51  PAGE 73


  C:787AH         LINE#         402
  C:787AH         LINE#         403
  C:7881H         LINE#         405
  C:7888H         LINE#         406
  C:788FH         LINE#         407
  -------         ENDPROC       ML7345_GPIO0RXDONEINT_ENABLE
  -------         PROC          _ML7345_READRX_PACK
  D:004BH         SYMBOL        pbuf
  D:004EH         SYMBOL        len
  C:765CH         LINE#         543
  C:7664H         LINE#         544
  C:7664H         LINE#         545
  C:7676H         LINE#         546
  C:767DH         LINE#         547
  C:768BH         LINE#         548
  -------         ENDPROC       _ML7345_READRX_PACK
  -------         PROC          _ML7345_AUTOTX_DATA
  D:004FH         SYMBOL        pbuf
  D:0052H         SYMBOL        len
  C:746FH         LINE#         555
  C:7477H         LINE#         556
  C:7477H         LINE#         557
  C:7489H         LINE#         558
  C:748DH         LINE#         559
  C:7494H         LINE#         560
  C:749BH         LINE#         561
  C:74A0H         LINE#         562
  C:74AEH         LINE#         563
  -------         ENDPROC       _ML7345_AUTOTX_DATA
  -------         PROC          RF_SYNCWORD_DONE
  -------         DO            
  I:00DDH         SYMBOL        sync
  -------         ENDDO         
  C:7834H         LINE#         565
  C:7834H         LINE#         566
  C:7834H         LINE#         567
  C:7838H         LINE#         568
  C:783FH         LINE#         569
  C:7848H         LINE#         570
  C:784CH         LINE#         571
  -------         ENDPROC       RF_SYNCWORD_DONE
  -------         PROC          _ML7345_FREQUENCY_CALCUL
  D:0021H         SYMBOL        Freq
  D:0025H         SYMBOL        pbuf
  -------         DO            
  X:06DBH         SYMBOL        integer
  X:06DCH         SYMBOL        f_dec
  X:06E0H         SYMBOL        cal_val
  -------         ENDDO         
  C:5074H         LINE#         573
  C:5082H         LINE#         574
  C:5082H         LINE#         575
  C:5087H         LINE#         576
  C:5091H         LINE#         577
  C:509BH         LINE#         578
  C:50B3H         LINE#         579
  C:50F4H         LINE#         580
BL51 BANKED LINKER/LOCATER V6.22.2.0                                                  04/20/2022  17:16:51  PAGE 74


  C:5116H         LINE#         581
  C:5125H         LINE#         582
  C:5158H         LINE#         583
  C:518BH         LINE#         584
  C:51B9H         LINE#         586
  C:51D1H         LINE#         587
  C:51E9H         LINE#         588
  C:522AH         LINE#         589
  C:524CH         LINE#         590
  C:5261H         LINE#         591
  C:5294H         LINE#         592
  C:52C7H         LINE#         593
  C:52F5H         LINE#         594
  -------         ENDPROC       _ML7345_FREQUENCY_CALCUL
  -------         PROC          SETREG_RSSI
  C:75FAH         LINE#         596
  C:75FAH         LINE#         597
  C:75FAH         LINE#         598
  C:7601H         LINE#         599
  C:7608H         LINE#         600
  C:760FH         LINE#         601
  C:7616H         LINE#         602
  C:761DH         LINE#         603
  C:7624H         LINE#         604
  C:762BH         LINE#         605
  -------         ENDPROC       SETREG_RSSI
  -------         ENDMOD        ML7345_HAL

  -------         MODULE        ?C?FPADD
  C:2577H         PUBLIC        ?C?FPADD
  C:2573H         PUBLIC        ?C?FPSUB
  -------         ENDMOD        ?C?FPADD

  -------         MODULE        ?C?FPMUL
  C:2668H         PUBLIC        ?C?FPMUL
  -------         ENDMOD        ?C?FPMUL

  -------         MODULE        ?C?FPDIV
  C:2771H         PUBLIC        ?C?FPDIV
  -------         ENDMOD        ?C?FPDIV

  -------         MODULE        ?C?FCAST
  C:2818H         PUBLIC        ?C?FCASTC
  C:2813H         PUBLIC        ?C?FCASTI
  C:280EH         PUBLIC        ?C?FCASTL
  -------         ENDMOD        ?C?FCAST

  -------         MODULE        ?C?CASTF
  C:284CH         PUBLIC        ?C?CASTF
  -------         ENDMOD        ?C?CASTF

  -------         MODULE        ?C?COPY
  C:299DH         PUBLIC        ?C?COPY
  -------         ENDMOD        ?C?COPY

  -------         MODULE        ?C?CLDPTR
  C:29C3H         PUBLIC        ?C?CLDPTR
BL51 BANKED LINKER/LOCATER V6.22.2.0                                                  04/20/2022  17:16:51  PAGE 75


  -------         ENDMOD        ?C?CLDPTR

  -------         MODULE        ?C?CLDOPTR
  C:29DCH         PUBLIC        ?C?CLDOPTR
  -------         ENDMOD        ?C?CLDOPTR

  -------         MODULE        ?C?CSTPTR
  C:2A09H         PUBLIC        ?C?CSTPTR
  -------         ENDMOD        ?C?CSTPTR

  -------         MODULE        ?C?CSTOPTR
  C:2A1BH         PUBLIC        ?C?CSTOPTR
  -------         ENDMOD        ?C?CSTOPTR

  -------         MODULE        ?C?IMUL
  C:2A3DH         PUBLIC        ?C?IMUL
  -------         ENDMOD        ?C?IMUL

  -------         MODULE        ?C?UIDIV
  C:2A4FH         PUBLIC        ?C?UIDIV
  -------         ENDMOD        ?C?UIDIV

  -------         MODULE        ?C?SIDIV
  C:2AA4H         PUBLIC        ?C?SIDIV
  -------         ENDMOD        ?C?SIDIV

  -------         MODULE        ?C?ILDIX
  C:2ADAH         PUBLIC        ?C?ILDIX
  -------         ENDMOD        ?C?ILDIX

  -------         MODULE        ?C?LMUL
  C:2AF0H         PUBLIC        ?C?LMUL
  -------         ENDMOD        ?C?LMUL

  -------         MODULE        ?C?ULDIV
  C:2B7BH         PUBLIC        ?C?ULDIV
  -------         ENDMOD        ?C?ULDIV

  -------         MODULE        ?C?SLDIV
  C:7328H         PUBLIC        ?C?SLDIV
  -------         ENDMOD        ?C?SLDIV

  -------         MODULE        ?C?LNEG
  C:2C0DH         PUBLIC        ?C?LNEG
  -------         ENDMOD        ?C?LNEG

  -------         MODULE        ?C?ULCMP
  C:2C1BH         PUBLIC        ?C?ULCMP
  -------         ENDMOD        ?C?ULCMP

  -------         MODULE        ?C?ULSHR
  C:2C2CH         PUBLIC        ?C?ULSHR
  -------         ENDMOD        ?C?ULSHR

  -------         MODULE        ?C?LSHL
  C:2C3FH         PUBLIC        ?C?LSHL
  -------         ENDMOD        ?C?LSHL
BL51 BANKED LINKER/LOCATER V6.22.2.0                                                  04/20/2022  17:16:51  PAGE 76



  -------         MODULE        ?C?LLDIDATA
  C:2C52H         PUBLIC        ?C?LLDIDATA
  -------         ENDMOD        ?C?LLDIDATA

  -------         MODULE        ?C?LLDIDATA0
  C:2C5EH         PUBLIC        ?C?LLDIDATA0
  -------         ENDMOD        ?C?LLDIDATA0

  -------         MODULE        ?C?LSTIDATA
  C:2C6BH         PUBLIC        ?C?LSTIDATA
  -------         ENDMOD        ?C?LSTIDATA

  -------         MODULE        ?C?LSTXDATA
  C:2C77H         PUBLIC        ?C?LSTXDATA
  -------         ENDMOD        ?C?LSTXDATA

  -------         MODULE        ?C?LSTKIDATA
  C:2C83H         PUBLIC        ?C?LSTKIDATA
  -------         ENDMOD        ?C?LSTKIDATA

  -------         MODULE        ?C?LSTKXDATA
  C:2C9CH         PUBLIC        ?C?LSTKXDATA
  -------         ENDMOD        ?C?LSTKXDATA

  -------         MODULE        ?C?OFFXADD
  C:2CCDH         PUBLIC        ?C?OFFXADD
  -------         ENDMOD        ?C?OFFXADD

  -------         MODULE        ?C?CCASE
  C:2CD9H         PUBLIC        ?C?CCASE
  -------         ENDMOD        ?C?CCASE

Program Size: data=222.7 xdata=1769 code=30969
LINK/LOCATE RUN COMPLETE.  0 WARNING(S),  0 ERROR(S)
