BL51 BANKED LINKER/LOCATER V6.22.2.0                                                    03/01/2022  16:31:57  PAGE 1


BL51 BANKED LINKER/LOCATER V6.22.2.0, INVOKED BY:
C:\KEIL_V5\C51\BIN\BL51.EXE .\Objects\main.obj, .\Objects\sys.obj, .\Objects\gpio.obj, .\Objects\timer.obj, .\Objects\ua
>> rt.obj, .\Objects\IAP_flash.obj, .\Objects\spi.obj, .\Objects\ram.obj, .\Objects\ID_Decode.obj, .\Objects\ML7345.obj,
>>  .\Objects\ML7345_HAL.obj TO .\Objects\CRX1831DCM_MA82G5B32_Pro PRINT (.\Listings\CRX1831DCM_MA82G5B32_Pro.m51) RAMSI
>> ZE (256) CODE (0X0000-0X7FFF) XDATA (0X0000-0X06FF)


MEMORY MODEL: SMALL WITH FLOATING POINT ARITHMETIC


INPUT MODULES INCLUDED:
  .\Objects\main.obj (MAIN)
  .\Objects\sys.obj (SYS)
  .\Objects\gpio.obj (GPIO)
  .\Objects\timer.obj (TIMER)
  .\Objects\uart.obj (UART)
  .\Objects\IAP_flash.obj (IAP_FLASH)
  .\Objects\spi.obj (SPI)
  .\Objects\ram.obj (RAM)
  .\Objects\ID_Decode.obj (ID_DECODE)
  .\Objects\ML7345.obj (ML7345)
  .\Objects\ML7345_HAL.obj (ML7345_HAL)
  C:\KEIL_V5\C51\LIB\C51FPS.LIB (?C?FPADD)
  C:\KEIL_V5\C51\LIB\C51FPS.LIB (?C?FPMUL)
  C:\KEIL_V5\C51\LIB\C51FPS.LIB (?C?FPDIV)
  C:\KEIL_V5\C51\LIB\C51FPS.LIB (?C?FCAST)
  C:\KEIL_V5\C51\LIB\C51FPS.LIB (?C?CASTF)
  C:\KEIL_V5\C51\LIB\C51FPS.LIB (?C?FPGETOPN)
  C:\KEIL_V5\C51\LIB\C51S.LIB (?C_STARTUP)
  C:\KEIL_V5\C51\LIB\C51S.LIB (?C?COPY)
  C:\KEIL_V5\C51\LIB\C51S.LIB (?C?CLDPTR)
  C:\KEIL_V5\C51\LIB\C51S.LIB (?C?CLDOPTR)
  C:\KEIL_V5\C51\LIB\C51S.LIB (?C?CSTPTR)
  C:\KEIL_V5\C51\LIB\C51S.LIB (?C?CSTOPTR)
  C:\KEIL_V5\C51\LIB\C51S.LIB (?C?IMUL)
  C:\KEIL_V5\C51\LIB\C51S.LIB (?C?UIDIV)
  C:\KEIL_V5\C51\LIB\C51S.LIB (?C?SIDIV)
  C:\KEIL_V5\C51\LIB\C51S.LIB (?C?ILDIX)
  C:\KEIL_V5\C51\LIB\C51S.LIB (?C?LMUL)
  C:\KEIL_V5\C51\LIB\C51S.LIB (?C?ULDIV)
  C:\KEIL_V5\C51\LIB\C51S.LIB (?C?SLDIV)
  C:\KEIL_V5\C51\LIB\C51S.LIB (?C?LNEG)
  C:\KEIL_V5\C51\LIB\C51S.LIB (?C?ULCMP)
  C:\KEIL_V5\C51\LIB\C51S.LIB (?C?ULSHR)
  C:\KEIL_V5\C51\LIB\C51S.LIB (?C?LSHL)
  C:\KEIL_V5\C51\LIB\C51S.LIB (?C?LLDIDATA)
  C:\KEIL_V5\C51\LIB\C51S.LIB (?C?LLDIDATA0)
  C:\KEIL_V5\C51\LIB\C51S.LIB (?C?LSTIDATA)
  C:\KEIL_V5\C51\LIB\C51S.LIB (?C?LSTXDATA)
  C:\KEIL_V5\C51\LIB\C51S.LIB (?C?LSTKIDATA)
  C:\KEIL_V5\C51\LIB\C51S.LIB (?C?LSTKXDATA)
  C:\KEIL_V5\C51\LIB\C51S.LIB (?C?OFFXADD)
  C:\KEIL_V5\C51\LIB\C51S.LIB (?C?CCASE)
  C:\KEIL_V5\C51\LIB\C51S.LIB (?C_INIT)


LINK MAP OF MODULE:  .\Objects\CRX1831DCM_MA82G5B32_Pro (MAIN)

BL51 BANKED LINKER/LOCATER V6.22.2.0                                                  03/01/2022  16:31:57  PAGE 2



            TYPE    BASE      LENGTH    RELOCATION   SEGMENT NAME
            -----------------------------------------------------

            * * * * * * *   D A T A   M E M O R Y   * * * * * * *
            REG     0000H     0008H     ABSOLUTE     "REG BANK 0"
            DATA    0008H     0010H     UNIT         ?DT?_TX_DATALOAD_HIGHSPEED?ML7345
            DATA    0018H     0007H     UNIT         ?DT?_IAP_WRITEBUF_WITH_PROTECT_VERIFY?IAP_FLASH
            DATA    001FH     0001H     UNIT         ?DT?_DELAYXUS?TIMER
            BIT     0020H.0   0000H.1   UNIT         ?BI?_UART0SENDBYTE?UART
            BIT     0020H.1   0000H.1   UNIT         ?BI?UART
            BIT     0020H.2   0000H.1   UNIT         ?BI?_IAP_WRITEPPAGE?IAP_FLASH
            BIT     0020H.3   0000H.1   UNIT         ?BI?_IAP_ERASEPAGE?IAP_FLASH
            BIT     0020H.4   0000H.1   UNIT         ?BI?_IAP_WRITEBUF_WITH_PROTECT_VERIFY?IAP_FLASH
            BIT     0020H.5   0000H.1   UNIT         ?BI?_IAP_WRITE_BYTE?IAP_FLASH
            BIT     0020H.6   0000H.1   UNIT         ?BI?RAM
                    0020H.7   0000H.1                *** GAP ***
            DATA    0021H     0007H     UNIT         ?DT?_ML7345_FREQUENCY_CALCUL?ML7345_HAL
            DATA    0028H     0005H     UNIT         ?DT?_ML7345_WRITE_FIFO?SPI
            DATA    002DH     0005H     UNIT         ?DT?_ML7345_READ_FIFO?SPI
            DATA    0032H     0005H     UNIT         ?DT?_RF_ML7345_INIT?ML7345
            DATA    0037H     0004H     UNIT         ?DT?_SEND_DATA?UART
            DATA    003BH     0004H     UNIT         ?DT?_ID_SCX1801_EEPROM_WRITE?IAP_FLASH
            DATA    003FH     0004H     UNIT         ?DT?_DELETE_GENERALID_EEPROM?IAP_FLASH
            DATA    0043H     0004H     UNIT         ?DT?_BEEP_MODULE?ID_DECODE
            DATA    0047H     0004H     UNIT         ?DT?_ML7345_FREQUENCY_SET?ML7345_HAL
            DATA    004BH     0004H     UNIT         ?DT?_ML7345_READRX_PACK?ML7345_HAL
            DATA    004FH     0004H     UNIT         ?DT?_ML7345_AUTOTX_DATA?ML7345_HAL
            DATA    0053H     0003H     UNIT         ?DT?_ASC_HEX_2?UART
            DATA    0056H     0003H     UNIT         ?DT?_IAP_WRITE_BYTE?IAP_FLASH
            DATA    0059H     0003H     UNIT         ?DT?ML7345
            DATA    005CH     0002H     UNIT         ?DT?_IAP_WRITEPPAGE?IAP_FLASH
            DATA    005EH     0002H     UNIT         ?DT?_ML7345_WRITE_REG?SPI
            DATA    0060H     0001H     UNIT         ?DT?_DELAY_MS?TIMER
            DATA    0061H     0001H     UNIT         ?DT?_UART0SENDBYTE?UART
            DATA    0062H     0001H     UNIT         ?DT?_ASC_HEX?UART
            DATA    0063H     0001H     UNIT         ?DT?_HEX_ASC?UART
            DATA    0064H     0001H     UNIT         ?DT?_RECEIVEFRAME?UART
            DATA    0065H     0001H     UNIT         ?DT?_IAP_ERASEPAGE?IAP_FLASH
            DATA    0066H     0001H     UNIT         ?DT?_SPI1_SENDRECV_DATA?SPI
            DATA    0067H     0001H     UNIT         ?DT?_ML7345_READ_REG?SPI
            DATA    0068H     0001H     UNIT         ?DT?_SIGNAL_DATA_DECODE?ID_DECODE
            DATA    0069H     0001H     UNIT         ?DT?_RETURN_ID_DATA?ID_DECODE
            DATA    006AH     0001H     UNIT         ?DT?_TX_DATA_TEST?ML7345
            DATA    006BH     0001H     UNIT         ?DT?_ML7345_AUTOSTATETRANSITION_SET?ML7345_HAL
            DATA    006CH     0001H     UNIT         ?DT?_ML7345_SETANDGET_STATE?ML7345_HAL
            DATA    006DH     0001H     UNIT         ?DT?_ML7345_STATEFLAG_CLEAR?ML7345_HAL
            IDATA   006EH     0022H     UNIT         ?ID?RAM
            IDATA   0090H     0011H     UNIT         ?ID?ID_EEPROM_WRITE?IAP_FLASH
            IDATA   00A1H     000FH     UNIT         ?ID?_DELETE_GENERALID_EEPROM?IAP_FLASH
            IDATA   00B0H     000EH     UNIT         ?ID?EEPROM_SYS_LOAD?IAP_FLASH
            IDATA   00BEH     0008H     UNIT         ?ID?_RETURN_ID_DATA?ID_DECODE
            IDATA   00C6H     0007H     UNIT         ?ID?_ID_SCX1801_EEPROM_WRITE?IAP_FLASH
            IDATA   00CDH     0003H     UNIT         ?ID?UART
            IDATA   00D0H     0002H     UNIT         ?ID?TIMER
            IDATA   00D2H     0002H     UNIT         ?ID?ALL_ID_EEPROM_ERASE?IAP_FLASH
            IDATA   00D4H     0002H     UNIT         ?ID?_BEEP_MODULE?ID_DECODE
BL51 BANKED LINKER/LOCATER V6.22.2.0                                                  03/01/2022  16:31:57  PAGE 3


            IDATA   00D6H     0002H     UNIT         ?ID?RECEIVER_BEEP?ID_DECODE
            IDATA   00D8H     0001H     UNIT         ?ID?INT_UART0?UART
            IDATA   00D9H     0001H     UNIT         ?ID?OPRATIONFRAME?UART
            IDATA   00DAH     0001H     UNIT         ?ID?ML7345_TRX_DEL?ML7345
            IDATA   00DBH     0001H     UNIT         ?ID?RF_SYNCWORD_DONE?ML7345_HAL
            IDATA   00DCH     0001H     UNIT         ?STACK

            * * * * * * *  X D A T A   M E M O R Y  * * * * * * *
            XDATA   0000H     03B5H     UNIT         ?XD?RAM
            XDATA   03B5H     0209H     UNIT         ?XD?IAP_FLASH
            XDATA   05BEH     0085H     UNIT         ?XD?ML7345
            XDATA   0643H     007BH     UNIT         ?XD?UART
            XDATA   06BEH     001AH     UNIT         ?XD?ID_DECODE
            XDATA   06D8H     000CH     UNIT         ?XD?ML7345_HAL
            XDATA   06E4H     0003H     UNIT         ?XD?SPI

            * * * * * * *   C O D E   M E M O R Y   * * * * * * *
            CODE    0000H     0003H     ABSOLUTE     
            CODE    0003H     0003H     ABSOLUTE     
            CODE    0006H     0005H     UNIT         ?PR?BEEP_OFF?TIMER
            CODE    000BH     0003H     ABSOLUTE     
            CODE    000EH     0004H     UNIT         ?PR?CLEARWDT?SYS
                    0012H     0001H                  *** GAP ***
            CODE    0013H     0003H     ABSOLUTE     
            CODE    0016H     000CH     UNIT         ?PR?INIT_INT0?GPIO
                    0022H     0001H                  *** GAP ***
            CODE    0023H     0003H     ABSOLUTE     
            CODE    0026H     0B9CH     UNIT         ?PR?PC_PRG?UART
            CODE    0BC2H     0AD3H     UNIT         ?PR?ID_DECODE_OUT?ID_DECODE
            CODE    1695H     07A9H     UNIT         ?PR?APP_TX_PACKET?ML7345
            CODE    1E3EH     07A5H     UNIT         ?PR?ID_LEARN?IAP_FLASH
            CODE    25E3H     078FH     UNIT         ?C?LIB_CODE
            CODE    2D72H     05BEH     UNIT         ?PR?ID_DECODE_IDCHECK?ID_DECODE
            CODE    3330H     05B3H     UNIT         ?C_INITSEG
            CODE    38E3H     0564H     UNIT         ?PR?EEPROM_SYS_LOAD?IAP_FLASH
            CODE    3E47H     04CDH     UNIT         ?PR?_TX_DATALOAD_HIGHSPEED?ML7345
            CODE    4314H     03CFH     UNIT         ?PR?_RF_ML7345_INIT?ML7345
            CODE    46E3H     038FH     UNIT         ?PR?_SIGNAL_DATA_DECODE?ID_DECODE
            CODE    4A72H     032BH     UNIT         ?PR?OPRATIONFRAME?UART
            CODE    4D9DH     0312H     UNIT         ?PR?ML7345D_RF_TEST_MODE?ML7345
            CODE    50AFH     0282H     UNIT         ?PR?_ML7345_FREQUENCY_CALCUL?ML7345_HAL
            CODE    5331H     0274H     UNIT         ?PR?ID_EEPROM_WRITE?IAP_FLASH
            CODE    55A5H     026EH     UNIT         ?PR?_DELETE_GENERALID_EEPROM?IAP_FLASH
            CODE    5813H     022CH     UNIT         ?PR?_IAP_WRITEBUF_WITH_PROTECT_VERIFY?IAP_FLASH
            CODE    5A3FH     01F2H     UNIT         ?PR?EEPROM_IDCHECK?ID_DECODE
            CODE    5C31H     01BEH     UNIT         ?PR?ML7345_TRX_DEL?ML7345
            CODE    5DEFH     0178H     UNIT         ?PR?_ML7345_FREQUENCY_SET?ML7345_HAL
            CODE    5F67H     014AH     UNIT         ?PR?INT_T0?TIMER
            CODE    60B1H     0129H     UNIT         ?PR?RX_ANALYSIS?ML7345
            CODE    61DAH     0127H     UNIT         ?PR?ML7345D_CHANGE_CHANNEL?ML7345
            CODE    6301H     0127H     UNIT         ?PR?ML7345D_FREQ_SCANNING?ML7345
            CODE    6428H     011AH     UNIT         ?PR?MAIN?MAIN
            CODE    6542H     010DH     UNIT         ?PR?SCAN_RECEIVE_PACKET?ML7345
            CODE    664FH     00FCH     UNIT         ?PR?_RECEIVEFRAME?UART
            CODE    674BH     00EFH     UNIT         ?PR?_ML7345_SETANDGET_STATE?ML7345_HAL
            CODE    683AH     00EDH     UNIT         ?PR?INT_UART0?UART
            CODE    6927H     00D7H     UNIT         ?PR?_BEEP_MODULE?ID_DECODE
BL51 BANKED LINKER/LOCATER V6.22.2.0                                                  03/01/2022  16:31:57  PAGE 4


            CODE    69FEH     00C6H     UNIT         ?PR?ID_LOGIN_EXIT_INITIAL?IAP_FLASH
            CODE    6AC4H     00C5H     UNIT         ?PR?ML7345_DATARATE_SET_4_8K?ML7345_HAL
            CODE    6B89H     00B7H     UNIT         ?PR?ML7345_DATARATE_SET_1_2K?ML7345_HAL
            CODE    6C40H     0097H     UNIT         ?PR?IAP_ERASE_ALL_ID?IAP_FLASH
            CODE    6CD7H     008CH     UNIT         ?C_C51STARTUP
            CODE    6D63H     007FH     UNIT         ?PR?DATARECEIVE?ML7345
            CODE    6DE2H     0077H     UNIT         ?PR?_ML7345_WRITE_FIFO?SPI
            CODE    6E59H     0077H     UNIT         ?PR?UART_RF_BER_TEST?ML7345
            CODE    6ED0H     0074H     UNIT         ?PR?_ID_SCX1801_EEPROM_WRITE?IAP_FLASH
            CODE    6F44H     0066H     UNIT         ?PR?INIT_PORT?GPIO
            CODE    6FAAH     0064H     UNIT         ?PR?_RETURN_ID_DATA?ID_DECODE
            CODE    700EH     0062H     UNIT         ?PR?_ML7345_READ_FIFO?SPI
            CODE    7070H     005CH     UNIT         ?PR?TRANMISSIONACK?UART
            CODE    70CCH     0055H     UNIT         ?PR?TEST_BEEP?ID_DECODE
            CODE    7121H     0051H     UNIT         ?PR?RF_BER_TEST?ML7345
            CODE    7172H     004FH     UNIT         ?PR?_TX_DATA_TEST?ML7345
            CODE    71C1H     004EH     UNIT         ?PR?INT_INT0?GPIO
            CODE    720FH     004EH     UNIT         ?PR?INT_INT1?GPIO
            CODE    725DH     004AH     UNIT         ?PR?RECEIVER_BEEP?ID_DECODE
            CODE    72A7H     0045H     UNIT         ?PR?INIT_PCA_PWM?TIMER
            CODE    72ECH     0044H     UNIT         ?C?LDIV
            CODE    7330H     0041H     UNIT         ?PR?WAITSTATUS_COMPLETE?ML7345_HAL
            CODE    7371H     0040H     UNIT         ?PR?ALL_ID_EEPROM_ERASE?IAP_FLASH
            CODE    73B1H     0040H     UNIT         ?PR?ML7345_MEASURBER_INIT?ML7345
            CODE    73F1H     0040H     UNIT         ?PR?_ML7345_AUTOTX_DATA?ML7345_HAL
            CODE    7431H     003DH     UNIT         ?PR?_SEND_DATA?UART
            CODE    746EH     003CH     UNIT         ?PR?INIT_CLOCK?SYS
            CODE    74AAH     003AH     UNIT         ?PR?_ML7345_READ_REG?SPI
            CODE    74E4H     0039H     UNIT         ?PR?_ML7345_STATEFLAG_CLEAR?ML7345_HAL
            CODE    751DH     0038H     UNIT         ?PR?_IAP_WRITE_BYTE?IAP_FLASH
            CODE    7555H     0032H     UNIT         ?PR?INIT_UART0_T1_ODD?UART
            CODE    7587H     0032H     UNIT         ?PR?SETREG_RSSI?ML7345_HAL
            CODE    75B9H     0031H     UNIT         ?PR?_ML7345_WRITE_REG?SPI
            CODE    75EAH     0030H     UNIT         ?PR?_HEX_ASC?UART
            CODE    761AH     0030H     UNIT         ?PR?_ML7345_READRX_PACK?ML7345_HAL
            CODE    764AH     002FH     UNIT         ?PR?_ML7345_AUTOSTATETRANSITION_SET?ML7345_HAL
            CODE    7679H     002DH     UNIT         ?PR?_ASC_HEX?UART
            CODE    76A6H     002BH     UNIT         ?PR?_IAP_WRITEPPAGE?IAP_FLASH
            CODE    76D1H     0028H     UNIT         ?PR?BEEP_AND_LED?ID_DECODE
            CODE    76F9H     0026H     UNIT         ?PR?_IAP_ERASEPAGE?IAP_FLASH
            CODE    771FH     0022H     UNIT         ?PR?INIT_SPI?SPI
            CODE    7741H     0020H     UNIT         ?PR?_DELAY_MS?TIMER
            CODE    7761H     001FH     UNIT         ?PR?INIT_TIMER0?TIMER
            CODE    7780H     001EH     UNIT         ?PR?_ASC_HEX_2?UART
            CODE    779EH     001DH     UNIT         ?PR?ML7345_ALLSTATEFLAG_CLEAR?ML7345_HAL
            CODE    77BBH     001BH     UNIT         ?PR?_SPI1_SENDRECV_DATA?SPI
            CODE    77D6H     0019H     UNIT         ?PR?RF_SYNCWORD_DONE?ML7345_HAL
            CODE    77EFH     0016H     UNIT         ?PR?ML7345_GPIO0TXDONEINT_ENABLE?ML7345_HAL
            CODE    7805H     0016H     UNIT         ?PR?ML7345_GPIO0RXDONEINT_ENABLE?ML7345_HAL
            CODE    781BH     0015H     UNIT         ?PR?_DELAYXUS?TIMER
            CODE    7830H     0015H     UNIT         ?PR?_UART0SENDBYTE?UART
            CODE    7845H     0014H     UNIT         ?PR?INIT_WDT?SYS
            CODE    7859H     000FH     UNIT         ?CO?IAP_FLASH
            CODE    7868H     000EH     UNIT         ?CO?UART
            CODE    7876H     000CH     UNIT         ?PR?INIT_INT1?GPIO
            CODE    7882H     000BH     UNIT         ?PR?INIT_IAP_FLASH?IAP_FLASH
            CODE    788DH     000AH     UNIT         ?PR?INIT_INTERRUPT?GPIO
BL51 BANKED LINKER/LOCATER V6.22.2.0                                                  03/01/2022  16:31:57  PAGE 5


            CODE    7897H     000AH     UNIT         ?PR?ML7345_RESETN_SET?ML7345_HAL
            CODE    78A1H     0004H     UNIT         ?PR?INIT_BEEP?TIMER
            CODE    78A5H     0003H     UNIT         ?PR?BEEP_ON?TIMER



OVERLAY MAP OF MODULE:   .\Objects\CRX1831DCM_MA82G5B32_Pro (MAIN)


SEGMENT
  +--> CALLED SEGMENT
---------------------
?PR?INT_INT0?GPIO
  +--> ?PR?ML7345_TRX_DEL?ML7345
  +--> ?PR?DATARECEIVE?ML7345

?PR?ML7345_TRX_DEL?ML7345
  +--> ?PR?RF_SYNCWORD_DONE?ML7345_HAL
  +--> ?PR?_ML7345_SETANDGET_STATE?ML7345_HAL
  +--> ?PR?_RF_ML7345_INIT?ML7345
  +--> ?PR?ML7345_GPIO0RXDONEINT_ENABLE?ML73...
  +--> ?PR?_ML7345_WRITE_REG?SPI
  +--> ?PR?_ML7345_READ_REG?SPI
  +--> ?PR?_ML7345_STATEFLAG_CLEAR?ML7345_HAL

?PR?RF_SYNCWORD_DONE?ML7345_HAL
  +--> ?PR?_ML7345_WRITE_REG?SPI
  +--> ?PR?_ML7345_READ_REG?SPI

?PR?_ML7345_WRITE_REG?SPI
  +--> ?PR?_DELAYXUS?TIMER
  +--> ?PR?_SPI1_SENDRECV_DATA?SPI

?PR?_ML7345_READ_REG?SPI
  +--> ?PR?_DELAYXUS?TIMER
  +--> ?PR?_SPI1_SENDRECV_DATA?SPI

?PR?_ML7345_SETANDGET_STATE?ML7345_HAL
  +--> ?PR?_ML7345_WRITE_REG?SPI
  +--> ?PR?_ML7345_READ_REG?SPI
  +--> ?PR?WAITSTATUS_COMPLETE?ML7345_HAL
  +--> ?PR?_ML7345_FREQUENCY_CALCUL?ML7345_HAL
  +--> ?PR?CLEARWDT?SYS
  +--> ?PR?_RF_ML7345_INIT?ML7345

?PR?WAITSTATUS_COMPLETE?ML7345_HAL
  +--> ?PR?_ML7345_WRITE_REG?SPI
  +--> ?PR?_ML7345_READ_REG?SPI
  +--> ?PR?CLEARWDT?SYS

?PR?_RF_ML7345_INIT?ML7345
  +--> ?PR?ML7345_RESETN_SET?ML7345_HAL
  +--> ?PR?_ML7345_READ_REG?SPI
  +--> ?PR?_ML7345_WRITE_REG?SPI
  +--> ?PR?SETREG_RSSI?ML7345_HAL
  +--> ?PR?ML7345_DATARATE_SET_4_8K?ML7345_HAL
  +--> ?PR?ML7345_DATARATE_SET_1_2K?ML7345_HAL
BL51 BANKED LINKER/LOCATER V6.22.2.0                                                  03/01/2022  16:31:57  PAGE 6


  +--> ?PR?ML7345_ALLSTATEFLAG_CLEAR?ML7345_HAL

?PR?ML7345_RESETN_SET?ML7345_HAL
  +--> ?PR?_DELAY_MS?TIMER

?PR?_DELAY_MS?TIMER
  +--> ?PR?_DELAYXUS?TIMER

?PR?SETREG_RSSI?ML7345_HAL
  +--> ?PR?_ML7345_WRITE_REG?SPI

?PR?ML7345_DATARATE_SET_4_8K?ML7345_HAL
  +--> ?PR?_ML7345_WRITE_REG?SPI

?PR?ML7345_DATARATE_SET_1_2K?ML7345_HAL
  +--> ?PR?_ML7345_WRITE_REG?SPI

?PR?ML7345_ALLSTATEFLAG_CLEAR?ML7345_HAL
  +--> ?PR?_ML7345_WRITE_REG?SPI

?PR?ML7345_GPIO0RXDONEINT_ENABLE?ML73...
  +--> ?PR?_ML7345_WRITE_REG?SPI

?PR?_ML7345_STATEFLAG_CLEAR?ML7345_HAL
  +--> ?PR?_ML7345_WRITE_REG?SPI

*** NEW ROOT ***************************************************

?PR?INT_INT1?GPIO
  +--> ?PR?ML7345_TRX_DEL?ML7345
  +--> ?PR?DATARECEIVE?ML7345

*** NEW ROOT ***************************************************

?PR?INT_UART0?UART
  +--> ?PR?_RECEIVEFRAME?UART

?PR?_RECEIVEFRAME?UART
  +--> ?PR?OPRATIONFRAME?UART

*** NEW ROOT ***************************************************

?C_C51STARTUP
  +--> ?PR?MAIN?MAIN
  +--> ?C_INITSEG

?PR?MAIN?MAIN
  +--> ?PR?INIT_WDT?SYS
  +--> ?PR?INIT_CLOCK?SYS
  +--> ?PR?CLEARWDT?SYS
  +--> ?PR?INIT_IAP_FLASH?IAP_FLASH
  +--> ?PR?EEPROM_SYS_LOAD?IAP_FLASH
  +--> ?PR?INIT_PORT?GPIO
  +--> ?PR?INIT_TIMER0?TIMER
  +--> ?PR?INIT_UART0_T1_ODD?UART
  +--> ?PR?INIT_BEEP?TIMER
  +--> ?PR?INIT_SPI?SPI
BL51 BANKED LINKER/LOCATER V6.22.2.0                                                  03/01/2022  16:31:57  PAGE 7


  +--> ?PR?_RF_ML7345_INIT?ML7345
  +--> ?PR?INIT_INTERRUPT?GPIO
  +--> ?PR?ML7345D_RF_TEST_MODE?ML7345
  +--> ?PR?_ML7345_SETANDGET_STATE?ML7345_HAL
  +--> ?PR?TEST_BEEP?ID_DECODE
  +--> ?PR?ID_DECODE_OUT?ID_DECODE
  +--> ?PR?ID_LEARN?IAP_FLASH
  +--> ?PR?APP_TX_PACKET?ML7345
  +--> ?PR?ML7345D_FREQ_SCANNING?ML7345
  +--> ?PR?SCAN_RECEIVE_PACKET?ML7345
  +--> ?PR?TRANMISSIONACK?UART

?PR?INIT_IAP_FLASH?IAP_FLASH
  +--> ?PR?_IAP_WRITEPPAGE?IAP_FLASH

?PR?EEPROM_SYS_LOAD?IAP_FLASH
  +--> ?CO?IAP_FLASH
  +--> ?PR?CLEARWDT?SYS
  +--> ?PR?_ML7345_FREQUENCY_CALCUL?ML7345_HAL

?PR?INIT_BEEP?TIMER
  +--> ?PR?INIT_PCA_PWM?TIMER

?PR?INIT_INTERRUPT?GPIO
  +--> ?PR?INIT_INT1?GPIO

?PR?ML7345D_RF_TEST_MODE?ML7345
  +--> ?PR?_BEEP_MODULE?ID_DECODE
  +--> ?PR?CLEARWDT?SYS
  +--> ?PR?_ML7345_SETANDGET_STATE?ML7345_HAL
  +--> ?PR?_ML7345_FREQUENCY_SET?ML7345_HAL
  +--> ?PR?_TX_DATA_TEST?ML7345
  +--> ?PR?ML7345_MEASURBER_INIT?ML7345
  +--> ?PR?RF_BER_TEST?ML7345
  +--> ?PR?PC_PRG?UART
  +--> ?PR?_RF_ML7345_INIT?ML7345
  +--> ?PR?ML7345_GPIO0RXDONEINT_ENABLE?ML73...
  +--> ?PR?ML7345_GPIO0TXDONEINT_ENABLE?ML73...

?PR?_BEEP_MODULE?ID_DECODE
  +--> ?PR?BEEP_ON?TIMER
  +--> ?PR?_DELAYXUS?TIMER
  +--> ?PR?CLEARWDT?SYS
  +--> ?PR?BEEP_OFF?TIMER

?PR?_ML7345_FREQUENCY_SET?ML7345_HAL
  +--> ?PR?_ML7345_SETANDGET_STATE?ML7345_HAL
  +--> ?PR?_ML7345_WRITE_REG?SPI
  +--> ?PR?ML7345_DATARATE_SET_1_2K?ML7345_HAL
  +--> ?PR?ML7345_DATARATE_SET_4_8K?ML7345_HAL
  +--> ?PR?_ML7345_READ_REG?SPI

?PR?_TX_DATA_TEST?ML7345
  +--> ?PR?_ML7345_WRITE_REG?SPI
  +--> ?PR?_ML7345_SETANDGET_STATE?ML7345_HAL

?PR?ML7345_MEASURBER_INIT?ML7345
BL51 BANKED LINKER/LOCATER V6.22.2.0                                                  03/01/2022  16:31:57  PAGE 8


  +--> ?PR?_ML7345_WRITE_REG?SPI

?PR?PC_PRG?UART
  +--> ?CO?UART
  +--> ?PR?_ML7345_SETANDGET_STATE?ML7345_HAL
  +--> ?PR?_SEND_DATA?UART
  +--> ?PR?_ML7345_FREQUENCY_SET?ML7345_HAL
  +--> ?PR?_TX_DATA_TEST?ML7345
  +--> ?PR?ALL_ID_EEPROM_ERASE?IAP_FLASH
  +--> ?PR?_ID_SCX1801_EEPROM_WRITE?IAP_FLASH
  +--> ?PR?_HEX_ASC?UART
  +--> ?PR?_ASC_HEX_2?UART
  +--> ?PR?_IAP_WRITEBUF_WITH_PROTECT_VERIFY...
  +--> ?PR?_ML7345_FREQUENCY_CALCUL?ML7345_HAL
  +--> ?PR?ML7345_MEASURBER_INIT?ML7345
  +--> ?PR?UART_RF_BER_TEST?ML7345

?PR?_SEND_DATA?UART
  +--> ?PR?_UART0SENDBYTE?UART

?PR?ALL_ID_EEPROM_ERASE?IAP_FLASH
  +--> ?PR?CLEARWDT?SYS
  +--> ?PR?IAP_ERASE_ALL_ID?IAP_FLASH

?PR?IAP_ERASE_ALL_ID?IAP_FLASH
  +--> ?CO?IAP_FLASH
  +--> ?PR?_IAP_ERASEPAGE?IAP_FLASH
  +--> ?PR?CLEARWDT?SYS
  +--> ?PR?_IAP_WRITE_BYTE?IAP_FLASH

?PR?_ID_SCX1801_EEPROM_WRITE?IAP_FLASH
  +--> ?CO?IAP_FLASH
  +--> ?PR?_IAP_WRITEBUF_WITH_PROTECT_VERIFY...

?PR?_IAP_WRITEBUF_WITH_PROTECT_VERIFY...
  +--> ?PR?CLEARWDT?SYS

?PR?_ASC_HEX_2?UART
  +--> ?PR?_ASC_HEX?UART

?PR?ML7345_GPIO0TXDONEINT_ENABLE?ML73...
  +--> ?PR?_ML7345_WRITE_REG?SPI

?PR?TEST_BEEP?ID_DECODE
  +--> ?PR?_BEEP_MODULE?ID_DECODE
  +--> ?PR?BEEP_ON?TIMER

?PR?ID_DECODE_OUT?ID_DECODE
  +--> ?PR?_SEND_DATA?UART
  +--> ?PR?RECEIVER_BEEP?ID_DECODE

?PR?RECEIVER_BEEP?ID_DECODE
  +--> ?PR?_BEEP_MODULE?ID_DECODE

?PR?ID_LEARN?IAP_FLASH
  +--> ?PR?_BEEP_MODULE?ID_DECODE
  +--> ?PR?ID_LOGIN_EXIT_INITIAL?IAP_FLASH
BL51 BANKED LINKER/LOCATER V6.22.2.0                                                  03/01/2022  16:31:57  PAGE 9


  +--> ?PR?BEEP_OFF?TIMER
  +--> ?PR?BEEP_ON?TIMER
  +--> ?PR?BEEP_AND_LED?ID_DECODE
  +--> ?PR?_ID_SCX1801_EEPROM_WRITE?IAP_FLASH
  +--> ?PR?_DELETE_GENERALID_EEPROM?IAP_FLASH
  +--> ?PR?ID_EEPROM_WRITE?IAP_FLASH
  +--> ?PR?ALL_ID_EEPROM_ERASE?IAP_FLASH

?PR?ID_LOGIN_EXIT_INITIAL?IAP_FLASH
  +--> ?PR?_BEEP_MODULE?ID_DECODE
  +--> ?PR?BEEP_OFF?TIMER

?PR?BEEP_AND_LED?ID_DECODE
  +--> ?PR?_BEEP_MODULE?ID_DECODE
  +--> ?PR?BEEP_OFF?TIMER

?PR?_DELETE_GENERALID_EEPROM?IAP_FLASH
  +--> ?CO?IAP_FLASH
  +--> ?PR?_RETURN_ID_DATA?ID_DECODE
  +--> ?PR?CLEARWDT?SYS
  +--> ?PR?ALL_ID_EEPROM_ERASE?IAP_FLASH
  +--> ?PR?_IAP_WRITEBUF_WITH_PROTECT_VERIFY...

?PR?ID_EEPROM_WRITE?IAP_FLASH
  +--> ?CO?IAP_FLASH
  +--> ?PR?_IAP_WRITEBUF_WITH_PROTECT_VERIFY...
  +--> ?PR?CLEARWDT?SYS
  +--> ?PR?ID_LOGIN_EXIT_INITIAL?IAP_FLASH

?PR?APP_TX_PACKET?ML7345
  +--> ?PR?_TX_DATALOAD_HIGHSPEED?ML7345
  +--> ?PR?_ML7345_SETANDGET_STATE?ML7345_HAL
  +--> ?PR?_ML7345_WRITE_REG?SPI
  +--> ?PR?ML7345_GPIO0TXDONEINT_ENABLE?ML73...
  +--> ?PR?_ML7345_AUTOTX_DATA?ML7345_HAL
  +--> ?PR?_RF_ML7345_INIT?ML7345

?PR?_TX_DATALOAD_HIGHSPEED?ML7345
  +--> ?PR?CLEARWDT?SYS

?PR?_ML7345_AUTOTX_DATA?ML7345_HAL
  +--> ?PR?_ML7345_WRITE_REG?SPI
  +--> ?PR?_ML7345_AUTOSTATETRANSITION_SET?M...
  +--> ?PR?_ML7345_WRITE_FIFO?SPI

?PR?_ML7345_AUTOSTATETRANSITION_SET?M...
  +--> ?PR?_ML7345_WRITE_REG?SPI

?PR?_ML7345_WRITE_FIFO?SPI
  +--> ?PR?_DELAYXUS?TIMER
  +--> ?PR?_SPI1_SENDRECV_DATA?SPI

?PR?ML7345D_FREQ_SCANNING?ML7345
  +--> ?PR?ML7345D_CHANGE_CHANNEL?ML7345
  +--> ?PR?_RF_ML7345_INIT?ML7345
  +--> ?PR?ML7345_GPIO0RXDONEINT_ENABLE?ML73...
  +--> ?PR?_ML7345_SETANDGET_STATE?ML7345_HAL
BL51 BANKED LINKER/LOCATER V6.22.2.0                                                  03/01/2022  16:31:57  PAGE 10



?PR?ML7345D_CHANGE_CHANNEL?ML7345
  +--> ?PR?_ML7345_FREQUENCY_SET?ML7345_HAL

?PR?SCAN_RECEIVE_PACKET?ML7345
  +--> ?PR?_ML7345_READRX_PACK?ML7345_HAL
  +--> ?PR?_ML7345_STATEFLAG_CLEAR?ML7345_HAL
  +--> ?PR?RX_ANALYSIS?ML7345
  +--> ?PR?_ML7345_SETANDGET_STATE?ML7345_HAL
  +--> ?PR?_ML7345_READ_REG?SPI
  +--> ?PR?_ML7345_WRITE_REG?SPI

?PR?_ML7345_READRX_PACK?ML7345_HAL
  +--> ?PR?_ML7345_WRITE_REG?SPI
  +--> ?PR?_ML7345_READ_FIFO?SPI

?PR?_ML7345_READ_FIFO?SPI
  +--> ?PR?_DELAYXUS?TIMER
  +--> ?PR?_SPI1_SENDRECV_DATA?SPI

?PR?RX_ANALYSIS?ML7345
  +--> ?PR?ID_DECODE_IDCHECK?ID_DECODE

?PR?ID_DECODE_IDCHECK?ID_DECODE
  +--> ?PR?_SIGNAL_DATA_DECODE?ID_DECODE
  +--> ?PR?EEPROM_IDCHECK?ID_DECODE
  +--> ?PR?BEEP_AND_LED?ID_DECODE
  +--> ?PR?ID_EEPROM_WRITE?IAP_FLASH
  +--> ?PR?_ID_SCX1801_EEPROM_WRITE?IAP_FLASH
  +--> ?PR?_RETURN_ID_DATA?ID_DECODE
  +--> ?PR?_DELETE_GENERALID_EEPROM?IAP_FLASH

?PR?EEPROM_IDCHECK?ID_DECODE
  +--> ?PR?_RETURN_ID_DATA?ID_DECODE

?PR?TRANMISSIONACK?UART
  +--> ?PR?_SEND_DATA?UART



SYMBOL TABLE OF MODULE:  .\Objects\CRX1831DCM_MA82G5B32_Pro (MAIN)

  VALUE           TYPE          NAME
  ----------------------------------

  -------         MODULE        MAIN
  C:0000H         SYMBOL        _ICE_DUMMY_
  D:0090H         PUBLIC        P1
  D:00A0H         PUBLIC        P2
  D:00C0H         PUBLIC        XICON
  D:00B0H         PUBLIC        P3
  D:00E8H         PUBLIC        P4
  D:00F8H         PUBLIC        P5
  D:00F8H         PUBLIC        P6
  B:00A8H.7       PUBLIC        EA
  D:00A8H         PUBLIC        IE
  D:00B8H         PUBLIC        IP0L
BL51 BANKED LINKER/LOCATER V6.22.2.0                                                  03/01/2022  16:31:57  PAGE 11


  D:00D8H         PUBLIC        CCON
  C:6428H         PUBLIC        main
  B:00A0H.2       PUBLIC        P22
  B:00A0H.3       PUBLIC        P23
  D:0088H         PUBLIC        TCON
  B:00B0H.5       PUBLIC        P35
  D:0098H         PUBLIC        S0CON
  D:0098H         PUBLIC        S1CON
  D:00C8H         PUBLIC        T2CON
  D:00D0H         PUBLIC        PSW
  -------         PROC          MAIN
  C:6428H         LINE#         22
  C:6428H         LINE#         23
  C:6428H         LINE#         24
  C:642BH         LINE#         25
  C:642EH         LINE#         26
  C:6431H         LINE#         27
  C:6434H         LINE#         28
  C:6437H         LINE#         29
  C:643AH         LINE#         30
  C:643DH         LINE#         31
  C:6440H         LINE#         32
  C:6443H         LINE#         33
  C:6446H         LINE#         34
  C:6449H         LINE#         35
  C:6453H         LINE#         36
  C:6461H         LINE#         37
  C:646BH         LINE#         38
  C:646EH         LINE#         39
  C:6471H         LINE#         40
  C:6473H         LINE#         41
  C:6476H         LINE#         42
  C:6484H         LINE#         43
  C:6492H         LINE#         44
  C:6497H         LINE#         45
  C:649CH         LINE#         46
  C:64A1H         LINE#         47
  C:64A5H         LINE#         49
  C:64A5H         LINE#         50
  C:64A5H         LINE#         51
  C:64A8H         LINE#         52
  C:64B6H         LINE#         54
  C:64C2H         LINE#         55
  C:64C5H         LINE#         56
  C:64C8H         LINE#         57
  C:64E7H         LINE#         58
  C:64FEH         LINE#         59
  C:64FEH         LINE#         60
  C:6501H         LINE#         61
  C:6504H         LINE#         62
  C:6504H         LINE#         63
  C:6507H         LINE#         64
  C:651FH         LINE#         65
  C:6523H         LINE#         66
  C:653CH         LINE#         67
  C:653EH         LINE#         68
  -------         ENDPROC       MAIN
BL51 BANKED LINKER/LOCATER V6.22.2.0                                                  03/01/2022  16:31:57  PAGE 12


  -------         ENDMOD        MAIN

  -------         MODULE        SYS
  C:0000H         SYMBOL        _ICE_DUMMY_
  D:0090H         PUBLIC        P1
  D:00A0H         PUBLIC        P2
  D:00E7H         PUBLIC        ISPCR
  D:00C0H         PUBLIC        XICON
  D:00B0H         PUBLIC        P3
  D:00E8H         PUBLIC        P4
  D:00F8H         PUBLIC        P5
  D:00F8H         PUBLIC        P6
  D:00E1H         PUBLIC        WDTCR
  D:00A8H         PUBLIC        IE
  D:00B8H         PUBLIC        IP0L
  D:00C7H         PUBLIC        CKCON0
  D:00D8H         PUBLIC        CCON
  D:00E6H         PUBLIC        SCMD
  D:00E3H         PUBLIC        IFADRH
  D:00E5H         PUBLIC        IFMT
  D:00E4H         PUBLIC        IFADRL
  D:0088H         PUBLIC        TCON
  D:00E2H         PUBLIC        IFD
  C:000EH         PUBLIC        ClearWDT
  D:0097H         PUBLIC        PCON1
  D:0098H         PUBLIC        S0CON
  C:746EH         PUBLIC        Init_Clock
  D:0098H         PUBLIC        S1CON
  C:7845H         PUBLIC        Init_WDT
  D:00C8H         PUBLIC        T2CON
  D:00D0H         PUBLIC        PSW
  -------         PROC          INIT_CLOCK
  C:746EH         LINE#         4
  C:746EH         LINE#         5
  C:746EH         LINE#         7
  C:7471H         LINE#         8
  C:748DH         LINE#         9
  C:74A9H         LINE#         19
  -------         ENDPROC       INIT_CLOCK
  -------         PROC          INIT_WDT
  C:7845H         LINE#         22
  C:7845H         LINE#         23
  C:7845H         LINE#         24
  C:7848H         LINE#         25
  C:7852H         LINE#         26
  C:7855H         LINE#         27
  C:7858H         LINE#         28
  -------         ENDPROC       INIT_WDT
  -------         PROC          CLEARWDT
  C:000EH         LINE#         30
  C:000EH         LINE#         31
  C:000EH         LINE#         32
  C:0011H         LINE#         33
  -------         ENDPROC       CLEARWDT
  -------         ENDMOD        SYS

  -------         MODULE        GPIO
BL51 BANKED LINKER/LOCATER V6.22.2.0                                                  03/01/2022  16:31:57  PAGE 13


  C:0000H         SYMBOL        _ICE_DUMMY_
  D:0091H         PUBLIC        P1M0
  D:0095H         PUBLIC        P2M0
  D:00B1H         PUBLIC        P3M0
  D:0090H         PUBLIC        P1
  D:00B3H         PUBLIC        P4M0
  D:00B2H         PUBLIC        P3M1
  D:00A0H         PUBLIC        P2
  D:00C0H         PUBLIC        XICON
  D:00B0H         PUBLIC        P3
  D:00E8H         PUBLIC        P4
  D:00F8H         PUBLIC        P5
  D:00F8H         PUBLIC        P6
  D:00A8H         PUBLIC        IE
  C:0016H         PUBLIC        Init_INT0
  C:7876H         PUBLIC        Init_INT1
  D:00B8H         PUBLIC        IP0L
  C:6F44H         PUBLIC        Init_Port
  D:00D8H         PUBLIC        CCON
  B:0090H.0       PUBLIC        P10
  B:00A0H.0       PUBLIC        P20
  B:0090H.1       PUBLIC        P11
  B:00A0H.1       PUBLIC        P21
  B:0090H.2       PUBLIC        P12
  B:00E8H.0       PUBLIC        P40
  B:0090H.3       PUBLIC        P13
  B:00E8H.1       PUBLIC        P41
  D:0088H         PUBLIC        TCON
  B:00A0H.4       PUBLIC        P24
  D:00B4H         PUBLIC        PUCON0
  B:00B0H.4       PUBLIC        P34
  B:00A0H.5       PUBLIC        P25
  B:0090H.6       PUBLIC        P16
  B:00B0H.5       PUBLIC        P35
  B:00A0H.7       PUBLIC        P27
  B:00A8H.4       PUBLIC        ES0
  B:00A8H.1       PUBLIC        ET0
  C:788DH         PUBLIC        Init_Interrupt
  B:0088H.0       PUBLIC        IT0
  B:00A8H.2       PUBLIC        EX1
  B:0088H.2       PUBLIC        IT1
  D:0098H         PUBLIC        S0CON
  D:0098H         PUBLIC        S1CON
  D:00C8H         PUBLIC        T2CON
  C:71C1H         PUBLIC        INT_INT0
  C:720FH         PUBLIC        INT_INT1
  D:00A1H         PUBLIC        AUXR0
  D:00C1H         PUBLIC        XICFG
  D:00D0H         PUBLIC        PSW
  -------         PROC          INIT_PORT
  C:6F44H         LINE#         10
  C:6F44H         LINE#         11
  C:6F44H         LINE#         13
  C:6F47H         LINE#         14
  C:6F4AH         LINE#         15
  C:6F4CH         LINE#         16
  C:6F4FH         LINE#         19
BL51 BANKED LINKER/LOCATER V6.22.2.0                                                  03/01/2022  16:31:57  PAGE 14


  C:6F52H         LINE#         20
  C:6F55H         LINE#         21
  C:6F57H         LINE#         22
  C:6F5AH         LINE#         25
  C:6F5DH         LINE#         26
  C:6F5FH         LINE#         31
  C:6F62H         LINE#         32
  C:6F65H         LINE#         33
  C:6F67H         LINE#         36
  C:6F6AH         LINE#         37
  C:6F6DH         LINE#         38
  C:6F6FH         LINE#         43
  C:6F75H         LINE#         47
  C:6F78H         LINE#         48
  C:6F7CH         LINE#         49
  C:6F7FH         LINE#         57
  C:6F8DH         LINE#         58
  C:6F9BH         LINE#         59
  C:6F9DH         LINE#         60
  C:6F9FH         LINE#         61
  C:6FA1H         LINE#         62
  C:6FA3H         LINE#         63
  C:6FA5H         LINE#         64
  C:6FA7H         LINE#         65
  C:6FA9H         LINE#         66
  -------         ENDPROC       INIT_PORT
  -------         PROC          INIT_INT0
  C:0016H         LINE#         79
  C:0016H         LINE#         80
  C:0016H         LINE#         81
  C:0019H         LINE#         82
  C:001EH         LINE#         84
  C:0021H         LINE#         85
  -------         ENDPROC       INIT_INT0
  -------         PROC          INIT_INT1
  C:7876H         LINE#         96
  C:7876H         LINE#         97
  C:7876H         LINE#         98
  C:7879H         LINE#         100
  C:787EH         LINE#         101
  C:7881H         LINE#         102
  -------         ENDPROC       INIT_INT1
  -------         PROC          INT_INT0
  C:71C1H         LINE#         114
  C:71DEH         LINE#         116
  C:71F1H         LINE#         117
  C:71F4H         LINE#         118
  -------         ENDPROC       INT_INT0
  -------         PROC          INT_INT1
  C:720FH         LINE#         130
  C:722CH         LINE#         132
  C:723FH         LINE#         133
  C:7242H         LINE#         134
  -------         ENDPROC       INT_INT1
  -------         PROC          INIT_INTERRUPT
  C:788DH         LINE#         143
  C:788DH         LINE#         144
BL51 BANKED LINKER/LOCATER V6.22.2.0                                                  03/01/2022  16:31:57  PAGE 15


  C:788DH         LINE#         149
  C:7890H         LINE#         150
  C:7892H         LINE#         152
  C:7894H         LINE#         153
  C:7896H         LINE#         154
  -------         ENDPROC       INIT_INTERRUPT
  -------         ENDMOD        GPIO

  -------         MODULE        TIMER
  C:0000H         SYMBOL        _ICE_DUMMY_
  D:00F2H         PUBLIC        PCAPWM6
  D:0090H         PUBLIC        P1
  D:00A0H         PUBLIC        P2
  D:00C0H         PUBLIC        XICON
  D:00B0H         PUBLIC        P3
  D:00E8H         PUBLIC        P4
  D:00F8H         PUBLIC        P5
  D:00F8H         PUBLIC        P6
  D:00ACH         PUBLIC        SFRPI
  D:00F9H         PUBLIC        CH
  D:00BCH         PUBLIC        PWMCR
  D:00A8H         PUBLIC        IE
  D:00E9H         PUBLIC        CL
  B:00D8H.6       PUBLIC        CR
  D:00B8H         PUBLIC        IP0L
  D:00FAH         PUBLIC        CCAP6H
  D:00EAH         PUBLIC        CCAP6L
  C:78A5H         PUBLIC        Beep_On
  D:00DAH         PUBLIC        CCAPM6
  C:72A7H         PUBLIC        Init_PCA_PWM
  D:00D9H         PUBLIC        CMOD
  D:00D8H         PUBLIC        CCON
  D:00CFH         PUBLIC        CHRL
  C:7761H         PUBLIC        Init_Timer0
  D:00CEH         PUBLIC        CLRL
  B:00A0H.0       PUBLIC        P20
  C:781BH         PUBLIC        _DelayXus
  D:0089H         PUBLIC        TMOD
  D:0088H         PUBLIC        TCON
  D:008CH         PUBLIC        TH0
  C:5F67H         PUBLIC        INT_T0
  D:008AH         PUBLIC        TL0
  C:7741H         PUBLIC        _delay_ms
  B:0088H.4       PUBLIC        TR0
  I:00D0H         PUBLIC        Time_Tx_Out
  D:0098H         PUBLIC        S0CON
  D:0098H         PUBLIC        S1CON
  D:00C8H         PUBLIC        T2CON
  D:00A1H         PUBLIC        AUXR0
  D:00A3H         PUBLIC        AUXR2
  C:78A1H         PUBLIC        Init_Beep
  C:0006H         PUBLIC        Beep_Off
  D:00F2H         PUBLIC        PCAPWM0
  D:00D0H         PUBLIC        PSW
  -------         PROC          INIT_TIMER0
  C:7761H         LINE#         29
  C:7761H         LINE#         30
BL51 BANKED LINKER/LOCATER V6.22.2.0                                                  03/01/2022  16:31:57  PAGE 16


  C:7761H         LINE#         31
  C:776BH         LINE#         33
  C:7774H         LINE#         35
  C:7777H         LINE#         37
  C:777AH         LINE#         38
  C:777DH         LINE#         40
  C:777FH         LINE#         41
  -------         ENDPROC       INIT_TIMER0
  -------         PROC          INT_T0
  C:5F67H         LINE#         51
  C:5F78H         LINE#         53
  C:5F7BH         LINE#         54
  C:5F7EH         LINE#         56
  C:5F8AH         LINE#         57
  C:5F98H         LINE#         58
  C:5FA4H         LINE#         59
  C:5FB2H         LINE#         60
  C:5FBEH         LINE#         61
  C:5FCCH         LINE#         62
  C:5FD7H         LINE#         63
  C:5FDFH         LINE#         64
  C:5FEBH         LINE#         65
  C:5FF9H         LINE#         66
  C:6000H         LINE#         67
  C:6005H         LINE#         69
  C:6005H         LINE#         70
  C:6009H         LINE#         71
  C:6017H         LINE#         72
  C:6017H         LINE#         73
  C:601FH         LINE#         74
  C:6025H         LINE#         75
  C:602DH         LINE#         76
  C:6033H         LINE#         77
  C:603BH         LINE#         78
  C:6041H         LINE#         79
  C:604DH         LINE#         80
  C:605BH         LINE#         81
  C:6067H         LINE#         82
  C:6075H         LINE#         84
  C:6088H         LINE#         85
  C:60A2H         LINE#         86
  -------         ENDPROC       INT_T0
  -------         PROC          INIT_PCA_PWM
  C:72A7H         LINE#         90
  C:72A7H         LINE#         91
  C:72A7H         LINE#         92
  C:72B1H         LINE#         93
  C:72BAH         LINE#         94
  C:72C6H         LINE#         95
  C:72C9H         LINE#         98
  C:72DFH         LINE#         101
  C:72E5H         LINE#         102
  C:72EBH         LINE#         103
  -------         ENDPROC       INIT_PCA_PWM
  -------         PROC          INIT_BEEP
  C:78A1H         LINE#         105
  C:78A1H         LINE#         106
BL51 BANKED LINKER/LOCATER V6.22.2.0                                                  03/01/2022  16:31:57  PAGE 17


  C:78A1H         LINE#         107
  C:78A4H         LINE#         108
  -------         ENDPROC       INIT_BEEP
  -------         PROC          BEEP_ON
  C:78A5H         LINE#         110
  C:78A5H         LINE#         111
  C:78A5H         LINE#         112
  C:78A7H         LINE#         113
  -------         ENDPROC       BEEP_ON
  -------         PROC          BEEP_OFF
  C:0006H         LINE#         115
  C:0006H         LINE#         116
  C:0006H         LINE#         117
  C:0008H         LINE#         118
  C:000AH         LINE#         119
  -------         ENDPROC       BEEP_OFF
  -------         PROC          _DELAYXUS
  D:001FH         SYMBOL        xUs
  C:781BH         LINE#         129
  C:781DH         LINE#         130
  C:781DH         LINE#         131
  C:7825H         LINE#         132
  C:7825H         LINE#         134
  C:7826H         LINE#         135
  C:7827H         LINE#         136
  C:7828H         LINE#         137
  C:7829H         LINE#         138
  C:782AH         LINE#         139
  C:782BH         LINE#         157
  C:782DH         LINE#         158
  C:782FH         LINE#         159
  -------         ENDPROC       _DELAYXUS
  -------         PROC          _DELAY_MS
  D:0060H         SYMBOL        ms
  C:7741H         LINE#         169
  C:7743H         LINE#         170
  C:7743H         LINE#         171
  C:774AH         LINE#         172
  C:774AH         LINE#         173
  C:774FH         LINE#         174
  C:7754H         LINE#         175
  C:7759H         LINE#         176
  C:775EH         LINE#         177
  C:7760H         LINE#         178
  -------         ENDPROC       _DELAY_MS
  -------         ENDMOD        TIMER

  -------         MODULE        UART
  C:0000H         SYMBOL        _ICE_DUMMY_
  D:0090H         PUBLIC        P1
  D:00A0H         PUBLIC        P2
  B:0098H.6       PUBLIC        SM10
  D:00C0H         PUBLIC        XICON
  D:00B0H         PUBLIC        P3
  D:00E8H         PUBLIC        P4
  D:00F8H         PUBLIC        P5
  X:0659H         PUBLIC        Databits_t
BL51 BANKED LINKER/LOCATER V6.22.2.0                                                  03/01/2022  16:31:57  PAGE 18


  D:00F8H         PUBLIC        P6
  D:00ACH         PUBLIC        SFRPI
  X:065DH         PUBLIC        FLAG_testNo91_step
  D:00A8H         PUBLIC        IE
  X:065EH         PUBLIC        FLAG_testNo91SendUart
  D:00B8H         PUBLIC        IP0L
  B:0098H.4       PUBLIC        REN0
  X:065FH         PUBLIC        UART_DATA_buffer
  X:0688H         PUBLIC        UART_DATA_ID98
  X:06B1H         PUBLIC        U1AckTimer
  D:00D8H         PUBLIC        CCON
  X:06B2H         PUBLIC        UartStatus
  X:06B3H         PUBLIC        UartCount
  B:00C8H.5       PUBLIC        RCLK
  B:00C8H.4       PUBLIC        TCLK
  B:0090H.0       PUBLIC        P10
  B:0090H.1       PUBLIC        P11
  B:00A0H.1       PUBLIC        P21
  B:0090H.2       PUBLIC        P12
  B:00A0H.2       PUBLIC        P22
  B:00A0H.3       PUBLIC        P23
  D:0089H         PUBLIC        TMOD
  D:0088H         PUBLIC        TCON
  C:664FH         PUBLIC        _ReceiveFrame
  B:00A0H.5       PUBLIC        P25
  B:00B0H.5       PUBLIC        P35
  B:00A0H.7       PUBLIC        P27
  C:683AH         PUBLIC        INT_UART0
  X:06B4H         PUBLIC        UartLen
  C:4A72H         PUBLIC        OprationFrame
  C:7868H         SYMBOL        _?ix1000
  I:00CDH         PUBLIC        ACKBack
  C:7872H         SYMBOL        _?ix1001
  X:06B5H         PUBLIC        PROFILE_CH_FREQ_32bit_200002EC_uart
  B:00A8H.4       PUBLIC        ES0
  B:0098H.0       PUBLIC        RI0
  B:0098H.1       PUBLIC        TI0
  D:008DH         PUBLIC        TH1
  D:008BH         PUBLIC        TL1
  D:009CH         PUBLIC        S0CFG
  B:0088H.6       PUBLIC        TR1
  X:06B9H         PUBLIC        uart0_rx_len
  X:06BAH         PUBLIC        FLAG_testBEEP
  X:06BBH         PUBLIC        uart0_tx_len
  C:0026H         PUBLIC        PC_PRG
  C:75EAH         PUBLIC        _hex_asc
  C:7679H         PUBLIC        _asc_hex
  D:0099H         PUBLIC        S0BUF
  D:0087H         PUBLIC        PCON0
  C:7555H         PUBLIC        Init_Uart0_T1_ODD
  D:0098H         PUBLIC        S0CON
  D:0098H         PUBLIC        S1CON
  X:06BCH         PUBLIC        FLAG_testNo91
  D:00C8H         PUBLIC        T2CON
  C:7431H         PUBLIC        _Send_Data
  B:0098H.7       PUBLIC        SM00_FE
  C:7070H         PUBLIC        TranmissionACK
BL51 BANKED LINKER/LOCATER V6.22.2.0                                                  03/01/2022  16:31:57  PAGE 19


  C:7780H         PUBLIC        _asc_hex_2
  C:7830H         PUBLIC        _Uart0SendByte
  B:0020H.1       PUBLIC        rx_done
  D:00A3H         PUBLIC        AUXR2
  X:06BDH         PUBLIC        U1Statues
  D:00D0H         PUBLIC        PSW
  -------         PROC          INIT_UART0_T1_ODD
  C:7555H         LINE#         73
  C:7555H         LINE#         74
  C:7555H         LINE#         75
  C:755CH         LINE#         76
  C:755EH         LINE#         78
  C:7565H         LINE#         79
  C:756BH         LINE#         81
  C:7575H         LINE#         82
  C:757BH         LINE#         83
  C:757EH         LINE#         87
  C:7581H         LINE#         88
  C:7584H         LINE#         96
  C:7586H         LINE#         97
  -------         ENDPROC       INIT_UART0_T1_ODD
  -------         PROC          INT_UART0
  -------         DO            
  I:00D8H         SYMBOL        dat
  -------         ENDDO         
  C:683AH         LINE#         108
  C:6857H         LINE#         110
  C:685BH         LINE#         111
  C:685DH         LINE#         113
  C:6860H         LINE#         114
  C:6863H         LINE#         115
  C:6863H         LINE#         116
  C:6865H         LINE#         117
  C:6865H         LINE#         118
  C:686BH         LINE#         119
  C:686BH         LINE#         120
  C:686DH         LINE#         121
  C:6871H         LINE#         122
  C:6889H         LINE#         124
  C:6889H         LINE#         125
  C:6896H         LINE#         126
  C:68ABH         LINE#         127
  C:68BCH         LINE#         128
  C:68C5H         LINE#         129
  C:68C5H         LINE#         130
  C:68D7H         LINE#         131
  C:68D7H         LINE#         132
  C:68F7H         LINE#         133
  C:68FCH         LINE#         134
  C:690AH         LINE#         136
  C:690AH         LINE#         137
  C:690AH         LINE#         138
  C:690AH         LINE#         139
  C:690CH         LINE#         140
  -------         ENDPROC       INT_UART0
  -------         PROC          _UART0SENDBYTE
  D:0061H         SYMBOL        tByte
BL51 BANKED LINKER/LOCATER V6.22.2.0                                                  03/01/2022  16:31:57  PAGE 20


  -------         DO            
  B:0020H.0       SYMBOL        bES
  -------         ENDDO         
  C:7830H         LINE#         148
  C:7832H         LINE#         149
  C:7832H         LINE#         151
  C:7836H         LINE#         152
  C:7838H         LINE#         153
  C:783BH         LINE#         155
  C:783EH         LINE#         156
  C:7840H         LINE#         157
  C:7844H         LINE#         158
  -------         ENDPROC       _UART0SENDBYTE
  -------         PROC          _SEND_DATA
  D:0037H         SYMBOL        buff
  D:003AH         SYMBOL        len
  -------         DO            
  X:0643H         SYMBOL        i
  -------         ENDDO         
  C:7431H         LINE#         161
  C:7439H         LINE#         162
  C:7439H         LINE#         163
  C:743EH         LINE#         164
  C:744EH         LINE#         165
  C:744EH         LINE#         166
  C:7465H         LINE#         167
  C:746DH         LINE#         168
  -------         ENDPROC       _SEND_DATA
  -------         PROC          _ASC_HEX
  D:0062H         SYMBOL        asc
  -------         DO            
  X:0644H         SYMBOL        i
  -------         ENDDO         
  C:7679H         LINE#         170
  C:767BH         LINE#         171
  C:767BH         LINE#         173
  C:768AH         LINE#         174
  C:7696H         LINE#         176
  C:76A0H         LINE#         177
  C:76A5H         LINE#         178
  -------         ENDPROC       _ASC_HEX
  -------         PROC          _HEX_ASC
  D:0063H         SYMBOL        hex
  -------         DO            
  X:0645H         SYMBOL        i
  -------         ENDDO         
  C:75EAH         LINE#         180
  C:75ECH         LINE#         181
  C:75ECH         LINE#         183
  C:75EFH         LINE#         184
  C:75FEH         LINE#         185
  C:760AH         LINE#         187
  C:7614H         LINE#         188
  C:7619H         LINE#         189
  -------         ENDPROC       _HEX_ASC
  -------         PROC          _ASC_HEX_2
  D:0053H         SYMBOL        asc1
BL51 BANKED LINKER/LOCATER V6.22.2.0                                                  03/01/2022  16:31:57  PAGE 21


  D:0054H         SYMBOL        asc0
  -------         DO            
  D:0055H         SYMBOL        i
  -------         ENDDO         
  C:7780H         LINE#         191
  C:7784H         LINE#         192
  C:7784H         LINE#         194
  C:779BH         LINE#         195
  C:779DH         LINE#         196
  -------         ENDPROC       _ASC_HEX_2
  -------         PROC          _RECEIVEFRAME
  D:0064H         SYMBOL        Cache
  C:664FH         LINE#         199
  C:6651H         LINE#         200
  C:6651H         LINE#         201
  C:6664H         LINE#         202
  C:6664H         LINE#         203
  C:6664H         LINE#         204
  C:6664H         LINE#         205
  C:666EH         LINE#         206
  C:6678H         LINE#         207
  C:667EH         LINE#         208
  C:6698H         LINE#         210
  C:6698H         LINE#         211
  C:669EH         LINE#         212
  C:66A4H         LINE#         213
  C:66AEH         LINE#         214
  C:66C5H         LINE#         215
  C:66C5H         LINE#         216
  C:66C5H         LINE#         217
  C:66C7H         LINE#         218
  C:66C7H         LINE#         219
  C:66C7H         LINE#         220
  C:66D9H         LINE#         221
  C:66DFH         LINE#         222
  C:66F2H         LINE#         223
  C:66F8H         LINE#         224
  C:66F8H         LINE#         225
  C:66FAH         LINE#         226
  C:66FAH         LINE#         227
  C:66FFH         LINE#         228
  C:6704H         LINE#         229
  C:6704H         LINE#         230
  C:6704H         LINE#         231
  C:6711H         LINE#         232
  C:6711H         LINE#         234
  C:6714H         LINE#         235
  C:6719H         LINE#         236
  C:671EH         LINE#         238
  C:673EH         LINE#         240
  C:673EH         LINE#         241
  C:6744H         LINE#         242
  C:674AH         LINE#         243
  C:674AH         LINE#         244
  C:674AH         LINE#         245
  -------         ENDPROC       _RECEIVEFRAME
  -------         PROC          OPRATIONFRAME
BL51 BANKED LINKER/LOCATER V6.22.2.0                                                  03/01/2022  16:31:57  PAGE 22


  -------         DO            
  I:00D9H         SYMBOL        i
  -------         ENDDO         
  C:4A72H         LINE#         247
  C:4A72H         LINE#         248
  C:4A72H         LINE#         249
  C:4A76H         LINE#         250
  C:4A8BH         LINE#         251
  C:4AB0H         LINE#         252
  C:4AC0H         LINE#         253
  C:4AC0H         LINE#         254
  C:4ACEH         LINE#         255
  C:4ADAH         LINE#         256
  C:4AE8H         LINE#         260
  C:4B3AH         LINE#         261
  C:4B6CH         LINE#         262
  C:4B7AH         LINE#         263
  C:4B7EH         LINE#         264
  C:4BA6H         LINE#         265
  C:4BA6H         LINE#         266
  C:4BA6H         LINE#         267
  C:4BA6H         LINE#         268
  C:4BA6H         LINE#         269
  C:4BA6H         LINE#         270
  C:4BA6H         LINE#         271
  C:4BA6H         LINE#         272
  C:4BA8H         LINE#         273
  C:4BA8H         LINE#         274
  C:4BADH         LINE#         276
  C:4BADH         LINE#         277
  C:4BADH         LINE#         278
  C:4BD0H         LINE#         279
  C:4BD0H         LINE#         280
  C:4BD0H         LINE#         281
  C:4BD0H         LINE#         282
  C:4BD0H         LINE#         283
  C:4BD0H         LINE#         284
  C:4BD0H         LINE#         285
  C:4BD0H         LINE#         286
  C:4BD2H         LINE#         287
  C:4BD2H         LINE#         288
  C:4BD7H         LINE#         290
  C:4BD7H         LINE#         291
  C:4BD7H         LINE#         292
  C:4C08H         LINE#         293
  C:4C08H         LINE#         294
  C:4C08H         LINE#         295
  C:4C08H         LINE#         296
  C:4C08H         LINE#         297
  C:4C08H         LINE#         298
  C:4C08H         LINE#         299
  C:4C08H         LINE#         300
  C:4C08H         LINE#         301
  C:4C08H         LINE#         302
  C:4C08H         LINE#         303
  C:4C08H         LINE#         304
  C:4C08H         LINE#         305
BL51 BANKED LINKER/LOCATER V6.22.2.0                                                  03/01/2022  16:31:57  PAGE 23


  C:4C08H         LINE#         306
  C:4C09H         LINE#         307
  C:4C09H         LINE#         308
  C:4C0EH         LINE#         310
  C:4C0EH         LINE#         311
  C:4C0EH         LINE#         312
  C:4C0FH         LINE#         313
  C:4C1FH         LINE#         314
  C:4C1FH         LINE#         315
  C:4C24H         LINE#         316
  C:4C29H         LINE#         317
  C:4C63H         LINE#         318
  C:4C71H         LINE#         319
  C:4C8FH         LINE#         320
  C:4C94H         LINE#         321
  C:4C99H         LINE#         322
  C:4C9FH         LINE#         323
  C:4CA0H         LINE#         324
  C:4CADH         LINE#         325
  C:4CADH         LINE#         326
  C:4CD5H         LINE#         327
  C:4CD5H         LINE#         328
  C:4CD9H         LINE#         329
  C:4CDFH         LINE#         330
  C:4CF1H         LINE#         331
  C:4CF7H         LINE#         332
  C:4CFCH         LINE#         333
  C:4D06H         LINE#         334
  C:4D07H         LINE#         336
  C:4D07H         LINE#         337
  C:4D0BH         LINE#         338
  C:4D11H         LINE#         339
  C:4D1BH         LINE#         340
  C:4D21H         LINE#         341
  C:4D21H         LINE#         342
  C:4D22H         LINE#         343
  C:4D2FH         LINE#         344
  C:4D2FH         LINE#         345
  C:4D4EH         LINE#         346
  C:4D4EH         LINE#         347
  C:4D4EH         LINE#         348
  C:4D54H         LINE#         349
  C:4D5EH         LINE#         350
  C:4D5FH         LINE#         351
  C:4D5FH         LINE#         352
  C:4D65H         LINE#         353
  C:4D6FH         LINE#         354
  C:4D70H         LINE#         355
  C:4D70H         LINE#         356
  C:4D76H         LINE#         357
  C:4D80H         LINE#         358
  C:4D81H         LINE#         359
  C:4D81H         LINE#         360
  C:4D87H         LINE#         361
  C:4D88H         LINE#         362
  C:4D88H         LINE#         363
  C:4D8EH         LINE#         364
BL51 BANKED LINKER/LOCATER V6.22.2.0                                                  03/01/2022  16:31:57  PAGE 24


  C:4D8FH         LINE#         365
  C:4D8FH         LINE#         366
  C:4D95H         LINE#         367
  C:4D96H         LINE#         368
  C:4D96H         LINE#         369
  C:4D97H         LINE#         370
  C:4D97H         LINE#         372
  C:4D98H         LINE#         374
  C:4D98H         LINE#         375
  C:4D9CH         LINE#         377
  C:4D9CH         LINE#         378
  -------         ENDPROC       OPRATIONFRAME
  -------         PROC          TRANMISSIONACK
  C:7070H         LINE#         381
  C:7070H         LINE#         382
  C:7070H         LINE#         383
  C:7088H         LINE#         384
  C:7088H         LINE#         385
  C:708EH         LINE#         386
  C:7099H         LINE#         387
  C:709EH         LINE#         388
  C:709EH         LINE#         390
  C:70B6H         LINE#         391
  C:70B6H         LINE#         392
  C:70C1H         LINE#         393
  C:70C6H         LINE#         394
  C:70CBH         LINE#         395
  C:70CBH         LINE#         396
  -------         ENDPROC       TRANMISSIONACK
  -------         PROC          PC_PRG
  -------         DO            
  X:0646H         SYMBOL        send_dat
  X:0650H         SYMBOL        send_ok
  X:0654H         SYMBOL        UART_ID_data
  X:0658H         SYMBOL        re_byte
  -------         ENDDO         
  C:0026H         LINE#         399
  C:0026H         LINE#         400
  C:0026H         LINE#         401
  C:004BH         LINE#         402
  C:0070H         LINE#         404
  C:0075H         LINE#         406
  C:0081H         LINE#         407
  C:0081H         LINE#         408
  C:008FH         LINE#         410
  C:00C4H         LINE#         411
  C:00C4H         LINE#         412
  C:00D0H         LINE#         413
  C:00DCH         LINE#         414
  C:00E8H         LINE#         415
  C:00EAH         LINE#         416
  C:00ECH         LINE#         417
  C:00EEH         LINE#         418
  C:00F0H         LINE#         419
  C:00F2H         LINE#         420
  C:00F4H         LINE#         421
  C:00FCH         LINE#         422
BL51 BANKED LINKER/LOCATER V6.22.2.0                                                  03/01/2022  16:31:57  PAGE 25


  C:0104H         LINE#         423
  C:0109H         LINE#         424
  C:010EH         LINE#         425
  C:0119H         LINE#         426
  C:0119H         LINE#         427
  C:0133H         LINE#         428
  C:0133H         LINE#         429
  C:0155H         LINE#         430
  C:0155H         LINE#         431
  C:0155H         LINE#         432
  C:0162H         LINE#         433
  C:0162H         LINE#         434
  C:017AH         LINE#         435
  C:0186H         LINE#         436
  C:0192H         LINE#         437
  C:0196H         LINE#         438
  C:019BH         LINE#         439
  C:01A6H         LINE#         440
  C:01ABH         LINE#         441
  C:01B6H         LINE#         442
  C:01B6H         LINE#         443
  C:01B9H         LINE#         444
  C:01B9H         LINE#         445
  C:01D7H         LINE#         446
  C:01D7H         LINE#         447
  C:01E3H         LINE#         448
  C:01EFH         LINE#         449
  C:01FBH         LINE#         450
  C:01FDH         LINE#         451
  C:01FFH         LINE#         452
  C:0201H         LINE#         453
  C:0203H         LINE#         454
  C:0205H         LINE#         455
  C:0207H         LINE#         456
  C:020FH         LINE#         457
  C:0217H         LINE#         458
  C:021CH         LINE#         459
  C:0221H         LINE#         460
  C:022CH         LINE#         461
  C:022FH         LINE#         462
  C:0249H         LINE#         463
  C:0249H         LINE#         464
  C:0251H         LINE#         465
  C:0254H         LINE#         466
  C:025EH         LINE#         467
  C:0269H         LINE#         468
  C:0274H         LINE#         469
  C:0274H         LINE#         470
  C:0277H         LINE#         471
  C:0277H         LINE#         472
  C:028BH         LINE#         473
  C:028BH         LINE#         474
  C:02A3H         LINE#         475
  C:02AFH         LINE#         476
  C:02BBH         LINE#         477
  C:02BFH         LINE#         478
  C:02C4H         LINE#         479
BL51 BANKED LINKER/LOCATER V6.22.2.0                                                  03/01/2022  16:31:57  PAGE 26


  C:02CFH         LINE#         480
  C:02D4H         LINE#         481
  C:02DFH         LINE#         482
  C:02E2H         LINE#         483
  C:0300H         LINE#         484
  C:0300H         LINE#         485
  C:0306H         LINE#         486
  C:030CH         LINE#         487
  C:0312H         LINE#         488
  C:0324H         LINE#         489
  C:0335H         LINE#         490
  C:033BH         LINE#         491
  C:0346H         LINE#         492
  C:0349H         LINE#         493
  C:037AH         LINE#         494
  C:037AH         LINE#         495
  C:0386H         LINE#         496
  C:0398H         LINE#         497
  C:039DH         LINE#         498
  C:03A1H         LINE#         499
  C:03B6H         LINE#         500
  C:03B6H         LINE#         501
  C:03C0H         LINE#         502
  C:03D3H         LINE#         503
  C:03FAH         LINE#         504
  C:0411H         LINE#         505
  C:041CH         LINE#         506
  C:0443H         LINE#         507
  C:045AH         LINE#         508
  C:0465H         LINE#         509
  C:0468H         LINE#         510
  C:0495H         LINE#         511
  C:0495H         LINE#         512
  C:049FH         LINE#         513
  C:04B2H         LINE#         514
  C:04B9H         LINE#         515
  C:04E5H         LINE#         516
  C:04FCH         LINE#         517
  C:0507H         LINE#         518
  C:0533H         LINE#         519
  C:054AH         LINE#         520
  C:0555H         LINE#         521
  C:0555H         LINE#         522
  C:055AH         LINE#         523
  C:055AH         LINE#         524
  C:055DH         LINE#         526
  C:055DH         LINE#         527
  C:05A1H         LINE#         528
  C:05A1H         LINE#         529
  C:05A7H         LINE#         530
  C:05ADH         LINE#         531
  C:05B3H         LINE#         532
  C:05B9H         LINE#         533
  C:05BFH         LINE#         534
  C:05D5H         LINE#         535
  C:05E6H         LINE#         536
  C:05ECH         LINE#         537
BL51 BANKED LINKER/LOCATER V6.22.2.0                                                  03/01/2022  16:31:57  PAGE 27


  C:05F7H         LINE#         538
  C:05FAH         LINE#         539
  C:060EH         LINE#         540
  C:060EH         LINE#         541
  C:0610H         LINE#         542
  C:061CH         LINE#         543
  C:0624H         LINE#         544
  C:062CH         LINE#         545
  C:0631H         LINE#         546
  C:0635H         LINE#         547
  C:063AH         LINE#         548
  C:0644H         LINE#         549
  C:064FH         LINE#         550
  C:0652H         LINE#         551
  C:0657H         LINE#         552
  C:0663H         LINE#         553
  C:066EH         LINE#         554
  C:0671H         LINE#         555
  C:068BH         LINE#         556
  C:068BH         LINE#         557
  C:06B9H         LINE#         558
  C:06C6H         LINE#         559
  C:06CCH         LINE#         560
  C:06D2H         LINE#         561
  C:06D8H         LINE#         562
  C:06EEH         LINE#         563
  C:06FFH         LINE#         564
  C:0705H         LINE#         565
  C:070AH         LINE#         566
  C:0715H         LINE#         567
  C:0718H         LINE#         568
  C:0732H         LINE#         569
  C:0732H         LINE#         570
  C:074CH         LINE#         571
  C:074CH         LINE#         572
  C:0751H         LINE#         573
  C:075CH         LINE#         574
  C:0767H         LINE#         575
  C:0772H         LINE#         576
  C:07B6H         LINE#         577
  C:07CAH         LINE#         578
  C:07D0H         LINE#         579
  C:07D6H         LINE#         580
  C:07DCH         LINE#         581
  C:07EEH         LINE#         582
  C:07FFH         LINE#         583
  C:0811H         LINE#         584
  C:0822H         LINE#         585
  C:0834H         LINE#         586
  C:0845H         LINE#         587
  C:084BH         LINE#         588
  C:0856H         LINE#         589
  C:0856H         LINE#         590
  C:0856H         LINE#         591
  C:0859H         LINE#         592
  C:0859H         LINE#         593
  C:0873H         LINE#         594
BL51 BANKED LINKER/LOCATER V6.22.2.0                                                  03/01/2022  16:31:57  PAGE 28


  C:0873H         LINE#         595
  C:0879H         LINE#         596
  C:087FH         LINE#         597
  C:0885H         LINE#         598
  C:088AH         LINE#         599
  C:089CH         LINE#         600
  C:08B2H         LINE#         601
  C:08C3H         LINE#         602
  C:08C9H         LINE#         603
  C:08D4H         LINE#         604
  C:08D4H         LINE#         605
  C:08D7H         LINE#         606
  C:08D7H         LINE#         607
  C:08F1H         LINE#         608
  C:08F1H         LINE#         609
  C:091CH         LINE#         610
  C:0947H         LINE#         611
  C:0972H         LINE#         612
  C:099DH         LINE#         613
  C:09C8H         LINE#         614
  C:09FCH         LINE#         615
  C:09FFH         LINE#         616
  C:0A19H         LINE#         617
  C:0A19H         LINE#         618
  C:0A44H         LINE#         619
  C:0A6FH         LINE#         620
  C:0A9AH         LINE#         621
  C:0AC5H         LINE#         622
  C:0AF0H         LINE#         623
  C:0B24H         LINE#         624
  C:0B24H         LINE#         625
  C:0B27H         LINE#         626
  C:0B27H         LINE#         627
  C:0B3BH         LINE#         628
  C:0B3BH         LINE#         629
  C:0B40H         LINE#         630
  C:0B52H         LINE#         631
  C:0B64H         LINE#         632
  C:0B76H         LINE#         633
  C:0B89H         LINE#         635
  C:0B9DH         LINE#         636
  C:0BA8H         LINE#         637
  C:0BA8H         LINE#         638
  C:0BA8H         LINE#         639
  C:0BA8H         LINE#         640
  C:0BA8H         LINE#         641
  C:0BA8H         LINE#         642
  C:0BA8H         LINE#         643
  C:0BA8H         LINE#         644
  C:0BC1H         LINE#         645
  -------         ENDPROC       PC_PRG
  -------         ENDMOD        UART

  -------         MODULE        IAP_FLASH
  C:0000H         SYMBOL        _ICE_DUMMY_
  D:0090H         PUBLIC        P1
  D:00A0H         PUBLIC        P2
BL51 BANKED LINKER/LOCATER V6.22.2.0                                                  03/01/2022  16:31:57  PAGE 29


  C:1E3EH         PUBLIC        ID_learn
  D:00E7H         PUBLIC        ISPCR
  D:00C0H         PUBLIC        XICON
  D:00B0H         PUBLIC        P3
  D:00E8H         PUBLIC        P4
  D:00F8H         PUBLIC        P5
  D:00F8H         PUBLIC        P6
  B:00A8H.7       PUBLIC        EA
  C:5813H         PUBLIC        _IAP_WriteBuf_With_Protect_Verify
  D:00A8H         PUBLIC        IE
  D:00B8H         PUBLIC        IP0L
  C:6C40H         PUBLIC        IAP_Erase_All_ID
  C:76A6H         PUBLIC        _IAP_WritePPage
  D:00BFH         PUBLIC        CKCON1
  D:00D8H         PUBLIC        CCON
  D:00E6H         PUBLIC        SCMD
  C:76F9H         PUBLIC        _IAP_ErasePage
  D:00E3H         PUBLIC        IFADRH
  D:00E5H         PUBLIC        IFMT
  C:55A5H         PUBLIC        _Delete_GeneralID_EEPROM
  B:00A0H.1       PUBLIC        P21
  D:00E4H         PUBLIC        IFADRL
  C:69FEH         PUBLIC        ID_Login_EXIT_Initial
  D:0088H         PUBLIC        TCON
  B:00A0H.5       PUBLIC        P25
  C:751DH         PUBLIC        _IAP_Write_Byte
  C:7859H         SYMBOL        _?ix1000
  C:7882H         PUBLIC        Init_IAP_flash
  C:785CH         SYMBOL        _?ix1001
  C:785FH         SYMBOL        _?ix1002
  C:7862H         SYMBOL        _?ix1003
  C:7371H         PUBLIC        ALL_ID_EEPROM_Erase
  C:7865H         SYMBOL        _?ix1004
  C:5331H         PUBLIC        ID_EEPROM_write
  C:38E3H         PUBLIC        eeprom_sys_load
  D:00E2H         PUBLIC        IFD
  C:6ED0H         PUBLIC        _ID_SCX1801_EEPROM_write
  D:0098H         PUBLIC        S0CON
  D:0098H         PUBLIC        S1CON
  D:00C8H         PUBLIC        T2CON
  D:00D0H         PUBLIC        PSW
  -------         PROC          INIT_IAP_FLASH
  C:7882H         LINE#         16
  C:7882H         LINE#         17
  C:7882H         LINE#         19
  C:7885H         LINE#         22
  C:788CH         LINE#         23
  -------         ENDPROC       INIT_IAP_FLASH
  -------         PROC          _IAP_WRITEPPAGE
  D:005CH         SYMBOL        PsfrAddr
  D:005DH         SYMBOL        PsfrData
  -------         DO            
  B:0020H.2       SYMBOL        bEA
  -------         ENDDO         
  C:76A6H         LINE#         34
  C:76AAH         LINE#         35
  C:76AAH         LINE#         36
BL51 BANKED LINKER/LOCATER V6.22.2.0                                                  03/01/2022  16:31:57  PAGE 30


  C:76AEH         LINE#         37
  C:76B0H         LINE#         38
  C:76B3H         LINE#         39
  C:76B6H         LINE#         40
  C:76B9H         LINE#         41
  C:76BCH         LINE#         42
  C:76BFH         LINE#         44
  C:76C2H         LINE#         46
  C:76C5H         LINE#         47
  C:76C6H         LINE#         48
  C:76C9H         LINE#         49
  C:76CCH         LINE#         50
  C:76D0H         LINE#         51
  -------         ENDPROC       _IAP_WRITEPPAGE
  -------         PROC          _IAP_ERASEPAGE
  D:0065H         SYMBOL        ByteAddr
  -------         DO            
  B:0020H.3       SYMBOL        bEA
  -------         ENDDO         
  C:76F9H         LINE#         92
  C:76FBH         LINE#         93
  C:76FBH         LINE#         94
  C:76FFH         LINE#         95
  C:7702H         LINE#         96
  C:7705H         LINE#         97
  C:7707H         LINE#         98
  C:770AH         LINE#         99
  C:770DH         LINE#         101
  C:7710H         LINE#         103
  C:7713H         LINE#         104
  C:7714H         LINE#         105
  C:7717H         LINE#         106
  C:771AH         LINE#         107
  C:771EH         LINE#         108
  -------         ENDPROC       _IAP_ERASEPAGE
  -------         PROC          _IAP_WRITEBUF_WITH_PROTECT_VERIFY
  D:0018H         SYMBOL        ByteAddr
  D:001AH         SYMBOL        pBuf
  D:001DH         SYMBOL        Cnt
  -------         DO            
  X:03B5H         SYMBOL        TempBuf
  X:05B5H         SYMBOL        i
  X:05B7H         SYMBOL        ErrCnt
  X:05B8H         SYMBOL        SectorAddr
  B:0020H.4       SYMBOL        bEA
  C:58F9H         SYMBOL        Err_Loop
  C:5A35H         SYMBOL        Err_Return
  -------         ENDDO         
  C:5813H         LINE#         123
  C:581DH         LINE#         124
  C:581DH         LINE#         129
  C:5821H         LINE#         131
  C:5823H         LINE#         132
  C:5828H         LINE#         134
  C:5837H         LINE#         135
  C:584DH         LINE#         136
  C:584DH         LINE#         137
BL51 BANKED LINKER/LOCATER V6.22.2.0                                                  03/01/2022  16:31:57  PAGE 31


  C:5854H         LINE#         138
  C:585BH         LINE#         139
  C:585EH         LINE#         140
  C:5861H         LINE#         141
  C:5864H         LINE#         142
  C:5867H         LINE#         143
  C:586AH         LINE#         144
  C:586DH         LINE#         145
  C:587BH         LINE#         146
  C:5890H         LINE#         147
  C:5893H         LINE#         148
  C:58A3H         LINE#         150
  C:58B2H         LINE#         151
  C:58B8H         LINE#         152
  C:58B8H         LINE#         153
  C:58D6H         LINE#         154
  C:58E1H         LINE#         155
  C:58EFH         LINE#         156
  C:58F7H         LINE#         157
  C:58F9H         LINE#         158
  C:58F9H         LINE#         160
  C:5908H         LINE#         161
  C:590FH         LINE#         162
  C:5912H         LINE#         163
  C:5915H         LINE#         164
  C:5918H         LINE#         166
  C:591BH         LINE#         168
  C:591EH         LINE#         169
  C:591FH         LINE#         170
  C:5922H         LINE#         171
  C:5925H         LINE#         173
  C:593BH         LINE#         174
  C:593BH         LINE#         175
  C:5951H         LINE#         176
  C:5958H         LINE#         177
  C:595FH         LINE#         178
  C:5962H         LINE#         179
  C:5965H         LINE#         181
  C:5968H         LINE#         183
  C:596BH         LINE#         184
  C:596CH         LINE#         185
  C:596FH         LINE#         186
  C:5972H         LINE#         187
  C:5980H         LINE#         188
  C:5983H         LINE#         189
  C:5993H         LINE#         191
  C:59A2H         LINE#         192
  C:59B8H         LINE#         193
  C:59B8H         LINE#         194
  C:59BFH         LINE#         195
  C:59C6H         LINE#         196
  C:59C9H         LINE#         197
  C:59CCH         LINE#         199
  C:59CFH         LINE#         201
  C:59D2H         LINE#         202
  C:59D5H         LINE#         203
  C:59D8H         LINE#         204
BL51 BANKED LINKER/LOCATER V6.22.2.0                                                  03/01/2022  16:31:57  PAGE 32


  C:59E6H         LINE#         205
  C:59E9H         LINE#         206
  C:5A02H         LINE#         207
  C:5A02H         LINE#         208
  C:5A08H         LINE#         209
  C:5A1AH         LINE#         210
  C:5A1AH         LINE#         211
  C:5A1DH         LINE#         212
  C:5A1DH         LINE#         214
  C:5A1DH         LINE#         215
  C:5A1FH         LINE#         216
  C:5A1FH         LINE#         217
  C:5A1FH         LINE#         218
  C:5A30H         LINE#         219
  C:5A35H         LINE#         220
  C:5A35H         LINE#         221
  C:5A39H         LINE#         222
  C:5A3EH         LINE#         223
  -------         ENDPROC       _IAP_WRITEBUF_WITH_PROTECT_VERIFY
  -------         PROC          _IAP_WRITE_BYTE
  D:0056H         SYMBOL        Addr
  D:0058H         SYMBOL        wdata
  -------         DO            
  B:0020H.5       SYMBOL        bEA
  -------         ENDDO         
  C:751DH         LINE#         226
  C:7523H         LINE#         227
  C:7523H         LINE#         228
  C:7527H         LINE#         229
  C:7529H         LINE#         230
  C:752CH         LINE#         231
  C:7536H         LINE#         232
  C:753DH         LINE#         233
  C:7540H         LINE#         234
  C:7543H         LINE#         235
  C:7546H         LINE#         236
  C:7549H         LINE#         237
  C:754AH         LINE#         238
  C:754DH         LINE#         239
  C:7550H         LINE#         240
  C:7554H         LINE#         241
  -------         ENDPROC       _IAP_WRITE_BYTE
  -------         PROC          IAP_ERASE_ALL_ID
  -------         DO            
  X:05BAH         SYMBOL        read_rf
  X:05BBH         SYMBOL        scx1801_id
  -------         ENDDO         
  C:6C40H         LINE#         244
  C:6C40H         LINE#         245
  C:6C40H         LINE#         246
  C:6C45H         LINE#         247
  C:6C6AH         LINE#         249
  C:6C75H         LINE#         250
  C:6C80H         LINE#         251
  C:6C8BH         LINE#         252
  C:6C96H         LINE#         254
  C:6C9BH         LINE#         255
BL51 BANKED LINKER/LOCATER V6.22.2.0                                                  03/01/2022  16:31:57  PAGE 33


  C:6C9EH         LINE#         257
  C:6CA3H         LINE#         258
  C:6CA6H         LINE#         260
  C:6CB2H         LINE#         261
  C:6CBEH         LINE#         262
  C:6CCAH         LINE#         263
  C:6CD6H         LINE#         264
  -------         ENDPROC       IAP_ERASE_ALL_ID
  -------         PROC          EEPROM_SYS_LOAD
  -------         DO            
  I:00B0H         SYMBOL        offset
  I:00B1H         SYMBOL        i
  I:00B3H         SYMBOL        q
  I:00B5H         SYMBOL        p
  I:00B7H         SYMBOL        xm
  I:00BAH         SYMBOL        xn
  -------         ENDDO         
  C:38E3H         LINE#         267
  C:38E3H         LINE#         268
  C:38E3H         LINE#         269
  C:38E7H         LINE#         271
  C:390CH         LINE#         274
  C:3916H         LINE#         275
  C:3920H         LINE#         276
  C:392AH         LINE#         277
  C:392EH         LINE#         278
  C:3936H         LINE#         279
  C:393EH         LINE#         280
  C:3946H         LINE#         281
  C:3978H         LINE#         282
  C:3983H         LINE#         284
  C:398DH         LINE#         285
  C:3997H         LINE#         286
  C:39B5H         LINE#         287
  C:39C5H         LINE#         288
  C:39CFH         LINE#         289
  C:39E0H         LINE#         290
  C:39E9H         LINE#         291
  C:39F8H         LINE#         292
  C:39FFH         LINE#         293
  C:3A1EH         LINE#         294
  C:3A1EH         LINE#         295
  C:3A3FH         LINE#         296
  C:3A60H         LINE#         297
  C:3A81H         LINE#         298
  C:3A85H         LINE#         299
  C:3A8DH         LINE#         300
  C:3A95H         LINE#         301
  C:3A9DH         LINE#         302
  C:3AC3H         LINE#         303
  C:3ACDH         LINE#         306
  C:3AEDH         LINE#         307
  C:3B0DH         LINE#         308
  C:3B2DH         LINE#         309
  C:3B35H         LINE#         313
  C:3B45H         LINE#         314
  C:3B45H         LINE#         315
BL51 BANKED LINKER/LOCATER V6.22.2.0                                                  03/01/2022  16:31:57  PAGE 34


  C:3B48H         LINE#         316
  C:3B53H         LINE#         318
  C:3B5DH         LINE#         319
  C:3B87H         LINE#         320
  C:3B87H         LINE#         321
  C:3B90H         LINE#         322
  C:3BB6H         LINE#         323
  C:3BCDH         LINE#         325
  C:3BF3H         LINE#         326
  C:3C0AH         LINE#         328
  C:3C30H         LINE#         329
  C:3C47H         LINE#         331
  C:3C6DH         LINE#         332
  C:3C84H         LINE#         334
  C:3CAAH         LINE#         335
  C:3CC1H         LINE#         336
  C:3CC2H         LINE#         337
  C:3CEDH         LINE#         338
  C:3CEDH         LINE#         339
  C:3CF6H         LINE#         340
  C:3CFCH         LINE#         341
  C:3D27H         LINE#         342
  C:3D3EH         LINE#         344
  C:3D69H         LINE#         345
  C:3D80H         LINE#         347
  C:3DABH         LINE#         348
  C:3DC2H         LINE#         350
  C:3DEDH         LINE#         351
  C:3E04H         LINE#         353
  C:3E2FH         LINE#         354
  C:3E46H         LINE#         355
  C:3E46H         LINE#         356
  C:3E46H         LINE#         357
  -------         ENDPROC       EEPROM_SYS_LOAD
  -------         PROC          ID_EEPROM_WRITE
  -------         DO            
  I:0090H         SYMBOL        xm
  I:0093H         SYMBOL        i
  I:0095H         SYMBOL        j
  I:0097H         SYMBOL        m1
  I:0099H         SYMBOL        xn
  I:009DH         SYMBOL        xd
  -------         ENDDO         
  C:5331H         LINE#         359
  C:5331H         LINE#         360
  C:5331H         LINE#         361
  C:5356H         LINE#         364
  C:5364H         LINE#         365
  C:5374H         LINE#         366
  C:5382H         LINE#         368
  C:5395H         LINE#         371
  C:53D5H         LINE#         372
  C:5415H         LINE#         373
  C:5450H         LINE#         377
  C:5463H         LINE#         379
  C:547AH         LINE#         380
  C:547AH         LINE#         381
BL51 BANKED LINKER/LOCATER V6.22.2.0                                                  03/01/2022  16:31:57  PAGE 35


  C:548FH         LINE#         382
  C:54A6H         LINE#         383
  C:54AEH         LINE#         384
  C:54C5H         LINE#         385
  C:54CDH         LINE#         386
  C:54E4H         LINE#         387
  C:54E8H         LINE#         388
  C:54F0H         LINE#         389
  C:54F8H         LINE#         390
  C:5500H         LINE#         391
  C:5526H         LINE#         392
  C:5528H         LINE#         393
  C:552BH         LINE#         394
  C:5536H         LINE#         396
  C:553EH         LINE#         397
  C:5546H         LINE#         398
  C:554EH         LINE#         399
  C:5564H         LINE#         401
  C:5582H         LINE#         403
  C:5593H         LINE#         404
  C:5593H         LINE#         405
  C:5596H         LINE#         406
  C:559BH         LINE#         407
  C:55A4H         LINE#         408
  C:55A4H         LINE#         409
  -------         ENDPROC       ID_EEPROM_WRITE
[...]
  C:662BH         LINE#         744
  C:6632H         LINE#         745
  C:6637H         LINE#         746
  C:663BH         LINE#         747
  C:6647H         LINE#         748
  C:664EH         LINE#         749
  C:664EH         LINE#         750
  -------         ENDPROC       SCAN_RECEIVE_PACKET
  -------         PROC          _TX_DATALOAD_HIGHSPEED
  D:0008H         SYMBOL        IDCache
  D:000CH         SYMBOL        CtrCmd
  D:0015H         SYMBOL        Packet
  -------         DO            
  X:05C4H         SYMBOL        i
  X:05C5H         SYMBOL        CRCTemp
  -------         ENDDO         
  C:3E47H         LINE#         792
  C:3E4FH         LINE#         793
  C:3E4FH         LINE#         795
  C:3E57H         LINE#         797
  C:3EA8H         LINE#         798
  C:3EBFH         LINE#         799
  C:3EE3H         LINE#         801
  C:3EFDH         LINE#         802
  C:3EFDH         LINE#         803
  C:3F22H         LINE#         804
  C:3F7EH         LINE#         805
  C:3F87H         LINE#         806
  C:3F9FH         LINE#         807
  C:3F9FH         LINE#         808
  C:3FC4H         LINE#         809
  C:4008H         LINE#         810
  C:4011H         LINE#         811
  C:4014H         LINE#         812
  C:402CH         LINE#         813
  C:402CH         LINE#         814
  C:4051H         LINE#         815
  C:409FH         LINE#         816
  C:40A8H         LINE#         817
  C:40C0H         LINE#         818
  C:40C0H         LINE#         819
  C:40E5H         LINE#         820
  C:4133H         LINE#         821
  C:413CH         LINE#         822
  C:413FH         LINE#         823
  C:4157H         LINE#         824
  C:4157H         LINE#         825
  C:417CH         LINE#         826
  C:41CAH         LINE#         827
  C:41D3H         LINE#         828
  C:41EBH         LINE#         829
  C:41EBH         LINE#         830
  C:4210H         LINE#         831
  C:425EH         LINE#         832
  C:4267H         LINE#         833
  C:426AH         LINE#         834
BL51 BANKED LINKER/LOCATER V6.22.2.0                                                  03/01/2022  16:31:57  PAGE 68


  C:4285H         LINE#         835
  C:4285H         LINE#         836
  C:42AAH         LINE#         837
  C:430AH         LINE#         838
  C:4313H         LINE#         839
  -------         ENDPROC       _TX_DATALOAD_HIGHSPEED
  -------         ENDMOD        ML7345

  -------         MODULE        ML7345_HAL
  C:0000H         SYMBOL        _ICE_DUMMY_
  C:6AC4H         PUBLIC        ML7345_DataRate_Set_4_8k
  D:0090H         PUBLIC        P1
  D:00A0H         PUBLIC        P2
  D:00C0H         PUBLIC        XICON
  D:00B0H         PUBLIC        P3
  D:00E8H         PUBLIC        P4
  D:00F8H         PUBLIC        P5
  D:00F8H         PUBLIC        P6
  D:00A8H         PUBLIC        IE
  C:73F1H         PUBLIC        _ML7345_AutoTx_Data
  C:5DEFH         PUBLIC        _ML7345_Frequency_Set
  D:00B8H         PUBLIC        IP0L
  C:674BH         PUBLIC        _ML7345_SetAndGet_State
  C:74E4H         PUBLIC        _ML7345_StateFlag_Clear
  D:00D8H         PUBLIC        CCON
  C:764AH         PUBLIC        _ML7345_AutoStateTransition_Set
  B:00A0H.2       PUBLIC        P22
  C:779EH         PUBLIC        ML7345_AllStateFlag_Clear
  B:00A0H.3       PUBLIC        P23
  D:0088H         PUBLIC        TCON
  B:00B0H.4       PUBLIC        P34
  C:50AFH         PUBLIC        _ML7345_Frequency_Calcul
  C:77D6H         PUBLIC        RF_SyncWord_DONE
  C:7330H         PUBLIC        WaitStatus_Complete
  C:7587H         PUBLIC        SetReg_Rssi
  C:7805H         PUBLIC        ML7345_GPIO0RxDoneInt_Enable
  C:77EFH         PUBLIC        ML7345_GPIO0TxDoneInt_Enable
  D:0098H         PUBLIC        S0CON
  D:0098H         PUBLIC        S1CON
  D:00C8H         PUBLIC        T2CON
  C:7897H         PUBLIC        ML7345_RESETN_SET
  C:6B89H         PUBLIC        ML7345_DataRate_Set_1_2k
  C:761AH         PUBLIC        _ML7345_ReadRx_Pack
  D:00D0H         PUBLIC        PSW
  -------         PROC          _ML7345_AUTOSTATETRANSITION_SET
  D:006BH         SYMBOL        sta
  C:764AH         LINE#         10
  C:764CH         LINE#         11
  C:764CH         LINE#         12
  C:7653H         LINE#         13
  C:7671H         LINE#         14
  C:7678H         LINE#         15
  -------         ENDPROC       _ML7345_AUTOSTATETRANSITION_SET
  -------         PROC          _ML7345_SETANDGET_STATE
  D:006CH         SYMBOL        sta
  -------         DO            
  X:06D8H         SYMBOL        status
BL51 BANKED LINKER/LOCATER V6.22.2.0                                                  03/01/2022  16:31:57  PAGE 69


  -------         ENDDO         
  C:674BH         LINE#         31
  C:674DH         LINE#         32
  C:674DH         LINE#         33
  C:6752H         LINE#         35
  C:6759H         LINE#         36
  C:6768H         LINE#         37
  C:6775H         LINE#         38
  C:6775H         LINE#         39
  C:67A0H         LINE#         40
  C:67A0H         LINE#         41
  C:67A7H         LINE#         42
  C:67AFH         LINE#         43
  C:67C4H         LINE#         44
  C:67C4H         LINE#         45
  C:67DBH         LINE#         46
  C:67DEH         LINE#         47
  C:680AH         LINE#         48
  C:6818H         LINE#         49
  C:681BH         LINE#         50
  C:6822H         LINE#         51
  C:6825H         LINE#         52
  C:6825H         LINE#         53
  C:6834H         LINE#         54
  C:6834H         LINE#         55
  C:6834H         LINE#         56
  C:6839H         LINE#         57
  -------         ENDPROC       _ML7345_SETANDGET_STATE
  -------         PROC          WAITSTATUS_COMPLETE
  -------         DO            
  X:06D9H         SYMBOL        count
  -------         ENDDO         
  C:7330H         LINE#         60
  C:7330H         LINE#         61
  C:7330H         LINE#         62
  C:7338H         LINE#         63
  C:733FH         LINE#         64
  C:733FH         LINE#         65
  C:733FH         LINE#         66
  C:7348H         LINE#         67
  C:7348H         LINE#         68
  C:734FH         LINE#         69
  C:7352H         LINE#         70
  C:7352H         LINE#         71
  C:736BH         LINE#         72
  C:736EH         LINE#         73
  C:7370H         LINE#         74
  -------         ENDPROC       WAITSTATUS_COMPLETE
  -------         PROC          _ML7345_STATEFLAG_CLEAR
  D:006DH         SYMBOL        sta
  C:74E4H         LINE#         81
  C:74E6H         LINE#         82
  C:74E6H         LINE#         83
  C:74EDH         LINE#         84
  C:74F7H         LINE#         85
  C:74F7H         LINE#         86
  C:74FEH         LINE#         87
BL51 BANKED LINKER/LOCATER V6.22.2.0                                                  03/01/2022  16:31:57  PAGE 70


  C:7505H         LINE#         88
  C:7506H         LINE#         89
  C:750EH         LINE#         90
  C:750EH         LINE#         91
  C:7515H         LINE#         92
  C:751CH         LINE#         93
  C:751CH         LINE#         94
  -------         ENDPROC       _ML7345_STATEFLAG_CLEAR
  -------         PROC          ML7345_ALLSTATEFLAG_CLEAR
  C:779EH         LINE#         101
  C:779EH         LINE#         102
  C:779EH         LINE#         103
  C:77A5H         LINE#         104
  C:77ACH         LINE#         105
  C:77B3H         LINE#         106
  C:77BAH         LINE#         107
  -------         ENDPROC       ML7345_ALLSTATEFLAG_CLEAR
  -------         PROC          ML7345_DATARATE_SET_4_8K
  C:6AC4H         LINE#         115
  C:6AC4H         LINE#         116
  C:6AC4H         LINE#         117
  C:6ACBH         LINE#         118
  C:6AD2H         LINE#         119
  C:6AD9H         LINE#         120
  C:6AE0H         LINE#         121
  C:6AE7H         LINE#         122
  C:6AEEH         LINE#         123
  C:6AF5H         LINE#         124
  C:6AFCH         LINE#         125
  C:6B03H         LINE#         126
  C:6B0AH         LINE#         127
  C:6B11H         LINE#         128
  C:6B18H         LINE#         129
  C:6B1FH         LINE#         130
  C:6B26H         LINE#         131
  C:6B2DH         LINE#         132
  C:6B34H         LINE#         133
  C:6B3BH         LINE#         134
  C:6B42H         LINE#         135
  C:6B49H         LINE#         136
  C:6B50H         LINE#         137
  C:6B57H         LINE#         138
  C:6B5EH         LINE#         139
  C:6B65H         LINE#         140
  C:6B6CH         LINE#         141
  C:6B73H         LINE#         142
  C:6B7AH         LINE#         143
  C:6B81H         LINE#         144
  C:6B88H         LINE#         145
  -------         ENDPROC       ML7345_DATARATE_SET_4_8K
  -------         PROC          ML7345_DATARATE_SET_1_2K
  C:6B89H         LINE#         147
  C:6B89H         LINE#         148
  C:6B89H         LINE#         149
  C:6B90H         LINE#         150
  C:6B97H         LINE#         151
  C:6B9EH         LINE#         152
BL51 BANKED LINKER/LOCATER V6.22.2.0                                                  03/01/2022  16:31:57  PAGE 71


  C:6BA5H         LINE#         153
  C:6BACH         LINE#         154
  C:6BB3H         LINE#         155
  C:6BBAH         LINE#         156
  C:6BC1H         LINE#         157
  C:6BC8H         LINE#         158
  C:6BCFH         LINE#         159
  C:6BD6H         LINE#         160
  C:6BDDH         LINE#         161
  C:6BE4H         LINE#         162
  C:6BEBH         LINE#         163
  C:6BF2H         LINE#         164
  C:6BF9H         LINE#         165
  C:6C00H         LINE#         166
  C:6C07H         LINE#         167
  C:6C0EH         LINE#         168
  C:6C15H         LINE#         169
  C:6C1CH         LINE#         170
  C:6C23H         LINE#         171
  C:6C2AH         LINE#         172
  C:6C31H         LINE#         173
  C:6C38H         LINE#         174
  C:6C3FH         LINE#         175
  -------         ENDPROC       ML7345_DATARATE_SET_1_2K
  -------         PROC          ML7345_RESETN_SET
  C:7897H         LINE#         283
  C:7897H         LINE#         284
  C:7897H         LINE#         285
  C:7899H         LINE#         286
  C:789EH         LINE#         287
  C:78A0H         LINE#         288
  -------         ENDPROC       ML7345_RESETN_SET
  -------         PROC          _ML7345_FREQUENCY_SET
  D:0047H         SYMBOL        freq
  D:004AH         SYMBOL        radio_type
  C:5DEFH         LINE#         326
  C:5DF7H         LINE#         327
  C:5DF7H         LINE#         328
  C:5E03H         LINE#         329
  C:5E10H         LINE#         330
  C:5E15H         LINE#         331
  C:5E1CH         LINE#         332
  C:5E2BH         LINE#         333
  C:5E40H         LINE#         334
  C:5E55H         LINE#         335
  C:5E6AH         LINE#         336
  C:5E79H         LINE#         337
  C:5E8EH         LINE#         338
  C:5EA3H         LINE#         339
  C:5EB8H         LINE#         341
  C:5ECDH         LINE#         342
  C:5EE2H         LINE#         343
  C:5EF7H         LINE#         344
  C:5F0CH         LINE#         346
  C:5F13H         LINE#         347
  C:5F1AH         LINE#         348
  C:5F21H         LINE#         350
BL51 BANKED LINKER/LOCATER V6.22.2.0                                                  03/01/2022  16:31:57  PAGE 72


  C:5F30H         LINE#         351
  C:5F3DH         LINE#         353
  C:5F44H         LINE#         354
  C:5F44H         LINE#         355
  C:5F4FH         LINE#         356
  C:5F51H         LINE#         357
  C:5F51H         LINE#         358
  C:5F53H         LINE#         360
  C:5F5AH         LINE#         361
  C:5F66H         LINE#         362
  -------         ENDPROC       _ML7345_FREQUENCY_SET
  -------         PROC          ML7345_GPIO0TXDONEINT_ENABLE
  C:77EFH         LINE#         392
  C:77EFH         LINE#         393
  C:77EFH         LINE#         395
  C:77F6H         LINE#         396
  C:77FDH         LINE#         397
  C:7804H         LINE#         398
  -------         ENDPROC       ML7345_GPIO0TXDONEINT_ENABLE
  -------         PROC          ML7345_GPIO0RXDONEINT_ENABLE
  C:7805H         LINE#         399
  C:7805H         LINE#         400
  C:7805H         LINE#         401
  C:780CH         LINE#         403
  C:7813H         LINE#         404
  C:781AH         LINE#         405
  -------         ENDPROC       ML7345_GPIO0RXDONEINT_ENABLE
  -------         PROC          _ML7345_READRX_PACK
  D:004BH         SYMBOL        pbuf
  D:004EH         SYMBOL        len
  C:761AH         LINE#         541
  C:7622H         LINE#         542
  C:7622H         LINE#         543
  C:7634H         LINE#         544
  C:763BH         LINE#         545
  C:7649H         LINE#         546
  -------         ENDPROC       _ML7345_READRX_PACK
  -------         PROC          _ML7345_AUTOTX_DATA
  D:004FH         SYMBOL        pbuf
  D:0052H         SYMBOL        len
  C:73F1H         LINE#         553
  C:73F9H         LINE#         554
  C:73F9H         LINE#         555
  C:740BH         LINE#         556
  C:740FH         LINE#         557
  C:7416H         LINE#         558
  C:741DH         LINE#         559
  C:7422H         LINE#         560
  C:7430H         LINE#         561
  -------         ENDPROC       _ML7345_AUTOTX_DATA
  -------         PROC          RF_SYNCWORD_DONE
  -------         DO            
  I:00DBH         SYMBOL        sync
  -------         ENDDO         
  C:77D6H         LINE#         563
  C:77D6H         LINE#         564
  C:77D6H         LINE#         565
BL51 BANKED LINKER/LOCATER V6.22.2.0                                                  03/01/2022  16:31:57  PAGE 73


  C:77DAH         LINE#         566
  C:77E1H         LINE#         567
  C:77EAH         LINE#         568
  C:77EEH         LINE#         569
  -------         ENDPROC       RF_SYNCWORD_DONE
  -------         PROC          _ML7345_FREQUENCY_CALCUL
  D:0021H         SYMBOL        Freq
  D:0025H         SYMBOL        pbuf
  -------         DO            
  X:06DBH         SYMBOL        integer
  X:06DCH         SYMBOL        f_dec
  X:06E0H         SYMBOL        cal_val
  -------         ENDDO         
  C:50AFH         LINE#         571
  C:50BDH         LINE#         572
  C:50BDH         LINE#         573
  C:50C2H         LINE#         574
  C:50CCH         LINE#         575
  C:50D6H         LINE#         576
  C:50EEH         LINE#         577
  C:512FH         LINE#         578
  C:5151H         LINE#         579
  C:5160H         LINE#         580
  C:5193H         LINE#         581
  C:51C6H         LINE#         582
  C:51F4H         LINE#         584
  C:520CH         LINE#         585
  C:5224H         LINE#         586
  C:5265H         LINE#         587
  C:5287H         LINE#         588
  C:529CH         LINE#         589
  C:52CFH         LINE#         590
  C:5302H         LINE#         591
  C:5330H         LINE#         592
  -------         ENDPROC       _ML7345_FREQUENCY_CALCUL
  -------         PROC          SETREG_RSSI
  C:7587H         LINE#         594
  C:7587H         LINE#         595
  C:7587H         LINE#         596
  C:758EH         LINE#         597
  C:7595H         LINE#         598
  C:759CH         LINE#         599
  C:75A3H         LINE#         600
  C:75AAH         LINE#         601
  C:75B1H         LINE#         602
  C:75B8H         LINE#         603
  -------         ENDPROC       SETREG_RSSI
  -------         ENDMOD        ML7345_HAL

  -------         MODULE        ?C?FPADD
  C:25EAH         PUBLIC        ?C?FPADD
  C:25E6H         PUBLIC        ?C?FPSUB
  -------         ENDMOD        ?C?FPADD

  -------         MODULE        ?C?FPMUL
  C:26DBH         PUBLIC        ?C?FPMUL
  -------         ENDMOD        ?C?FPMUL
BL51 BANKED LINKER/LOCATER V6.22.2.0                                                  03/01/2022  16:31:57  PAGE 74



  -------         MODULE        ?C?FPDIV
  C:27E4H         PUBLIC        ?C?FPDIV
  -------         ENDMOD        ?C?FPDIV

  -------         MODULE        ?C?FCAST
  C:288BH         PUBLIC        ?C?FCASTC
  C:2886H         PUBLIC        ?C?FCASTI
  C:2881H         PUBLIC        ?C?FCASTL
  -------         ENDMOD        ?C?FCAST

  -------         MODULE        ?C?CASTF
  C:28BFH         PUBLIC        ?C?CASTF
  -------         ENDMOD        ?C?CASTF

  -------         MODULE        ?C?COPY
  C:2A10H         PUBLIC        ?C?COPY
  -------         ENDMOD        ?C?COPY

  -------         MODULE        ?C?CLDPTR
  C:2A36H         PUBLIC        ?C?CLDPTR
  -------         ENDMOD        ?C?CLDPTR

  -------         MODULE        ?C?CLDOPTR
  C:2A4FH         PUBLIC        ?C?CLDOPTR
  -------         ENDMOD        ?C?CLDOPTR

  -------         MODULE        ?C?CSTPTR
  C:2A7CH         PUBLIC        ?C?CSTPTR
  -------         ENDMOD        ?C?CSTPTR

  -------         MODULE        ?C?CSTOPTR
  C:2A8EH         PUBLIC        ?C?CSTOPTR
  -------         ENDMOD        ?C?CSTOPTR

  -------         MODULE        ?C?IMUL
  C:2AB0H         PUBLIC        ?C?IMUL
  -------         ENDMOD        ?C?IMUL

  -------         MODULE        ?C?UIDIV
  C:2AC2H         PUBLIC        ?C?UIDIV
  -------         ENDMOD        ?C?UIDIV

  -------         MODULE        ?C?SIDIV
  C:2B17H         PUBLIC        ?C?SIDIV
  -------         ENDMOD        ?C?SIDIV

  -------         MODULE        ?C?ILDIX
  C:2B4DH         PUBLIC        ?C?ILDIX
  -------         ENDMOD        ?C?ILDIX

  -------         MODULE        ?C?LMUL
  C:2B63H         PUBLIC        ?C?LMUL
  -------         ENDMOD        ?C?LMUL

  -------         MODULE        ?C?ULDIV
  C:2BEEH         PUBLIC        ?C?ULDIV
BL51 BANKED LINKER/LOCATER V6.22.2.0                                                  03/01/2022  16:31:57  PAGE 75


  -------         ENDMOD        ?C?ULDIV

  -------         MODULE        ?C?SLDIV
  C:72ECH         PUBLIC        ?C?SLDIV
  -------         ENDMOD        ?C?SLDIV

  -------         MODULE        ?C?LNEG
  C:2C80H         PUBLIC        ?C?LNEG
  -------         ENDMOD        ?C?LNEG

  -------         MODULE        ?C?ULCMP
  C:2C8EH         PUBLIC        ?C?ULCMP
  -------         ENDMOD        ?C?ULCMP

  -------         MODULE        ?C?ULSHR
  C:2C9FH         PUBLIC        ?C?ULSHR
  -------         ENDMOD        ?C?ULSHR

  -------         MODULE        ?C?LSHL
  C:2CB2H         PUBLIC        ?C?LSHL
  -------         ENDMOD        ?C?LSHL

  -------         MODULE        ?C?LLDIDATA
  C:2CC5H         PUBLIC        ?C?LLDIDATA
  -------         ENDMOD        ?C?LLDIDATA

  -------         MODULE        ?C?LLDIDATA0
  C:2CD1H         PUBLIC        ?C?LLDIDATA0
  -------         ENDMOD        ?C?LLDIDATA0

  -------         MODULE        ?C?LSTIDATA
  C:2CDEH         PUBLIC        ?C?LSTIDATA
  -------         ENDMOD        ?C?LSTIDATA

  -------         MODULE        ?C?LSTXDATA
  C:2CEAH         PUBLIC        ?C?LSTXDATA
  -------         ENDMOD        ?C?LSTXDATA

  -------         MODULE        ?C?LSTKIDATA
  C:2CF6H         PUBLIC        ?C?LSTKIDATA
  -------         ENDMOD        ?C?LSTKIDATA

  -------         MODULE        ?C?LSTKXDATA
  C:2D0FH         PUBLIC        ?C?LSTKXDATA
  -------         ENDMOD        ?C?LSTKXDATA

  -------         MODULE        ?C?OFFXADD
  C:2D40H         PUBLIC        ?C?OFFXADD
  -------         ENDMOD        ?C?OFFXADD

  -------         MODULE        ?C?CCASE
  C:2D4CH         PUBLIC        ?C?CCASE
  -------         ENDMOD        ?C?CCASE

*** WARNING L16: UNCALLED SEGMENT, IGNORED FOR OVERLAY PROCESS
    SEGMENT: ?PR?INIT_INT0?GPIO

BL51 BANKED LINKER/LOCATER V6.22.2.0                                                  03/01/2022  16:31:57  PAGE 76


Program Size: data=220.7 xdata=1767 code=30886
LINK/LOCATE RUN COMPLETE.  1 WARNING(S),  0 ERROR(S)
