C51 COMPILER V9.60.0.0   TIMER                                                             04/20/2022 17:16:49 PAGE 1   


C51 COMPILER V9.60.0.0, COMPILATION OF MODULE TIMER
OBJECT MODULE PLACED IN .\Objects\timer.obj
COMPILER INVOKED BY: C:\Keil_v5\C51\BIN\C51.EXE user\src\timer.c OPTIMIZE(0,SPEED) BROWSE INCDIR(.\include;.\user\inc) D
                    -EBUG OBJECTEXTEND PRINT(.\Listings\timer.lst) OBJECT(.\Objects\timer.obj)

line level    source

   1          #include "timer.h"
   2          
   3          /* PCA定时器为16位,最大计数65536,*/
   4          #if (MCU_SYSCLK == 16000000)
   5          #define PCA_RELOAD              (5926)  //f = PCA_CLK/PCA_RELOAD,PWM输出频率2.7K,PCA时钟为SysClk 16MHz
   6          #define Duty_Cycle      2963       //50%
   7          #endif
   8          
   9          #if (MCU_SYSCLK == 24000000)
              #define PCA_RELOAD              (8888)  //f = PCA_CLK/PCA_RELOAD,PWM输出频率2.7K,PCA时钟为SysClk 24MHz
              #define Duty_Cycle      4444       //50%
              #endif
  13          
  14          #define PCA_C           (65536)
  15          #define PCA_CL(x)               (u8)((PCA_C-(x))%256) 
  16          #define PCA_CH(x)       (u8)((PCA_C-(x))/256)
  17          
  18          idata u16 Time_Tx_Out = 0;
  19          
  20          /***********************************************************************************
  21          函数名称:   void InitTimer0(void)
  22          功能描述:Timer0初始化设置
  23                           定义T0为16位定时器,时钟为Sysclk/12 
  24          输入参数:   
  25          返回参数:     
  26          *************************************************************************************/
  27          void Init_Timer0(void)
  28          {
  29   1              TM_SetT0Mode_1_16BIT_TIMER();                   // 设置T0模式为16位模式
  30   1          
  31   1          TM_SetT0Clock_SYSCLKDiv12();            // 设置T0时钟源为 SYSCLK/12.
  32   1      
  33   1              TM_SetT0Gate_Disable(); 
  34   1                      
  35   1          TM_SetT0LowByte(TIMER_12T_1ms_TL);          // 设置T0低8位
  36   1              TM_SetT0HighByte(TIMER_12T_1ms_TH);             // 设置T0高8位
  37   1      
  38   1              TM_EnableT0();                                                  // 使能T0
  39   1      }
  40          
  41          
  42          /***********************************************************************************
  43          函数名称:   void INT_T0(void)
  44          功能描述:T0 中断服务程序
  45                           间隔1ms
  46          输入参数:   
  47          返回参数:     
  48          *************************************************************************************/
  49          void INT_T0(void) interrupt INT_VECTOR_T0
  50          {
  51   1              TH0=TIMER_12T_1ms_TH;
  52   1              TL0=TIMER_12T_1ms_TL;
  53   1          
  54   1          if (TIMER1s)
C51 COMPILER V9.60.0.0   TIMER                                                             04/20/2022 17:16:49 PAGE 2   

  55   1              --TIMER1s;
  56   1              if(TIME_power_led)
  57   1                      --TIME_power_led;
  58   1          if (TIMER300ms)
  59   1              --TIMER300ms;
  60   1          if (TIMER18ms)
  61   1              --TIMER18ms;
  62   1          if (TIMER250ms_STOP)
  63   1              --TIMER250ms_STOP;
  64   1          if (TIME_10ms)
  65   1              --TIME_10ms;
  66   1          else
  67   1          { // 10mS FLAG
  68   2              TIME_10ms = 10;
  69   2              FG_10ms = 1;
  70   2          }
  71   1          if (U1AckTimer)
  72   1              U1AckTimer--;
  73   1          if (Time_APP_RXstart)
  74   1            --Time_APP_RXstart;
  75   1          if(Time_APP_blank_TX)
  76   1             --Time_APP_blank_TX;
  77   1          if (X_ERRTimer)
  78   1              X_ERRTimer--;
  79   1              if (TIME_ID_SCX1801_Login)
  80   1                      --TIME_ID_SCX1801_Login;
  81   1      
  82   1          if(Time_Tx_Out)  --Time_Tx_Out;
  83   1          if(Time_rf_init) --Time_rf_init;
  84   1      }
  85          
  86          
  87          //38K/14 = 2.7kHz;
  88          void Init_PCA_PWM(void)
  89          {
  90   1          PCA_SetCLOCK_SYSCLK();          // PCA时钟为SysClk
  91   1          PCA_CH6_SetMode_PWM();          // PWM模式
  92   1          PCA_CH6_SetPWM_16Bit();         //
  93   1          PCA_SetPWM_EdgeAligned();       // 边沿对齐
  94   1          
  95   1          // 设置PWM占空比比较值
  96   1              PCA_CH6_SetValue(PCA_CH(Duty_Cycle),PCA_CL(Duty_Cycle));
  97   1          
  98   1          // 设置定时器计数值 PWM频率
  99   1              PCA_SetCounter(PCA_C-PCA_RELOAD);
 100   1              PCA_SetCounterReload(PCA_C-PCA_RELOAD);
 101   1      }
 102          
 103          void Init_Beep(void)
 104          {
 105   1          Init_PCA_PWM();
 106   1      }
 107          
 108          void Beep_On(void)
 109          {
 110   1          PCA_EnPCACounter();
 111   1      }
 112          
 113          void Beep_Off(void)
 114          {
 115   1          PCA_DisPCACounter();
 116   1          P20 = 0;
C51 COMPILER V9.60.0.0   TIMER                                                             04/20/2022 17:16:49 PAGE 3   

 117   1      }
 118          
 119          
 120          /*************************************************
 121          函数名称:     void DelayXus(u16 xUs)
 122          功能描述:       延时程序，单位为us
 123          调用函数:        
 124          输入参数:     u8 Us -> *1us  (1~255)
 125          输出参数:     
 126          *************************************************/
 127          void DelayXus(u8 xUs)
 128          {
 129   1              while(xUs!=0)
 130   1              {
 131   2                      _nop_();
 132   2                      _nop_();
 133   2                      _nop_();
 134   2                      _nop_();
 135   2                      _nop_();
 136   2                      _nop_();
 137   2              _nop_();
 138   2                      _nop_();
 139   2                      xUs--;
 140   2              }
 141   1      }
 142          
 143          
 144          /*************************************************
 145          函数名称:     void DelayXms(u16 xMs)
 146          功能描述:     延时程序，单位为ms
 147          输入参数:     u16 xMs -> *1ms  (1~65535)
 148          输出参数:     
 149          *************************************************/
 150          
 151          void delay_ms(u8 ms) //1约1.2ms
 152          {
 153   1          while(ms--)
 154   1          {
 155   2              DelayXus(200);
 156   2              DelayXus(200);
 157   2              DelayXus(200);
 158   2              DelayXus(200);
 159   2          }
 160   1      }


MODULE INFORMATION:   STATIC OVERLAYABLE
   CODE SIZE        =    497    ----
   CONSTANT SIZE    =   ----    ----
   XDATA SIZE       =   ----    ----
   PDATA SIZE       =   ----    ----
   DATA SIZE        =      2    ----
   IDATA SIZE       =      2    ----
   BIT SIZE         =   ----    ----
END OF MODULE INFORMATION.


C51 COMPILATION COMPLETE.  0 WARNING(S),  0 ERROR(S)
